init pool 0
round    1 | pool   452 u max -177.85 | best_c52 64 | c52d6 1073741824 nld6 0 nw 0 du6 0 nw8 0 | 0.38s/it
round    2 | pool   939 u max  -55.90 | best_c52 51 | c52d6 1073741824 nld6 0 nw 0 du6 0 nw8 0 | 0.39s/it
round    3 | pool  1414 u max  -44.35 | best_c52 40 | c52d6 1073741824 nld6 0 nw 0 du6 0 nw8 0 | 0.38s/it
round    4 | pool  1895 u max  -44.35 | best_c52 40 | c52d6 1073741824 nld6 0 nw 0 du6 0 nw8 0 | 0.38s/it
round    5 | pool  2375 u max  -42.10 | best_c52 38 | c52d6 1073741824 nld6 0 nw 0 du6 0 nw8 0 | 0.38s/it
round    6 | pool  2838 u max  -42.10 | best_c52 34 | c52d6 1073741824 nld6 0 nw 0 du6 0 nw8 0 | 0.38s/it
round    7 | pool  3308 u max  -38.60 | best_c52 34 | c52d6 1073741824 nld6 0 nw 0 du6 0 nw8 0 | 0.38s/it
round    8 | pool  3781 u max  -34.85 | best_c52 31 | c52d6 1073741824 nld6 0 nw 0 du6 0 nw8 0 | 0.38s/it
round    9 | pool  4244 u max  -34.85 | best_c52 27 | c52d6 1073741824 nld6 0 nw 0 du6 0 nw8 0 | 0.38s/it
round   10 | pool  4705 u max  -33.85 | best_c52 24 | c52d6 1073741824 nld6 0 nw 0 du6 0 nw8 0 | 0.38s/it
round   11 | pool  5170 u max  -33.85 | best_c52 24 | c52d6 1073741824 nld6 0 nw 0 du6 0 nw8 0 | 0.38s/it
round   12 | pool  5625 u max  -33.85 | best_c52 24 | c52d6 1073741824 nld6 0 nw 0 du6 0 nw8 0 | 0.38s/it
round   13 | pool  6090 u max  -33.85 | best_c52 23 | c52d6 1073741824 nld6 0 nw 0 du6 0 nw8 0 | 0.38s/it
round   14 | pool  6553 u max  -33.85 | best_c52 23 | c52d6 1073741824 nld6 0 nw 0 du6 0 nw8 0 | 0.38s/it
round   15 | pool  7017 u max  -33.85 | best_c52 22 | c52d6 1073741824 nld6 0 nw 0 du6 0 nw8 0 | 0.38s/it
round   16 | pool  7473 u max  -33.85 | best_c52 22 | c52d6 1073741824 nld6 0 nw 0 du6 0 nw8 0 | 0.38s/it
round   17 | pool  7926 u max  -33.85 | best_c52 22 | c52d6 1073741824 nld6 0 nw 0 du6 0 nw8 0 | 0.38s/it
round   18 | pool  8192 u max  -33.85 | best_c52 22 | c52d6 1073741824 nld6 0 nw 0 du6 0 nw8 0 | 0.38s/it
round   19 | pool  8192 u max  -33.85 | best_c52 19 | c52d6 1073741824 nld6 0 nw 0 du6 0 nw8 0 | 0.38s/it
round   20 | pool  8192 u max  -33.85 | best_c52 19 | c52d6 1073741824 nld6 0 nw 0 du6 0 nw8 0 | 0.38s/it
round   21 | pool  8192 u max  -33.85 | best_c52 19 | c52d6 1073741824 nld6 0 nw 0 du6 0 nw8 0 | 0.38s/it
round   22 | pool  8192 u max  -33.25 | best_c52 19 | c52d6 1073741824 nld6 0 nw 0 du6 0 nw8 0 | 0.38s/it
round   23 | pool  8192 u max  -31.90 | best_c52 19 | c52d6 1073741824 nld6 0 nw 0 du6 0 nw8 0 | 0.38s/it
round   24 | pool  8192 u max  -31.90 | best_c52 19 | c52d6 1073741824 nld6 0 nw 0 du6 0 nw8 0 | 0.38s/it
round   25 | pool  8192 u max  -31.40 | best_c52 19 | c52d6 1073741824 nld6 0 nw 0 du6 0 nw8 0 | 0.38s/it
round   26 | pool  8192 u max  -31.40 | best_c52 19 | c52d6 1073741824 nld6 0 nw 0 du6 0 nw8 0 | 0.38s/it
round   27 | pool  8192 u max  -31.05 | best_c52 19 | c52d6 1073741824 nld6 0 nw 0 du6 0 nw8 0 | 0.38s/it
round   28 | pool  8192 u max  -30.85 | best_c52 19 | c52d6 1073741824 nld6 0 nw 0 du6 0 nw8 0 | 0.38s/it
round   29 | pool  8192 u max  -30.85 | best_c52 19 | c52d6 1073741824 nld6 0 nw 0 du6 0 nw8 0 | 0.38s/it
round   30 | pool  8192 u max  -30.85 | best_c52 19 | c52d6 1073741824 nld6 0 nw 0 du6 0 nw8 0 | 0.38s/it
round   31 | pool  8192 u max  -30.85 | best_c52 16 | c52d6 1073741824 nld6 0 nw 0 du6 0 nw8 0 | 0.38s/it
round   32 | pool  8192 u max  -30.80 | best_c52 16 | c52d6 1073741824 nld6 0 nw 0 du6 0 nw8 0 | 0.38s/it
round   33 | pool  8192 u max  -30.40 | best_c52 16 | c52d6 1073741824 nld6 0 nw 0 du6 0 nw8 0 | 0.38s/it
round   34 | pool  8192 u max  -30.40 | best_c52 16 | c52d6 1073741824 nld6 0 nw 0 du6 0 nw8 0 | 0.38s/it
round   35 | pool  8192 u max  -30.40 | best_c52 16 | c52d6 1073741824 nld6 0 nw 0 du6 0 nw8 0 | 0.38s/it
round   36 | pool  8192 u max  -30.40 | best_c52 16 | c52d6 1073741824 nld6 0 nw 0 du6 0 nw8 0 | 0.38s/it
round   37 | pool  8192 u max  -29.75 | best_c52 16 | c52d6 1073741824 nld6 0 nw 0 du6 0 nw8 0 | 0.38s/it
round   38 | pool  8192 u max  -29.75 | best_c52 16 | c52d6 1073741824 nld6 0 nw 0 du6 0 nw8 0 | 0.38s/it
round   39 | pool  8192 u max  -29.75 | best_c52 16 | c52d6 1073741824 nld6 0 nw 0 du6 0 nw8 0 | 0.38s/it
round   40 | pool  8192 u max  -29.75 | best_c52 16 | c52d6 1073741824 nld6 0 nw 0 du6 0 nw8 0 | 0.38s/it
round   41 | pool  8192 u max  -29.75 | best_c52 14 | c52d6 1073741824 nld6 0 nw 0 du6 0 nw8 0 | 0.38s/it
round   42 | pool  8192 u max  -29.60 | best_c52 14 | c52d6 1073741824 nld6 0 nw 0 du6 0 nw8 0 | 0.38s/it
round   43 | pool  8192 u max  -29.10 | best_c52 14 | c52d6 1073741824 nld6 0 nw 0 du6 0 nw8 0 | 0.38s/it
round   44 | pool  8192 u max  -29.10 | best_c52 14 | c52d6 1073741824 nld6 0 nw 0 du6 0 nw8 0 | 0.38s/it
round   45 | pool  8192 u max  -28.90 | best_c52 14 | c52d6 1073741824 nld6 0 nw 0 du6 0 nw8 0 | 0.38s/it
round   46 | pool  8192 u max  -27.40 | best_c52 13 | c52d6 1073741824 nld6 0 nw 0 du6 0 nw8 0 | 0.38s/it
round   47 | pool  8192 u max  -27.40 | best_c52 12 | c52d6 1073741824 nld6 0 nw 0 du6 0 nw8 0 | 0.38s/it
round   48 | pool  8192 u max  -27.40 | best_c52 9 | c52d6 1073741824 nld6 0 nw 0 du6 0 nw8 0 | 0.38s/it
round   49 | pool  8192 u max  -26.25 | best_c52 9 | c52d6 1073741824 nld6 0 nw 0 du6 0 nw8 0 | 0.38s/it
round   50 | pool  8192 u max  -26.25 | best_c52 9 | c52d6 1073741824 nld6 0 nw 0 du6 0 nw8 0 | 0.38s/it
round   51 | pool  8192 u max  -26.25 | best_c52 9 | c52d6 1073741824 nld6 0 nw 0 du6 0 nw8 0 | 0.38s/it
round   52 | pool  8192 u max  -26.25 | best_c52 9 | c52d6 1073741824 nld6 0 nw 0 du6 0 nw8 0 | 0.38s/it
round   53 | pool  8192 u max  -26.25 | best_c52 9 | c52d6 1073741824 nld6 0 nw 0 du6 0 nw8 0 | 0.38s/it
round   54 | pool  8192 u max  -26.25 | best_c52 9 | c52d6 1073741824 nld6 0 nw 0 du6 0 nw8 0 | 0.38s/it
round   55 | pool  8192 u max  -26.25 | best_c52 9 | c52d6 1073741824 nld6 0 nw 0 du6 0 nw8 0 | 0.38s/it
round   56 | pool  8192 u max  -26.25 | best_c52 9 | c52d6 1073741824 nld6 0 nw 0 du6 0 nw8 0 | 0.38s/it
round   57 | pool  8192 u max  -24.70 | best_c52 9 | c52d6 1073741824 nld6 0 nw 0 du6 0 nw8 0 | 0.38s/it
round   58 | pool  8192 u max  -24.70 | best_c52 7 | c52d6 1073741824 nld6 0 nw 0 du6 0 nw8 0 | 0.38s/it
round   59 | pool  8192 u max  -24.70 | best_c52 7 | c52d6 1073741824 nld6 0 nw 0 du6 0 nw8 0 | 0.38s/it
round   60 | pool  8192 u max  -24.70 | best_c52 7 | c52d6 1073741824 nld6 0 nw 0 du6 0 nw8 0 | 0.38s/it
round   61 | pool  8192 u max  -24.70 | best_c52 7 | c52d6 1073741824 nld6 0 nw 0 du6 0 nw8 0 | 0.38s/it
round   62 | pool  8192 u max  -24.70 | best_c52 7 | c52d6 1073741824 nld6 0 nw 0 du6 0 nw8 0 | 0.38s/it
round   63 | pool  8192 u max  -24.70 | best_c52 7 | c52d6 1073741824 nld6 0 nw 0 du6 0 nw8 0 | 0.38s/it
round   64 | pool  8192 u max  -24.70 | best_c52 7 | c52d6 1073741824 nld6 0 nw 0 du6 0 nw8 0 | 0.38s/it
round   65 | pool  8192 u max  -24.70 | best_c52 7 | c52d6 1073741824 nld6 0 nw 0 du6 0 nw8 0 | 0.38s/it
round   66 | pool  8192 u max  -24.70 | best_c52 7 | c52d6 1073741824 nld6 0 nw 0 du6 0 nw8 0 | 0.38s/it
round   67 | pool  8192 u max  -24.70 | best_c52 7 | c52d6 1073741824 nld6 0 nw 0 du6 0 nw8 0 | 0.38s/it
round   68 | pool  8192 u max  -24.70 | best_c52 7 | c52d6 1073741824 nld6 0 nw 0 du6 0 nw8 0 | 0.38s/it
round   69 | pool  8192 u max  -24.70 | best_c52 7 | c52d6 1073741824 nld6 0 nw 0 du6 0 nw8 0 | 0.38s/it
round   70 | pool  8192 u max  -24.70 | best_c52 7 | c52d6 1073741824 nld6 0 nw 0 du6 0 nw8 0 | 0.38s/it
round   71 | pool  8192 u max  -24.70 | best_c52 7 | c52d6 1073741824 nld6 0 nw 0 du6 0 nw8 0 | 0.38s/it
round   72 | pool  8192 u max  -24.70 | best_c52 7 | c52d6 1073741824 nld6 0 nw 0 du6 0 nw8 0 | 0.38s/it
round   73 | pool  8192 u max  -24.70 | best_c52 7 | c52d6 1073741824 nld6 0 nw 0 du6 0 nw8 0 | 0.38s/it
round   74 | pool  8192 u max  -24.70 | best_c52 7 | c52d6 1073741824 nld6 0 nw 0 du6 0 nw8 0 | 0.38s/it
round   75 | pool  8192 u max  -23.10 | best_c52 7 | c52d6 1073741824 nld6 0 nw 0 du6 0 nw8 0 | 0.38s/it
round   76 | pool  8192 u max  -23.10 | best_c52 7 | c52d6 1073741824 nld6 0 nw 0 du6 0 nw8 0 | 0.38s/it
round   77 | pool  8192 u max  -23.10 | best_c52 7 | c52d6 1073741824 nld6 0 nw 0 du6 0 nw8 0 | 0.38s/it
round   78 | pool  8192 u max  -23.10 | best_c52 7 | c52d6 1073741824 nld6 0 nw 0 du6 0 nw8 0 | 0.38s/it
round   79 | pool  8192 u max  -23.10 | best_c52 7 | c52d6 1073741824 nld6 0 nw 0 du6 0 nw8 0 | 0.38s/it
round   80 | pool  8192 u max  -23.10 | best_c52 7 | c52d6 1073741824 nld6 0 nw 0 du6 0 nw8 0 | 0.38s/it
round   81 | pool  8192 u max  -23.10 | best_c52 7 | c52d6 1073741824 nld6 0 nw 0 du6 0 nw8 0 | 0.38s/it
round   82 | pool  8192 u max  -23.10 | best_c52 7 | c52d6 1073741824 nld6 0 nw 0 du6 0 nw8 0 | 0.38s/it
round   83 | pool  8192 u max  -23.10 | best_c52 7 | c52d6 1073741824 nld6 0 nw 0 du6 0 nw8 0 | 0.38s/it
round   84 | pool  8192 u max  -23.10 | best_c52 7 | c52d6 1073741824 nld6 0 nw 0 du6 0 nw8 0 | 0.38s/it
round   85 | pool  8192 u max  -23.10 | best_c52 7 | c52d6 1073741824 nld6 0 nw 0 du6 0 nw8 0 | 0.38s/it
round   86 | pool  8192 u max  -23.10 | best_c52 7 | c52d6 1073741824 nld6 0 nw 0 du6 0 nw8 0 | 0.38s/it
round   87 | pool  8192 u max  -23.10 | best_c52 5 | c52d6 1073741824 nld6 0 nw 0 du6 0 nw8 0 | 0.38s/it
round   88 | pool  8192 u max  -23.10 | best_c52 5 | c52d6 1073741824 nld6 0 nw 0 du6 0 nw8 0 | 0.38s/it
round   89 | pool  8192 u max  -23.10 | best_c52 5 | c52d6 1073741824 nld6 0 nw 0 du6 0 nw8 0 | 0.38s/it
round   90 | pool  8192 u max  -23.10 | best_c52 5 | c52d6 1073741824 nld6 0 nw 0 du6 0 nw8 0 | 0.38s/it
round   91 | pool  8192 u max  -23.10 | best_c52 5 | c52d6 1073741824 nld6 0 nw 0 du6 0 nw8 0 | 0.38s/it
round   92 | pool  8192 u max  -23.10 | best_c52 5 | c52d6 1073741824 nld6 0 nw 0 du6 0 nw8 0 | 0.38s/it
round   93 | pool  8192 u max  -23.10 | best_c52 5 | c52d6 1073741824 nld6 0 nw 0 du6 0 nw8 0 | 0.38s/it
round   94 | pool  8192 u max  -23.10 | best_c52 5 | c52d6 1073741824 nld6 0 nw 0 du6 0 nw8 0 | 0.38s/it
round   95 | pool  8192 u max  -23.10 | best_c52 5 | c52d6 1073741824 nld6 0 nw 0 du6 0 nw8 0 | 0.38s/it
round   96 | pool  8192 u max  -23.10 | best_c52 5 | c52d6 1073741824 nld6 0 nw 0 du6 0 nw8 0 | 0.38s/it
round   97 | pool  8192 u max  -23.10 | best_c52 5 | c52d6 1073741824 nld6 0 nw 0 du6 0 nw8 0 | 0.38s/it
round   98 | pool  8192 u max  -23.10 | best_c52 5 | c52d6 1073741824 nld6 0 nw 0 du6 0 nw8 0 | 0.38s/it
round   99 | pool  8192 u max  -23.10 | best_c52 5 | c52d6 1073741824 nld6 0 nw 0 du6 0 nw8 0 | 0.38s/it
round  100 | pool  8192 u max  -22.70 | best_c52 5 | c52d6 1073741824 nld6 0 nw 0 du6 0 nw8 0 | 0.38s/it
round  101 | pool  8192 u max  -22.70 | best_c52 5 | c52d6 1073741824 nld6 0 nw 0 du6 0 nw8 0 | 0.38s/it
round  102 | pool  8192 u max  -22.60 | best_c52 5 | c52d6 1073741824 nld6 0 nw 0 du6 0 nw8 0 | 0.38s/it
round  103 | pool  8192 u max  -22.60 | best_c52 5 | c52d6 1073741824 nld6 0 nw 0 du6 0 nw8 0 | 0.38s/it
round  104 | pool  8192 u max  -22.60 | best_c52 5 | c52d6 1073741824 nld6 0 nw 0 du6 0 nw8 0 | 0.38s/it
round  105 | pool  8192 u max  -22.60 | best_c52 5 | c52d6 1073741824 nld6 0 nw 0 du6 0 nw8 0 | 0.38s/it
round  106 | pool  8192 u max  -22.50 | best_c52 5 | c52d6 1073741824 nld6 0 nw 0 du6 0 nw8 0 | 0.38s/it
round  107 | pool  8192 u max  -22.50 | best_c52 5 | c52d6 1073741824 nld6 0 nw 0 du6 0 nw8 0 | 0.38s/it
round  108 | pool  8192 u max  -21.85 | best_c52 5 | c52d6 1073741824 nld6 0 nw 0 du6 0 nw8 0 | 0.38s/it
round  109 | pool  8192 u max  -21.85 | best_c52 4 | c52d6 1073741824 nld6 0 nw 0 du6 0 nw8 0 | 0.38s/it
round  110 | pool  8192 u max  -21.85 | best_c52 4 | c52d6 1073741824 nld6 0 nw 0 du6 0 nw8 0 | 0.38s/it
round  111 | pool  8192 u max  -21.85 | best_c52 4 | c52d6 1073741824 nld6 0 nw 0 du6 0 nw8 0 | 0.38s/it
round  112 | pool  8192 u max  -21.85 | best_c52 4 | c52d6 1073741824 nld6 0 nw 0 du6 0 nw8 0 | 0.38s/it
round  113 | pool  8192 u max  -21.85 | best_c52 4 | c52d6 1073741824 nld6 0 nw 0 du6 0 nw8 0 | 0.38s/it
round  114 | pool  8192 u max  -21.85 | best_c52 4 | c52d6 1073741824 nld6 0 nw 0 du6 0 nw8 0 | 0.38s/it
round  115 | pool  8192 u max  -21.20 | best_c52 4 | c52d6 1073741824 nld6 0 nw 0 du6 0 nw8 0 | 0.38s/it
round  116 | pool  8192 u max  -21.20 | best_c52 3 | c52d6 1073741824 nld6 0 nw 0 du6 0 nw8 0 | 0.38s/it
round  117 | pool  8192 u max  -21.20 | best_c52 3 | c52d6 1073741824 nld6 0 nw 0 du6 0 nw8 0 | 0.38s/it
round  118 | pool  8192 u max  -21.20 | best_c52 3 | c52d6 1073741824 nld6 0 nw 0 du6 0 nw8 0 | 0.38s/it
round  119 | pool  8192 u max  -21.20 | best_c52 3 | c52d6 1073741824 nld6 0 nw 0 du6 0 nw8 0 | 0.38s/it
round  120 | pool  8192 u max  -21.20 | best_c52 3 | c52d6 1073741824 nld6 0 nw 0 du6 0 nw8 0 | 0.38s/it
round  121 | pool  8192 u max  -21.20 | best_c52 3 | c52d6 1073741824 nld6 0 nw 0 du6 0 nw8 0 | 0.38s/it
round  122 | pool  8192 u max  -21.20 | best_c52 3 | c52d6 1073741824 nld6 0 nw 0 du6 0 nw8 0 | 0.38s/it
round  123 | pool  8192 u max  -21.20 | best_c52 3 | c52d6 1073741824 nld6 0 nw 0 du6 0 nw8 0 | 0.38s/it
round  124 | pool  8192 u max  -21.20 | best_c52 3 | c52d6 1073741824 nld6 0 nw 0 du6 0 nw8 0 | 0.38s/it
round  125 | pool  8192 u max  -21.20 | best_c52 3 | c52d6 1073741824 nld6 0 nw 0 du6 0 nw8 0 | 0.38s/it
round  126 | pool  8192 u max  -21.20 | best_c52 3 | c52d6 1073741824 nld6 0 nw 0 du6 0 nw8 0 | 0.38s/it
round  127 | pool  8192 u max  -21.20 | best_c52 3 | c52d6 1073741824 nld6 0 nw 0 du6 0 nw8 0 | 0.38s/it
round  128 | pool  8192 u max  -21.20 | best_c52 3 | c52d6 1073741824 nld6 0 nw 0 du6 0 nw8 0 | 0.38s/it
round  129 | pool  8192 u max  -21.20 | best_c52 3 | c52d6 1073741824 nld6 0 nw 0 du6 0 nw8 0 | 0.38s/it
round  130 | pool  8192 u max  -21.20 | best_c52 3 | c52d6 1073741824 nld6 0 nw 0 du6 0 nw8 0 | 0.38s/it
round  131 | pool  8192 u max  -21.20 | best_c52 3 | c52d6 1073741824 nld6 0 nw 0 du6 0 nw8 0 | 0.38s/it
round  132 | pool  8192 u max  -21.20 | best_c52 3 | c52d6 1073741824 nld6 0 nw 0 du6 0 nw8 0 | 0.38s/it
round  133 | pool  8192 u max  -21.20 | best_c52 3 | c52d6 1073741824 nld6 0 nw 0 du6 0 nw8 0 | 0.38s/it
round  134 | pool  8192 u max  -21.20 | best_c52 3 | c52d6 1073741824 nld6 0 nw 0 du6 0 nw8 0 | 0.38s/it
round  135 | pool  8192 u max  -21.20 | best_c52 3 | c52d6 1073741824 nld6 0 nw 0 du6 0 nw8 0 | 0.38s/it
round  136 | pool  8192 u max  -21.20 | best_c52 3 | c52d6 1073741824 nld6 0 nw 0 du6 0 nw8 0 | 0.38s/it
round  137 | pool  8192 u max  -21.20 | best_c52 3 | c52d6 1073741824 nld6 0 nw 0 du6 0 nw8 0 | 0.38s/it
round  138 | pool  8192 u max  -21.20 | best_c52 3 | c52d6 1073741824 nld6 0 nw 0 du6 0 nw8 0 | 0.38s/it
round  139 | pool  8192 u max  -21.20 | best_c52 3 | c52d6 1073741824 nld6 0 nw 0 du6 0 nw8 0 | 0.38s/it
round  140 | pool  8192 u max  -21.20 | best_c52 1 | c52d6 1073741824 nld6 0 nw 0 du6 0 nw8 0 | 0.38s/it
round  141 | pool  8192 u max  -21.20 | best_c52 1 | c52d6 1073741824 nld6 0 nw 0 du6 0 nw8 0 | 0.38s/it
round  142 | pool  8192 u max  -21.20 | best_c52 1 | c52d6 1073741824 nld6 0 nw 0 du6 0 nw8 0 | 0.38s/it
round  143 | pool  8192 u max  -21.20 | best_c52 1 | c52d6 1073741824 nld6 0 nw 0 du6 0 nw8 0 | 0.38s/it
round  144 | pool  8192 u max  -21.20 | best_c52 1 | c52d6 1073741824 nld6 0 nw 0 du6 0 nw8 0 | 0.38s/it
round  145 | pool  8192 u max  -21.20 | best_c52 1 | c52d6 1073741824 nld6 0 nw 0 du6 0 nw8 0 | 0.38s/it
round  146 | pool  8192 u max  -21.20 | best_c52 1 | c52d6 1073741824 nld6 0 nw 0 du6 0 nw8 0 | 0.38s/it
round  147 | pool  8192 u max  -20.50 | best_c52 3 | c52d6 1073741824 nld6 0 nw 0 du6 0 nw8 0 | 0.38s/it
round  148 | pool  8192 u max  -20.50 | best_c52 3 | c52d6 1073741824 nld6 0 nw 0 du6 0 nw8 0 | 0.38s/it
round  149 | pool  8192 u max  -20.50 | best_c52 3 | c52d6 1073741824 nld6 0 nw 0 du6 0 nw8 0 | 0.38s/it
round  150 | pool  8192 u max  -20.50 | best_c52 3 | c52d6 1073741824 nld6 0 nw 0 du6 0 nw8 0 | 0.38s/it
round  151 | pool  8192 u max  -20.50 | best_c52 3 | c52d6 1073741824 nld6 0 nw 0 du6 0 nw8 0 | 0.38s/it
round  152 | pool  8192 u max  -20.50 | best_c52 3 | c52d6 1073741824 nld6 0 nw 0 du6 0 nw8 0 | 0.38s/it
round  153 | pool  8192 u max  -20.50 | best_c52 3 | c52d6 1073741824 nld6 0 nw 0 du6 0 nw8 0 | 0.38s/it
round  154 | pool  8192 u max  -20.50 | best_c52 3 | c52d6 1073741824 nld6 0 nw 0 du6 0 nw8 0 | 0.38s/it
round  155 | pool  8192 u max  -20.50 | best_c52 3 | c52d6 1073741824 nld6 0 nw 0 du6 0 nw8 0 | 0.38s/it
round  156 | pool  8192 u max  -20.50 | best_c52 3 | c52d6 1073741824 nld6 0 nw 0 du6 0 nw8 0 | 0.38s/it
round  157 | pool  8192 u max  -20.50 | best_c52 3 | c52d6 1073741824 nld6 0 nw 0 du6 0 nw8 0 | 0.38s/it
round  158 | pool  8192 u max  -20.50 | best_c52 3 | c52d6 1073741824 nld6 0 nw 0 du6 0 nw8 0 | 0.38s/it
round  159 | pool  8192 u max  -20.50 | best_c52 3 | c52d6 1073741824 nld6 0 nw 0 du6 0 nw8 0 | 0.38s/it
round  160 | pool  8192 u max  -20.50 | best_c52 3 | c52d6 1073741824 nld6 0 nw 0 du6 0 nw8 0 | 0.38s/it
round  161 | pool  8192 u max  -20.50 | best_c52 3 | c52d6 1073741824 nld6 0 nw 0 du6 0 nw8 0 | 0.38s/it
round  162 | pool  8192 u max  -20.50 | best_c52 3 | c52d6 1073741824 nld6 0 nw 0 du6 0 nw8 0 | 0.38s/it
round  163 | pool  8192 u max  -20.50 | best_c52 3 | c52d6 1073741824 nld6 0 nw 0 du6 0 nw8 0 | 0.38s/it
round  164 | pool  8192 u max  -20.50 | best_c52 3 | c52d6 1073741824 nld6 0 nw 0 du6 0 nw8 0 | 0.38s/it
round  165 | pool  8192 u max  -20.50 | best_c52 3 | c52d6 1073741824 nld6 0 nw 0 du6 0 nw8 0 | 0.38s/it
round  166 | pool  8192 u max  -20.50 | best_c52 3 | c52d6 1073741824 nld6 0 nw 0 du6 0 nw8 0 | 0.38s/it
round  167 | pool  8192 u max  -20.50 | best_c52 3 | c52d6 1073741824 nld6 0 nw 0 du6 0 nw8 0 | 0.38s/it
round  168 | pool  8192 u max  -20.50 | best_c52 3 | c52d6 1073741824 nld6 0 nw 0 du6 0 nw8 0 | 0.38s/it
round  169 | pool  8192 u max  -20.50 | best_c52 3 | c52d6 1073741824 nld6 0 nw 0 du6 0 nw8 0 | 0.38s/it
round  170 | pool  8192 u max  -20.50 | best_c52 3 | c52d6 1073741824 nld6 0 nw 0 du6 0 nw8 0 | 0.38s/it
round  171 | pool  8192 u max  -20.45 | best_c52 3 | c52d6 1073741824 nld6 0 nw 0 du6 0 nw8 0 | 0.38s/it
round  172 | pool  8192 u max  -20.45 | best_c52 3 | c52d6 1073741824 nld6 0 nw 0 du6 0 nw8 0 | 0.38s/it
round  173 | pool  8192 u max  -20.45 | best_c52 3 | c52d6 1073741824 nld6 0 nw 0 du6 0 nw8 0 | 0.38s/it
round  174 | pool  8192 u max  -20.45 | best_c52 3 | c52d6 1073741824 nld6 0 nw 0 du6 0 nw8 0 | 0.38s/it
round  175 | pool  8192 u max  -20.45 | best_c52 3 | c52d6 1073741824 nld6 0 nw 0 du6 0 nw8 0 | 0.38s/it
round  176 | pool  8192 u max  -20.45 | best_c52 3 | c52d6 1073741824 nld6 0 nw 0 du6 0 nw8 0 | 0.38s/it
round  177 | pool  8192 u max  -20.45 | best_c52 3 | c52d6 1073741824 nld6 0 nw 0 du6 0 nw8 0 | 0.38s/it
round  178 | pool  8192 u max  -20.45 | best_c52 3 | c52d6 1073741824 nld6 0 nw 0 du6 0 nw8 0 | 0.38s/it
round  179 | pool  8192 u max  -20.45 | best_c52 3 | c52d6 1073741824 nld6 0 nw 0 du6 0 nw8 0 | 0.38s/it
round  180 | pool  8192 u max  -20.45 | best_c52 3 | c52d6 1073741824 nld6 0 nw 0 du6 0 nw8 0 | 0.38s/it
round  181 | pool  8192 u max  -20.45 | best_c52 3 | c52d6 1073741824 nld6 0 nw 0 du6 0 nw8 0 | 0.38s/it
round  182 | pool  8192 u max  -20.45 | best_c52 3 | c52d6 1073741824 nld6 0 nw 0 du6 0 nw8 0 | 0.38s/it
round  183 | pool  8192 u max  -20.45 | best_c52 3 | c52d6 1073741824 nld6 0 nw 0 du6 0 nw8 0 | 0.38s/it
round  184 | pool  8192 u max  -20.45 | best_c52 3 | c52d6 1073741824 nld6 0 nw 0 du6 0 nw8 0 | 0.38s/it
round  185 | pool  8192 u max  -20.00 | best_c52 3 | c52d6 1073741824 nld6 0 nw 0 du6 0 nw8 0 | 0.38s/it
round  186 | pool  8192 u max  -20.00 | best_c52 3 | c52d6 1073741824 nld6 0 nw 0 du6 0 nw8 0 | 0.38s/it
round  187 | pool  8192 u max  -20.00 | best_c52 3 | c52d6 1073741824 nld6 0 nw 0 du6 0 nw8 0 | 0.38s/it
round  188 | pool  8192 u max  -20.00 | best_c52 3 | c52d6 1073741824 nld6 0 nw 0 du6 0 nw8 0 | 0.38s/it
round  189 | pool  8192 u max  -20.00 | best_c52 3 | c52d6 1073741824 nld6 0 nw 0 du6 0 nw8 0 | 0.38s/it
round  190 | pool  8192 u max  -20.00 | best_c52 3 | c52d6 1073741824 nld6 0 nw 0 du6 0 nw8 0 | 0.38s/it
round  191 | pool  8192 u max  -19.95 | best_c52 3 | c52d6 1073741824 nld6 0 nw 0 du6 0 nw8 0 | 0.38s/it
round  192 | pool  8192 u max  -19.85 | best_c52 3 | c52d6 1073741824 nld6 0 nw 0 du6 0 nw8 0 | 0.38s/it
round  193 | pool  8192 u max  -19.85 | best_c52 3 | c52d6 1073741824 nld6 0 nw 0 du6 0 nw8 0 | 0.38s/it
round  194 | pool  8192 u max  -19.85 | best_c52 3 | c52d6 1073741824 nld6 0 nw 0 du6 0 nw8 0 | 0.38s/it
round  195 | pool  8192 u max  -19.85 | best_c52 3 | c52d6 1073741824 nld6 0 nw 0 du6 0 nw8 0 | 0.38s/it
round  196 | pool  8192 u max  -19.85 | best_c52 3 | c52d6 1073741824 nld6 0 nw 0 du6 0 nw8 0 | 0.38s/it
round  197 | pool  8192 u max  -19.85 | best_c52 2 | c52d6 1073741824 nld6 0 nw 0 du6 0 nw8 0 | 0.38s/it
round  198 | pool  8192 u max  -19.85 | best_c52 2 | c52d6 1073741824 nld6 0 nw 0 du6 0 nw8 0 | 0.38s/it
round  199 | pool  8192 u max  -19.85 | best_c52 2 | c52d6 1073741824 nld6 0 nw 0 du6 0 nw8 0 | 0.38s/it
round  200 | pool  8192 u max  -19.85 | best_c52 2 | c52d6 1073741824 nld6 0 nw 0 du6 0 nw8 0 | 0.38s/it
round  201 | pool  8192 u max  -19.85 | best_c52 2 | c52d6 1073741824 nld6 0 nw 0 du6 0 nw8 0 | 0.38s/it
round  202 | pool  8192 u max  -19.85 | best_c52 2 | c52d6 1073741824 nld6 0 nw 0 du6 0 nw8 0 | 0.38s/it
round  203 | pool  8192 u max  -19.85 | best_c52 2 | c52d6 1073741824 nld6 0 nw 0 du6 0 nw8 0 | 0.38s/it
round  204 | pool  8192 u max  -19.85 | best_c52 2 | c52d6 1073741824 nld6 0 nw 0 du6 0 nw8 0 | 0.38s/it
round  205 | pool  8192 u max  -19.85 | best_c52 2 | c52d6 1073741824 nld6 0 nw 0 du6 0 nw8 0 | 0.38s/it
round  206 | pool  8192 u max  -19.85 | best_c52 2 | c52d6 1073741824 nld6 0 nw 0 du6 0 nw8 0 | 0.38s/it
round  207 | pool  8192 u max  -19.70 | best_c52 2 | c52d6 1073741824 nld6 0 nw 0 du6 0 nw8 0 | 0.38s/it
round  208 | pool  8192 u max  -19.70 | best_c52 2 | c52d6 1073741824 nld6 0 nw 0 du6 0 nw8 0 | 0.38s/it
round  209 | pool  8192 u max  -19.70 | best_c52 2 | c52d6 1073741824 nld6 0 nw 0 du6 0 nw8 0 | 0.38s/it
round  210 | pool  8192 u max  -19.70 | best_c52 2 | c52d6 1073741824 nld6 0 nw 0 du6 0 nw8 0 | 0.38s/it
round  211 | pool  8192 u max  -19.70 | best_c52 2 | c52d6 1073741824 nld6 0 nw 0 du6 0 nw8 0 | 0.38s/it
round  212 | pool  8192 u max  -19.70 | best_c52 2 | c52d6 1073741824 nld6 0 nw 0 du6 0 nw8 0 | 0.38s/it
round  213 | pool  8192 u max  -19.70 | best_c52 2 | c52d6 1073741824 nld6 0 nw 0 du6 0 nw8 0 | 0.38s/it
round  214 | pool  8192 u max  -19.70 | best_c52 2 | c52d6 1073741824 nld6 0 nw 0 du6 0 nw8 0 | 0.38s/it
round  215 | pool  8192 u max  -19.70 | best_c52 2 | c52d6 1073741824 nld6 0 nw 0 du6 0 nw8 0 | 0.38s/it
round  216 | pool  8192 u max  -19.70 | best_c52 2 | c52d6 1073741824 nld6 0 nw 0 du6 0 nw8 0 | 0.38s/it
round  217 | pool  8192 u max  -19.70 | best_c52 2 | c52d6 1073741824 nld6 0 nw 0 du6 0 nw8 0 | 0.38s/it
round  218 | pool  8192 u max  -19.70 | best_c52 2 | c52d6 1073741824 nld6 0 nw 0 du6 0 nw8 0 | 0.38s/it
round  219 | pool  8192 u max  -19.70 | best_c52 2 | c52d6 1073741824 nld6 0 nw 0 du6 0 nw8 0 | 0.38s/it
round  220 | pool  8192 u max  -19.70 | best_c52 2 | c52d6 1073741824 nld6 0 nw 0 du6 0 nw8 0 | 0.38s/it
round  221 | pool  8192 u max  -19.70 | best_c52 2 | c52d6 1073741824 nld6 0 nw 0 du6 0 nw8 0 | 0.38s/it
round  222 | pool  8192 u max  -19.70 | best_c52 2 | c52d6 1073741824 nld6 0 nw 0 du6 0 nw8 0 | 0.38s/it
round  223 | pool  8192 u max  -19.70 | best_c52 2 | c52d6 1073741824 nld6 0 nw 0 du6 0 nw8 0 | 0.38s/it
round  224 | pool  8192 u max  -19.70 | best_c52 2 | c52d6 1073741824 nld6 0 nw 0 du6 0 nw8 0 | 0.38s/it
round  225 | pool  8192 u max  -19.70 | best_c52 2 | c52d6 1073741824 nld6 0 nw 0 du6 0 nw8 0 | 0.38s/it
round  226 | pool  8192 u max  -19.70 | best_c52 2 | c52d6 1073741824 nld6 0 nw 0 du6 0 nw8 0 | 0.38s/it
round  227 | pool  8192 u max  -19.70 | best_c52 2 | c52d6 1073741824 nld6 0 nw 0 du6 0 nw8 0 | 0.38s/it
round  228 | pool  8192 u max  -19.70 | best_c52 2 | c52d6 1073741824 nld6 0 nw 0 du6 0 nw8 0 | 0.38s/it
round  229 | pool  8192 u max  -19.70 | best_c52 2 | c52d6 1073741824 nld6 0 nw 0 du6 0 nw8 0 | 0.38s/it
round  230 | pool  8192 u max  -19.70 | best_c52 2 | c52d6 1073741824 nld6 0 nw 0 du6 0 nw8 0 | 0.38s/it
round  231 | pool  8192 u max  -19.70 | best_c52 2 | c52d6 1073741824 nld6 0 nw 0 du6 0 nw8 0 | 0.38s/it
round  232 | pool  8192 u max  -19.70 | best_c52 2 | c52d6 1073741824 nld6 0 nw 0 du6 0 nw8 0 | 0.38s/it
round  233 | pool  8192 u max  -19.70 | best_c52 2 | c52d6 1073741824 nld6 0 nw 0 du6 0 nw8 0 | 0.38s/it
round  234 | pool  8192 u max  -19.70 | best_c52 2 | c52d6 1073741824 nld6 0 nw 0 du6 0 nw8 0 | 0.38s/it
round  235 | pool  8192 u max  -19.70 | best_c52 2 | c52d6 1073741824 nld6 0 nw 0 du6 0 nw8 0 | 0.38s/it
round  236 | pool  8192 u max  -19.70 | best_c52 2 | c52d6 1073741824 nld6 0 nw 0 du6 0 nw8 0 | 0.38s/it
round  237 | pool  8192 u max  -19.70 | best_c52 2 | c52d6 1073741824 nld6 0 nw 0 du6 0 nw8 0 | 0.38s/it
round  238 | pool  8192 u max  -19.70 | best_c52 2 | c52d6 1073741824 nld6 0 nw 0 du6 0 nw8 0 | 0.38s/it
round  239 | pool  8192 u max  -19.70 | best_c52 2 | c52d6 1073741824 nld6 0 nw 0 du6 0 nw8 0 | 0.38s/it
round  240 | pool  8192 u max  -19.70 | best_c52 2 | c52d6 1073741824 nld6 0 nw 0 du6 0 nw8 0 | 0.38s/it
round  241 | pool  8192 u max  -19.70 | best_c52 2 | c52d6 1073741824 nld6 0 nw 0 du6 0 nw8 0 | 0.38s/it
round  242 | pool  8192 u max  -19.70 | best_c52 2 | c52d6 1073741824 nld6 0 nw 0 du6 0 nw8 0 | 0.38s/it
round  243 | pool  8192 u max  -19.40 | best_c52 2 | c52d6 1073741824 nld6 0 nw 0 du6 0 nw8 0 | 0.38s/it
round  244 | pool  8192 u max  -19.40 | best_c52 2 | c52d6 1073741824 nld6 0 nw 0 du6 0 nw8 0 | 0.38s/it
round  245 | pool  8192 u max  -19.40 | best_c52 2 | c52d6 1073741824 nld6 0 nw 0 du6 0 nw8 0 | 0.38s/it
round  246 | pool  8192 u max  -19.40 | best_c52 2 | c52d6 1073741824 nld6 0 nw 0 du6 0 nw8 0 | 0.38s/it
round  247 | pool  8192 u max  -19.40 | best_c52 2 | c52d6 1073741824 nld6 0 nw 0 du6 0 nw8 0 | 0.38s/it
round  248 | pool  8192 u max  -19.40 | best_c52 2 | c52d6 1073741824 nld6 0 nw 0 du6 0 nw8 0 | 0.38s/it
round  249 | pool  8192 u max  -19.40 | best_c52 2 | c52d6 1073741824 nld6 0 nw 0 du6 0 nw8 0 | 0.38s/it
round  250 | pool  8192 u max  -19.40 | best_c52 2 | c52d6 1073741824 nld6 0 nw 0 du6 0 nw8 0 | 0.38s/it
round  251 | pool  8192 u max  -19.40 | best_c52 2 | c52d6 1073741824 nld6 0 nw 0 du6 0 nw8 0 | 0.38s/it
round  252 | pool  8192 u max  -19.40 | best_c52 2 | c52d6 1073741824 nld6 0 nw 0 du6 0 nw8 0 | 0.38s/it
round  253 | pool  8192 u max  -19.40 | best_c52 2 | c52d6 1073741824 nld6 0 nw 0 du6 0 nw8 0 | 0.38s/it
round  254 | pool  8192 u max  -19.40 | best_c52 2 | c52d6 1073741824 nld6 0 nw 0 du6 0 nw8 0 | 0.38s/it
round  255 | pool  8192 u max  -19.40 | best_c52 2 | c52d6 1073741824 nld6 0 nw 0 du6 0 nw8 0 | 0.38s/it
round  256 | pool  8192 u max  -19.40 | best_c52 2 | c52d6 1073741824 nld6 0 nw 0 du6 0 nw8 0 | 0.38s/it
round  257 | pool  8192 u max  -19.40 | best_c52 2 | c52d6 1073741824 nld6 0 nw 0 du6 0 nw8 0 | 0.38s/it
round  258 | pool  8192 u max  -19.40 | best_c52 2 | c52d6 1073741824 nld6 0 nw 0 du6 0 nw8 0 | 0.38s/it
round  259 | pool  8192 u max  -19.40 | best_c52 2 | c52d6 1073741824 nld6 0 nw 0 du6 0 nw8 0 | 0.38s/it
round  260 | pool  8192 u max  -19.40 | best_c52 2 | c52d6 1073741824 nld6 0 nw 0 du6 0 nw8 0 | 0.38s/it
round  261 | pool  8192 u max  -19.40 | best_c52 2 | c52d6 1073741824 nld6 0 nw 0 du6 0 nw8 0 | 0.38s/it
round  262 | pool  8192 u max  -19.40 | best_c52 2 | c52d6 1073741824 nld6 0 nw 0 du6 0 nw8 0 | 0.38s/it
round  263 | pool  8192 u max  -19.40 | best_c52 2 | c52d6 1073741824 nld6 0 nw 0 du6 0 nw8 0 | 0.38s/it
round  264 | pool  8192 u max  -19.40 | best_c52 1 | c52d6 1073741824 nld6 0 nw 0 du6 0 nw8 0 | 0.38s/it
round  265 | pool  8192 u max  -19.40 | best_c52 1 | c52d6 1073741824 nld6 0 nw 0 du6 0 nw8 0 | 0.38s/it
round  266 | pool  8192 u max  -19.30 | best_c52 1 | c52d6 1073741824 nld6 0 nw 0 du6 0 nw8 0 | 0.38s/it
round  267 | pool  8192 u max  -19.30 | best_c52 1 | c52d6 1073741824 nld6 0 nw 0 du6 0 nw8 0 | 0.38s/it
round  268 | pool  8192 u max  -19.30 | best_c52 1 | c52d6 1073741824 nld6 0 nw 0 du6 0 nw8 0 | 0.38s/it
round  269 | pool  8192 u max  -18.85 | best_c52 1 | c52d6 1073741824 nld6 0 nw 0 du6 0 nw8 0 | 0.38s/it
round  270 | pool  8192 u max  -18.70 | best_c52 1 | c52d6 1073741824 nld6 0 nw 0 du6 0 nw8 0 | 0.38s/it
round  271 | pool  8192 u max  -18.70 | best_c52 1 | c52d6 1073741824 nld6 0 nw 0 du6 0 nw8 0 | 0.38s/it
round  272 | pool  8192 u max  -18.70 | best_c52 1 | c52d6 1073741824 nld6 0 nw 0 du6 0 nw8 0 | 0.38s/it
round  273 | pool  8192 u max  -18.70 | best_c52 1 | c52d6 1073741824 nld6 0 nw 0 du6 0 nw8 0 | 0.38s/it
round  274 | pool  8192 u max  -18.70 | best_c52 1 | c52d6 1073741824 nld6 0 nw 0 du6 0 nw8 0 | 0.38s/it
round  275 | pool  8192 u max  -18.70 | best_c52 1 | c52d6 1073741824 nld6 0 nw 0 du6 0 nw8 0 | 0.38s/it
round  276 | pool  8192 u max  -18.70 | best_c52 1 | c52d6 1073741824 nld6 0 nw 0 du6 0 nw8 0 | 0.38s/it
round  277 | pool  8192 u max  -18.70 | best_c52 1 | c52d6 1073741824 nld6 0 nw 0 du6 0 nw8 0 | 0.38s/it
round  278 | pool  8192 u max  -18.70 | best_c52 1 | c52d6 1073741824 nld6 0 nw 0 du6 0 nw8 0 | 0.38s/it
round  279 | pool  8192 u max  -18.70 | best_c52 1 | c52d6 1073741824 nld6 0 nw 0 du6 0 nw8 0 | 0.38s/it
round  280 | pool  8192 u max  -18.70 | best_c52 1 | c52d6 1073741824 nld6 0 nw 0 du6 0 nw8 0 | 0.38s/it
round  281 | pool  8192 u max  101.70 | best_c52 1 | c52d6 6 nld6 102 nw 0 du6 1 nw8 1 | 0.38s/it
round  282 | pool  8192 u max  101.70 | best_c52 1 | c52d6 6 nld6 102 nw 0 du6 2 nw8 2 | 0.38s/it
round  283 | pool  8192 u max  101.70 | best_c52 1 | c52d6 6 nld6 102 nw 0 du6 4 nw8 3 | 0.38s/it
round  284 | pool  8192 u max  101.70 | best_c52 1 | c52d6 6 nld6 102 nw 0 du6 7 nw8 4 | 0.38s/it
round  285 | pool  8192 u max  101.70 | best_c52 1 | c52d6 5 nld6 102 nw 0 du6 8 nw8 5 | 0.38s/it
round  286 | pool  8192 u max  101.70 | best_c52 1 | c52d6 5 nld6 102 nw 0 du6 8 nw8 5 | 0.38s/it
round  287 | pool  8192 u max  101.70 | best_c52 1 | c52d6 5 nld6 102 nw 0 du6 9 nw8 6 | 0.38s/it
round  288 | pool  8192 u max  101.70 | best_c52 1 | c52d6 5 nld6 102 nw 0 du6 9 nw8 6 | 0.38s/it
round  289 | pool  8192 u max  101.70 | best_c52 1 | c52d6 5 nld6 102 nw 0 du6 10 nw8 6 | 0.38s/it
round  290 | pool  8192 u max  101.70 | best_c52 1 | c52d6 5 nld6 102 nw 0 du6 11 nw8 6 | 0.38s/it
round  291 | pool  8192 u max  101.70 | best_c52 1 | c52d6 5 nld6 102 nw 0 du6 11 nw8 6 | 0.38s/it
round  292 | pool  8192 u max  101.70 | best_c52 1 | c52d6 5 nld6 102 nw 0 du6 11 nw8 6 | 0.38s/it
round  293 | pool  8192 u max  101.70 | best_c52 1 | c52d6 5 nld6 102 nw 0 du6 11 nw8 6 | 0.38s/it
round  294 | pool  8192 u max  101.70 | best_c52 1 | c52d6 5 nld6 102 nw 0 du6 14 nw8 8 | 0.38s/it
round  295 | pool  8192 u max  101.70 | best_c52 1 | c52d6 5 nld6 102 nw 0 du6 15 nw8 8 | 0.38s/it
round  296 | pool  8192 u max  101.70 | best_c52 1 | c52d6 5 nld6 102 nw 0 du6 15 nw8 8 | 0.38s/it
round  297 | pool  8192 u max  101.70 | best_c52 1 | c52d6 5 nld6 102 nw 0 du6 15 nw8 8 | 0.38s/it
round  298 | pool  8192 u max  101.70 | best_c52 1 | c52d6 5 nld6 102 nw 0 du6 16 nw8 9 | 0.38s/it
round  299 | pool  8192 u max  101.75 | best_c52 1 | c52d6 5 nld6 102 nw 0 du6 18 nw8 10 | 0.38s/it
round  300 | pool  8192 u max  101.75 | best_c52 1 | c52d6 5 nld6 102 nw 0 du6 19 nw8 10 | 0.38s/it
round  301 | pool  8192 u max  101.75 | best_c52 1 | c52d6 4 nld6 102 nw 1 du6 21 nw8 11 | 0.38s/it
round  302 | pool  8192 u max  101.75 | best_c52 1 | c52d6 4 nld6 102 nw 1 du6 21 nw8 11 | 0.38s/it
round  303 | pool  8192 u max  101.75 | best_c52 1 | c52d6 4 nld6 102 nw 1 du6 22 nw8 12 | 0.38s/it
round  304 | pool  8192 u max  101.75 | best_c52 1 | c52d6 4 nld6 102 nw 1 du6 22 nw8 12 | 0.38s/it
round  305 | pool  8192 u max  101.75 | best_c52 1 | c52d6 4 nld6 102 nw 1 du6 22 nw8 12 | 0.38s/it
round  306 | pool  8192 u max  101.75 | best_c52 1 | c52d6 4 nld6 102 nw 1 du6 22 nw8 12 | 0.38s/it
round  307 | pool  8192 u max  101.75 | best_c52 1 | c52d6 4 nld6 102 nw 1 du6 22 nw8 12 | 0.38s/it
round  308 | pool  8192 u max  101.75 | best_c52 1 | c52d6 4 nld6 102 nw 1 du6 22 nw8 12 | 0.38s/it
round  309 | pool  8192 u max  101.75 | best_c52 1 | c52d6 4 nld6 102 nw 1 du6 22 nw8 12 | 0.38s/it
round  310 | pool  8192 u max  101.75 | best_c52 1 | c52d6 4 nld6 102 nw 1 du6 22 nw8 12 | 0.38s/it
round  311 | pool  8192 u max  101.75 | best_c52 1 | c52d6 4 nld6 102 nw 1 du6 22 nw8 12 | 0.38s/it
round  312 | pool  8192 u max  101.75 | best_c52 1 | c52d6 4 nld6 102 nw 1 du6 22 nw8 12 | 0.38s/it
round  313 | pool  8192 u max  101.75 | best_c52 1 | c52d6 4 nld6 102 nw 1 du6 23 nw8 12 | 0.38s/it
round  314 | pool  8192 u max  101.75 | best_c52 1 | c52d6 4 nld6 102 nw 1 du6 23 nw8 12 | 0.38s/it
round  315 | pool  8192 u max  101.75 | best_c52 1 | c52d6 4 nld6 102 nw 1 du6 23 nw8 12 | 0.38s/it
round  316 | pool  8192 u max  101.75 | best_c52 1 | c52d6 4 nld6 102 nw 1 du6 26 nw8 13 | 0.38s/it
round  317 | pool  8192 u max  101.75 | best_c52 1 | c52d6 4 nld6 102 nw 1 du6 28 nw8 14 | 0.38s/it
round  318 | pool  8192 u max  101.75 | best_c52 1 | c52d6 4 nld6 102 nw 1 du6 28 nw8 14 | 0.38s/it
round  319 | pool  8192 u max  101.75 | best_c52 1 | c52d6 4 nld6 102 nw 1 du6 29 nw8 14 | 0.38s/it
round  320 | pool  8192 u max  101.75 | best_c52 1 | c52d6 4 nld6 102 nw 1 du6 31 nw8 15 | 0.38s/it
round  321 | pool  8192 u max  101.75 | best_c52 1 | c52d6 4 nld6 102 nw 1 du6 31 nw8 15 | 0.38s/it
round  322 | pool  8192 u max  101.75 | best_c52 1 | c52d6 4 nld6 102 nw 1 du6 31 nw8 15 | 0.38s/it
round  323 | pool  8192 u max  101.75 | best_c52 1 | c52d6 4 nld6 102 nw 1 du6 32 nw8 15 | 0.38s/it
round  324 | pool  8192 u max  101.75 | best_c52 1 | c52d6 4 nld6 102 nw 1 du6 32 nw8 15 | 0.38s/it
round  325 | pool  8192 u max  101.75 | best_c52 1 | c52d6 4 nld6 102 nw 1 du6 33 nw8 16 | 0.38s/it
round  326 | pool  8192 u max  101.90 | best_c52 1 | c52d6 2 nld6 102 nw 2 du6 35 nw8 17 | 0.38s/it
round  327 | pool  8192 u max  101.90 | best_c52 1 | c52d6 2 nld6 102 nw 2 du6 37 nw8 17 | 0.38s/it
round  328 | pool  8192 u max  101.90 | best_c52 1 | c52d6 2 nld6 102 nw 2 du6 37 nw8 17 | 0.38s/it
round  329 | pool  8192 u max  101.90 | best_c52 1 | c52d6 2 nld6 102 nw 2 du6 38 nw8 18 | 0.38s/it
round  330 | pool  8192 u max  101.90 | best_c52 1 | c52d6 2 nld6 102 nw 3 du6 39 nw8 19 | 0.38s/it
round  331 | pool  8192 u max  101.90 | best_c52 1 | c52d6 2 nld6 102 nw 3 du6 39 nw8 19 | 0.38s/it
round  332 | pool  8192 u max  101.90 | best_c52 1 | c52d6 2 nld6 102 nw 3 du6 40 nw8 20 | 0.38s/it
round  333 | pool  8192 u max  101.90 | best_c52 1 | c52d6 2 nld6 102 nw 4 du6 41 nw8 21 | 0.38s/it
round  334 | pool  8192 u max  101.90 | best_c52 1 | c52d6 2 nld6 102 nw 4 du6 43 nw8 23 | 0.38s/it
round  335 | pool  8192 u max  101.90 | best_c52 1 | c52d6 2 nld6 102 nw 4 du6 43 nw8 23 | 0.38s/it
round  336 | pool  8192 u max  101.90 | best_c52 1 | c52d6 2 nld6 102 nw 4 du6 44 nw8 24 | 0.38s/it
round  337 | pool  8192 u max  101.90 | best_c52 1 | c52d6 2 nld6 102 nw 4 du6 44 nw8 24 | 0.38s/it
round  338 | pool  8192 u max  101.90 | best_c52 1 | c52d6 2 nld6 102 nw 4 du6 44 nw8 24 | 0.38s/it
round  339 | pool  8192 u max  101.90 | best_c52 1 | c52d6 2 nld6 102 nw 4 du6 44 nw8 24 | 0.38s/it
round  340 | pool  8192 u max  101.90 | best_c52 1 | c52d6 2 nld6 102 nw 4 du6 45 nw8 24 | 0.38s/it
round  341 | pool  8192 u max  101.90 | best_c52 1 | c52d6 2 nld6 102 nw 5 du6 46 nw8 25 | 0.38s/it
round  342 | pool  8192 u max  101.90 | best_c52 1 | c52d6 2 nld6 102 nw 5 du6 46 nw8 25 | 0.38s/it
round  343 | pool  8192 u max  101.90 | best_c52 1 | c52d6 2 nld6 102 nw 6 du6 48 nw8 27 | 0.38s/it
round  344 | pool  8192 u max  101.90 | best_c52 1 | c52d6 2 nld6 102 nw 6 du6 48 nw8 27 | 0.38s/it
round  345 | pool  8192 u max  101.90 | best_c52 1 | c52d6 2 nld6 102 nw 6 du6 49 nw8 28 | 0.38s/it
round  346 | pool  8192 u max  101.90 | best_c52 1 | c52d6 2 nld6 102 nw 6 du6 49 nw8 28 | 0.38s/it
round  347 | pool  8192 u max  101.90 | best_c52 1 | c52d6 2 nld6 102 nw 6 du6 49 nw8 28 | 0.38s/it
round  348 | pool  8192 u max  101.90 | best_c52 1 | c52d6 2 nld6 102 nw 6 du6 49 nw8 28 | 0.38s/it
round  349 | pool  8192 u max  101.90 | best_c52 1 | c52d6 2 nld6 102 nw 6 du6 49 nw8 28 | 0.38s/it
round  350 | pool  8192 u max  101.90 | best_c52 1 | c52d6 2 nld6 102 nw 7 du6 51 nw8 29 | 0.38s/it
round  351 | pool  8192 u max  101.90 | best_c52 1 | c52d6 2 nld6 102 nw 7 du6 52 nw8 30 | 0.38s/it
round  352 | pool  8192 u max  101.90 | best_c52 1 | c52d6 2 nld6 102 nw 7 du6 53 nw8 31 | 0.38s/it
round  353 | pool  8192 u max  101.90 | best_c52 1 | c52d6 2 nld6 102 nw 7 du6 54 nw8 32 | 0.38s/it
round  354 | pool  8192 u max  101.90 | best_c52 1 | c52d6 2 nld6 102 nw 7 du6 54 nw8 32 | 0.38s/it
round  355 | pool  8192 u max  101.90 | best_c52 1 | c52d6 2 nld6 102 nw 7 du6 56 nw8 34 | 0.38s/it
round  356 | pool  8192 u max  101.90 | best_c52 1 | c52d6 2 nld6 102 nw 7 du6 57 nw8 34 | 0.38s/it
round  357 | pool  8192 u max  101.90 | best_c52 1 | c52d6 2 nld6 102 nw 7 du6 57 nw8 34 | 0.38s/it
round  358 | pool  8192 u max  101.90 | best_c52 1 | c52d6 2 nld6 102 nw 7 du6 58 nw8 35 | 0.38s/it
round  359 | pool  8192 u max  101.90 | best_c52 1 | c52d6 2 nld6 102 nw 7 du6 58 nw8 35 | 0.38s/it
round  360 | pool  8192 u max  101.90 | best_c52 1 | c52d6 2 nld6 102 nw 7 du6 64 nw8 40 | 0.38s/it
round  361 | pool  8192 u max  101.90 | best_c52 1 | c52d6 2 nld6 102 nw 7 du6 64 nw8 40 | 0.38s/it
round  362 | pool  8192 u max  101.90 | best_c52 1 | c52d6 2 nld6 102 nw 7 du6 64 nw8 40 | 0.38s/it
round  363 | pool  8192 u max  101.90 | best_c52 1 | c52d6 2 nld6 102 nw 7 du6 66 nw8 42 | 0.38s/it
round  364 | pool  8192 u max  101.90 | best_c52 1 | c52d6 2 nld6 102 nw 7 du6 68 nw8 42 | 0.38s/it
round  365 | pool  8192 u max  101.90 | best_c52 1 | c52d6 2 nld6 102 nw 7 du6 70 nw8 42 | 0.38s/it
round  366 | pool  8192 u max  101.90 | best_c52 1 | c52d6 2 nld6 102 nw 7 du6 70 nw8 42 | 0.38s/it
round  367 | pool  8192 u max  101.90 | best_c52 1 | c52d6 2 nld6 102 nw 7 du6 71 nw8 42 | 0.38s/it
round  368 | pool  8192 u max  101.90 | best_c52 1 | c52d6 2 nld6 102 nw 7 du6 73 nw8 43 | 0.38s/it
round  369 | pool  8192 u max  101.90 | best_c52 1 | c52d6 2 nld6 102 nw 7 du6 73 nw8 43 | 0.38s/it
round  370 | pool  8192 u max  101.90 | best_c52 1 | c52d6 2 nld6 102 nw 7 du6 73 nw8 43 | 0.38s/it
round  371 | pool  8192 u max  101.90 | best_c52 1 | c52d6 2 nld6 102 nw 7 du6 74 nw8 44 | 0.38s/it
round  372 | pool  8192 u max  101.90 | best_c52 1 | c52d6 2 nld6 102 nw 7 du6 76 nw8 45 | 0.38s/it
round  373 | pool  8192 u max  101.90 | best_c52 1 | c52d6 2 nld6 102 nw 7 du6 77 nw8 45 | 0.38s/it
round  374 | pool  8192 u max  101.90 | best_c52 1 | c52d6 2 nld6 102 nw 7 du6 77 nw8 45 | 0.38s/it
round  375 | pool  8192 u max  101.90 | best_c52 1 | c52d6 2 nld6 102 nw 7 du6 78 nw8 45 | 0.38s/it
round  376 | pool  8192 u max  101.90 | best_c52 1 | c52d6 2 nld6 102 nw 8 du6 81 nw8 47 | 0.38s/it
round  377 | pool  8192 u max  101.90 | best_c52 1 | c52d6 2 nld6 102 nw 8 du6 83 nw8 48 | 0.38s/it
round  378 | pool  8192 u max  101.90 | best_c52 1 | c52d6 2 nld6 102 nw 8 du6 83 nw8 48 | 0.38s/it
round  379 | pool  8192 u max  101.90 | best_c52 1 | c52d6 2 nld6 102 nw 8 du6 84 nw8 48 | 0.38s/it
round  380 | pool  8192 u max  101.90 | best_c52 1 | c52d6 2 nld6 102 nw 8 du6 84 nw8 48 | 0.38s/it
round  381 | pool  8192 u max  101.90 | best_c52 1 | c52d6 2 nld6 102 nw 8 du6 84 nw8 48 | 0.38s/it
round  382 | pool  8192 u max  101.90 | best_c52 1 | c52d6 2 nld6 102 nw 8 du6 84 nw8 48 | 0.38s/it
round  383 | pool  8192 u max  101.90 | best_c52 1 | c52d6 2 nld6 102 nw 8 du6 84 nw8 48 | 0.38s/it
round  384 | pool  8192 u max  101.90 | best_c52 1 | c52d6 2 nld6 102 nw 8 du6 84 nw8 48 | 0.38s/it
round  385 | pool  8192 u max  101.90 | best_c52 1 | c52d6 2 nld6 102 nw 8 du6 84 nw8 48 | 0.38s/it
round  386 | pool  8192 u max  101.90 | best_c52 1 | c52d6 2 nld6 102 nw 8 du6 84 nw8 48 | 0.38s/it
round  387 | pool  8192 u max  101.90 | best_c52 1 | c52d6 2 nld6 102 nw 8 du6 85 nw8 49 | 0.38s/it
round  388 | pool  8192 u max  101.90 | best_c52 1 | c52d6 2 nld6 102 nw 8 du6 88 nw8 52 | 0.38s/it
round  389 | pool  8192 u max  101.90 | best_c52 1 | c52d6 2 nld6 102 nw 8 du6 89 nw8 52 | 0.38s/it
round  390 | pool  8192 u max  101.90 | best_c52 1 | c52d6 2 nld6 102 nw 8 du6 89 nw8 52 | 0.38s/it
round  391 | pool  8192 u max  101.90 | best_c52 1 | c52d6 2 nld6 102 nw 8 du6 91 nw8 53 | 0.38s/it
round  392 | pool  8192 u max  101.90 | best_c52 1 | c52d6 2 nld6 102 nw 8 du6 93 nw8 54 | 0.38s/it
round  393 | pool  8192 u max  101.90 | best_c52 1 | c52d6 2 nld6 102 nw 8 du6 94 nw8 55 | 0.38s/it
round  394 | pool  8192 u max  101.90 | best_c52 1 | c52d6 2 nld6 102 nw 8 du6 95 nw8 56 | 0.38s/it
round  395 | pool  8192 u max  101.90 | best_c52 1 | c52d6 2 nld6 102 nw 8 du6 95 nw8 56 | 0.38s/it
round  396 | pool  8192 u max  101.90 | best_c52 1 | c52d6 2 nld6 102 nw 8 du6 95 nw8 56 | 0.38s/it
round  397 | pool  8192 u max  101.90 | best_c52 1 | c52d6 2 nld6 102 nw 8 du6 95 nw8 56 | 0.38s/it
round  398 | pool  8192 u max  101.90 | best_c52 1 | c52d6 2 nld6 102 nw 8 du6 95 nw8 56 | 0.38s/it
round  399 | pool  8192 u max  101.90 | best_c52 1 | c52d6 2 nld6 102 nw 8 du6 96 nw8 56 | 0.38s/it
round  400 | pool  8192 u max  101.90 | best_c52 1 | c52d6 2 nld6 102 nw 8 du6 99 nw8 58 | 0.38s/it
DONE champ_round=-1 wall=152.4s
