init pool 47
round    1 | pool   468 u max  101.95 | best_c52 1 | c52d6 1 nld6 102 nw 48 du6 48 nw8 48 | 0.39s/it
round    2 | pool   904 u max  101.95 | best_c52 1 | c52d6 1 nld6 102 nw 49 du6 51 nw8 50 | 0.40s/it
round    3 | pool  1338 u max  101.95 | best_c52 0 | c52d6 1 nld6 102 nw 50 du6 53 nw8 52 | 0.40s/it
round    4 | pool  1778 u max  101.95 | best_c52 0 | c52d6 1 nld6 102 nw 53 du6 59 nw8 57 | 0.39s/it
round    5 | pool  2197 u max  101.95 | best_c52 0 | c52d6 1 nld6 102 nw 54 du6 63 nw8 60 | 0.39s/it
round    6 | pool  2637 u max  101.95 | best_c52 0 | c52d6 1 nld6 102 nw 54 du6 64 nw8 61 | 0.39s/it
round    7 | pool  3069 u max  101.95 | best_c52 0 | c52d6 1 nld6 102 nw 57 du6 70 nw8 66 | 0.39s/it
round    8 | pool  3510 u max  101.95 | best_c52 0 | c52d6 1 nld6 102 nw 58 du6 71 nw8 67 | 0.39s/it
round    9 | pool  3940 u max  101.95 | best_c52 0 | c52d6 1 nld6 102 nw 59 du6 74 nw8 70 | 0.39s/it
round   10 | pool  4360 u max  101.95 | best_c52 0 | c52d6 1 nld6 102 nw 60 du6 78 nw8 74 | 0.39s/it
round   11 | pool  4775 u max  101.95 | best_c52 0 | c52d6 1 nld6 102 nw 60 du6 78 nw8 74 | 0.39s/it
round   12 | pool  5198 u max  101.95 | best_c52 0 | c52d6 1 nld6 102 nw 61 du6 80 nw8 75 | 0.39s/it
round   13 | pool  5612 u max  101.95 | best_c52 0 | c52d6 1 nld6 102 nw 63 du6 84 nw8 78 | 0.39s/it
round   14 | pool  6039 u max  101.95 | best_c52 0 | c52d6 1 nld6 102 nw 63 du6 85 nw8 79 | 0.39s/it
round   15 | pool  6454 u max  101.95 | best_c52 0 | c52d6 1 nld6 102 nw 65 du6 87 nw8 81 | 0.39s/it
round   16 | pool  6881 u max  101.95 | best_c52 0 | c52d6 1 nld6 102 nw 65 du6 92 nw8 85 | 0.39s/it
round   17 | pool  7295 u max  101.95 | best_c52 0 | c52d6 1 nld6 102 nw 65 du6 93 nw8 85 | 0.39s/it
round   18 | pool  7719 u max  101.95 | best_c52 0 | c52d6 1 nld6 102 nw 66 du6 95 nw8 86 | 0.39s/it
round   19 | pool  8127 u max  101.95 | best_c52 0 | c52d6 1 nld6 102 nw 66 du6 96 nw8 87 | 0.39s/it
round   20 | pool  8192 u max  101.95 | best_c52 0 | c52d6 1 nld6 102 nw 67 du6 98 nw8 88 | 0.40s/it
round   21 | pool  8192 u max  101.95 | best_c52 0 | c52d6 1 nld6 102 nw 69 du6 101 nw8 90 | 0.39s/it
round   22 | pool  8192 u max  101.95 | best_c52 0 | c52d6 1 nld6 102 nw 70 du6 105 nw8 92 | 0.39s/it
round   23 | pool  8192 u max  101.95 | best_c52 0 | c52d6 1 nld6 102 nw 72 du6 109 nw8 95 | 0.39s/it
round   24 | pool  8192 u max  101.95 | best_c52 0 | c52d6 1 nld6 102 nw 73 du6 111 nw8 97 | 0.40s/it
round   25 | pool  8192 u max  101.95 | best_c52 0 | c52d6 1 nld6 102 nw 73 du6 113 nw8 98 | 0.40s/it
round   26 | pool  8192 u max  101.95 | best_c52 0 | c52d6 1 nld6 102 nw 74 du6 115 nw8 99 | 0.40s/it
round   27 | pool  8192 u max  101.95 | best_c52 0 | c52d6 1 nld6 102 nw 75 du6 117 nw8 101 | 0.40s/it
round   28 | pool  8192 u max  101.95 | best_c52 0 | c52d6 1 nld6 102 nw 75 du6 118 nw8 101 | 0.39s/it
round   29 | pool  8192 u max  101.95 | best_c52 0 | c52d6 1 nld6 102 nw 75 du6 118 nw8 101 | 0.40s/it
round   30 | pool  8192 u max  101.95 | best_c52 0 | c52d6 1 nld6 102 nw 75 du6 119 nw8 101 | 0.40s/it
round   31 | pool  8192 u max  101.95 | best_c52 0 | c52d6 1 nld6 102 nw 75 du6 119 nw8 101 | 0.39s/it
round   32 | pool  8192 u max  101.95 | best_c52 0 | c52d6 1 nld6 102 nw 76 du6 121 nw8 103 | 0.40s/it
round   33 | pool  8192 u max  101.95 | best_c52 0 | c52d6 1 nld6 102 nw 77 du6 124 nw8 106 | 0.39s/it
round   34 | pool  8192 u max  101.95 | best_c52 0 | c52d6 1 nld6 102 nw 77 du6 125 nw8 106 | 0.39s/it
round   35 | pool  8192 u max  101.95 | best_c52 0 | c52d6 1 nld6 102 nw 78 du6 126 nw8 107 | 0.39s/it
round   36 | pool  8192 u max  101.95 | best_c52 0 | c52d6 1 nld6 102 nw 78 du6 127 nw8 108 | 0.39s/it
round   37 | pool  8192 u max  101.95 | best_c52 0 | c52d6 1 nld6 102 nw 78 du6 127 nw8 108 | 0.39s/it
round   38 | pool  8192 u max  101.95 | best_c52 0 | c52d6 1 nld6 102 nw 78 du6 127 nw8 108 | 0.39s/it
round   39 | pool  8192 u max  101.95 | best_c52 0 | c52d6 1 nld6 102 nw 79 du6 129 nw8 109 | 0.39s/it
round   40 | pool  8192 u max  104.00 | best_c52 0 | c52d6 0 nld6 104 nw 79 du6 132 nw8 111 | 0.39s/it
DONE champ_round=40 wall=15.8s
