init pool 47
round    1 | pool   496 u max  101.95 | best_c52 1 | c52d6 1 nld6 102 nw 48 du6 48 nw8 48 | 0.40s/it
round    2 | pool   926 u max  101.95 | best_c52 1 | c52d6 1 nld6 102 nw 50 du6 51 nw8 51 | 0.40s/it
round    3 | pool  1352 u max  101.95 | best_c52 1 | c52d6 1 nld6 102 nw 51 du6 54 nw8 54 | 0.40s/it
round    4 | pool  1764 u max  101.95 | best_c52 1 | c52d6 1 nld6 102 nw 51 du6 54 nw8 54 | 0.39s/it
round    5 | pool  2199 u max  101.95 | best_c52 1 | c52d6 1 nld6 102 nw 51 du6 54 nw8 54 | 0.40s/it
round    6 | pool  2621 u max  101.95 | best_c52 1 | c52d6 1 nld6 102 nw 51 du6 54 nw8 54 | 0.39s/it
round    7 | pool  3044 u max  101.95 | best_c52 1 | c52d6 1 nld6 102 nw 51 du6 57 nw8 56 | 0.39s/it
round    8 | pool  3457 u max  101.95 | best_c52 1 | c52d6 1 nld6 102 nw 51 du6 58 nw8 56 | 0.39s/it
round    9 | pool  3873 u max  101.95 | best_c52 0 | c52d6 1 nld6 102 nw 51 du6 58 nw8 56 | 0.39s/it
round   10 | pool  4289 u max  101.95 | best_c52 0 | c52d6 1 nld6 102 nw 52 du6 62 nw8 60 | 0.39s/it
round   11 | pool  4703 u max  101.95 | best_c52 0 | c52d6 1 nld6 102 nw 52 du6 63 nw8 60 | 0.39s/it
round   12 | pool  5110 u max  101.95 | best_c52 0 | c52d6 1 nld6 102 nw 52 du6 65 nw8 61 | 0.39s/it
round   13 | pool  5532 u max  101.95 | best_c52 0 | c52d6 1 nld6 102 nw 52 du6 67 nw8 62 | 0.39s/it
round   14 | pool  5950 u max  101.95 | best_c52 0 | c52d6 1 nld6 102 nw 54 du6 70 nw8 65 | 0.39s/it
round   15 | pool  6367 u max  101.95 | best_c52 0 | c52d6 1 nld6 102 nw 57 du6 73 nw8 68 | 0.39s/it
round   16 | pool  6781 u max  101.95 | best_c52 0 | c52d6 1 nld6 102 nw 57 du6 74 nw8 69 | 0.39s/it
round   17 | pool  7198 u max  101.95 | best_c52 0 | c52d6 1 nld6 102 nw 59 du6 76 nw8 71 | 0.39s/it
round   18 | pool  7627 u max  101.95 | best_c52 0 | c52d6 1 nld6 102 nw 59 du6 76 nw8 71 | 0.39s/it
round   19 | pool  8033 u max  101.95 | best_c52 0 | c52d6 1 nld6 102 nw 59 du6 78 nw8 72 | 0.39s/it
round   20 | pool  8192 u max  101.95 | best_c52 0 | c52d6 1 nld6 102 nw 59 du6 79 nw8 73 | 0.39s/it
round   21 | pool  8192 u max  101.95 | best_c52 0 | c52d6 1 nld6 102 nw 59 du6 81 nw8 75 | 0.39s/it
round   22 | pool  8192 u max  101.95 | best_c52 0 | c52d6 1 nld6 102 nw 59 du6 81 nw8 75 | 0.39s/it
round   23 | pool  8192 u max  101.95 | best_c52 0 | c52d6 1 nld6 102 nw 59 du6 81 nw8 75 | 0.39s/it
round   24 | pool  8192 u max  101.95 | best_c52 0 | c52d6 1 nld6 102 nw 60 du6 82 nw8 76 | 0.39s/it
round   25 | pool  8192 u max  101.95 | best_c52 0 | c52d6 1 nld6 102 nw 60 du6 85 nw8 78 | 0.39s/it
round   26 | pool  8192 u max  101.95 | best_c52 0 | c52d6 1 nld6 102 nw 60 du6 87 nw8 79 | 0.39s/it
round   27 | pool  8192 u max  101.95 | best_c52 0 | c52d6 1 nld6 102 nw 62 du6 92 nw8 84 | 0.39s/it
round   28 | pool  8192 u max  101.95 | best_c52 0 | c52d6 1 nld6 102 nw 63 du6 93 nw8 85 | 0.39s/it
round   29 | pool  8192 u max  101.95 | best_c52 0 | c52d6 1 nld6 102 nw 63 du6 95 nw8 87 | 0.39s/it
round   30 | pool  8192 u max  101.95 | best_c52 0 | c52d6 1 nld6 102 nw 63 du6 96 nw8 87 | 0.39s/it
round   31 | pool  8192 u max  101.95 | best_c52 0 | c52d6 1 nld6 102 nw 65 du6 101 nw8 91 | 0.39s/it
round   32 | pool  8192 u max  101.95 | best_c52 0 | c52d6 1 nld6 102 nw 65 du6 103 nw8 93 | 0.39s/it
round   33 | pool  8192 u max  101.95 | best_c52 0 | c52d6 1 nld6 102 nw 65 du6 103 nw8 93 | 0.39s/it
round   34 | pool  8192 u max  101.95 | best_c52 0 | c52d6 1 nld6 102 nw 69 du6 107 nw8 97 | 0.39s/it
round   35 | pool  8192 u max  101.95 | best_c52 0 | c52d6 1 nld6 102 nw 69 du6 107 nw8 97 | 0.39s/it
round   36 | pool  8192 u max  101.95 | best_c52 0 | c52d6 1 nld6 102 nw 69 du6 109 nw8 99 | 0.39s/it
round   37 | pool  8192 u max  101.95 | best_c52 0 | c52d6 1 nld6 102 nw 69 du6 111 nw8 101 | 0.39s/it
round   38 | pool  8192 u max  101.95 | best_c52 0 | c52d6 1 nld6 102 nw 72 du6 115 nw8 105 | 0.39s/it
round   39 | pool  8192 u max  101.95 | best_c52 0 | c52d6 1 nld6 102 nw 72 du6 116 nw8 105 | 0.39s/it
round   40 | pool  8192 u max  101.95 | best_c52 0 | c52d6 1 nld6 102 nw 73 du6 117 nw8 106 | 0.39s/it
round   41 | pool  8192 u max  101.95 | best_c52 0 | c52d6 1 nld6 102 nw 74 du6 121 nw8 109 | 0.39s/it
round   42 | pool  8192 u max  101.95 | best_c52 0 | c52d6 1 nld6 102 nw 74 du6 121 nw8 109 | 0.39s/it
round   43 | pool  8192 u max  101.95 | best_c52 0 | c52d6 1 nld6 102 nw 78 du6 126 nw8 113 | 0.39s/it
round   44 | pool  8192 u max  101.95 | best_c52 0 | c52d6 1 nld6 102 nw 79 du6 129 nw8 115 | 0.39s/it
round   45 | pool  8192 u max  101.95 | best_c52 0 | c52d6 1 nld6 102 nw 79 du6 130 nw8 116 | 0.39s/it
round   46 | pool  8192 u max  101.95 | best_c52 0 | c52d6 1 nld6 102 nw 79 du6 130 nw8 116 | 0.39s/it
round   47 | pool  8192 u max  101.95 | best_c52 0 | c52d6 1 nld6 102 nw 79 du6 133 nw8 119 | 0.39s/it
round   48 | pool  8192 u max  101.95 | best_c52 0 | c52d6 1 nld6 102 nw 79 du6 135 nw8 120 | 0.39s/it
round   49 | pool  8192 u max  101.95 | best_c52 0 | c52d6 1 nld6 102 nw 79 du6 135 nw8 120 | 0.39s/it
round   50 | pool  8192 u max  101.95 | best_c52 0 | c52d6 1 nld6 102 nw 80 du6 139 nw8 123 | 0.39s/it
round   51 | pool  8192 u max  101.95 | best_c52 0 | c52d6 1 nld6 102 nw 80 du6 141 nw8 125 | 0.39s/it
round   52 | pool  8192 u max  101.95 | best_c52 0 | c52d6 1 nld6 102 nw 80 du6 144 nw8 128 | 0.39s/it
round   53 | pool  8192 u max  101.95 | best_c52 0 | c52d6 1 nld6 102 nw 80 du6 145 nw8 129 | 0.39s/it
round   54 | pool  8192 u max  101.95 | best_c52 0 | c52d6 1 nld6 102 nw 81 du6 149 nw8 133 | 0.39s/it
round   55 | pool  8192 u max  101.95 | best_c52 0 | c52d6 1 nld6 102 nw 82 du6 151 nw8 134 | 0.39s/it
round   56 | pool  8192 u max  101.95 | best_c52 0 | c52d6 1 nld6 102 nw 82 du6 153 nw8 135 | 0.39s/it
round   57 | pool  8192 u max  101.95 | best_c52 0 | c52d6 1 nld6 102 nw 82 du6 154 nw8 136 | 0.39s/it
round   58 | pool  8192 u max  101.95 | best_c52 0 | c52d6 1 nld6 102 nw 83 du6 155 nw8 137 | 0.39s/it
round   59 | pool  8192 u max  101.95 | best_c52 0 | c52d6 1 nld6 102 nw 83 du6 156 nw8 138 | 0.39s/it
round   60 | pool  8192 u max  101.95 | best_c52 0 | c52d6 1 nld6 102 nw 83 du6 157 nw8 139 | 0.39s/it
round   61 | pool  8192 u max  101.95 | best_c52 0 | c52d6 1 nld6 102 nw 83 du6 157 nw8 139 | 0.39s/it
round   62 | pool  8192 u max  101.95 | best_c52 0 | c52d6 1 nld6 102 nw 85 du6 160 nw8 142 | 0.39s/it
round   63 | pool  8192 u max  101.95 | best_c52 0 | c52d6 1 nld6 102 nw 86 du6 162 nw8 143 | 0.39s/it
round   64 | pool  8192 u max  101.95 | best_c52 0 | c52d6 1 nld6 102 nw 86 du6 163 nw8 144 | 0.39s/it
round   65 | pool  8192 u max  101.95 | best_c52 0 | c52d6 1 nld6 102 nw 86 du6 165 nw8 144 | 0.39s/it
round   66 | pool  8192 u max  101.95 | best_c52 0 | c52d6 1 nld6 102 nw 87 du6 167 nw8 146 | 0.39s/it
round   67 | pool  8192 u max  101.95 | best_c52 0 | c52d6 1 nld6 102 nw 88 du6 170 nw8 148 | 0.39s/it
round   68 | pool  8192 u max  101.95 | best_c52 0 | c52d6 1 nld6 102 nw 88 du6 170 nw8 148 | 0.39s/it
round   69 | pool  8192 u max  101.95 | best_c52 0 | c52d6 1 nld6 102 nw 88 du6 172 nw8 150 | 0.39s/it
round   70 | pool  8192 u max  101.95 | best_c52 0 | c52d6 1 nld6 102 nw 88 du6 174 nw8 151 | 0.39s/it
round   71 | pool  8192 u max  101.95 | best_c52 0 | c52d6 1 nld6 102 nw 88 du6 175 nw8 152 | 0.39s/it
round   72 | pool  8192 u max  101.95 | best_c52 0 | c52d6 1 nld6 102 nw 88 du6 175 nw8 152 | 0.39s/it
round   73 | pool  8192 u max  101.95 | best_c52 0 | c52d6 1 nld6 102 nw 88 du6 177 nw8 154 | 0.39s/it
round   74 | pool  8192 u max  101.95 | best_c52 0 | c52d6 1 nld6 102 nw 89 du6 179 nw8 156 | 0.39s/it
round   75 | pool  8192 u max  101.95 | best_c52 0 | c52d6 1 nld6 102 nw 90 du6 182 nw8 158 | 0.39s/it
round   76 | pool  8192 u max  101.95 | best_c52 0 | c52d6 1 nld6 102 nw 90 du6 184 nw8 160 | 0.39s/it
round   77 | pool  8192 u max  101.95 | best_c52 0 | c52d6 1 nld6 102 nw 90 du6 188 nw8 162 | 0.39s/it
round   78 | pool  8192 u max  101.95 | best_c52 0 | c52d6 1 nld6 102 nw 91 du6 189 nw8 163 | 0.39s/it
round   79 | pool  8192 u max  101.95 | best_c52 0 | c52d6 1 nld6 102 nw 91 du6 191 nw8 165 | 0.39s/it
round   80 | pool  8192 u max  101.95 | best_c52 0 | c52d6 1 nld6 102 nw 91 du6 192 nw8 166 | 0.39s/it
round   81 | pool  8192 u max  101.95 | best_c52 0 | c52d6 1 nld6 102 nw 91 du6 192 nw8 166 | 0.39s/it
round   82 | pool  8192 u max  101.95 | best_c52 0 | c52d6 1 nld6 102 nw 91 du6 193 nw8 167 | 0.39s/it
round   83 | pool  8192 u max  101.95 | best_c52 0 | c52d6 1 nld6 102 nw 91 du6 193 nw8 167 | 0.39s/it
round   84 | pool  8192 u max  101.95 | best_c52 0 | c52d6 1 nld6 102 nw 92 du6 195 nw8 169 | 0.39s/it
round   85 | pool  8192 u max  101.95 | best_c52 0 | c52d6 1 nld6 102 nw 93 du6 197 nw8 171 | 0.39s/it
round   86 | pool  8192 u max  101.95 | best_c52 0 | c52d6 1 nld6 102 nw 93 du6 198 nw8 172 | 0.39s/it
round   87 | pool  8192 u max  101.95 | best_c52 0 | c52d6 1 nld6 102 nw 94 du6 201 nw8 173 | 0.39s/it
round   88 | pool  8192 u max  101.95 | best_c52 0 | c52d6 1 nld6 102 nw 94 du6 204 nw8 174 | 0.39s/it
round   89 | pool  8192 u max  101.95 | best_c52 0 | c52d6 1 nld6 102 nw 94 du6 207 nw8 177 | 0.39s/it
round   90 | pool  8192 u max  101.95 | best_c52 0 | c52d6 1 nld6 102 nw 94 du6 210 nw8 180 | 0.39s/it
round   91 | pool  8192 u max  101.95 | best_c52 0 | c52d6 1 nld6 102 nw 97 du6 214 nw8 184 | 0.39s/it
round   92 | pool  8192 u max  101.95 | best_c52 0 | c52d6 1 nld6 102 nw 98 du6 217 nw8 187 | 0.39s/it
round   93 | pool  8192 u max  101.95 | best_c52 0 | c52d6 1 nld6 102 nw 99 du6 219 nw8 189 | 0.39s/it
round   94 | pool  8192 u max  101.95 | best_c52 0 | c52d6 1 nld6 102 nw 99 du6 221 nw8 189 | 0.39s/it
round   95 | pool  8192 u max  101.95 | best_c52 0 | c52d6 1 nld6 102 nw 99 du6 222 nw8 189 | 0.39s/it
round   96 | pool  8192 u max  101.95 | best_c52 0 | c52d6 1 nld6 102 nw 99 du6 222 nw8 189 | 0.39s/it
round   97 | pool  8192 u max  101.95 | best_c52 0 | c52d6 1 nld6 102 nw 99 du6 225 nw8 191 | 0.39s/it
round   98 | pool  8192 u max  101.95 | best_c52 0 | c52d6 1 nld6 102 nw 99 du6 227 nw8 193 | 0.39s/it
round   99 | pool  8192 u max  101.95 | best_c52 0 | c52d6 1 nld6 102 nw 99 du6 227 nw8 193 | 0.39s/it
round  100 | pool  8192 u max  101.95 | best_c52 0 | c52d6 1 nld6 102 nw 99 du6 227 nw8 193 | 0.39s/it
round  101 | pool  8192 u max  101.95 | best_c52 0 | c52d6 1 nld6 102 nw 99 du6 229 nw8 194 | 0.39s/it
round  102 | pool  8192 u max  101.95 | best_c52 0 | c52d6 1 nld6 102 nw 99 du6 230 nw8 194 | 0.39s/it
round  103 | pool  8192 u max  101.95 | best_c52 0 | c52d6 1 nld6 102 nw 101 du6 232 nw8 196 | 0.39s/it
round  104 | pool  8192 u max  101.95 | best_c52 0 | c52d6 1 nld6 102 nw 101 du6 233 nw8 196 | 0.39s/it
round  105 | pool  8192 u max  101.95 | best_c52 0 | c52d6 1 nld6 102 nw 101 du6 236 nw8 199 | 0.39s/it
round  106 | pool  8192 u max  101.95 | best_c52 0 | c52d6 1 nld6 102 nw 102 du6 241 nw8 200 | 0.39s/it
round  107 | pool  8192 u max  101.95 | best_c52 0 | c52d6 1 nld6 102 nw 102 du6 242 nw8 201 | 0.39s/it
round  108 | pool  8192 u max  101.95 | best_c52 0 | c52d6 1 nld6 102 nw 102 du6 243 nw8 201 | 0.39s/it
round  109 | pool  8192 u max  101.95 | best_c52 0 | c52d6 1 nld6 102 nw 102 du6 245 nw8 201 | 0.39s/it
round  110 | pool  8192 u max  101.95 | best_c52 0 | c52d6 1 nld6 102 nw 102 du6 248 nw8 203 | 0.39s/it
round  111 | pool  8192 u max  101.95 | best_c52 0 | c52d6 1 nld6 102 nw 103 du6 249 nw8 204 | 0.39s/it
round  112 | pool  8192 u max  101.95 | best_c52 0 | c52d6 1 nld6 102 nw 105 du6 254 nw8 209 | 0.39s/it
round  113 | pool  8192 u max  101.95 | best_c52 0 | c52d6 1 nld6 102 nw 105 du6 258 nw8 211 | 0.39s/it
round  114 | pool  8192 u max  101.95 | best_c52 0 | c52d6 1 nld6 102 nw 105 du6 260 nw8 212 | 0.39s/it
round  115 | pool  8192 u max  101.95 | best_c52 0 | c52d6 1 nld6 102 nw 105 du6 260 nw8 212 | 0.39s/it
round  116 | pool  8192 u max  101.95 | best_c52 0 | c52d6 1 nld6 102 nw 105 du6 260 nw8 212 | 0.39s/it
round  117 | pool  8192 u max  101.95 | best_c52 0 | c52d6 1 nld6 102 nw 105 du6 261 nw8 213 | 0.39s/it
round  118 | pool  8192 u max  101.95 | best_c52 0 | c52d6 1 nld6 102 nw 105 du6 263 nw8 215 | 0.39s/it
round  119 | pool  8192 u max  101.95 | best_c52 0 | c52d6 1 nld6 102 nw 105 du6 264 nw8 216 | 0.39s/it
round  120 | pool  8192 u max  101.95 | best_c52 0 | c52d6 1 nld6 102 nw 105 du6 265 nw8 217 | 0.39s/it
round  121 | pool  8192 u max  101.95 | best_c52 0 | c52d6 1 nld6 102 nw 105 du6 268 nw8 219 | 0.39s/it
round  122 | pool  8192 u max  101.95 | best_c52 0 | c52d6 1 nld6 102 nw 105 du6 268 nw8 219 | 0.39s/it
round  123 | pool  8192 u max  101.95 | best_c52 0 | c52d6 1 nld6 102 nw 105 du6 268 nw8 219 | 0.39s/it
round  124 | pool  8192 u max  101.95 | best_c52 0 | c52d6 1 nld6 102 nw 105 du6 269 nw8 219 | 0.39s/it
round  125 | pool  8192 u max  101.95 | best_c52 0 | c52d6 1 nld6 102 nw 105 du6 270 nw8 219 | 0.39s/it
round  126 | pool  8192 u max  101.95 | best_c52 0 | c52d6 1 nld6 102 nw 105 du6 270 nw8 219 | 0.39s/it
round  127 | pool  8192 u max  101.95 | best_c52 0 | c52d6 1 nld6 102 nw 105 du6 270 nw8 219 | 0.39s/it
round  128 | pool  8192 u max  101.95 | best_c52 0 | c52d6 1 nld6 102 nw 105 du6 272 nw8 221 | 0.39s/it
round  129 | pool  8192 u max  101.95 | best_c52 0 | c52d6 1 nld6 102 nw 105 du6 272 nw8 221 | 0.39s/it
round  130 | pool  8192 u max  101.95 | best_c52 0 | c52d6 1 nld6 102 nw 105 du6 273 nw8 222 | 0.39s/it
round  131 | pool  8192 u max  101.95 | best_c52 0 | c52d6 1 nld6 102 nw 105 du6 275 nw8 223 | 0.39s/it
round  132 | pool  8192 u max  101.95 | best_c52 0 | c52d6 1 nld6 102 nw 105 du6 278 nw8 225 | 0.39s/it
round  133 | pool  8192 u max  101.95 | best_c52 0 | c52d6 1 nld6 102 nw 105 du6 278 nw8 225 | 0.39s/it
round  134 | pool  8192 u max  101.95 | best_c52 0 | c52d6 1 nld6 102 nw 105 du6 281 nw8 226 | 0.39s/it
round  135 | pool  8192 u max  101.95 | best_c52 0 | c52d6 1 nld6 102 nw 105 du6 281 nw8 226 | 0.39s/it
round  136 | pool  8192 u max  101.95 | best_c52 0 | c52d6 1 nld6 102 nw 105 du6 282 nw8 227 | 0.39s/it
round  137 | pool  8192 u max  101.95 | best_c52 0 | c52d6 1 nld6 102 nw 105 du6 283 nw8 227 | 0.39s/it
round  138 | pool  8192 u max  101.95 | best_c52 0 | c52d6 1 nld6 102 nw 105 du6 284 nw8 228 | 0.39s/it
round  139 | pool  8192 u max  101.95 | best_c52 0 | c52d6 1 nld6 102 nw 106 du6 286 nw8 230 | 0.39s/it
round  140 | pool  8192 u max  101.95 | best_c52 0 | c52d6 1 nld6 102 nw 106 du6 290 nw8 232 | 0.39s/it
round  141 | pool  8192 u max  101.95 | best_c52 0 | c52d6 1 nld6 102 nw 106 du6 292 nw8 233 | 0.39s/it
round  142 | pool  8192 u max  101.95 | best_c52 0 | c52d6 1 nld6 102 nw 106 du6 292 nw8 233 | 0.39s/it
round  143 | pool  8192 u max  101.95 | best_c52 0 | c52d6 1 nld6 102 nw 106 du6 296 nw8 237 | 0.39s/it
round  144 | pool  8192 u max  101.95 | best_c52 0 | c52d6 1 nld6 102 nw 106 du6 298 nw8 239 | 0.39s/it
round  145 | pool  8192 u max  101.95 | best_c52 0 | c52d6 1 nld6 102 nw 106 du6 298 nw8 239 | 0.39s/it
round  146 | pool  8192 u max  101.95 | best_c52 0 | c52d6 1 nld6 102 nw 106 du6 298 nw8 239 | 0.39s/it
round  147 | pool  8192 u max  101.95 | best_c52 0 | c52d6 1 nld6 102 nw 106 du6 301 nw8 240 | 0.39s/it
round  148 | pool  8192 u max  101.95 | best_c52 0 | c52d6 1 nld6 102 nw 106 du6 301 nw8 240 | 0.39s/it
round  149 | pool  8192 u max  101.95 | best_c52 0 | c52d6 1 nld6 102 nw 106 du6 305 nw8 242 | 0.39s/it
round  150 | pool  8192 u max  101.95 | best_c52 0 | c52d6 1 nld6 102 nw 106 du6 309 nw8 244 | 0.39s/it
round  151 | pool  8192 u max  101.95 | best_c52 0 | c52d6 1 nld6 102 nw 106 du6 310 nw8 244 | 0.39s/it
round  152 | pool  8192 u max  101.95 | best_c52 0 | c52d6 1 nld6 102 nw 106 du6 311 nw8 245 | 0.39s/it
round  153 | pool  8192 u max  101.95 | best_c52 0 | c52d6 1 nld6 102 nw 106 du6 312 nw8 246 | 0.39s/it
round  154 | pool  8192 u max  101.95 | best_c52 0 | c52d6 1 nld6 102 nw 108 du6 315 nw8 249 | 0.39s/it
round  155 | pool  8192 u max  101.95 | best_c52 0 | c52d6 1 nld6 102 nw 108 du6 318 nw8 251 | 0.39s/it
round  156 | pool  8192 u max  101.95 | best_c52 0 | c52d6 1 nld6 102 nw 108 du6 319 nw8 252 | 0.39s/it
round  157 | pool  8192 u max  101.95 | best_c52 0 | c52d6 1 nld6 102 nw 108 du6 323 nw8 254 | 0.39s/it
round  158 | pool  8192 u max  101.95 | best_c52 0 | c52d6 1 nld6 102 nw 108 du6 324 nw8 254 | 0.39s/it
round  159 | pool  8192 u max  101.95 | best_c52 0 | c52d6 1 nld6 102 nw 108 du6 325 nw8 255 | 0.39s/it
round  160 | pool  8192 u max  101.95 | best_c52 0 | c52d6 1 nld6 102 nw 108 du6 325 nw8 255 | 0.39s/it
round  161 | pool  8192 u max  101.95 | best_c52 0 | c52d6 1 nld6 102 nw 108 du6 325 nw8 255 | 0.39s/it
round  162 | pool  8192 u max  101.95 | best_c52 0 | c52d6 1 nld6 102 nw 108 du6 325 nw8 255 | 0.39s/it
round  163 | pool  8192 u max  101.95 | best_c52 0 | c52d6 1 nld6 102 nw 109 du6 329 nw8 257 | 0.39s/it
round  164 | pool  8192 u max  101.95 | best_c52 0 | c52d6 1 nld6 102 nw 109 du6 329 nw8 257 | 0.39s/it
round  165 | pool  8192 u max  101.95 | best_c52 0 | c52d6 1 nld6 102 nw 110 du6 331 nw8 258 | 0.39s/it
round  166 | pool  8192 u max  101.95 | best_c52 0 | c52d6 1 nld6 102 nw 110 du6 332 nw8 258 | 0.39s/it
round  167 | pool  8192 u max  101.95 | best_c52 0 | c52d6 1 nld6 102 nw 110 du6 332 nw8 258 | 0.39s/it
round  168 | pool  8192 u max  101.95 | best_c52 0 | c52d6 1 nld6 102 nw 110 du6 336 nw8 260 | 0.39s/it
round  169 | pool  8192 u max  101.95 | best_c52 0 | c52d6 1 nld6 102 nw 110 du6 337 nw8 261 | 0.39s/it
round  170 | pool  8192 u max  101.95 | best_c52 0 | c52d6 1 nld6 102 nw 111 du6 338 nw8 262 | 0.39s/it
round  171 | pool  8192 u max  101.95 | best_c52 0 | c52d6 1 nld6 102 nw 111 du6 340 nw8 262 | 0.39s/it
round  172 | pool  8192 u max  101.95 | best_c52 0 | c52d6 1 nld6 102 nw 111 du6 341 nw8 262 | 0.39s/it
round  173 | pool  8192 u max  101.95 | best_c52 0 | c52d6 1 nld6 102 nw 111 du6 344 nw8 264 | 0.39s/it
round  174 | pool  8192 u max  101.95 | best_c52 0 | c52d6 1 nld6 102 nw 111 du6 346 nw8 264 | 0.39s/it
round  175 | pool  8192 u max  101.95 | best_c52 0 | c52d6 1 nld6 102 nw 111 du6 350 nw8 265 | 0.39s/it
round  176 | pool  8192 u max  101.95 | best_c52 0 | c52d6 1 nld6 102 nw 111 du6 352 nw8 265 | 0.39s/it
round  177 | pool  8192 u max  101.95 | best_c52 0 | c52d6 1 nld6 102 nw 111 du6 354 nw8 267 | 0.39s/it
round  178 | pool  8192 u max  101.95 | best_c52 0 | c52d6 1 nld6 102 nw 111 du6 355 nw8 268 | 0.39s/it
round  179 | pool  8192 u max  101.95 | best_c52 0 | c52d6 1 nld6 102 nw 111 du6 356 nw8 268 | 0.39s/it
round  180 | pool  8192 u max  101.95 | best_c52 0 | c52d6 1 nld6 102 nw 111 du6 357 nw8 268 | 0.39s/it
round  181 | pool  8192 u max  101.95 | best_c52 0 | c52d6 1 nld6 102 nw 111 du6 358 nw8 268 | 0.39s/it
round  182 | pool  8192 u max  101.95 | best_c52 0 | c52d6 1 nld6 102 nw 112 du6 361 nw8 271 | 0.39s/it
round  183 | pool  8192 u max  101.95 | best_c52 0 | c52d6 1 nld6 102 nw 112 du6 362 nw8 271 | 0.39s/it
round  184 | pool  8192 u max  101.95 | best_c52 0 | c52d6 1 nld6 102 nw 112 du6 364 nw8 272 | 0.39s/it
round  185 | pool  8192 u max  101.95 | best_c52 0 | c52d6 1 nld6 102 nw 112 du6 365 nw8 273 | 0.39s/it
round  186 | pool  8192 u max  101.95 | best_c52 0 | c52d6 1 nld6 102 nw 112 du6 365 nw8 273 | 0.39s/it
round  187 | pool  8192 u max  101.95 | best_c52 0 | c52d6 1 nld6 102 nw 112 du6 366 nw8 274 | 0.39s/it
round  188 | pool  8192 u max  101.95 | best_c52 0 | c52d6 1 nld6 102 nw 112 du6 367 nw8 274 | 0.39s/it
round  189 | pool  8192 u max  101.95 | best_c52 0 | c52d6 1 nld6 102 nw 112 du6 367 nw8 274 | 0.39s/it
round  190 | pool  8192 u max  101.95 | best_c52 0 | c52d6 1 nld6 102 nw 112 du6 371 nw8 275 | 0.39s/it
round  191 | pool  8192 u max  101.95 | best_c52 0 | c52d6 1 nld6 102 nw 112 du6 374 nw8 278 | 0.39s/it
round  192 | pool  8192 u max  101.95 | best_c52 0 | c52d6 1 nld6 102 nw 112 du6 375 nw8 278 | 0.39s/it
round  193 | pool  8192 u max  101.95 | best_c52 0 | c52d6 1 nld6 102 nw 112 du6 375 nw8 278 | 0.39s/it
round  194 | pool  8192 u max  101.95 | best_c52 0 | c52d6 1 nld6 102 nw 112 du6 376 nw8 279 | 0.39s/it
round  195 | pool  8192 u max  101.95 | best_c52 0 | c52d6 1 nld6 102 nw 112 du6 377 nw8 279 | 0.39s/it
round  196 | pool  8192 u max  101.95 | best_c52 0 | c52d6 1 nld6 102 nw 112 du6 377 nw8 279 | 0.39s/it
round  197 | pool  8192 u max  101.95 | best_c52 0 | c52d6 1 nld6 102 nw 112 du6 378 nw8 280 | 0.39s/it
round  198 | pool  8192 u max  101.95 | best_c52 0 | c52d6 1 nld6 102 nw 112 du6 379 nw8 281 | 0.39s/it
round  199 | pool  8192 u max  101.95 | best_c52 0 | c52d6 1 nld6 102 nw 112 du6 379 nw8 281 | 0.39s/it
round  200 | pool  8192 u max  101.95 | best_c52 0 | c52d6 1 nld6 102 nw 112 du6 380 nw8 281 | 0.39s/it
round  201 | pool  8192 u max  101.95 | best_c52 0 | c52d6 1 nld6 102 nw 112 du6 381 nw8 282 | 0.39s/it
round  202 | pool  8192 u max  101.95 | best_c52 0 | c52d6 1 nld6 102 nw 112 du6 382 nw8 283 | 0.39s/it
round  203 | pool  8192 u max  101.95 | best_c52 0 | c52d6 1 nld6 102 nw 112 du6 382 nw8 283 | 0.39s/it
round  204 | pool  8192 u max  101.95 | best_c52 0 | c52d6 1 nld6 102 nw 112 du6 384 nw8 284 | 0.39s/it
round  205 | pool  8192 u max  101.95 | best_c52 0 | c52d6 1 nld6 102 nw 112 du6 384 nw8 284 | 0.39s/it
round  206 | pool  8192 u max  101.95 | best_c52 0 | c52d6 1 nld6 102 nw 112 du6 386 nw8 285 | 0.39s/it
round  207 | pool  8192 u max  101.95 | best_c52 0 | c52d6 1 nld6 102 nw 112 du6 386 nw8 285 | 0.39s/it
round  208 | pool  8192 u max  101.95 | best_c52 0 | c52d6 1 nld6 102 nw 112 du6 386 nw8 285 | 0.39s/it
round  209 | pool  8192 u max  101.95 | best_c52 0 | c52d6 1 nld6 102 nw 113 du6 390 nw8 288 | 0.39s/it
round  210 | pool  8192 u max  101.95 | best_c52 0 | c52d6 1 nld6 102 nw 115 du6 393 nw8 290 | 0.39s/it
round  211 | pool  8192 u max  101.95 | best_c52 0 | c52d6 1 nld6 102 nw 115 du6 394 nw8 290 | 0.39s/it
round  212 | pool  8192 u max  101.95 | best_c52 0 | c52d6 1 nld6 102 nw 115 du6 398 nw8 292 | 0.39s/it
round  213 | pool  8192 u max  101.95 | best_c52 0 | c52d6 1 nld6 102 nw 116 du6 400 nw8 294 | 0.39s/it
round  214 | pool  8192 u max  101.95 | best_c52 0 | c52d6 1 nld6 102 nw 116 du6 401 nw8 294 | 0.39s/it
round  215 | pool  8192 u max  101.95 | best_c52 0 | c52d6 1 nld6 102 nw 116 du6 403 nw8 296 | 0.39s/it
round  216 | pool  8192 u max  101.95 | best_c52 0 | c52d6 1 nld6 102 nw 116 du6 406 nw8 299 | 0.39s/it
round  217 | pool  8192 u max  101.95 | best_c52 0 | c52d6 1 nld6 102 nw 116 du6 408 nw8 300 | 0.39s/it
round  218 | pool  8192 u max  101.95 | best_c52 0 | c52d6 1 nld6 102 nw 116 du6 409 nw8 301 | 0.39s/it
round  219 | pool  8192 u max  101.95 | best_c52 0 | c52d6 1 nld6 102 nw 117 du6 413 nw8 304 | 0.39s/it
round  220 | pool  8192 u max  101.95 | best_c52 0 | c52d6 1 nld6 102 nw 117 du6 414 nw8 304 | 0.39s/it
round  221 | pool  8192 u max  101.95 | best_c52 0 | c52d6 1 nld6 102 nw 117 du6 416 nw8 306 | 0.39s/it
round  222 | pool  8192 u max  101.95 | best_c52 0 | c52d6 1 nld6 102 nw 117 du6 416 nw8 306 | 0.39s/it
round  223 | pool  8192 u max  101.95 | best_c52 0 | c52d6 1 nld6 102 nw 117 du6 417 nw8 306 | 0.39s/it
round  224 | pool  8192 u max  101.95 | best_c52 0 | c52d6 1 nld6 102 nw 117 du6 420 nw8 306 | 0.39s/it
round  225 | pool  8192 u max  101.95 | best_c52 0 | c52d6 1 nld6 102 nw 117 du6 421 nw8 307 | 0.39s/it
round  226 | pool  8192 u max  101.95 | best_c52 0 | c52d6 1 nld6 102 nw 118 du6 423 nw8 309 | 0.39s/it
round  227 | pool  8192 u max  101.95 | best_c52 0 | c52d6 1 nld6 102 nw 118 du6 424 nw8 310 | 0.39s/it
round  228 | pool  8192 u max  101.95 | best_c52 0 | c52d6 1 nld6 102 nw 118 du6 424 nw8 310 | 0.39s/it
round  229 | pool  8192 u max  101.95 | best_c52 0 | c52d6 1 nld6 102 nw 118 du6 427 nw8 313 | 0.39s/it
round  230 | pool  8192 u max  101.95 | best_c52 0 | c52d6 1 nld6 102 nw 118 du6 430 nw8 315 | 0.39s/it
round  231 | pool  8192 u max  101.95 | best_c52 0 | c52d6 1 nld6 102 nw 118 du6 430 nw8 315 | 0.39s/it
round  232 | pool  8192 u max  101.95 | best_c52 0 | c52d6 1 nld6 102 nw 118 du6 432 nw8 317 | 0.39s/it
round  233 | pool  8192 u max  101.95 | best_c52 0 | c52d6 1 nld6 102 nw 118 du6 433 nw8 318 | 0.39s/it
round  234 | pool  8192 u max  101.95 | best_c52 0 | c52d6 1 nld6 102 nw 118 du6 434 nw8 319 | 0.39s/it
round  235 | pool  8192 u max  101.95 | best_c52 0 | c52d6 1 nld6 102 nw 118 du6 436 nw8 319 | 0.39s/it
round  236 | pool  8192 u max  101.95 | best_c52 0 | c52d6 1 nld6 102 nw 118 du6 436 nw8 319 | 0.39s/it
round  237 | pool  8192 u max  101.95 | best_c52 0 | c52d6 1 nld6 102 nw 118 du6 438 nw8 319 | 0.39s/it
round  238 | pool  8192 u max  101.95 | best_c52 0 | c52d6 1 nld6 102 nw 118 du6 439 nw8 319 | 0.39s/it
round  239 | pool  8192 u max  101.95 | best_c52 0 | c52d6 1 nld6 102 nw 118 du6 443 nw8 321 | 0.39s/it
round  240 | pool  8192 u max  101.95 | best_c52 0 | c52d6 1 nld6 102 nw 119 du6 444 nw8 322 | 0.39s/it
round  241 | pool  8192 u max  101.95 | best_c52 0 | c52d6 1 nld6 102 nw 119 du6 445 nw8 322 | 0.39s/it
round  242 | pool  8192 u max  101.95 | best_c52 0 | c52d6 1 nld6 102 nw 119 du6 445 nw8 322 | 0.39s/it
round  243 | pool  8192 u max  101.95 | best_c52 0 | c52d6 1 nld6 102 nw 121 du6 447 nw8 324 | 0.39s/it
round  244 | pool  8192 u max  101.95 | best_c52 0 | c52d6 1 nld6 102 nw 122 du6 449 nw8 325 | 0.39s/it
round  245 | pool  8192 u max  101.95 | best_c52 0 | c52d6 1 nld6 102 nw 122 du6 449 nw8 325 | 0.39s/it
round  246 | pool  8192 u max  101.95 | best_c52 0 | c52d6 1 nld6 102 nw 122 du6 452 nw8 327 | 0.39s/it
round  247 | pool  8192 u max  101.95 | best_c52 0 | c52d6 1 nld6 102 nw 122 du6 456 nw8 330 | 0.39s/it
round  248 | pool  8192 u max  101.95 | best_c52 0 | c52d6 1 nld6 102 nw 122 du6 458 nw8 330 | 0.39s/it
round  249 | pool  8192 u max  101.95 | best_c52 0 | c52d6 1 nld6 102 nw 122 du6 460 nw8 330 | 0.39s/it
round  250 | pool  8192 u max  101.95 | best_c52 0 | c52d6 1 nld6 102 nw 122 du6 462 nw8 332 | 0.39s/it
round  251 | pool  8192 u max  101.95 | best_c52 0 | c52d6 1 nld6 102 nw 122 du6 463 nw8 332 | 0.39s/it
round  252 | pool  8192 u max  101.95 | best_c52 0 | c52d6 1 nld6 102 nw 122 du6 463 nw8 332 | 0.39s/it
round  253 | pool  8192 u max  101.95 | best_c52 0 | c52d6 1 nld6 102 nw 122 du6 464 nw8 332 | 0.39s/it
round  254 | pool  8192 u max  101.95 | best_c52 0 | c52d6 1 nld6 102 nw 122 du6 464 nw8 332 | 0.39s/it
round  255 | pool  8192 u max  101.95 | best_c52 0 | c52d6 1 nld6 102 nw 122 du6 464 nw8 332 | 0.39s/it
round  256 | pool  8192 u max  101.95 | best_c52 0 | c52d6 1 nld6 102 nw 122 du6 466 nw8 333 | 0.39s/it
round  257 | pool  8192 u max  101.95 | best_c52 0 | c52d6 1 nld6 102 nw 122 du6 466 nw8 333 | 0.39s/it
round  258 | pool  8192 u max  101.95 | best_c52 0 | c52d6 1 nld6 102 nw 123 du6 467 nw8 334 | 0.39s/it
round  259 | pool  8192 u max  101.95 | best_c52 0 | c52d6 1 nld6 102 nw 123 du6 469 nw8 336 | 0.39s/it
round  260 | pool  8192 u max  101.95 | best_c52 0 | c52d6 1 nld6 102 nw 123 du6 471 nw8 337 | 0.39s/it
round  261 | pool  8192 u max  101.95 | best_c52 0 | c52d6 1 nld6 102 nw 123 du6 471 nw8 337 | 0.39s/it
round  262 | pool  8192 u max  101.95 | best_c52 0 | c52d6 1 nld6 102 nw 123 du6 474 nw8 337 | 0.39s/it
round  263 | pool  8192 u max  101.95 | best_c52 0 | c52d6 1 nld6 102 nw 123 du6 475 nw8 338 | 0.39s/it
round  264 | pool  8192 u max  101.95 | best_c52 0 | c52d6 1 nld6 102 nw 123 du6 476 nw8 338 | 0.39s/it
round  265 | pool  8192 u max  101.95 | best_c52 0 | c52d6 1 nld6 102 nw 123 du6 477 nw8 339 | 0.39s/it
round  266 | pool  8192 u max  101.95 | best_c52 0 | c52d6 1 nld6 102 nw 123 du6 479 nw8 340 | 0.39s/it
round  267 | pool  8192 u max  101.95 | best_c52 0 | c52d6 1 nld6 102 nw 123 du6 480 nw8 341 | 0.39s/it
round  268 | pool  8192 u max  101.95 | best_c52 0 | c52d6 1 nld6 102 nw 123 du6 480 nw8 341 | 0.39s/it
round  269 | pool  8192 u max  101.95 | best_c52 0 | c52d6 1 nld6 102 nw 123 du6 483 nw8 343 | 0.39s/it
round  270 | pool  8192 u max  101.95 | best_c52 0 | c52d6 1 nld6 102 nw 123 du6 485 nw8 343 | 0.39s/it
round  271 | pool  8192 u max  101.95 | best_c52 0 | c52d6 1 nld6 102 nw 126 du6 491 nw8 348 | 0.39s/it
round  272 | pool  8192 u max  101.95 | best_c52 0 | c52d6 1 nld6 102 nw 126 du6 493 nw8 349 | 0.39s/it
round  273 | pool  8192 u max  101.95 | best_c52 0 | c52d6 1 nld6 102 nw 126 du6 493 nw8 349 | 0.39s/it
round  274 | pool  8192 u max  101.95 | best_c52 0 | c52d6 1 nld6 102 nw 126 du6 496 nw8 350 | 0.39s/it
round  275 | pool  8192 u max  101.95 | best_c52 0 | c52d6 1 nld6 102 nw 126 du6 498 nw8 350 | 0.39s/it
round  276 | pool  8192 u max  101.95 | best_c52 0 | c52d6 1 nld6 102 nw 126 du6 499 nw8 351 | 0.39s/it
round  277 | pool  8192 u max  101.95 | best_c52 0 | c52d6 1 nld6 102 nw 126 du6 500 nw8 352 | 0.39s/it
round  278 | pool  8192 u max  101.95 | best_c52 0 | c52d6 1 nld6 102 nw 126 du6 502 nw8 352 | 0.39s/it
round  279 | pool  8192 u max  101.95 | best_c52 0 | c52d6 1 nld6 102 nw 126 du6 503 nw8 353 | 0.39s/it
round  280 | pool  8192 u max  101.95 | best_c52 0 | c52d6 1 nld6 102 nw 127 du6 505 nw8 354 | 0.39s/it
round  281 | pool  8192 u max  101.95 | best_c52 0 | c52d6 1 nld6 102 nw 127 du6 506 nw8 355 | 0.39s/it
round  282 | pool  8192 u max  101.95 | best_c52 0 | c52d6 1 nld6 102 nw 127 du6 508 nw8 356 | 0.39s/it
round  283 | pool  8192 u max  101.95 | best_c52 0 | c52d6 1 nld6 102 nw 127 du6 509 nw8 357 | 0.39s/it
round  284 | pool  8192 u max  101.95 | best_c52 0 | c52d6 1 nld6 102 nw 127 du6 510 nw8 357 | 0.39s/it
round  285 | pool  8192 u max  101.95 | best_c52 0 | c52d6 1 nld6 102 nw 128 du6 514 nw8 361 | 0.39s/it
round  286 | pool  8192 u max  101.95 | best_c52 0 | c52d6 1 nld6 102 nw 128 du6 514 nw8 361 | 0.39s/it
round  287 | pool  8192 u max  101.95 | best_c52 0 | c52d6 1 nld6 102 nw 128 du6 514 nw8 361 | 0.39s/it
round  288 | pool  8192 u max  101.95 | best_c52 0 | c52d6 1 nld6 102 nw 128 du6 515 nw8 362 | 0.39s/it
round  289 | pool  8192 u max  101.95 | best_c52 0 | c52d6 1 nld6 102 nw 128 du6 516 nw8 362 | 0.39s/it
round  290 | pool  8192 u max  101.95 | best_c52 0 | c52d6 1 nld6 102 nw 128 du6 518 nw8 363 | 0.39s/it
round  291 | pool  8192 u max  101.95 | best_c52 0 | c52d6 1 nld6 102 nw 128 du6 518 nw8 363 | 0.39s/it
round  292 | pool  8192 u max  101.95 | best_c52 0 | c52d6 1 nld6 102 nw 128 du6 518 nw8 363 | 0.39s/it
round  293 | pool  8192 u max  101.95 | best_c52 0 | c52d6 1 nld6 102 nw 128 du6 522 nw8 365 | 0.39s/it
round  294 | pool  8192 u max  101.95 | best_c52 0 | c52d6 1 nld6 102 nw 129 du6 525 nw8 368 | 0.39s/it
round  295 | pool  8192 u max  101.95 | best_c52 0 | c52d6 1 nld6 102 nw 129 du6 529 nw8 372 | 0.39s/it
round  296 | pool  8192 u max  101.95 | best_c52 0 | c52d6 1 nld6 102 nw 129 du6 530 nw8 373 | 0.39s/it
round  297 | pool  8192 u max  101.95 | best_c52 0 | c52d6 1 nld6 102 nw 129 du6 531 nw8 373 | 0.39s/it
round  298 | pool  8192 u max  101.95 | best_c52 0 | c52d6 1 nld6 102 nw 129 du6 536 nw8 375 | 0.39s/it
round  299 | pool  8192 u max  101.95 | best_c52 0 | c52d6 1 nld6 102 nw 129 du6 537 nw8 375 | 0.39s/it
round  300 | pool  8192 u max  101.95 | best_c52 0 | c52d6 1 nld6 102 nw 129 du6 542 nw8 378 | 0.39s/it
round  301 | pool  8192 u max  101.95 | best_c52 0 | c52d6 1 nld6 102 nw 129 du6 542 nw8 378 | 0.39s/it
round  302 | pool  8192 u max  101.95 | best_c52 0 | c52d6 1 nld6 102 nw 130 du6 545 nw8 379 | 0.39s/it
round  303 | pool  8192 u max  101.95 | best_c52 0 | c52d6 1 nld6 102 nw 131 du6 548 nw8 381 | 0.39s/it
round  304 | pool  8192 u max  101.95 | best_c52 0 | c52d6 1 nld6 102 nw 131 du6 552 nw8 383 | 0.39s/it
round  305 | pool  8192 u max  101.95 | best_c52 0 | c52d6 1 nld6 102 nw 131 du6 553 nw8 383 | 0.39s/it
round  306 | pool  8192 u max  101.95 | best_c52 0 | c52d6 1 nld6 102 nw 131 du6 554 nw8 384 | 0.39s/it
round  307 | pool  8192 u max  101.95 | best_c52 0 | c52d6 1 nld6 102 nw 131 du6 556 nw8 385 | 0.39s/it
round  308 | pool  8192 u max  101.95 | best_c52 0 | c52d6 1 nld6 102 nw 131 du6 560 nw8 388 | 0.39s/it
round  309 | pool  8192 u max  101.95 | best_c52 0 | c52d6 1 nld6 102 nw 131 du6 561 nw8 389 | 0.39s/it
round  310 | pool  8192 u max  101.95 | best_c52 0 | c52d6 1 nld6 102 nw 131 du6 562 nw8 389 | 0.39s/it
round  311 | pool  8192 u max  101.95 | best_c52 0 | c52d6 1 nld6 102 nw 131 du6 565 nw8 389 | 0.39s/it
round  312 | pool  8192 u max  101.95 | best_c52 0 | c52d6 1 nld6 102 nw 131 du6 568 nw8 391 | 0.39s/it
round  313 | pool  8192 u max  101.95 | best_c52 0 | c52d6 1 nld6 102 nw 132 du6 571 nw8 393 | 0.39s/it
round  314 | pool  8192 u max  101.95 | best_c52 0 | c52d6 1 nld6 102 nw 132 du6 574 nw8 395 | 0.39s/it
round  315 | pool  8192 u max  101.95 | best_c52 0 | c52d6 1 nld6 102 nw 133 du6 579 nw8 398 | 0.39s/it
round  316 | pool  8192 u max  101.95 | best_c52 0 | c52d6 1 nld6 102 nw 133 du6 580 nw8 399 | 0.39s/it
round  317 | pool  8192 u max  101.95 | best_c52 0 | c52d6 1 nld6 102 nw 133 du6 581 nw8 399 | 0.39s/it
round  318 | pool  8192 u max  101.95 | best_c52 0 | c52d6 1 nld6 102 nw 133 du6 583 nw8 400 | 0.39s/it
round  319 | pool  8192 u max  101.95 | best_c52 0 | c52d6 1 nld6 102 nw 134 du6 585 nw8 401 | 0.39s/it
round  320 | pool  8192 u max  101.95 | best_c52 0 | c52d6 1 nld6 102 nw 134 du6 586 nw8 402 | 0.39s/it
round  321 | pool  8192 u max  101.95 | best_c52 0 | c52d6 1 nld6 102 nw 134 du6 588 nw8 404 | 0.39s/it
round  322 | pool  8192 u max  101.95 | best_c52 0 | c52d6 1 nld6 102 nw 134 du6 590 nw8 406 | 0.39s/it
round  323 | pool  8192 u max  101.95 | best_c52 0 | c52d6 1 nld6 102 nw 134 du6 590 nw8 406 | 0.39s/it
round  324 | pool  8192 u max  101.95 | best_c52 0 | c52d6 1 nld6 102 nw 135 du6 591 nw8 407 | 0.39s/it
round  325 | pool  8192 u max  101.95 | best_c52 0 | c52d6 1 nld6 102 nw 135 du6 592 nw8 407 | 0.39s/it
round  326 | pool  8192 u max  101.95 | best_c52 0 | c52d6 1 nld6 102 nw 135 du6 593 nw8 407 | 0.39s/it
round  327 | pool  8192 u max  101.95 | best_c52 0 | c52d6 1 nld6 102 nw 135 du6 595 nw8 408 | 0.39s/it
round  328 | pool  8192 u max  101.95 | best_c52 0 | c52d6 1 nld6 102 nw 135 du6 596 nw8 409 | 0.39s/it
round  329 | pool  8192 u max  101.95 | best_c52 0 | c52d6 1 nld6 102 nw 135 du6 598 nw8 409 | 0.39s/it
round  330 | pool  8192 u max  101.95 | best_c52 0 | c52d6 1 nld6 102 nw 135 du6 598 nw8 409 | 0.39s/it
round  331 | pool  8192 u max  101.95 | best_c52 0 | c52d6 1 nld6 102 nw 135 du6 599 nw8 409 | 0.39s/it
round  332 | pool  8192 u max  101.95 | best_c52 0 | c52d6 1 nld6 102 nw 135 du6 601 nw8 409 | 0.39s/it
round  333 | pool  8192 u max  101.95 | best_c52 0 | c52d6 1 nld6 102 nw 135 du6 601 nw8 409 | 0.39s/it
round  334 | pool  8192 u max  101.95 | best_c52 0 | c52d6 1 nld6 102 nw 136 du6 604 nw8 410 | 0.39s/it
round  335 | pool  8192 u max  101.95 | best_c52 0 | c52d6 1 nld6 102 nw 136 du6 607 nw8 412 | 0.39s/it
round  336 | pool  8192 u max  101.95 | best_c52 0 | c52d6 1 nld6 102 nw 136 du6 608 nw8 412 | 0.39s/it
round  337 | pool  8192 u max  101.95 | best_c52 0 | c52d6 1 nld6 102 nw 136 du6 608 nw8 412 | 0.39s/it
round  338 | pool  8192 u max  101.95 | best_c52 0 | c52d6 1 nld6 102 nw 136 du6 611 nw8 414 | 0.39s/it
round  339 | pool  8192 u max  101.95 | best_c52 0 | c52d6 1 nld6 102 nw 136 du6 612 nw8 415 | 0.39s/it
round  340 | pool  8192 u max  101.95 | best_c52 0 | c52d6 1 nld6 102 nw 137 du6 614 nw8 416 | 0.39s/it
round  341 | pool  8192 u max  101.95 | best_c52 0 | c52d6 1 nld6 102 nw 137 du6 615 nw8 416 | 0.39s/it
round  342 | pool  8192 u max  101.95 | best_c52 0 | c52d6 1 nld6 102 nw 137 du6 619 nw8 417 | 0.39s/it
round  343 | pool  8192 u max  101.95 | best_c52 0 | c52d6 1 nld6 102 nw 137 du6 620 nw8 418 | 0.39s/it
round  344 | pool  8192 u max  101.95 | best_c52 0 | c52d6 1 nld6 102 nw 137 du6 622 nw8 418 | 0.39s/it
round  345 | pool  8192 u max  101.95 | best_c52 0 | c52d6 1 nld6 102 nw 137 du6 622 nw8 418 | 0.39s/it
round  346 | pool  8192 u max  101.95 | best_c52 0 | c52d6 1 nld6 102 nw 137 du6 624 nw8 418 | 0.39s/it
round  347 | pool  8192 u max  101.95 | best_c52 0 | c52d6 1 nld6 102 nw 137 du6 625 nw8 418 | 0.39s/it
round  348 | pool  8192 u max  101.95 | best_c52 0 | c52d6 1 nld6 102 nw 137 du6 629 nw8 419 | 0.39s/it
round  349 | pool  8192 u max  101.95 | best_c52 0 | c52d6 1 nld6 102 nw 137 du6 631 nw8 420 | 0.39s/it
round  350 | pool  8192 u max  101.95 | best_c52 0 | c52d6 1 nld6 102 nw 137 du6 632 nw8 420 | 0.39s/it
round  351 | pool  8192 u max  101.95 | best_c52 0 | c52d6 1 nld6 102 nw 138 du6 634 nw8 421 | 0.39s/it
round  352 | pool  8192 u max  101.95 | best_c52 0 | c52d6 1 nld6 102 nw 138 du6 636 nw8 422 | 0.39s/it
round  353 | pool  8192 u max  101.95 | best_c52 0 | c52d6 1 nld6 102 nw 138 du6 638 nw8 424 | 0.39s/it
round  354 | pool  8192 u max  101.95 | best_c52 0 | c52d6 1 nld6 102 nw 138 du6 640 nw8 425 | 0.39s/it
round  355 | pool  8192 u max  101.95 | best_c52 0 | c52d6 1 nld6 102 nw 139 du6 643 nw8 427 | 0.39s/it
round  356 | pool  8192 u max  101.95 | best_c52 0 | c52d6 1 nld6 102 nw 139 du6 644 nw8 427 | 0.39s/it
round  357 | pool  8192 u max  101.95 | best_c52 0 | c52d6 1 nld6 102 nw 139 du6 647 nw8 428 | 0.39s/it
round  358 | pool  8192 u max  101.95 | best_c52 0 | c52d6 1 nld6 102 nw 139 du6 651 nw8 429 | 0.39s/it
round  359 | pool  8192 u max  101.95 | best_c52 0 | c52d6 1 nld6 102 nw 139 du6 651 nw8 429 | 0.39s/it
round  360 | pool  8192 u max  101.95 | best_c52 0 | c52d6 1 nld6 102 nw 139 du6 653 nw8 429 | 0.39s/it
round  361 | pool  8192 u max  101.95 | best_c52 0 | c52d6 1 nld6 102 nw 139 du6 653 nw8 429 | 0.39s/it
round  362 | pool  8192 u max  101.95 | best_c52 0 | c52d6 1 nld6 102 nw 139 du6 653 nw8 429 | 0.39s/it
round  363 | pool  8192 u max  101.95 | best_c52 0 | c52d6 1 nld6 102 nw 139 du6 654 nw8 430 | 0.39s/it
round  364 | pool  8192 u max  101.95 | best_c52 0 | c52d6 1 nld6 102 nw 139 du6 655 nw8 430 | 0.39s/it
round  365 | pool  8192 u max  101.95 | best_c52 0 | c52d6 1 nld6 102 nw 140 du6 657 nw8 432 | 0.39s/it
round  366 | pool  8192 u max  101.95 | best_c52 0 | c52d6 1 nld6 102 nw 140 du6 658 nw8 433 | 0.39s/it
round  367 | pool  8192 u max  101.95 | best_c52 0 | c52d6 1 nld6 102 nw 140 du6 661 nw8 434 | 0.39s/it
round  368 | pool  8192 u max  101.95 | best_c52 0 | c52d6 1 nld6 102 nw 140 du6 661 nw8 434 | 0.39s/it
round  369 | pool  8192 u max  101.95 | best_c52 0 | c52d6 1 nld6 102 nw 140 du6 666 nw8 438 | 0.39s/it
round  370 | pool  8192 u max  101.95 | best_c52 0 | c52d6 1 nld6 102 nw 141 du6 668 nw8 439 | 0.39s/it
round  371 | pool  8192 u max  101.95 | best_c52 0 | c52d6 1 nld6 102 nw 141 du6 669 nw8 439 | 0.39s/it
round  372 | pool  8192 u max  101.95 | best_c52 0 | c52d6 1 nld6 102 nw 141 du6 671 nw8 440 | 0.39s/it
round  373 | pool  8192 u max  101.95 | best_c52 0 | c52d6 1 nld6 102 nw 141 du6 675 nw8 440 | 0.39s/it
round  374 | pool  8192 u max  101.95 | best_c52 0 | c52d6 1 nld6 102 nw 141 du6 679 nw8 443 | 0.39s/it
round  375 | pool  8192 u max  101.95 | best_c52 0 | c52d6 1 nld6 102 nw 141 du6 682 nw8 445 | 0.39s/it
round  376 | pool  8192 u max  101.95 | best_c52 0 | c52d6 1 nld6 102 nw 142 du6 684 nw8 447 | 0.39s/it
round  377 | pool  8192 u max  101.95 | best_c52 0 | c52d6 1 nld6 102 nw 142 du6 685 nw8 448 | 0.39s/it
round  378 | pool  8192 u max  101.95 | best_c52 0 | c52d6 1 nld6 102 nw 142 du6 688 nw8 451 | 0.39s/it
round  379 | pool  8192 u max  101.95 | best_c52 0 | c52d6 1 nld6 102 nw 142 du6 690 nw8 452 | 0.39s/it
round  380 | pool  8192 u max  101.95 | best_c52 0 | c52d6 1 nld6 102 nw 142 du6 692 nw8 452 | 0.39s/it
round  381 | pool  8192 u max  101.95 | best_c52 0 | c52d6 1 nld6 102 nw 142 du6 692 nw8 452 | 0.39s/it
round  382 | pool  8192 u max  101.95 | best_c52 0 | c52d6 1 nld6 102 nw 142 du6 696 nw8 455 | 0.39s/it
round  383 | pool  8192 u max  101.95 | best_c52 0 | c52d6 1 nld6 102 nw 142 du6 696 nw8 455 | 0.39s/it
round  384 | pool  8192 u max  101.95 | best_c52 0 | c52d6 1 nld6 102 nw 142 du6 696 nw8 455 | 0.39s/it
round  385 | pool  8192 u max  101.95 | best_c52 0 | c52d6 1 nld6 102 nw 142 du6 697 nw8 455 | 0.39s/it
round  386 | pool  8192 u max  101.95 | best_c52 0 | c52d6 1 nld6 102 nw 142 du6 698 nw8 455 | 0.39s/it
round  387 | pool  8192 u max  101.95 | best_c52 0 | c52d6 1 nld6 102 nw 142 du6 700 nw8 457 | 0.39s/it
round  388 | pool  8192 u max  101.95 | best_c52 0 | c52d6 1 nld6 102 nw 142 du6 703 nw8 458 | 0.39s/it
round  389 | pool  8192 u max  101.95 | best_c52 0 | c52d6 1 nld6 102 nw 142 du6 703 nw8 458 | 0.39s/it
round  390 | pool  8192 u max  101.95 | best_c52 0 | c52d6 1 nld6 102 nw 142 du6 705 nw8 459 | 0.39s/it
round  391 | pool  8192 u max  101.95 | best_c52 0 | c52d6 1 nld6 102 nw 142 du6 707 nw8 459 | 0.39s/it
round  392 | pool  8192 u max  101.95 | best_c52 0 | c52d6 1 nld6 102 nw 142 du6 710 nw8 460 | 0.39s/it
round  393 | pool  8192 u max  101.95 | best_c52 0 | c52d6 1 nld6 102 nw 142 du6 711 nw8 461 | 0.39s/it
round  394 | pool  8192 u max  101.95 | best_c52 0 | c52d6 1 nld6 102 nw 142 du6 713 nw8 461 | 0.39s/it
round  395 | pool  8192 u max  101.95 | best_c52 0 | c52d6 1 nld6 102 nw 142 du6 716 nw8 464 | 0.39s/it
round  396 | pool  8192 u max  101.95 | best_c52 0 | c52d6 1 nld6 102 nw 142 du6 719 nw8 464 | 0.39s/it
round  397 | pool  8192 u max  101.95 | best_c52 0 | c52d6 1 nld6 102 nw 142 du6 719 nw8 464 | 0.39s/it
round  398 | pool  8192 u max  101.95 | best_c52 0 | c52d6 1 nld6 102 nw 142 du6 723 nw8 465 | 0.39s/it
round  399 | pool  8192 u max  101.95 | best_c52 0 | c52d6 1 nld6 102 nw 142 du6 724 nw8 465 | 0.39s/it
round  400 | pool  8192 u max  101.95 | best_c52 0 | c52d6 1 nld6 102 nw 142 du6 727 nw8 467 | 0.39s/it
round  401 | pool  8192 u max  101.95 | best_c52 0 | c52d6 1 nld6 102 nw 142 du6 728 nw8 468 | 0.39s/it
round  402 | pool  8192 u max  101.95 | best_c52 0 | c52d6 1 nld6 102 nw 142 du6 729 nw8 468 | 0.39s/it
round  403 | pool  8192 u max  101.95 | best_c52 0 | c52d6 1 nld6 102 nw 142 du6 732 nw8 468 | 0.39s/it
round  404 | pool  8192 u max  101.95 | best_c52 0 | c52d6 1 nld6 102 nw 142 du6 733 nw8 469 | 0.39s/it
round  405 | pool  8192 u max  101.95 | best_c52 0 | c52d6 1 nld6 102 nw 143 du6 734 nw8 470 | 0.39s/it
round  406 | pool  8192 u max  101.95 | best_c52 0 | c52d6 1 nld6 102 nw 144 du6 735 nw8 471 | 0.39s/it
round  407 | pool  8192 u max  101.95 | best_c52 0 | c52d6 1 nld6 102 nw 144 du6 736 nw8 471 | 0.39s/it
round  408 | pool  8192 u max  101.95 | best_c52 0 | c52d6 1 nld6 102 nw 144 du6 737 nw8 471 | 0.39s/it
round  409 | pool  8192 u max  101.95 | best_c52 0 | c52d6 1 nld6 102 nw 144 du6 738 nw8 471 | 0.39s/it
round  410 | pool  8192 u max  101.95 | best_c52 0 | c52d6 1 nld6 102 nw 146 du6 742 nw8 475 | 0.39s/it
round  411 | pool  8192 u max  101.95 | best_c52 0 | c52d6 1 nld6 102 nw 146 du6 745 nw8 477 | 0.39s/it
round  412 | pool  8192 u max  101.95 | best_c52 0 | c52d6 1 nld6 102 nw 146 du6 747 nw8 477 | 0.39s/it
round  413 | pool  8192 u max  101.95 | best_c52 0 | c52d6 1 nld6 102 nw 146 du6 749 nw8 477 | 0.39s/it
round  414 | pool  8192 u max  101.95 | best_c52 0 | c52d6 1 nld6 102 nw 146 du6 750 nw8 478 | 0.39s/it
round  415 | pool  8192 u max  101.95 | best_c52 0 | c52d6 1 nld6 102 nw 146 du6 751 nw8 478 | 0.39s/it
round  416 | pool  8192 u max  101.95 | best_c52 0 | c52d6 1 nld6 102 nw 146 du6 751 nw8 478 | 0.39s/it
round  417 | pool  8192 u max  101.95 | best_c52 0 | c52d6 1 nld6 102 nw 146 du6 751 nw8 478 | 0.39s/it
round  418 | pool  8192 u max  101.95 | best_c52 0 | c52d6 1 nld6 102 nw 146 du6 751 nw8 478 | 0.39s/it
round  419 | pool  8192 u max  101.95 | best_c52 0 | c52d6 1 nld6 102 nw 147 du6 754 nw8 481 | 0.39s/it
round  420 | pool  8192 u max  101.95 | best_c52 0 | c52d6 1 nld6 102 nw 147 du6 755 nw8 481 | 0.39s/it
round  421 | pool  8192 u max  101.95 | best_c52 0 | c52d6 1 nld6 102 nw 147 du6 756 nw8 481 | 0.39s/it
round  422 | pool  8192 u max  101.95 | best_c52 0 | c52d6 1 nld6 102 nw 147 du6 757 nw8 482 | 0.39s/it
round  423 | pool  8192 u max  101.95 | best_c52 0 | c52d6 1 nld6 102 nw 147 du6 760 nw8 483 | 0.39s/it
round  424 | pool  8192 u max  101.95 | best_c52 0 | c52d6 1 nld6 102 nw 147 du6 763 nw8 486 | 0.39s/it
round  425 | pool  8192 u max  101.95 | best_c52 0 | c52d6 1 nld6 102 nw 147 du6 764 nw8 486 | 0.39s/it
round  426 | pool  8192 u max  101.95 | best_c52 0 | c52d6 1 nld6 102 nw 147 du6 765 nw8 487 | 0.39s/it
round  427 | pool  8192 u max  101.95 | best_c52 0 | c52d6 1 nld6 102 nw 147 du6 767 nw8 489 | 0.39s/it
round  428 | pool  8192 u max  101.95 | best_c52 0 | c52d6 1 nld6 102 nw 147 du6 770 nw8 490 | 0.39s/it
round  429 | pool  8192 u max  101.95 | best_c52 0 | c52d6 1 nld6 102 nw 147 du6 772 nw8 491 | 0.39s/it
round  430 | pool  8192 u max  101.95 | best_c52 0 | c52d6 1 nld6 102 nw 149 du6 778 nw8 493 | 0.39s/it
round  431 | pool  8192 u max  101.95 | best_c52 0 | c52d6 1 nld6 102 nw 150 du6 779 nw8 494 | 0.39s/it
round  432 | pool  8192 u max  101.95 | best_c52 0 | c52d6 1 nld6 102 nw 150 du6 782 nw8 495 | 0.39s/it
round  433 | pool  8192 u max  101.95 | best_c52 0 | c52d6 1 nld6 102 nw 150 du6 783 nw8 495 | 0.39s/it
round  434 | pool  8192 u max  101.95 | best_c52 0 | c52d6 1 nld6 102 nw 150 du6 784 nw8 495 | 0.39s/it
round  435 | pool  8192 u max  101.95 | best_c52 0 | c52d6 1 nld6 102 nw 150 du6 785 nw8 495 | 0.39s/it
round  436 | pool  8192 u max  101.95 | best_c52 0 | c52d6 1 nld6 102 nw 150 du6 785 nw8 495 | 0.39s/it
round  437 | pool  8192 u max  101.95 | best_c52 0 | c52d6 1 nld6 102 nw 150 du6 787 nw8 495 | 0.39s/it
round  438 | pool  8192 u max  101.95 | best_c52 0 | c52d6 1 nld6 102 nw 150 du6 788 nw8 495 | 0.39s/it
round  439 | pool  8192 u max  101.95 | best_c52 0 | c52d6 1 nld6 102 nw 150 du6 788 nw8 495 | 0.39s/it
round  440 | pool  8192 u max  101.95 | best_c52 0 | c52d6 1 nld6 102 nw 150 du6 789 nw8 496 | 0.39s/it
round  441 | pool  8192 u max  101.95 | best_c52 0 | c52d6 1 nld6 102 nw 150 du6 791 nw8 497 | 0.39s/it
round  442 | pool  8192 u max  101.95 | best_c52 0 | c52d6 1 nld6 102 nw 150 du6 791 nw8 497 | 0.39s/it
round  443 | pool  8192 u max  101.95 | best_c52 0 | c52d6 1 nld6 102 nw 150 du6 795 nw8 498 | 0.39s/it
round  444 | pool  8192 u max  101.95 | best_c52 0 | c52d6 1 nld6 102 nw 150 du6 795 nw8 498 | 0.39s/it
round  445 | pool  8192 u max  101.95 | best_c52 0 | c52d6 1 nld6 102 nw 150 du6 795 nw8 498 | 0.39s/it
round  446 | pool  8192 u max  101.95 | best_c52 0 | c52d6 1 nld6 102 nw 150 du6 797 nw8 499 | 0.39s/it
round  447 | pool  8192 u max  101.95 | best_c52 0 | c52d6 1 nld6 102 nw 150 du6 799 nw8 500 | 0.39s/it
round  448 | pool  8192 u max  101.95 | best_c52 0 | c52d6 1 nld6 102 nw 151 du6 800 nw8 501 | 0.39s/it
round  449 | pool  8192 u max  101.95 | best_c52 0 | c52d6 1 nld6 102 nw 151 du6 801 nw8 501 | 0.39s/it
round  450 | pool  8192 u max  101.95 | best_c52 0 | c52d6 1 nld6 102 nw 151 du6 803 nw8 501 | 0.39s/it
round  451 | pool  8192 u max  101.95 | best_c52 0 | c52d6 1 nld6 102 nw 151 du6 803 nw8 501 | 0.39s/it
round  452 | pool  8192 u max  101.95 | best_c52 0 | c52d6 1 nld6 102 nw 151 du6 806 nw8 503 | 0.39s/it
round  453 | pool  8192 u max  101.95 | best_c52 0 | c52d6 1 nld6 102 nw 151 du6 806 nw8 503 | 0.39s/it
round  454 | pool  8192 u max  101.95 | best_c52 0 | c52d6 1 nld6 102 nw 151 du6 808 nw8 503 | 0.39s/it
round  455 | pool  8192 u max  101.95 | best_c52 0 | c52d6 1 nld6 102 nw 151 du6 808 nw8 503 | 0.39s/it
round  456 | pool  8192 u max  101.95 | best_c52 0 | c52d6 1 nld6 102 nw 151 du6 809 nw8 504 | 0.39s/it
round  457 | pool  8192 u max  101.95 | best_c52 0 | c52d6 1 nld6 102 nw 151 du6 811 nw8 504 | 0.39s/it
round  458 | pool  8192 u max  101.95 | best_c52 0 | c52d6 1 nld6 102 nw 151 du6 812 nw8 505 | 0.39s/it
round  459 | pool  8192 u max  101.95 | best_c52 0 | c52d6 1 nld6 102 nw 151 du6 815 nw8 505 | 0.39s/it
round  460 | pool  8192 u max  101.95 | best_c52 0 | c52d6 1 nld6 102 nw 151 du6 817 nw8 507 | 0.39s/it
round  461 | pool  8192 u max  101.95 | best_c52 0 | c52d6 1 nld6 102 nw 151 du6 821 nw8 508 | 0.39s/it
round  462 | pool  8192 u max  101.95 | best_c52 0 | c52d6 1 nld6 102 nw 151 du6 822 nw8 509 | 0.39s/it
round  463 | pool  8192 u max  101.95 | best_c52 0 | c52d6 1 nld6 102 nw 151 du6 824 nw8 510 | 0.39s/it
round  464 | pool  8192 u max  101.95 | best_c52 0 | c52d6 1 nld6 102 nw 151 du6 824 nw8 510 | 0.39s/it
round  465 | pool  8192 u max  101.95 | best_c52 0 | c52d6 1 nld6 102 nw 151 du6 827 nw8 513 | 0.39s/it
round  466 | pool  8192 u max  101.95 | best_c52 0 | c52d6 1 nld6 102 nw 151 du6 829 nw8 514 | 0.39s/it
round  467 | pool  8192 u max  101.95 | best_c52 0 | c52d6 1 nld6 102 nw 151 du6 831 nw8 515 | 0.39s/it
round  468 | pool  8192 u max  101.95 | best_c52 0 | c52d6 1 nld6 102 nw 152 du6 834 nw8 517 | 0.39s/it
round  469 | pool  8192 u max  101.95 | best_c52 0 | c52d6 1 nld6 102 nw 152 du6 837 nw8 519 | 0.39s/it
round  470 | pool  8192 u max  101.95 | best_c52 0 | c52d6 1 nld6 102 nw 152 du6 838 nw8 520 | 0.39s/it
round  471 | pool  8192 u max  101.95 | best_c52 0 | c52d6 1 nld6 102 nw 152 du6 839 nw8 521 | 0.39s/it
round  472 | pool  8192 u max  101.95 | best_c52 0 | c52d6 1 nld6 102 nw 152 du6 842 nw8 524 | 0.39s/it
round  473 | pool  8192 u max  101.95 | best_c52 0 | c52d6 1 nld6 102 nw 152 du6 844 nw8 524 | 0.39s/it
round  474 | pool  8192 u max  101.95 | best_c52 0 | c52d6 1 nld6 102 nw 152 du6 845 nw8 525 | 0.39s/it
round  475 | pool  8192 u max  101.95 | best_c52 0 | c52d6 1 nld6 102 nw 152 du6 845 nw8 525 | 0.39s/it
round  476 | pool  8192 u max  101.95 | best_c52 0 | c52d6 1 nld6 102 nw 152 du6 845 nw8 525 | 0.39s/it
round  477 | pool  8192 u max  101.95 | best_c52 0 | c52d6 1 nld6 102 nw 153 du6 846 nw8 526 | 0.39s/it
round  478 | pool  8192 u max  101.95 | best_c52 0 | c52d6 1 nld6 102 nw 153 du6 849 nw8 528 | 0.39s/it
round  479 | pool  8192 u max  101.95 | best_c52 0 | c52d6 1 nld6 102 nw 153 du6 851 nw8 530 | 0.39s/it
round  480 | pool  8192 u max  101.95 | best_c52 0 | c52d6 1 nld6 102 nw 153 du6 855 nw8 533 | 0.39s/it
round  481 | pool  8192 u max  101.95 | best_c52 0 | c52d6 1 nld6 102 nw 153 du6 856 nw8 534 | 0.39s/it
round  482 | pool  8192 u max  101.95 | best_c52 0 | c52d6 1 nld6 102 nw 155 du6 864 nw8 539 | 0.39s/it
round  483 | pool  8192 u max  101.95 | best_c52 0 | c52d6 1 nld6 102 nw 156 du6 865 nw8 540 | 0.39s/it
round  484 | pool  8192 u max  101.95 | best_c52 0 | c52d6 1 nld6 102 nw 156 du6 867 nw8 542 | 0.39s/it
round  485 | pool  8192 u max  101.95 | best_c52 0 | c52d6 1 nld6 102 nw 156 du6 869 nw8 542 | 0.39s/it
round  486 | pool  8192 u max  101.95 | best_c52 0 | c52d6 1 nld6 102 nw 156 du6 869 nw8 542 | 0.39s/it
round  487 | pool  8192 u max  101.95 | best_c52 0 | c52d6 1 nld6 102 nw 156 du6 871 nw8 544 | 0.39s/it
round  488 | pool  8192 u max  101.95 | best_c52 0 | c52d6 1 nld6 102 nw 156 du6 873 nw8 545 | 0.39s/it
round  489 | pool  8192 u max  101.95 | best_c52 0 | c52d6 1 nld6 102 nw 156 du6 875 nw8 546 | 0.39s/it
round  490 | pool  8192 u max  101.95 | best_c52 0 | c52d6 1 nld6 102 nw 156 du6 876 nw8 547 | 0.39s/it
round  491 | pool  8192 u max  101.95 | best_c52 0 | c52d6 1 nld6 102 nw 156 du6 878 nw8 548 | 0.39s/it
round  492 | pool  8192 u max  101.95 | best_c52 0 | c52d6 1 nld6 102 nw 156 du6 879 nw8 548 | 0.39s/it
round  493 | pool  8192 u max  101.95 | best_c52 0 | c52d6 1 nld6 102 nw 156 du6 880 nw8 548 | 0.39s/it
round  494 | pool  8192 u max  101.95 | best_c52 0 | c52d6 1 nld6 102 nw 156 du6 882 nw8 550 | 0.39s/it
round  495 | pool  8192 u max  101.95 | best_c52 0 | c52d6 1 nld6 102 nw 156 du6 883 nw8 550 | 0.39s/it
round  496 | pool  8192 u max  101.95 | best_c52 0 | c52d6 1 nld6 102 nw 156 du6 884 nw8 550 | 0.39s/it
round  497 | pool  8192 u max  101.95 | best_c52 0 | c52d6 1 nld6 102 nw 157 du6 885 nw8 551 | 0.39s/it
round  498 | pool  8192 u max  101.95 | best_c52 0 | c52d6 1 nld6 102 nw 157 du6 888 nw8 551 | 0.39s/it
round  499 | pool  8192 u max  101.95 | best_c52 0 | c52d6 1 nld6 102 nw 157 du6 890 nw8 553 | 0.39s/it
round  500 | pool  8192 u max  101.95 | best_c52 0 | c52d6 1 nld6 102 nw 157 du6 893 nw8 553 | 0.39s/it
round  501 | pool  8192 u max  101.95 | best_c52 0 | c52d6 1 nld6 102 nw 157 du6 895 nw8 554 | 0.39s/it
round  502 | pool  8192 u max  101.95 | best_c52 0 | c52d6 1 nld6 102 nw 157 du6 896 nw8 555 | 0.39s/it
round  503 | pool  8192 u max  101.95 | best_c52 0 | c52d6 1 nld6 102 nw 157 du6 899 nw8 557 | 0.39s/it
round  504 | pool  8192 u max  101.95 | best_c52 0 | c52d6 1 nld6 102 nw 158 du6 900 nw8 558 | 0.39s/it
round  505 | pool  8192 u max  101.95 | best_c52 0 | c52d6 1 nld6 102 nw 158 du6 901 nw8 558 | 0.39s/it
round  506 | pool  8192 u max  101.95 | best_c52 0 | c52d6 1 nld6 102 nw 159 du6 904 nw8 561 | 0.39s/it
round  507 | pool  8192 u max  101.95 | best_c52 0 | c52d6 1 nld6 102 nw 159 du6 905 nw8 562 | 0.39s/it
round  508 | pool  8192 u max  101.95 | best_c52 0 | c52d6 1 nld6 102 nw 159 du6 906 nw8 562 | 0.39s/it
round  509 | pool  8192 u max  101.95 | best_c52 0 | c52d6 1 nld6 102 nw 159 du6 908 nw8 562 | 0.39s/it
round  510 | pool  8192 u max  101.95 | best_c52 0 | c52d6 1 nld6 102 nw 159 du6 911 nw8 565 | 0.39s/it
round  511 | pool  8192 u max  101.95 | best_c52 0 | c52d6 1 nld6 102 nw 159 du6 914 nw8 566 | 0.39s/it
round  512 | pool  8192 u max  101.95 | best_c52 0 | c52d6 1 nld6 102 nw 159 du6 916 nw8 568 | 0.39s/it
round  513 | pool  8192 u max  101.95 | best_c52 0 | c52d6 1 nld6 102 nw 159 du6 919 nw8 569 | 0.39s/it
round  514 | pool  8192 u max  101.95 | best_c52 0 | c52d6 1 nld6 102 nw 159 du6 920 nw8 569 | 0.39s/it
round  515 | pool  8192 u max  104.00 | best_c52 0 | c52d6 0 nld6 104 nw 159 du6 921 nw8 569 | 0.39s/it
DONE champ_round=515 wall=202.2s
