init pool 47
round    1 | pool   459 u max  101.95 | best_c52 1 | c52d6 1 nld6 102 nw 49 du6 51 nw8 50 | 0.37s/it
round    2 | pool   891 u max  101.95 | best_c52 1 | c52d6 1 nld6 102 nw 50 du6 54 nw8 53 | 0.36s/it
round    3 | pool  1331 u max  101.95 | best_c52 1 | c52d6 1 nld6 102 nw 53 du6 57 nw8 56 | 0.36s/it
round    4 | pool  1756 u max  101.95 | best_c52 1 | c52d6 1 nld6 102 nw 54 du6 59 nw8 58 | 0.37s/it
round    5 | pool  2172 u max  101.95 | best_c52 1 | c52d6 1 nld6 102 nw 55 du6 63 nw8 62 | 0.36s/it
round    6 | pool  2606 u max  101.95 | best_c52 0 | c52d6 1 nld6 102 nw 56 du6 67 nw8 66 | 0.36s/it
round    7 | pool  3041 u max  101.95 | best_c52 0 | c52d6 1 nld6 102 nw 56 du6 69 nw8 67 | 0.36s/it
round    8 | pool  3459 u max  101.95 | best_c52 0 | c52d6 1 nld6 102 nw 57 du6 71 nw8 69 | 0.36s/it
round    9 | pool  3886 u max  101.95 | best_c52 0 | c52d6 1 nld6 102 nw 58 du6 72 nw8 70 | 0.37s/it
round   10 | pool  4297 u max  101.95 | best_c52 0 | c52d6 1 nld6 102 nw 59 du6 74 nw8 72 | 0.37s/it
round   11 | pool  4700 u max  101.95 | best_c52 0 | c52d6 1 nld6 102 nw 60 du6 75 nw8 73 | 0.37s/it
round   12 | pool  5126 u max  101.95 | best_c52 0 | c52d6 1 nld6 102 nw 61 du6 78 nw8 76 | 0.37s/it
round   13 | pool  5539 u max  101.95 | best_c52 0 | c52d6 1 nld6 102 nw 62 du6 80 nw8 77 | 0.37s/it
round   14 | pool  5949 u max  101.95 | best_c52 0 | c52d6 1 nld6 102 nw 62 du6 82 nw8 79 | 0.37s/it
round   15 | pool  6373 u max  101.95 | best_c52 0 | c52d6 1 nld6 102 nw 63 du6 84 nw8 81 | 0.37s/it
round   16 | pool  6804 u max  101.95 | best_c52 0 | c52d6 1 nld6 102 nw 64 du6 88 nw8 84 | 0.37s/it
round   17 | pool  7217 u max  101.95 | best_c52 0 | c52d6 1 nld6 102 nw 64 du6 88 nw8 84 | 0.37s/it
round   18 | pool  7638 u max  101.95 | best_c52 0 | c52d6 1 nld6 102 nw 64 du6 90 nw8 85 | 0.37s/it
round   19 | pool  8042 u max  101.95 | best_c52 0 | c52d6 1 nld6 102 nw 64 du6 91 nw8 86 | 0.37s/it
round   20 | pool  8192 u max  101.95 | best_c52 0 | c52d6 1 nld6 102 nw 64 du6 91 nw8 86 | 0.37s/it
round   21 | pool  8192 u max  101.95 | best_c52 0 | c52d6 1 nld6 102 nw 64 du6 91 nw8 86 | 0.37s/it
round   22 | pool  8192 u max  101.95 | best_c52 0 | c52d6 1 nld6 102 nw 65 du6 93 nw8 87 | 0.38s/it
round   23 | pool  8192 u max  101.95 | best_c52 0 | c52d6 1 nld6 102 nw 66 du6 95 nw8 89 | 0.38s/it
round   24 | pool  8192 u max  101.95 | best_c52 0 | c52d6 1 nld6 102 nw 69 du6 100 nw8 93 | 0.38s/it
round   25 | pool  8192 u max  101.95 | best_c52 0 | c52d6 1 nld6 102 nw 69 du6 104 nw8 96 | 0.38s/it
round   26 | pool  8192 u max  101.95 | best_c52 0 | c52d6 1 nld6 102 nw 70 du6 107 nw8 99 | 0.38s/it
round   27 | pool  8192 u max  101.95 | best_c52 0 | c52d6 1 nld6 102 nw 70 du6 108 nw8 100 | 0.38s/it
round   28 | pool  8192 u max  101.95 | best_c52 0 | c52d6 1 nld6 102 nw 70 du6 111 nw8 101 | 0.38s/it
round   29 | pool  8192 u max  101.95 | best_c52 0 | c52d6 1 nld6 102 nw 72 du6 115 nw8 104 | 0.38s/it
round   30 | pool  8192 u max  101.95 | best_c52 0 | c52d6 1 nld6 102 nw 73 du6 116 nw8 105 | 0.38s/it
round   31 | pool  8192 u max  101.95 | best_c52 0 | c52d6 1 nld6 102 nw 74 du6 117 nw8 106 | 0.38s/it
round   32 | pool  8192 u max  101.95 | best_c52 0 | c52d6 1 nld6 102 nw 74 du6 117 nw8 106 | 0.38s/it
round   33 | pool  8192 u max  101.95 | best_c52 0 | c52d6 1 nld6 102 nw 74 du6 119 nw8 106 | 0.38s/it
round   34 | pool  8192 u max  101.95 | best_c52 0 | c52d6 1 nld6 102 nw 74 du6 120 nw8 107 | 0.38s/it
round   35 | pool  8192 u max  101.95 | best_c52 0 | c52d6 1 nld6 102 nw 74 du6 124 nw8 111 | 0.38s/it
round   36 | pool  8192 u max  101.95 | best_c52 0 | c52d6 1 nld6 102 nw 74 du6 124 nw8 111 | 0.38s/it
round   37 | pool  8192 u max  101.95 | best_c52 0 | c52d6 1 nld6 102 nw 74 du6 126 nw8 113 | 0.38s/it
round   38 | pool  8192 u max  101.95 | best_c52 0 | c52d6 1 nld6 102 nw 76 du6 131 nw8 116 | 0.38s/it
round   39 | pool  8192 u max  101.95 | best_c52 0 | c52d6 1 nld6 102 nw 77 du6 133 nw8 118 | 0.38s/it
round   40 | pool  8192 u max  101.95 | best_c52 0 | c52d6 1 nld6 102 nw 78 du6 135 nw8 120 | 0.38s/it
round   41 | pool  8192 u max  101.95 | best_c52 0 | c52d6 1 nld6 102 nw 78 du6 137 nw8 120 | 0.38s/it
round   42 | pool  8192 u max  101.95 | best_c52 0 | c52d6 1 nld6 102 nw 78 du6 138 nw8 120 | 0.38s/it
round   43 | pool  8192 u max  101.95 | best_c52 0 | c52d6 1 nld6 102 nw 78 du6 139 nw8 121 | 0.38s/it
round   44 | pool  8192 u max  101.95 | best_c52 0 | c52d6 1 nld6 102 nw 79 du6 142 nw8 124 | 0.38s/it
round   45 | pool  8192 u max  101.95 | best_c52 0 | c52d6 1 nld6 102 nw 81 du6 144 nw8 126 | 0.38s/it
round   46 | pool  8192 u max  101.95 | best_c52 0 | c52d6 1 nld6 102 nw 81 du6 146 nw8 126 | 0.38s/it
round   47 | pool  8192 u max  101.95 | best_c52 0 | c52d6 1 nld6 102 nw 81 du6 146 nw8 126 | 0.38s/it
round   48 | pool  8192 u max  101.95 | best_c52 0 | c52d6 1 nld6 102 nw 82 du6 148 nw8 127 | 0.38s/it
round   49 | pool  8192 u max  101.95 | best_c52 0 | c52d6 1 nld6 102 nw 82 du6 150 nw8 129 | 0.38s/it
round   50 | pool  8192 u max  101.95 | best_c52 0 | c52d6 1 nld6 102 nw 82 du6 152 nw8 131 | 0.38s/it
round   51 | pool  8192 u max  104.00 | best_c52 0 | c52d6 0 nld6 104 nw 82 du6 155 nw8 132 | 0.38s/it
DONE champ_round=51 wall=19.4s
