init pool 47
round    1 | pool   478 u max  101.95 | best_c52 0 | c52d6 1 nld6 102 nw 47 du6 48 nw8 48 | 0.36s/it
round    2 | pool   921 u max  101.95 | best_c52 0 | c52d6 1 nld6 102 nw 50 du6 51 nw8 51 | 0.36s/it
round    3 | pool  1360 u max  101.95 | best_c52 0 | c52d6 1 nld6 102 nw 50 du6 52 nw8 52 | 0.37s/it
round    4 | pool  1787 u max  101.95 | best_c52 0 | c52d6 1 nld6 102 nw 53 du6 57 nw8 57 | 0.37s/it
round    5 | pool  2224 u max  101.95 | best_c52 0 | c52d6 1 nld6 102 nw 54 du6 59 nw8 59 | 0.37s/it
round    6 | pool  2651 u max  101.95 | best_c52 0 | c52d6 1 nld6 102 nw 54 du6 60 nw8 59 | 0.37s/it
round    7 | pool  3083 u max  101.95 | best_c52 0 | c52d6 1 nld6 102 nw 54 du6 62 nw8 61 | 0.37s/it
round    8 | pool  3513 u max  101.95 | best_c52 0 | c52d6 1 nld6 102 nw 54 du6 65 nw8 64 | 0.36s/it
round    9 | pool  3923 u max  101.95 | best_c52 0 | c52d6 1 nld6 102 nw 54 du6 67 nw8 65 | 0.37s/it
round   10 | pool  4346 u max  101.95 | best_c52 0 | c52d6 1 nld6 102 nw 57 du6 70 nw8 68 | 0.37s/it
round   11 | pool  4755 u max  101.95 | best_c52 0 | c52d6 1 nld6 102 nw 57 du6 71 nw8 68 | 0.37s/it
round   12 | pool  5169 u max  101.95 | best_c52 0 | c52d6 1 nld6 102 nw 57 du6 72 nw8 69 | 0.37s/it
round   13 | pool  5577 u max  101.95 | best_c52 0 | c52d6 1 nld6 102 nw 58 du6 75 nw8 72 | 0.37s/it
round   14 | pool  5989 u max  101.95 | best_c52 0 | c52d6 1 nld6 102 nw 59 du6 79 nw8 74 | 0.37s/it
round   15 | pool  6399 u max  101.95 | best_c52 0 | c52d6 1 nld6 102 nw 61 du6 83 nw8 78 | 0.37s/it
round   16 | pool  6799 u max  101.95 | best_c52 0 | c52d6 1 nld6 102 nw 61 du6 84 nw8 79 | 0.37s/it
round   17 | pool  7219 u max  101.95 | best_c52 0 | c52d6 1 nld6 102 nw 63 du6 86 nw8 81 | 0.37s/it
round   18 | pool  7632 u max  101.95 | best_c52 0 | c52d6 1 nld6 102 nw 63 du6 86 nw8 81 | 0.37s/it
round   19 | pool  8044 u max  101.95 | best_c52 0 | c52d6 1 nld6 102 nw 63 du6 86 nw8 81 | 0.37s/it
round   20 | pool  8192 u max  101.95 | best_c52 0 | c52d6 1 nld6 102 nw 64 du6 88 nw8 82 | 0.37s/it
round   21 | pool  8192 u max  101.95 | best_c52 0 | c52d6 1 nld6 102 nw 64 du6 89 nw8 83 | 0.37s/it
round   22 | pool  8192 u max  101.95 | best_c52 0 | c52d6 1 nld6 102 nw 65 du6 92 nw8 84 | 0.37s/it
round   23 | pool  8192 u max  101.95 | best_c52 0 | c52d6 1 nld6 102 nw 65 du6 93 nw8 85 | 0.37s/it
round   24 | pool  8192 u max  101.95 | best_c52 0 | c52d6 1 nld6 102 nw 65 du6 95 nw8 87 | 0.37s/it
round   25 | pool  8192 u max  101.95 | best_c52 0 | c52d6 1 nld6 102 nw 66 du6 96 nw8 88 | 0.37s/it
round   26 | pool  8192 u max  101.95 | best_c52 0 | c52d6 1 nld6 102 nw 66 du6 101 nw8 92 | 0.37s/it
round   27 | pool  8192 u max  101.95 | best_c52 0 | c52d6 1 nld6 102 nw 66 du6 103 nw8 94 | 0.37s/it
round   28 | pool  8192 u max  101.95 | best_c52 0 | c52d6 1 nld6 102 nw 66 du6 106 nw8 97 | 0.38s/it
round   29 | pool  8192 u max  101.95 | best_c52 0 | c52d6 1 nld6 102 nw 68 du6 109 nw8 100 | 0.38s/it
round   30 | pool  8192 u max  101.95 | best_c52 0 | c52d6 1 nld6 102 nw 68 du6 110 nw8 101 | 0.38s/it
round   31 | pool  8192 u max  101.95 | best_c52 0 | c52d6 1 nld6 102 nw 70 du6 113 nw8 103 | 0.38s/it
round   32 | pool  8192 u max  101.95 | best_c52 0 | c52d6 1 nld6 102 nw 71 du6 116 nw8 104 | 0.38s/it
round   33 | pool  8192 u max  101.95 | best_c52 0 | c52d6 1 nld6 102 nw 71 du6 117 nw8 104 | 0.38s/it
round   34 | pool  8192 u max  101.95 | best_c52 0 | c52d6 1 nld6 102 nw 72 du6 119 nw8 106 | 0.38s/it
round   35 | pool  8192 u max  101.95 | best_c52 0 | c52d6 1 nld6 102 nw 72 du6 120 nw8 107 | 0.38s/it
round   36 | pool  8192 u max  101.95 | best_c52 0 | c52d6 1 nld6 102 nw 72 du6 121 nw8 108 | 0.38s/it
round   37 | pool  8192 u max  101.95 | best_c52 0 | c52d6 1 nld6 102 nw 72 du6 122 nw8 108 | 0.38s/it
round   38 | pool  8192 u max  101.95 | best_c52 0 | c52d6 1 nld6 102 nw 72 du6 124 nw8 110 | 0.38s/it
round   39 | pool  8192 u max  101.95 | best_c52 0 | c52d6 1 nld6 102 nw 73 du6 126 nw8 112 | 0.38s/it
round   40 | pool  8192 u max  101.95 | best_c52 0 | c52d6 1 nld6 102 nw 73 du6 128 nw8 113 | 0.38s/it
round   41 | pool  8192 u max  101.95 | best_c52 0 | c52d6 1 nld6 102 nw 73 du6 131 nw8 115 | 0.38s/it
round   42 | pool  8192 u max  101.95 | best_c52 0 | c52d6 1 nld6 102 nw 74 du6 132 nw8 116 | 0.38s/it
round   43 | pool  8192 u max  101.95 | best_c52 0 | c52d6 1 nld6 102 nw 74 du6 133 nw8 117 | 0.38s/it
round   44 | pool  8192 u max  101.95 | best_c52 0 | c52d6 1 nld6 102 nw 75 du6 135 nw8 119 | 0.38s/it
round   45 | pool  8192 u max  101.95 | best_c52 0 | c52d6 1 nld6 102 nw 75 du6 137 nw8 121 | 0.38s/it
round   46 | pool  8192 u max  101.95 | best_c52 0 | c52d6 1 nld6 102 nw 75 du6 137 nw8 121 | 0.38s/it
round   47 | pool  8192 u max  101.95 | best_c52 0 | c52d6 1 nld6 102 nw 75 du6 139 nw8 122 | 0.38s/it
round   48 | pool  8192 u max  101.95 | best_c52 0 | c52d6 1 nld6 102 nw 77 du6 142 nw8 125 | 0.38s/it
round   49 | pool  8192 u max  101.95 | best_c52 0 | c52d6 1 nld6 102 nw 77 du6 143 nw8 126 | 0.38s/it
round   50 | pool  8192 u max  101.95 | best_c52 0 | c52d6 1 nld6 102 nw 78 du6 148 nw8 130 | 0.38s/it
round   51 | pool  8192 u max  101.95 | best_c52 0 | c52d6 1 nld6 102 nw 78 du6 150 nw8 132 | 0.38s/it
round   52 | pool  8192 u max  101.95 | best_c52 0 | c52d6 1 nld6 102 nw 78 du6 152 nw8 134 | 0.38s/it
round   53 | pool  8192 u max  101.95 | best_c52 0 | c52d6 1 nld6 102 nw 78 du6 154 nw8 135 | 0.38s/it
round   54 | pool  8192 u max  101.95 | best_c52 0 | c52d6 1 nld6 102 nw 78 du6 154 nw8 135 | 0.38s/it
round   55 | pool  8192 u max  101.95 | best_c52 0 | c52d6 1 nld6 102 nw 79 du6 156 nw8 137 | 0.38s/it
round   56 | pool  8192 u max  101.95 | best_c52 0 | c52d6 1 nld6 102 nw 79 du6 156 nw8 137 | 0.38s/it
round   57 | pool  8192 u max  101.95 | best_c52 0 | c52d6 1 nld6 102 nw 80 du6 159 nw8 140 | 0.38s/it
round   58 | pool  8192 u max  101.95 | best_c52 0 | c52d6 1 nld6 102 nw 82 du6 162 nw8 143 | 0.38s/it
round   59 | pool  8192 u max  101.95 | best_c52 0 | c52d6 1 nld6 102 nw 83 du6 163 nw8 144 | 0.38s/it
round   60 | pool  8192 u max  101.95 | best_c52 0 | c52d6 1 nld6 102 nw 83 du6 168 nw8 147 | 0.38s/it
round   61 | pool  8192 u max  101.95 | best_c52 0 | c52d6 1 nld6 102 nw 83 du6 170 nw8 148 | 0.38s/it
round   62 | pool  8192 u max  101.95 | best_c52 0 | c52d6 1 nld6 102 nw 84 du6 171 nw8 149 | 0.38s/it
round   63 | pool  8192 u max  101.95 | best_c52 0 | c52d6 1 nld6 102 nw 85 du6 174 nw8 152 | 0.38s/it
round   64 | pool  8192 u max  101.95 | best_c52 0 | c52d6 1 nld6 102 nw 85 du6 174 nw8 152 | 0.38s/it
round   65 | pool  8192 u max  101.95 | best_c52 0 | c52d6 1 nld6 102 nw 87 du6 178 nw8 156 | 0.38s/it
round   66 | pool  8192 u max  101.95 | best_c52 0 | c52d6 1 nld6 102 nw 88 du6 179 nw8 157 | 0.38s/it
round   67 | pool  8192 u max  104.00 | best_c52 0 | c52d6 0 nld6 104 nw 88 du6 181 nw8 157 | 0.38s/it
DONE champ_round=67 wall=25.4s
