init pool 47
round    1 | pool   482 u max  101.95 | best_c52 1 | c52d6 1 nld6 102 nw 48 du6 50 nw8 49 | 0.36s/it
round    2 | pool   913 u max  101.95 | best_c52 1 | c52d6 1 nld6 102 nw 48 du6 50 nw8 49 | 0.37s/it
round    3 | pool  1341 u max  101.95 | best_c52 1 | c52d6 1 nld6 102 nw 48 du6 52 nw8 51 | 0.37s/it
round    4 | pool  1765 u max  101.95 | best_c52 1 | c52d6 1 nld6 102 nw 49 du6 55 nw8 54 | 0.37s/it
round    5 | pool  2185 u max  101.95 | best_c52 1 | c52d6 1 nld6 102 nw 50 du6 58 nw8 57 | 0.37s/it
round    6 | pool  2628 u max  101.95 | best_c52 1 | c52d6 1 nld6 102 nw 52 du6 60 nw8 59 | 0.37s/it
round    7 | pool  3043 u max  101.95 | best_c52 1 | c52d6 1 nld6 102 nw 55 du6 68 nw8 65 | 0.37s/it
round    8 | pool  3474 u max  101.95 | best_c52 1 | c52d6 1 nld6 102 nw 58 du6 73 nw8 70 | 0.37s/it
round    9 | pool  3891 u max  101.95 | best_c52 1 | c52d6 1 nld6 102 nw 58 du6 74 nw8 71 | 0.37s/it
round   10 | pool  4313 u max  101.95 | best_c52 1 | c52d6 1 nld6 102 nw 58 du6 74 nw8 71 | 0.37s/it
round   11 | pool  4735 u max  101.95 | best_c52 1 | c52d6 1 nld6 102 nw 59 du6 76 nw8 72 | 0.37s/it
round   12 | pool  5148 u max  101.95 | best_c52 1 | c52d6 1 nld6 102 nw 59 du6 80 nw8 76 | 0.37s/it
round   13 | pool  5559 u max  101.95 | best_c52 1 | c52d6 1 nld6 102 nw 60 du6 81 nw8 77 | 0.37s/it
round   14 | pool  5978 u max  101.95 | best_c52 1 | c52d6 1 nld6 102 nw 61 du6 83 nw8 79 | 0.37s/it
round   15 | pool  6398 u max  101.95 | best_c52 1 | c52d6 1 nld6 102 nw 61 du6 85 nw8 81 | 0.37s/it
round   16 | pool  6822 u max  101.95 | best_c52 1 | c52d6 1 nld6 102 nw 62 du6 89 nw8 85 | 0.38s/it
round   17 | pool  7249 u max  101.95 | best_c52 1 | c52d6 1 nld6 102 nw 62 du6 90 nw8 86 | 0.38s/it
round   18 | pool  7664 u max  101.95 | best_c52 1 | c52d6 1 nld6 102 nw 62 du6 93 nw8 87 | 0.38s/it
round   19 | pool  8083 u max  101.95 | best_c52 1 | c52d6 1 nld6 102 nw 62 du6 93 nw8 87 | 0.38s/it
round   20 | pool  8192 u max  101.95 | best_c52 1 | c52d6 1 nld6 102 nw 62 du6 97 nw8 90 | 0.38s/it
round   21 | pool  8192 u max  101.95 | best_c52 1 | c52d6 1 nld6 102 nw 62 du6 97 nw8 90 | 0.38s/it
round   22 | pool  8192 u max  101.95 | best_c52 1 | c52d6 1 nld6 102 nw 62 du6 99 nw8 92 | 0.38s/it
round   23 | pool  8192 u max  101.95 | best_c52 1 | c52d6 1 nld6 102 nw 62 du6 103 nw8 95 | 0.38s/it
round   24 | pool  8192 u max  101.95 | best_c52 1 | c52d6 1 nld6 102 nw 62 du6 104 nw8 95 | 0.38s/it
round   25 | pool  8192 u max  101.95 | best_c52 1 | c52d6 1 nld6 102 nw 62 du6 107 nw8 96 | 0.38s/it
round   26 | pool  8192 u max  101.95 | best_c52 1 | c52d6 1 nld6 102 nw 63 du6 108 nw8 97 | 0.38s/it
round   27 | pool  8192 u max  101.95 | best_c52 1 | c52d6 1 nld6 102 nw 63 du6 113 nw8 100 | 0.38s/it
round   28 | pool  8192 u max  101.95 | best_c52 1 | c52d6 1 nld6 102 nw 65 du6 116 nw8 103 | 0.38s/it
round   29 | pool  8192 u max  101.95 | best_c52 1 | c52d6 1 nld6 102 nw 65 du6 116 nw8 103 | 0.38s/it
round   30 | pool  8192 u max  101.95 | best_c52 1 | c52d6 1 nld6 102 nw 65 du6 120 nw8 105 | 0.38s/it
round   31 | pool  8192 u max  101.95 | best_c52 1 | c52d6 1 nld6 102 nw 65 du6 123 nw8 107 | 0.38s/it
round   32 | pool  8192 u max  101.95 | best_c52 1 | c52d6 1 nld6 102 nw 66 du6 127 nw8 110 | 0.38s/it
round   33 | pool  8192 u max  101.95 | best_c52 1 | c52d6 1 nld6 102 nw 67 du6 129 nw8 112 | 0.38s/it
round   34 | pool  8192 u max  101.95 | best_c52 1 | c52d6 1 nld6 102 nw 68 du6 132 nw8 113 | 0.38s/it
round   35 | pool  8192 u max  101.95 | best_c52 1 | c52d6 1 nld6 102 nw 69 du6 134 nw8 115 | 0.38s/it
round   36 | pool  8192 u max  101.95 | best_c52 1 | c52d6 1 nld6 102 nw 69 du6 135 nw8 116 | 0.38s/it
round   37 | pool  8192 u max  101.95 | best_c52 1 | c52d6 1 nld6 102 nw 69 du6 139 nw8 118 | 0.38s/it
round   38 | pool  8192 u max  101.95 | best_c52 1 | c52d6 1 nld6 102 nw 70 du6 142 nw8 121 | 0.38s/it
round   39 | pool  8192 u max  101.95 | best_c52 1 | c52d6 1 nld6 102 nw 70 du6 144 nw8 123 | 0.38s/it
round   40 | pool  8192 u max  101.95 | best_c52 1 | c52d6 1 nld6 102 nw 70 du6 145 nw8 123 | 0.38s/it
round   41 | pool  8192 u max  101.95 | best_c52 1 | c52d6 1 nld6 102 nw 70 du6 146 nw8 124 | 0.38s/it
round   42 | pool  8192 u max  101.95 | best_c52 1 | c52d6 1 nld6 102 nw 72 du6 150 nw8 128 | 0.38s/it
round   43 | pool  8192 u max  101.95 | best_c52 1 | c52d6 1 nld6 102 nw 72 du6 155 nw8 129 | 0.38s/it
round   44 | pool  8192 u max  101.95 | best_c52 1 | c52d6 1 nld6 102 nw 72 du6 158 nw8 132 | 0.38s/it
round   45 | pool  8192 u max  101.95 | best_c52 1 | c52d6 1 nld6 102 nw 72 du6 159 nw8 133 | 0.38s/it
round   46 | pool  8192 u max  101.95 | best_c52 1 | c52d6 1 nld6 102 nw 72 du6 161 nw8 134 | 0.38s/it
round   47 | pool  8192 u max  101.95 | best_c52 1 | c52d6 1 nld6 102 nw 72 du6 162 nw8 134 | 0.38s/it
round   48 | pool  8192 u max  101.95 | best_c52 1 | c52d6 1 nld6 102 nw 72 du6 163 nw8 134 | 0.38s/it
round   49 | pool  8192 u max  101.95 | best_c52 1 | c52d6 1 nld6 102 nw 72 du6 165 nw8 136 | 0.38s/it
round   50 | pool  8192 u max  101.95 | best_c52 1 | c52d6 1 nld6 102 nw 73 du6 169 nw8 140 | 0.38s/it
round   51 | pool  8192 u max  101.95 | best_c52 1 | c52d6 1 nld6 102 nw 74 du6 172 nw8 141 | 0.38s/it
round   52 | pool  8192 u max  101.95 | best_c52 1 | c52d6 1 nld6 102 nw 75 du6 174 nw8 142 | 0.38s/it
round   53 | pool  8192 u max  101.95 | best_c52 1 | c52d6 1 nld6 102 nw 75 du6 177 nw8 144 | 0.38s/it
round   54 | pool  8192 u max  101.95 | best_c52 1 | c52d6 1 nld6 102 nw 75 du6 178 nw8 144 | 0.38s/it
round   55 | pool  8192 u max  101.95 | best_c52 1 | c52d6 1 nld6 102 nw 75 du6 178 nw8 144 | 0.38s/it
round   56 | pool  8192 u max  101.95 | best_c52 1 | c52d6 1 nld6 102 nw 75 du6 179 nw8 145 | 0.38s/it
round   57 | pool  8192 u max  101.95 | best_c52 0 | c52d6 1 nld6 102 nw 76 du6 182 nw8 148 | 0.38s/it
round   58 | pool  8192 u max  101.95 | best_c52 0 | c52d6 1 nld6 102 nw 76 du6 182 nw8 148 | 0.38s/it
round   59 | pool  8192 u max  101.95 | best_c52 0 | c52d6 1 nld6 102 nw 76 du6 185 nw8 151 | 0.38s/it
round   60 | pool  8192 u max  101.95 | best_c52 0 | c52d6 1 nld6 102 nw 76 du6 186 nw8 151 | 0.38s/it
round   61 | pool  8192 u max  101.95 | best_c52 0 | c52d6 1 nld6 102 nw 76 du6 186 nw8 151 | 0.38s/it
round   62 | pool  8192 u max  101.95 | best_c52 0 | c52d6 1 nld6 102 nw 77 du6 189 nw8 152 | 0.38s/it
round   63 | pool  8192 u max  101.95 | best_c52 0 | c52d6 1 nld6 102 nw 77 du6 189 nw8 152 | 0.38s/it
round   64 | pool  8192 u max  101.95 | best_c52 0 | c52d6 1 nld6 102 nw 78 du6 191 nw8 153 | 0.38s/it
round   65 | pool  8192 u max  101.95 | best_c52 0 | c52d6 1 nld6 102 nw 78 du6 194 nw8 156 | 0.38s/it
round   66 | pool  8192 u max  101.95 | best_c52 0 | c52d6 1 nld6 102 nw 78 du6 195 nw8 157 | 0.38s/it
round   67 | pool  8192 u max  101.95 | best_c52 0 | c52d6 1 nld6 102 nw 78 du6 197 nw8 159 | 0.38s/it
round   68 | pool  8192 u max  101.95 | best_c52 0 | c52d6 1 nld6 102 nw 79 du6 199 nw8 161 | 0.38s/it
round   69 | pool  8192 u max  101.95 | best_c52 0 | c52d6 1 nld6 102 nw 79 du6 202 nw8 164 | 0.38s/it
round   70 | pool  8192 u max  101.95 | best_c52 0 | c52d6 1 nld6 102 nw 79 du6 202 nw8 164 | 0.38s/it
round   71 | pool  8192 u max  101.95 | best_c52 0 | c52d6 1 nld6 102 nw 79 du6 202 nw8 164 | 0.38s/it
round   72 | pool  8192 u max  101.95 | best_c52 0 | c52d6 1 nld6 102 nw 80 du6 203 nw8 165 | 0.38s/it
round   73 | pool  8192 u max  101.95 | best_c52 0 | c52d6 1 nld6 102 nw 81 du6 204 nw8 166 | 0.38s/it
round   74 | pool  8192 u max  101.95 | best_c52 0 | c52d6 1 nld6 102 nw 81 du6 208 nw8 167 | 0.38s/it
round   75 | pool  8192 u max  101.95 | best_c52 0 | c52d6 1 nld6 102 nw 81 du6 210 nw8 167 | 0.38s/it
round   76 | pool  8192 u max  101.95 | best_c52 0 | c52d6 1 nld6 102 nw 81 du6 210 nw8 167 | 0.38s/it
round   77 | pool  8192 u max  101.95 | best_c52 0 | c52d6 1 nld6 102 nw 81 du6 212 nw8 168 | 0.38s/it
round   78 | pool  8192 u max  101.95 | best_c52 0 | c52d6 1 nld6 102 nw 82 du6 214 nw8 170 | 0.38s/it
round   79 | pool  8192 u max  101.95 | best_c52 0 | c52d6 1 nld6 102 nw 82 du6 214 nw8 170 | 0.38s/it
round   80 | pool  8192 u max  101.95 | best_c52 0 | c52d6 1 nld6 102 nw 82 du6 214 nw8 170 | 0.38s/it
round   81 | pool  8192 u max  101.95 | best_c52 0 | c52d6 1 nld6 102 nw 82 du6 215 nw8 171 | 0.38s/it
round   82 | pool  8192 u max  101.95 | best_c52 0 | c52d6 1 nld6 102 nw 83 du6 216 nw8 172 | 0.38s/it
round   83 | pool  8192 u max  101.95 | best_c52 0 | c52d6 1 nld6 102 nw 83 du6 219 nw8 173 | 0.38s/it
round   84 | pool  8192 u max  101.95 | best_c52 0 | c52d6 1 nld6 102 nw 83 du6 220 nw8 173 | 0.38s/it
round   85 | pool  8192 u max  101.95 | best_c52 0 | c52d6 1 nld6 102 nw 84 du6 222 nw8 175 | 0.38s/it
round   86 | pool  8192 u max  101.95 | best_c52 0 | c52d6 1 nld6 102 nw 85 du6 224 nw8 177 | 0.38s/it
round   87 | pool  8192 u max  101.95 | best_c52 0 | c52d6 1 nld6 102 nw 85 du6 225 nw8 177 | 0.38s/it
round   88 | pool  8192 u max  101.95 | best_c52 0 | c52d6 1 nld6 102 nw 85 du6 227 nw8 178 | 0.38s/it
round   89 | pool  8192 u max  101.95 | best_c52 0 | c52d6 1 nld6 102 nw 85 du6 227 nw8 178 | 0.38s/it
round   90 | pool  8192 u max  101.95 | best_c52 0 | c52d6 1 nld6 102 nw 85 du6 228 nw8 178 | 0.38s/it
round   91 | pool  8192 u max  101.95 | best_c52 0 | c52d6 1 nld6 102 nw 85 du6 233 nw8 181 | 0.38s/it
round   92 | pool  8192 u max  101.95 | best_c52 0 | c52d6 1 nld6 102 nw 85 du6 235 nw8 183 | 0.38s/it
round   93 | pool  8192 u max  101.95 | best_c52 0 | c52d6 1 nld6 102 nw 86 du6 239 nw8 184 | 0.38s/it
round   94 | pool  8192 u max  101.95 | best_c52 0 | c52d6 1 nld6 102 nw 86 du6 239 nw8 184 | 0.38s/it
round   95 | pool  8192 u max  101.95 | best_c52 0 | c52d6 1 nld6 102 nw 86 du6 239 nw8 184 | 0.38s/it
round   96 | pool  8192 u max  101.95 | best_c52 0 | c52d6 1 nld6 102 nw 86 du6 241 nw8 185 | 0.38s/it
round   97 | pool  8192 u max  101.95 | best_c52 0 | c52d6 1 nld6 102 nw 87 du6 244 nw8 186 | 0.38s/it
round   98 | pool  8192 u max  101.95 | best_c52 0 | c52d6 1 nld6 102 nw 87 du6 245 nw8 186 | 0.38s/it
round   99 | pool  8192 u max  101.95 | best_c52 0 | c52d6 1 nld6 102 nw 87 du6 247 nw8 187 | 0.38s/it
round  100 | pool  8192 u max  101.95 | best_c52 0 | c52d6 1 nld6 102 nw 87 du6 249 nw8 189 | 0.38s/it
round  101 | pool  8192 u max  101.95 | best_c52 0 | c52d6 1 nld6 102 nw 87 du6 252 nw8 191 | 0.38s/it
round  102 | pool  8192 u max  101.95 | best_c52 0 | c52d6 1 nld6 102 nw 87 du6 253 nw8 192 | 0.38s/it
round  103 | pool  8192 u max  101.95 | best_c52 0 | c52d6 1 nld6 102 nw 88 du6 257 nw8 195 | 0.38s/it
round  104 | pool  8192 u max  101.95 | best_c52 0 | c52d6 1 nld6 102 nw 88 du6 258 nw8 196 | 0.38s/it
round  105 | pool  8192 u max  101.95 | best_c52 0 | c52d6 1 nld6 102 nw 88 du6 264 nw8 198 | 0.38s/it
round  106 | pool  8192 u max  101.95 | best_c52 0 | c52d6 1 nld6 102 nw 88 du6 265 nw8 198 | 0.38s/it
round  107 | pool  8192 u max  101.95 | best_c52 0 | c52d6 1 nld6 102 nw 88 du6 268 nw8 201 | 0.38s/it
round  108 | pool  8192 u max  101.95 | best_c52 0 | c52d6 1 nld6 102 nw 88 du6 268 nw8 201 | 0.38s/it
round  109 | pool  8192 u max  101.95 | best_c52 0 | c52d6 1 nld6 102 nw 88 du6 268 nw8 201 | 0.38s/it
round  110 | pool  8192 u max  101.95 | best_c52 0 | c52d6 1 nld6 102 nw 88 du6 271 nw8 204 | 0.38s/it
round  111 | pool  8192 u max  101.95 | best_c52 0 | c52d6 1 nld6 102 nw 88 du6 271 nw8 204 | 0.38s/it
round  112 | pool  8192 u max  101.95 | best_c52 0 | c52d6 1 nld6 102 nw 88 du6 272 nw8 204 | 0.38s/it
round  113 | pool  8192 u max  101.95 | best_c52 0 | c52d6 1 nld6 102 nw 89 du6 274 nw8 205 | 0.38s/it
round  114 | pool  8192 u max  101.95 | best_c52 0 | c52d6 1 nld6 102 nw 89 du6 275 nw8 206 | 0.38s/it
round  115 | pool  8192 u max  101.95 | best_c52 0 | c52d6 1 nld6 102 nw 89 du6 276 nw8 207 | 0.38s/it
round  116 | pool  8192 u max  101.95 | best_c52 0 | c52d6 1 nld6 102 nw 89 du6 277 nw8 207 | 0.38s/it
round  117 | pool  8192 u max  101.95 | best_c52 0 | c52d6 1 nld6 102 nw 90 du6 281 nw8 209 | 0.38s/it
round  118 | pool  8192 u max  101.95 | best_c52 0 | c52d6 1 nld6 102 nw 90 du6 281 nw8 209 | 0.38s/it
round  119 | pool  8192 u max  101.95 | best_c52 0 | c52d6 1 nld6 102 nw 90 du6 282 nw8 209 | 0.38s/it
round  120 | pool  8192 u max  101.95 | best_c52 0 | c52d6 1 nld6 102 nw 90 du6 285 nw8 211 | 0.38s/it
round  121 | pool  8192 u max  101.95 | best_c52 0 | c52d6 1 nld6 102 nw 90 du6 286 nw8 212 | 0.38s/it
round  122 | pool  8192 u max  101.95 | best_c52 0 | c52d6 1 nld6 102 nw 90 du6 286 nw8 212 | 0.38s/it
round  123 | pool  8192 u max  101.95 | best_c52 0 | c52d6 1 nld6 102 nw 92 du6 289 nw8 215 | 0.38s/it
round  124 | pool  8192 u max  101.95 | best_c52 0 | c52d6 1 nld6 102 nw 92 du6 290 nw8 215 | 0.38s/it
round  125 | pool  8192 u max  101.95 | best_c52 0 | c52d6 1 nld6 102 nw 93 du6 293 nw8 217 | 0.38s/it
round  126 | pool  8192 u max  101.95 | best_c52 0 | c52d6 1 nld6 102 nw 93 du6 293 nw8 217 | 0.38s/it
round  127 | pool  8192 u max  101.95 | best_c52 0 | c52d6 1 nld6 102 nw 93 du6 296 nw8 218 | 0.38s/it
round  128 | pool  8192 u max  101.95 | best_c52 0 | c52d6 1 nld6 102 nw 94 du6 298 nw8 220 | 0.38s/it
round  129 | pool  8192 u max  101.95 | best_c52 0 | c52d6 1 nld6 102 nw 94 du6 298 nw8 220 | 0.38s/it
round  130 | pool  8192 u max  101.95 | best_c52 0 | c52d6 1 nld6 102 nw 94 du6 299 nw8 221 | 0.38s/it
round  131 | pool  8192 u max  101.95 | best_c52 0 | c52d6 1 nld6 102 nw 94 du6 301 nw8 223 | 0.38s/it
round  132 | pool  8192 u max  101.95 | best_c52 0 | c52d6 1 nld6 102 nw 94 du6 302 nw8 224 | 0.38s/it
round  133 | pool  8192 u max  101.95 | best_c52 0 | c52d6 1 nld6 102 nw 94 du6 302 nw8 224 | 0.38s/it
round  134 | pool  8192 u max  101.95 | best_c52 0 | c52d6 1 nld6 102 nw 94 du6 303 nw8 224 | 0.38s/it
round  135 | pool  8192 u max  101.95 | best_c52 0 | c52d6 1 nld6 102 nw 95 du6 305 nw8 226 | 0.38s/it
round  136 | pool  8192 u max  101.95 | best_c52 0 | c52d6 1 nld6 102 nw 95 du6 308 nw8 229 | 0.38s/it
round  137 | pool  8192 u max  101.95 | best_c52 0 | c52d6 1 nld6 102 nw 95 du6 310 nw8 231 | 0.38s/it
round  138 | pool  8192 u max  101.95 | best_c52 0 | c52d6 1 nld6 102 nw 95 du6 311 nw8 232 | 0.38s/it
round  139 | pool  8192 u max  101.95 | best_c52 0 | c52d6 1 nld6 102 nw 95 du6 312 nw8 232 | 0.38s/it
round  140 | pool  8192 u max  101.95 | best_c52 0 | c52d6 1 nld6 102 nw 95 du6 312 nw8 232 | 0.38s/it
round  141 | pool  8192 u max  101.95 | best_c52 0 | c52d6 1 nld6 102 nw 96 du6 313 nw8 233 | 0.38s/it
round  142 | pool  8192 u max  101.95 | best_c52 0 | c52d6 1 nld6 102 nw 96 du6 316 nw8 235 | 0.38s/it
round  143 | pool  8192 u max  101.95 | best_c52 0 | c52d6 1 nld6 102 nw 96 du6 317 nw8 235 | 0.38s/it
round  144 | pool  8192 u max  101.95 | best_c52 0 | c52d6 1 nld6 102 nw 98 du6 319 nw8 237 | 0.38s/it
round  145 | pool  8192 u max  101.95 | best_c52 0 | c52d6 1 nld6 102 nw 99 du6 322 nw8 238 | 0.38s/it
round  146 | pool  8192 u max  101.95 | best_c52 0 | c52d6 1 nld6 102 nw 100 du6 323 nw8 239 | 0.38s/it
round  147 | pool  8192 u max  101.95 | best_c52 0 | c52d6 1 nld6 102 nw 101 du6 326 nw8 242 | 0.38s/it
round  148 | pool  8192 u max  101.95 | best_c52 0 | c52d6 1 nld6 102 nw 101 du6 327 nw8 243 | 0.38s/it
round  149 | pool  8192 u max  101.95 | best_c52 0 | c52d6 1 nld6 102 nw 101 du6 328 nw8 244 | 0.38s/it
round  150 | pool  8192 u max  101.95 | best_c52 0 | c52d6 1 nld6 102 nw 101 du6 329 nw8 245 | 0.38s/it
round  151 | pool  8192 u max  101.95 | best_c52 0 | c52d6 1 nld6 102 nw 102 du6 330 nw8 246 | 0.38s/it
round  152 | pool  8192 u max  101.95 | best_c52 0 | c52d6 1 nld6 102 nw 102 du6 330 nw8 246 | 0.38s/it
round  153 | pool  8192 u max  101.95 | best_c52 0 | c52d6 1 nld6 102 nw 102 du6 332 nw8 247 | 0.38s/it
round  154 | pool  8192 u max  101.95 | best_c52 0 | c52d6 1 nld6 102 nw 102 du6 333 nw8 248 | 0.38s/it
round  155 | pool  8192 u max  101.95 | best_c52 0 | c52d6 1 nld6 102 nw 103 du6 338 nw8 252 | 0.38s/it
round  156 | pool  8192 u max  101.95 | best_c52 0 | c52d6 1 nld6 102 nw 103 du6 339 nw8 253 | 0.38s/it
round  157 | pool  8192 u max  101.95 | best_c52 0 | c52d6 1 nld6 102 nw 103 du6 339 nw8 253 | 0.38s/it
round  158 | pool  8192 u max  101.95 | best_c52 0 | c52d6 1 nld6 102 nw 104 du6 340 nw8 254 | 0.38s/it
round  159 | pool  8192 u max  101.95 | best_c52 0 | c52d6 1 nld6 102 nw 104 du6 340 nw8 254 | 0.38s/it
round  160 | pool  8192 u max  101.95 | best_c52 0 | c52d6 1 nld6 102 nw 104 du6 340 nw8 254 | 0.38s/it
round  161 | pool  8192 u max  101.95 | best_c52 0 | c52d6 1 nld6 102 nw 104 du6 341 nw8 255 | 0.38s/it
round  162 | pool  8192 u max  101.95 | best_c52 0 | c52d6 1 nld6 102 nw 105 du6 342 nw8 256 | 0.38s/it
round  163 | pool  8192 u max  101.95 | best_c52 0 | c52d6 1 nld6 102 nw 106 du6 344 nw8 258 | 0.38s/it
round  164 | pool  8192 u max  101.95 | best_c52 0 | c52d6 1 nld6 102 nw 106 du6 345 nw8 259 | 0.38s/it
round  165 | pool  8192 u max  101.95 | best_c52 0 | c52d6 1 nld6 102 nw 106 du6 347 nw8 260 | 0.38s/it
round  166 | pool  8192 u max  101.95 | best_c52 0 | c52d6 1 nld6 102 nw 106 du6 350 nw8 261 | 0.38s/it
round  167 | pool  8192 u max  101.95 | best_c52 0 | c52d6 1 nld6 102 nw 106 du6 351 nw8 261 | 0.38s/it
round  168 | pool  8192 u max  101.95 | best_c52 0 | c52d6 1 nld6 102 nw 106 du6 352 nw8 262 | 0.38s/it
round  169 | pool  8192 u max  101.95 | best_c52 0 | c52d6 1 nld6 102 nw 106 du6 354 nw8 264 | 0.38s/it
round  170 | pool  8192 u max  101.95 | best_c52 0 | c52d6 1 nld6 102 nw 106 du6 356 nw8 265 | 0.38s/it
round  171 | pool  8192 u max  101.95 | best_c52 0 | c52d6 1 nld6 102 nw 106 du6 357 nw8 266 | 0.38s/it
round  172 | pool  8192 u max  101.95 | best_c52 0 | c52d6 1 nld6 102 nw 106 du6 359 nw8 268 | 0.38s/it
round  173 | pool  8192 u max  101.95 | best_c52 0 | c52d6 1 nld6 102 nw 107 du6 361 nw8 269 | 0.38s/it
round  174 | pool  8192 u max  101.95 | best_c52 0 | c52d6 1 nld6 102 nw 108 du6 367 nw8 271 | 0.38s/it
round  175 | pool  8192 u max  101.95 | best_c52 0 | c52d6 1 nld6 102 nw 109 du6 372 nw8 273 | 0.38s/it
round  176 | pool  8192 u max  101.95 | best_c52 0 | c52d6 1 nld6 102 nw 109 du6 373 nw8 273 | 0.38s/it
round  177 | pool  8192 u max  101.95 | best_c52 0 | c52d6 1 nld6 102 nw 109 du6 374 nw8 273 | 0.38s/it
round  178 | pool  8192 u max  101.95 | best_c52 0 | c52d6 1 nld6 102 nw 109 du6 375 nw8 274 | 0.38s/it
round  179 | pool  8192 u max  101.95 | best_c52 0 | c52d6 1 nld6 102 nw 109 du6 377 nw8 275 | 0.38s/it
round  180 | pool  8192 u max  101.95 | best_c52 0 | c52d6 1 nld6 102 nw 109 du6 377 nw8 275 | 0.38s/it
round  181 | pool  8192 u max  101.95 | best_c52 0 | c52d6 1 nld6 102 nw 109 du6 377 nw8 275 | 0.38s/it
round  182 | pool  8192 u max  101.95 | best_c52 0 | c52d6 1 nld6 102 nw 109 du6 379 nw8 276 | 0.38s/it
round  183 | pool  8192 u max  101.95 | best_c52 0 | c52d6 1 nld6 102 nw 109 du6 380 nw8 276 | 0.38s/it
round  184 | pool  8192 u max  101.95 | best_c52 0 | c52d6 1 nld6 102 nw 109 du6 380 nw8 276 | 0.38s/it
round  185 | pool  8192 u max  101.95 | best_c52 0 | c52d6 1 nld6 102 nw 109 du6 381 nw8 277 | 0.38s/it
round  186 | pool  8192 u max  101.95 | best_c52 0 | c52d6 1 nld6 102 nw 110 du6 384 nw8 279 | 0.38s/it
round  187 | pool  8192 u max  101.95 | best_c52 0 | c52d6 1 nld6 102 nw 110 du6 384 nw8 279 | 0.38s/it
round  188 | pool  8192 u max  101.95 | best_c52 0 | c52d6 1 nld6 102 nw 110 du6 384 nw8 279 | 0.38s/it
round  189 | pool  8192 u max  101.95 | best_c52 0 | c52d6 1 nld6 102 nw 112 du6 388 nw8 282 | 0.38s/it
round  190 | pool  8192 u max  101.95 | best_c52 0 | c52d6 1 nld6 102 nw 112 du6 389 nw8 283 | 0.38s/it
round  191 | pool  8192 u max  101.95 | best_c52 0 | c52d6 1 nld6 102 nw 112 du6 390 nw8 283 | 0.38s/it
round  192 | pool  8192 u max  101.95 | best_c52 0 | c52d6 1 nld6 102 nw 112 du6 391 nw8 283 | 0.38s/it
round  193 | pool  8192 u max  101.95 | best_c52 0 | c52d6 1 nld6 102 nw 112 du6 392 nw8 283 | 0.38s/it
round  194 | pool  8192 u max  101.95 | best_c52 0 | c52d6 1 nld6 102 nw 112 du6 393 nw8 283 | 0.38s/it
round  195 | pool  8192 u max  101.95 | best_c52 0 | c52d6 1 nld6 102 nw 113 du6 395 nw8 284 | 0.38s/it
round  196 | pool  8192 u max  101.95 | best_c52 0 | c52d6 1 nld6 102 nw 113 du6 396 nw8 285 | 0.38s/it
round  197 | pool  8192 u max  101.95 | best_c52 0 | c52d6 1 nld6 102 nw 113 du6 398 nw8 287 | 0.38s/it
round  198 | pool  8192 u max  101.95 | best_c52 0 | c52d6 1 nld6 102 nw 114 du6 401 nw8 290 | 0.38s/it
round  199 | pool  8192 u max  101.95 | best_c52 0 | c52d6 1 nld6 102 nw 114 du6 402 nw8 290 | 0.38s/it
round  200 | pool  8192 u max  101.95 | best_c52 0 | c52d6 1 nld6 102 nw 114 du6 405 nw8 292 | 0.38s/it
round  201 | pool  8192 u max  101.95 | best_c52 0 | c52d6 1 nld6 102 nw 114 du6 405 nw8 292 | 0.38s/it
round  202 | pool  8192 u max  101.95 | best_c52 0 | c52d6 1 nld6 102 nw 114 du6 408 nw8 293 | 0.38s/it
round  203 | pool  8192 u max  101.95 | best_c52 0 | c52d6 1 nld6 102 nw 115 du6 412 nw8 295 | 0.38s/it
round  204 | pool  8192 u max  101.95 | best_c52 0 | c52d6 1 nld6 102 nw 116 du6 414 nw8 297 | 0.38s/it
round  205 | pool  8192 u max  101.95 | best_c52 0 | c52d6 1 nld6 102 nw 116 du6 416 nw8 298 | 0.38s/it
round  206 | pool  8192 u max  101.95 | best_c52 0 | c52d6 1 nld6 102 nw 116 du6 418 nw8 299 | 0.38s/it
round  207 | pool  8192 u max  101.95 | best_c52 0 | c52d6 1 nld6 102 nw 117 du6 420 nw8 300 | 0.38s/it
round  208 | pool  8192 u max  101.95 | best_c52 0 | c52d6 1 nld6 102 nw 118 du6 422 nw8 302 | 0.38s/it
round  209 | pool  8192 u max  101.95 | best_c52 0 | c52d6 1 nld6 102 nw 118 du6 423 nw8 302 | 0.38s/it
round  210 | pool  8192 u max  101.95 | best_c52 0 | c52d6 1 nld6 102 nw 118 du6 424 nw8 302 | 0.38s/it
round  211 | pool  8192 u max  101.95 | best_c52 0 | c52d6 1 nld6 102 nw 118 du6 424 nw8 302 | 0.38s/it
round  212 | pool  8192 u max  101.95 | best_c52 0 | c52d6 1 nld6 102 nw 118 du6 426 nw8 303 | 0.38s/it
round  213 | pool  8192 u max  101.95 | best_c52 0 | c52d6 1 nld6 102 nw 118 du6 427 nw8 304 | 0.38s/it
round  214 | pool  8192 u max  101.95 | best_c52 0 | c52d6 1 nld6 102 nw 119 du6 430 nw8 307 | 0.38s/it
round  215 | pool  8192 u max  101.95 | best_c52 0 | c52d6 1 nld6 102 nw 119 du6 430 nw8 307 | 0.38s/it
round  216 | pool  8192 u max  101.95 | best_c52 0 | c52d6 1 nld6 102 nw 120 du6 431 nw8 308 | 0.38s/it
round  217 | pool  8192 u max  101.95 | best_c52 0 | c52d6 1 nld6 102 nw 120 du6 431 nw8 308 | 0.38s/it
round  218 | pool  8192 u max  101.95 | best_c52 0 | c52d6 1 nld6 102 nw 120 du6 432 nw8 309 | 0.38s/it
round  219 | pool  8192 u max  101.95 | best_c52 0 | c52d6 1 nld6 102 nw 120 du6 434 nw8 311 | 0.38s/it
round  220 | pool  8192 u max  101.95 | best_c52 0 | c52d6 1 nld6 102 nw 120 du6 436 nw8 312 | 0.38s/it
round  221 | pool  8192 u max  101.95 | best_c52 0 | c52d6 1 nld6 102 nw 120 du6 437 nw8 312 | 0.38s/it
round  222 | pool  8192 u max  101.95 | best_c52 0 | c52d6 1 nld6 102 nw 120 du6 438 nw8 313 | 0.38s/it
round  223 | pool  8192 u max  101.95 | best_c52 0 | c52d6 1 nld6 102 nw 121 du6 440 nw8 314 | 0.38s/it
round  224 | pool  8192 u max  101.95 | best_c52 0 | c52d6 1 nld6 102 nw 121 du6 441 nw8 315 | 0.38s/it
round  225 | pool  8192 u max  101.95 | best_c52 0 | c52d6 1 nld6 102 nw 122 du6 444 nw8 318 | 0.38s/it
round  226 | pool  8192 u max  101.95 | best_c52 0 | c52d6 1 nld6 102 nw 122 du6 444 nw8 318 | 0.38s/it
round  227 | pool  8192 u max  101.95 | best_c52 0 | c52d6 1 nld6 102 nw 122 du6 448 nw8 319 | 0.38s/it
round  228 | pool  8192 u max  101.95 | best_c52 0 | c52d6 1 nld6 102 nw 122 du6 448 nw8 319 | 0.38s/it
round  229 | pool  8192 u max  101.95 | best_c52 0 | c52d6 1 nld6 102 nw 123 du6 449 nw8 320 | 0.38s/it
round  230 | pool  8192 u max  101.95 | best_c52 0 | c52d6 1 nld6 102 nw 123 du6 450 nw8 321 | 0.38s/it
round  231 | pool  8192 u max  101.95 | best_c52 0 | c52d6 1 nld6 102 nw 123 du6 452 nw8 322 | 0.38s/it
round  232 | pool  8192 u max  101.95 | best_c52 0 | c52d6 1 nld6 102 nw 123 du6 452 nw8 322 | 0.38s/it
round  233 | pool  8192 u max  101.95 | best_c52 0 | c52d6 1 nld6 102 nw 123 du6 453 nw8 322 | 0.38s/it
round  234 | pool  8192 u max  101.95 | best_c52 0 | c52d6 1 nld6 102 nw 123 du6 456 nw8 324 | 0.38s/it
round  235 | pool  8192 u max  101.95 | best_c52 0 | c52d6 1 nld6 102 nw 124 du6 457 nw8 325 | 0.38s/it
round  236 | pool  8192 u max  101.95 | best_c52 0 | c52d6 1 nld6 102 nw 125 du6 460 nw8 328 | 0.38s/it
round  237 | pool  8192 u max  101.95 | best_c52 0 | c52d6 1 nld6 102 nw 125 du6 465 nw8 333 | 0.38s/it
round  238 | pool  8192 u max  101.95 | best_c52 0 | c52d6 1 nld6 102 nw 125 du6 467 nw8 334 | 0.38s/it
round  239 | pool  8192 u max  101.95 | best_c52 0 | c52d6 1 nld6 102 nw 125 du6 469 nw8 336 | 0.38s/it
round  240 | pool  8192 u max  101.95 | best_c52 0 | c52d6 1 nld6 102 nw 126 du6 471 nw8 338 | 0.38s/it
round  241 | pool  8192 u max  101.95 | best_c52 0 | c52d6 1 nld6 102 nw 126 du6 473 nw8 340 | 0.38s/it
round  242 | pool  8192 u max  101.95 | best_c52 0 | c52d6 1 nld6 102 nw 126 du6 475 nw8 340 | 0.38s/it
round  243 | pool  8192 u max  101.95 | best_c52 0 | c52d6 1 nld6 102 nw 126 du6 477 nw8 340 | 0.38s/it
round  244 | pool  8192 u max  101.95 | best_c52 0 | c52d6 1 nld6 102 nw 126 du6 477 nw8 340 | 0.38s/it
round  245 | pool  8192 u max  101.95 | best_c52 0 | c52d6 1 nld6 102 nw 126 du6 478 nw8 340 | 0.38s/it
round  246 | pool  8192 u max  101.95 | best_c52 0 | c52d6 1 nld6 102 nw 126 du6 480 nw8 341 | 0.38s/it
round  247 | pool  8192 u max  101.95 | best_c52 0 | c52d6 1 nld6 102 nw 126 du6 482 nw8 343 | 0.38s/it
round  248 | pool  8192 u max  101.95 | best_c52 0 | c52d6 1 nld6 102 nw 126 du6 483 nw8 343 | 0.38s/it
round  249 | pool  8192 u max  101.95 | best_c52 0 | c52d6 1 nld6 102 nw 126 du6 485 nw8 344 | 0.38s/it
round  250 | pool  8192 u max  101.95 | best_c52 0 | c52d6 1 nld6 102 nw 126 du6 486 nw8 345 | 0.38s/it
round  251 | pool  8192 u max  101.95 | best_c52 0 | c52d6 1 nld6 102 nw 126 du6 488 nw8 346 | 0.38s/it
round  252 | pool  8192 u max  101.95 | best_c52 0 | c52d6 1 nld6 102 nw 126 du6 489 nw8 347 | 0.38s/it
round  253 | pool  8192 u max  101.95 | best_c52 0 | c52d6 1 nld6 102 nw 126 du6 492 nw8 348 | 0.38s/it
round  254 | pool  8192 u max  101.95 | best_c52 0 | c52d6 1 nld6 102 nw 126 du6 494 nw8 348 | 0.38s/it
round  255 | pool  8192 u max  101.95 | best_c52 0 | c52d6 1 nld6 102 nw 126 du6 496 nw8 349 | 0.38s/it
round  256 | pool  8192 u max  101.95 | best_c52 0 | c52d6 1 nld6 102 nw 126 du6 497 nw8 350 | 0.38s/it
round  257 | pool  8192 u max  101.95 | best_c52 0 | c52d6 1 nld6 102 nw 126 du6 499 nw8 350 | 0.38s/it
round  258 | pool  8192 u max  101.95 | best_c52 0 | c52d6 1 nld6 102 nw 126 du6 499 nw8 350 | 0.38s/it
round  259 | pool  8192 u max  104.00 | best_c52 0 | c52d6 0 nld6 104 nw 126 du6 500 nw8 350 | 0.38s/it
DONE champ_round=259 wall=99.3s
