init pool 47
round    1 | pool   489 u max  101.95 | best_c52 1 | c52d6 1 nld6 102 nw 48 du6 51 nw8 51 | 0.38s/it
round    2 | pool   935 u max  101.95 | best_c52 1 | c52d6 1 nld6 102 nw 48 du6 52 nw8 52 | 0.38s/it
round    3 | pool  1357 u max  101.95 | best_c52 1 | c52d6 1 nld6 102 nw 50 du6 55 nw8 55 | 0.39s/it
round    4 | pool  1786 u max  101.95 | best_c52 1 | c52d6 1 nld6 102 nw 51 du6 56 nw8 56 | 0.39s/it
round    5 | pool  2204 u max  101.95 | best_c52 1 | c52d6 1 nld6 102 nw 53 du6 59 nw8 59 | 0.39s/it
round    6 | pool  2631 u max  101.95 | best_c52 0 | c52d6 1 nld6 102 nw 55 du6 61 nw8 61 | 0.39s/it
round    7 | pool  3048 u max  101.95 | best_c52 0 | c52d6 1 nld6 102 nw 55 du6 63 nw8 63 | 0.39s/it
round    8 | pool  3467 u max  101.95 | best_c52 0 | c52d6 1 nld6 102 nw 56 du6 65 nw8 64 | 0.39s/it
round    9 | pool  3885 u max  101.95 | best_c52 0 | c52d6 1 nld6 102 nw 56 du6 66 nw8 65 | 0.39s/it
round   10 | pool  4302 u max  101.95 | best_c52 0 | c52d6 1 nld6 102 nw 57 du6 68 nw8 67 | 0.39s/it
round   11 | pool  4744 u max  101.95 | best_c52 0 | c52d6 1 nld6 102 nw 58 du6 69 nw8 68 | 0.39s/it
round   12 | pool  5169 u max  101.95 | best_c52 0 | c52d6 1 nld6 102 nw 58 du6 71 nw8 69 | 0.39s/it
round   13 | pool  5592 u max  101.95 | best_c52 0 | c52d6 1 nld6 102 nw 58 du6 73 nw8 70 | 0.39s/it
round   14 | pool  6008 u max  101.95 | best_c52 0 | c52d6 1 nld6 102 nw 58 du6 73 nw8 70 | 0.39s/it
round   15 | pool  6437 u max  101.95 | best_c52 0 | c52d6 1 nld6 102 nw 58 du6 73 nw8 70 | 0.39s/it
round   16 | pool  6840 u max  101.95 | best_c52 0 | c52d6 1 nld6 102 nw 59 du6 76 nw8 73 | 0.39s/it
round   17 | pool  7257 u max  101.95 | best_c52 0 | c52d6 1 nld6 102 nw 59 du6 77 nw8 73 | 0.39s/it
round   18 | pool  7664 u max  101.95 | best_c52 0 | c52d6 1 nld6 102 nw 61 du6 80 nw8 76 | 0.39s/it
round   19 | pool  8096 u max  101.95 | best_c52 0 | c52d6 1 nld6 102 nw 61 du6 83 nw8 77 | 0.39s/it
round   20 | pool  8192 u max  101.95 | best_c52 0 | c52d6 1 nld6 102 nw 61 du6 83 nw8 77 | 0.39s/it
round   21 | pool  8192 u max  101.95 | best_c52 0 | c52d6 1 nld6 102 nw 62 du6 84 nw8 78 | 0.39s/it
round   22 | pool  8192 u max  101.95 | best_c52 0 | c52d6 1 nld6 102 nw 62 du6 86 nw8 80 | 0.39s/it
round   23 | pool  8192 u max  101.95 | best_c52 0 | c52d6 1 nld6 102 nw 64 du6 89 nw8 82 | 0.39s/it
round   24 | pool  8192 u max  101.95 | best_c52 0 | c52d6 1 nld6 102 nw 65 du6 91 nw8 83 | 0.39s/it
round   25 | pool  8192 u max  101.95 | best_c52 0 | c52d6 1 nld6 102 nw 65 du6 93 nw8 84 | 0.39s/it
round   26 | pool  8192 u max  101.95 | best_c52 0 | c52d6 1 nld6 102 nw 66 du6 94 nw8 85 | 0.39s/it
round   27 | pool  8192 u max  101.95 | best_c52 0 | c52d6 1 nld6 102 nw 67 du6 95 nw8 86 | 0.39s/it
round   28 | pool  8192 u max  101.95 | best_c52 0 | c52d6 1 nld6 102 nw 67 du6 99 nw8 90 | 0.39s/it
round   29 | pool  8192 u max  101.95 | best_c52 0 | c52d6 1 nld6 102 nw 68 du6 100 nw8 91 | 0.39s/it
round   30 | pool  8192 u max  101.95 | best_c52 0 | c52d6 1 nld6 102 nw 68 du6 100 nw8 91 | 0.39s/it
round   31 | pool  8192 u max  101.95 | best_c52 0 | c52d6 1 nld6 102 nw 68 du6 101 nw8 92 | 0.39s/it
round   32 | pool  8192 u max  101.95 | best_c52 0 | c52d6 1 nld6 102 nw 68 du6 103 nw8 94 | 0.39s/it
round   33 | pool  8192 u max  101.95 | best_c52 0 | c52d6 1 nld6 102 nw 69 du6 105 nw8 96 | 0.39s/it
round   34 | pool  8192 u max  101.95 | best_c52 0 | c52d6 1 nld6 102 nw 70 du6 106 nw8 97 | 0.39s/it
round   35 | pool  8192 u max  101.95 | best_c52 0 | c52d6 1 nld6 102 nw 72 du6 108 nw8 99 | 0.39s/it
round   36 | pool  8192 u max  101.95 | best_c52 0 | c52d6 1 nld6 102 nw 72 du6 110 nw8 100 | 0.39s/it
round   37 | pool  8192 u max  101.95 | best_c52 0 | c52d6 1 nld6 102 nw 73 du6 112 nw8 101 | 0.39s/it
round   38 | pool  8192 u max  101.95 | best_c52 0 | c52d6 1 nld6 102 nw 76 du6 116 nw8 105 | 0.39s/it
round   39 | pool  8192 u max  101.95 | best_c52 0 | c52d6 1 nld6 102 nw 76 du6 118 nw8 107 | 0.39s/it
round   40 | pool  8192 u max  101.95 | best_c52 0 | c52d6 1 nld6 102 nw 78 du6 121 nw8 110 | 0.39s/it
round   41 | pool  8192 u max  101.95 | best_c52 0 | c52d6 1 nld6 102 nw 79 du6 122 nw8 111 | 0.39s/it
round   42 | pool  8192 u max  101.95 | best_c52 0 | c52d6 1 nld6 102 nw 79 du6 124 nw8 113 | 0.39s/it
round   43 | pool  8192 u max  101.95 | best_c52 0 | c52d6 1 nld6 102 nw 81 du6 126 nw8 115 | 0.39s/it
round   44 | pool  8192 u max  101.95 | best_c52 0 | c52d6 1 nld6 102 nw 82 du6 130 nw8 118 | 0.39s/it
round   45 | pool  8192 u max  101.95 | best_c52 0 | c52d6 1 nld6 102 nw 82 du6 133 nw8 120 | 0.39s/it
round   46 | pool  8192 u max  101.95 | best_c52 0 | c52d6 1 nld6 102 nw 82 du6 134 nw8 121 | 0.39s/it
round   47 | pool  8192 u max  101.95 | best_c52 0 | c52d6 1 nld6 102 nw 82 du6 136 nw8 123 | 0.39s/it
round   48 | pool  8192 u max  101.95 | best_c52 0 | c52d6 1 nld6 102 nw 82 du6 138 nw8 124 | 0.39s/it
round   49 | pool  8192 u max  101.95 | best_c52 0 | c52d6 1 nld6 102 nw 82 du6 138 nw8 124 | 0.39s/it
round   50 | pool  8192 u max  101.95 | best_c52 0 | c52d6 1 nld6 102 nw 82 du6 142 nw8 128 | 0.39s/it
round   51 | pool  8192 u max  101.95 | best_c52 0 | c52d6 1 nld6 102 nw 82 du6 143 nw8 129 | 0.39s/it
round   52 | pool  8192 u max  101.95 | best_c52 0 | c52d6 1 nld6 102 nw 82 du6 144 nw8 130 | 0.39s/it
round   53 | pool  8192 u max  101.95 | best_c52 0 | c52d6 1 nld6 102 nw 82 du6 146 nw8 131 | 0.39s/it
round   54 | pool  8192 u max  101.95 | best_c52 0 | c52d6 1 nld6 102 nw 82 du6 146 nw8 131 | 0.39s/it
round   55 | pool  8192 u max  101.95 | best_c52 0 | c52d6 1 nld6 102 nw 82 du6 147 nw8 132 | 0.39s/it
round   56 | pool  8192 u max  101.95 | best_c52 0 | c52d6 1 nld6 102 nw 82 du6 149 nw8 133 | 0.39s/it
round   57 | pool  8192 u max  101.95 | best_c52 0 | c52d6 1 nld6 102 nw 82 du6 149 nw8 133 | 0.39s/it
round   58 | pool  8192 u max  101.95 | best_c52 0 | c52d6 1 nld6 102 nw 82 du6 149 nw8 133 | 0.39s/it
round   59 | pool  8192 u max  101.95 | best_c52 0 | c52d6 1 nld6 102 nw 82 du6 154 nw8 137 | 0.39s/it
round   60 | pool  8192 u max  101.95 | best_c52 0 | c52d6 1 nld6 102 nw 82 du6 156 nw8 138 | 0.39s/it
round   61 | pool  8192 u max  101.95 | best_c52 0 | c52d6 1 nld6 102 nw 82 du6 158 nw8 140 | 0.39s/it
round   62 | pool  8192 u max  101.95 | best_c52 0 | c52d6 1 nld6 102 nw 82 du6 159 nw8 141 | 0.39s/it
round   63 | pool  8192 u max  101.95 | best_c52 0 | c52d6 1 nld6 102 nw 82 du6 161 nw8 143 | 0.39s/it
round   64 | pool  8192 u max  101.95 | best_c52 0 | c52d6 1 nld6 102 nw 82 du6 161 nw8 143 | 0.39s/it
round   65 | pool  8192 u max  101.95 | best_c52 0 | c52d6 1 nld6 102 nw 82 du6 162 nw8 144 | 0.39s/it
round   66 | pool  8192 u max  101.95 | best_c52 0 | c52d6 1 nld6 102 nw 82 du6 163 nw8 144 | 0.39s/it
round   67 | pool  8192 u max  101.95 | best_c52 0 | c52d6 1 nld6 102 nw 83 du6 166 nw8 146 | 0.39s/it
round   68 | pool  8192 u max  101.95 | best_c52 0 | c52d6 1 nld6 102 nw 84 du6 170 nw8 148 | 0.39s/it
round   69 | pool  8192 u max  101.95 | best_c52 0 | c52d6 1 nld6 102 nw 84 du6 171 nw8 148 | 0.39s/it
round   70 | pool  8192 u max  101.95 | best_c52 0 | c52d6 1 nld6 102 nw 84 du6 174 nw8 151 | 0.39s/it
round   71 | pool  8192 u max  101.95 | best_c52 0 | c52d6 1 nld6 102 nw 84 du6 175 nw8 151 | 0.39s/it
round   72 | pool  8192 u max  104.00 | best_c52 0 | c52d6 0 nld6 104 nw 84 du6 176 nw8 151 | 0.39s/it
DONE champ_round=72 wall=28.1s
