init pool 47
round    1 | pool   464 u max  101.95 | best_c52 1 | c52d6 1 nld6 102 nw 49 du6 50 nw8 50 | 0.37s/it
round    2 | pool   903 u max  101.95 | best_c52 1 | c52d6 1 nld6 102 nw 51 du6 52 nw8 52 | 0.37s/it
round    3 | pool  1329 u max  101.95 | best_c52 1 | c52d6 1 nld6 102 nw 51 du6 52 nw8 52 | 0.37s/it
round    4 | pool  1751 u max  101.95 | best_c52 0 | c52d6 1 nld6 102 nw 52 du6 54 nw8 54 | 0.37s/it
round    5 | pool  2174 u max  101.95 | best_c52 0 | c52d6 1 nld6 102 nw 54 du6 57 nw8 57 | 0.37s/it
round    6 | pool  2596 u max  101.95 | best_c52 0 | c52d6 1 nld6 102 nw 55 du6 59 nw8 59 | 0.37s/it
round    7 | pool  3027 u max  101.95 | best_c52 0 | c52d6 1 nld6 102 nw 55 du6 59 nw8 59 | 0.37s/it
round    8 | pool  3450 u max  101.95 | best_c52 0 | c52d6 1 nld6 102 nw 55 du6 60 nw8 60 | 0.37s/it
round    9 | pool  3863 u max  101.95 | best_c52 0 | c52d6 1 nld6 102 nw 55 du6 64 nw8 64 | 0.37s/it
round   10 | pool  4284 u max  101.95 | best_c52 0 | c52d6 1 nld6 102 nw 58 du6 67 nw8 67 | 0.37s/it
round   11 | pool  4702 u max  101.95 | best_c52 0 | c52d6 1 nld6 102 nw 60 du6 70 nw8 70 | 0.37s/it
round   12 | pool  5124 u max  101.95 | best_c52 0 | c52d6 1 nld6 102 nw 61 du6 71 nw8 71 | 0.38s/it
round   13 | pool  5542 u max  101.95 | best_c52 0 | c52d6 1 nld6 102 nw 63 du6 75 nw8 75 | 0.38s/it
round   14 | pool  5969 u max  101.95 | best_c52 0 | c52d6 1 nld6 102 nw 63 du6 76 nw8 76 | 0.38s/it
round   15 | pool  6398 u max  101.95 | best_c52 0 | c52d6 1 nld6 102 nw 63 du6 79 nw8 79 | 0.38s/it
round   16 | pool  6798 u max  101.95 | best_c52 0 | c52d6 1 nld6 102 nw 63 du6 82 nw8 82 | 0.38s/it
round   17 | pool  7216 u max  101.95 | best_c52 0 | c52d6 1 nld6 102 nw 63 du6 83 nw8 83 | 0.38s/it
round   18 | pool  7601 u max  101.95 | best_c52 0 | c52d6 1 nld6 102 nw 63 du6 85 nw8 85 | 0.38s/it
round   19 | pool  8000 u max  101.95 | best_c52 0 | c52d6 1 nld6 102 nw 64 du6 87 nw8 87 | 0.38s/it
round   20 | pool  8192 u max  101.95 | best_c52 0 | c52d6 1 nld6 102 nw 65 du6 89 nw8 89 | 0.38s/it
round   21 | pool  8192 u max  101.95 | best_c52 0 | c52d6 1 nld6 102 nw 65 du6 92 nw8 92 | 0.38s/it
round   22 | pool  8192 u max  101.95 | best_c52 0 | c52d6 1 nld6 102 nw 65 du6 95 nw8 94 | 0.38s/it
round   23 | pool  8192 u max  101.95 | best_c52 0 | c52d6 1 nld6 102 nw 65 du6 98 nw8 97 | 0.38s/it
round   24 | pool  8192 u max  101.95 | best_c52 0 | c52d6 1 nld6 102 nw 66 du6 100 nw8 99 | 0.38s/it
round   25 | pool  8192 u max  101.95 | best_c52 0 | c52d6 1 nld6 102 nw 66 du6 101 nw8 99 | 0.38s/it
round   26 | pool  8192 u max  101.95 | best_c52 0 | c52d6 1 nld6 102 nw 66 du6 102 nw8 99 | 0.38s/it
round   27 | pool  8192 u max  101.95 | best_c52 0 | c52d6 1 nld6 102 nw 66 du6 104 nw8 101 | 0.38s/it
round   28 | pool  8192 u max  101.95 | best_c52 0 | c52d6 1 nld6 102 nw 66 du6 105 nw8 102 | 0.38s/it
round   29 | pool  8192 u max  101.95 | best_c52 0 | c52d6 1 nld6 102 nw 67 du6 107 nw8 104 | 0.38s/it
round   30 | pool  8192 u max  101.95 | best_c52 0 | c52d6 1 nld6 102 nw 68 du6 109 nw8 106 | 0.38s/it
round   31 | pool  8192 u max  101.95 | best_c52 0 | c52d6 1 nld6 102 nw 70 du6 113 nw8 109 | 0.38s/it
round   32 | pool  8192 u max  101.95 | best_c52 0 | c52d6 1 nld6 102 nw 71 du6 115 nw8 110 | 0.38s/it
round   33 | pool  8192 u max  101.95 | best_c52 0 | c52d6 1 nld6 102 nw 72 du6 116 nw8 111 | 0.38s/it
round   34 | pool  8192 u max  101.95 | best_c52 0 | c52d6 1 nld6 102 nw 72 du6 117 nw8 112 | 0.38s/it
round   35 | pool  8192 u max  101.95 | best_c52 0 | c52d6 1 nld6 102 nw 72 du6 118 nw8 113 | 0.38s/it
round   36 | pool  8192 u max  101.95 | best_c52 0 | c52d6 1 nld6 102 nw 72 du6 120 nw8 115 | 0.38s/it
round   37 | pool  8192 u max  101.95 | best_c52 0 | c52d6 1 nld6 102 nw 72 du6 121 nw8 116 | 0.39s/it
round   38 | pool  8192 u max  101.95 | best_c52 0 | c52d6 1 nld6 102 nw 72 du6 121 nw8 116 | 0.39s/it
round   39 | pool  8192 u max  101.95 | best_c52 0 | c52d6 1 nld6 102 nw 73 du6 123 nw8 117 | 0.39s/it
round   40 | pool  8192 u max  101.95 | best_c52 0 | c52d6 1 nld6 102 nw 76 du6 127 nw8 120 | 0.39s/it
round   41 | pool  8192 u max  101.95 | best_c52 0 | c52d6 1 nld6 102 nw 76 du6 127 nw8 120 | 0.39s/it
round   42 | pool  8192 u max  101.95 | best_c52 0 | c52d6 1 nld6 102 nw 77 du6 129 nw8 121 | 0.39s/it
round   43 | pool  8192 u max  101.95 | best_c52 0 | c52d6 1 nld6 102 nw 77 du6 132 nw8 124 | 0.39s/it
round   44 | pool  8192 u max  101.95 | best_c52 0 | c52d6 1 nld6 102 nw 77 du6 133 nw8 125 | 0.39s/it
round   45 | pool  8192 u max  101.95 | best_c52 0 | c52d6 1 nld6 102 nw 81 du6 137 nw8 129 | 0.39s/it
round   46 | pool  8192 u max  101.95 | best_c52 0 | c52d6 1 nld6 102 nw 81 du6 138 nw8 129 | 0.39s/it
round   47 | pool  8192 u max  101.95 | best_c52 0 | c52d6 1 nld6 102 nw 81 du6 140 nw8 131 | 0.39s/it
round   48 | pool  8192 u max  101.95 | best_c52 0 | c52d6 1 nld6 102 nw 81 du6 141 nw8 131 | 0.39s/it
round   49 | pool  8192 u max  101.95 | best_c52 0 | c52d6 1 nld6 102 nw 82 du6 142 nw8 132 | 0.39s/it
round   50 | pool  8192 u max  101.95 | best_c52 0 | c52d6 1 nld6 102 nw 83 du6 144 nw8 133 | 0.39s/it
round   51 | pool  8192 u max  101.95 | best_c52 0 | c52d6 1 nld6 102 nw 83 du6 144 nw8 133 | 0.39s/it
round   52 | pool  8192 u max  101.95 | best_c52 0 | c52d6 1 nld6 102 nw 84 du6 149 nw8 136 | 0.39s/it
round   53 | pool  8192 u max  101.95 | best_c52 0 | c52d6 1 nld6 102 nw 84 du6 151 nw8 137 | 0.39s/it
round   54 | pool  8192 u max  101.95 | best_c52 0 | c52d6 1 nld6 102 nw 85 du6 154 nw8 140 | 0.39s/it
round   55 | pool  8192 u max  101.95 | best_c52 0 | c52d6 1 nld6 102 nw 86 du6 155 nw8 141 | 0.39s/it
round   56 | pool  8192 u max  101.95 | best_c52 0 | c52d6 1 nld6 102 nw 86 du6 156 nw8 142 | 0.39s/it
round   57 | pool  8192 u max  101.95 | best_c52 0 | c52d6 1 nld6 102 nw 87 du6 157 nw8 143 | 0.39s/it
round   58 | pool  8192 u max  101.95 | best_c52 0 | c52d6 1 nld6 102 nw 87 du6 162 nw8 146 | 0.39s/it
round   59 | pool  8192 u max  101.95 | best_c52 0 | c52d6 1 nld6 102 nw 87 du6 163 nw8 147 | 0.39s/it
round   60 | pool  8192 u max  101.95 | best_c52 0 | c52d6 1 nld6 102 nw 87 du6 163 nw8 147 | 0.39s/it
round   61 | pool  8192 u max  101.95 | best_c52 0 | c52d6 1 nld6 102 nw 88 du6 165 nw8 149 | 0.39s/it
round   62 | pool  8192 u max  101.95 | best_c52 0 | c52d6 1 nld6 102 nw 88 du6 166 nw8 149 | 0.39s/it
round   63 | pool  8192 u max  101.95 | best_c52 0 | c52d6 1 nld6 102 nw 88 du6 167 nw8 150 | 0.39s/it
round   64 | pool  8192 u max  101.95 | best_c52 0 | c52d6 1 nld6 102 nw 88 du6 167 nw8 150 | 0.39s/it
round   65 | pool  8192 u max  101.95 | best_c52 0 | c52d6 1 nld6 102 nw 88 du6 167 nw8 150 | 0.39s/it
round   66 | pool  8192 u max  101.95 | best_c52 0 | c52d6 1 nld6 102 nw 89 du6 169 nw8 152 | 0.39s/it
round   67 | pool  8192 u max  101.95 | best_c52 0 | c52d6 1 nld6 102 nw 90 du6 170 nw8 153 | 0.39s/it
round   68 | pool  8192 u max  101.95 | best_c52 0 | c52d6 1 nld6 102 nw 90 du6 170 nw8 153 | 0.39s/it
round   69 | pool  8192 u max  101.95 | best_c52 0 | c52d6 1 nld6 102 nw 90 du6 172 nw8 155 | 0.39s/it
round   70 | pool  8192 u max  101.95 | best_c52 0 | c52d6 1 nld6 102 nw 91 du6 174 nw8 157 | 0.39s/it
round   71 | pool  8192 u max  101.95 | best_c52 0 | c52d6 1 nld6 102 nw 91 du6 175 nw8 158 | 0.39s/it
round   72 | pool  8192 u max  101.95 | best_c52 0 | c52d6 1 nld6 102 nw 92 du6 178 nw8 160 | 0.39s/it
round   73 | pool  8192 u max  101.95 | best_c52 0 | c52d6 1 nld6 102 nw 92 du6 181 nw8 162 | 0.39s/it
round   74 | pool  8192 u max  101.95 | best_c52 0 | c52d6 1 nld6 102 nw 93 du6 183 nw8 163 | 0.39s/it
round   75 | pool  8192 u max  101.95 | best_c52 0 | c52d6 1 nld6 102 nw 94 du6 184 nw8 164 | 0.39s/it
round   76 | pool  8192 u max  101.95 | best_c52 0 | c52d6 1 nld6 102 nw 94 du6 184 nw8 164 | 0.39s/it
round   77 | pool  8192 u max  101.95 | best_c52 0 | c52d6 1 nld6 102 nw 94 du6 186 nw8 166 | 0.39s/it
round   78 | pool  8192 u max  101.95 | best_c52 0 | c52d6 1 nld6 102 nw 95 du6 188 nw8 167 | 0.39s/it
round   79 | pool  8192 u max  101.95 | best_c52 0 | c52d6 1 nld6 102 nw 96 du6 189 nw8 168 | 0.39s/it
round   80 | pool  8192 u max  101.95 | best_c52 0 | c52d6 1 nld6 102 nw 96 du6 190 nw8 169 | 0.39s/it
round   81 | pool  8192 u max  101.95 | best_c52 0 | c52d6 1 nld6 102 nw 96 du6 191 nw8 170 | 0.39s/it
round   82 | pool  8192 u max  101.95 | best_c52 0 | c52d6 1 nld6 102 nw 96 du6 192 nw8 171 | 0.39s/it
round   83 | pool  8192 u max  101.95 | best_c52 0 | c52d6 1 nld6 102 nw 96 du6 192 nw8 171 | 0.39s/it
round   84 | pool  8192 u max  101.95 | best_c52 0 | c52d6 1 nld6 102 nw 97 du6 195 nw8 173 | 0.39s/it
round   85 | pool  8192 u max  101.95 | best_c52 0 | c52d6 1 nld6 102 nw 97 du6 196 nw8 174 | 0.39s/it
round   86 | pool  8192 u max  101.95 | best_c52 0 | c52d6 1 nld6 102 nw 97 du6 196 nw8 174 | 0.39s/it
round   87 | pool  8192 u max  101.95 | best_c52 0 | c52d6 1 nld6 102 nw 97 du6 196 nw8 174 | 0.39s/it
round   88 | pool  8192 u max  101.95 | best_c52 0 | c52d6 1 nld6 102 nw 97 du6 198 nw8 176 | 0.39s/it
round   89 | pool  8192 u max  101.95 | best_c52 0 | c52d6 1 nld6 102 nw 97 du6 202 nw8 179 | 0.39s/it
round   90 | pool  8192 u max  101.95 | best_c52 0 | c52d6 1 nld6 102 nw 97 du6 203 nw8 179 | 0.39s/it
round   91 | pool  8192 u max  101.95 | best_c52 0 | c52d6 1 nld6 102 nw 97 du6 205 nw8 181 | 0.39s/it
round   92 | pool  8192 u max  101.95 | best_c52 0 | c52d6 1 nld6 102 nw 97 du6 206 nw8 181 | 0.39s/it
round   93 | pool  8192 u max  101.95 | best_c52 0 | c52d6 1 nld6 102 nw 99 du6 208 nw8 183 | 0.39s/it
round   94 | pool  8192 u max  101.95 | best_c52 0 | c52d6 1 nld6 102 nw 100 du6 210 nw8 184 | 0.39s/it
round   95 | pool  8192 u max  101.95 | best_c52 0 | c52d6 1 nld6 102 nw 100 du6 213 nw8 186 | 0.39s/it
round   96 | pool  8192 u max  101.95 | best_c52 0 | c52d6 1 nld6 102 nw 101 du6 215 nw8 188 | 0.39s/it
round   97 | pool  8192 u max  101.95 | best_c52 0 | c52d6 1 nld6 102 nw 102 du6 217 nw8 190 | 0.39s/it
round   98 | pool  8192 u max  101.95 | best_c52 0 | c52d6 1 nld6 102 nw 103 du6 218 nw8 191 | 0.39s/it
round   99 | pool  8192 u max  101.95 | best_c52 0 | c52d6 1 nld6 102 nw 103 du6 219 nw8 191 | 0.39s/it
round  100 | pool  8192 u max  101.95 | best_c52 0 | c52d6 1 nld6 102 nw 103 du6 220 nw8 192 | 0.39s/it
round  101 | pool  8192 u max  101.95 | best_c52 0 | c52d6 1 nld6 102 nw 103 du6 221 nw8 193 | 0.39s/it
round  102 | pool  8192 u max  101.95 | best_c52 0 | c52d6 1 nld6 102 nw 103 du6 222 nw8 194 | 0.39s/it
round  103 | pool  8192 u max  101.95 | best_c52 0 | c52d6 1 nld6 102 nw 103 du6 224 nw8 196 | 0.39s/it
round  104 | pool  8192 u max  101.95 | best_c52 0 | c52d6 1 nld6 102 nw 103 du6 224 nw8 196 | 0.39s/it
round  105 | pool  8192 u max  101.95 | best_c52 0 | c52d6 1 nld6 102 nw 103 du6 224 nw8 196 | 0.39s/it
round  106 | pool  8192 u max  101.95 | best_c52 0 | c52d6 1 nld6 102 nw 103 du6 225 nw8 197 | 0.39s/it
round  107 | pool  8192 u max  101.95 | best_c52 0 | c52d6 1 nld6 102 nw 105 du6 227 nw8 199 | 0.39s/it
round  108 | pool  8192 u max  101.95 | best_c52 0 | c52d6 1 nld6 102 nw 106 du6 235 nw8 204 | 0.39s/it
round  109 | pool  8192 u max  101.95 | best_c52 0 | c52d6 1 nld6 102 nw 109 du6 239 nw8 207 | 0.39s/it
round  110 | pool  8192 u max  101.95 | best_c52 0 | c52d6 1 nld6 102 nw 110 du6 242 nw8 209 | 0.39s/it
round  111 | pool  8192 u max  101.95 | best_c52 0 | c52d6 1 nld6 102 nw 110 du6 242 nw8 209 | 0.39s/it
round  112 | pool  8192 u max  101.95 | best_c52 0 | c52d6 1 nld6 102 nw 110 du6 244 nw8 210 | 0.39s/it
round  113 | pool  8192 u max  101.95 | best_c52 0 | c52d6 1 nld6 102 nw 112 du6 247 nw8 213 | 0.39s/it
round  114 | pool  8192 u max  101.95 | best_c52 0 | c52d6 1 nld6 102 nw 112 du6 250 nw8 215 | 0.39s/it
round  115 | pool  8192 u max  101.95 | best_c52 0 | c52d6 1 nld6 102 nw 113 du6 253 nw8 217 | 0.39s/it
round  116 | pool  8192 u max  101.95 | best_c52 0 | c52d6 1 nld6 102 nw 114 du6 255 nw8 219 | 0.39s/it
round  117 | pool  8192 u max  101.95 | best_c52 0 | c52d6 1 nld6 102 nw 114 du6 256 nw8 220 | 0.39s/it
round  118 | pool  8192 u max  101.95 | best_c52 0 | c52d6 1 nld6 102 nw 114 du6 257 nw8 220 | 0.39s/it
round  119 | pool  8192 u max  101.95 | best_c52 0 | c52d6 1 nld6 102 nw 114 du6 257 nw8 220 | 0.39s/it
round  120 | pool  8192 u max  101.95 | best_c52 0 | c52d6 1 nld6 102 nw 115 du6 258 nw8 221 | 0.39s/it
round  121 | pool  8192 u max  101.95 | best_c52 0 | c52d6 1 nld6 102 nw 115 du6 258 nw8 221 | 0.39s/it
round  122 | pool  8192 u max  101.95 | best_c52 0 | c52d6 1 nld6 102 nw 115 du6 262 nw8 222 | 0.39s/it
round  123 | pool  8192 u max  101.95 | best_c52 0 | c52d6 1 nld6 102 nw 116 du6 264 nw8 224 | 0.39s/it
round  124 | pool  8192 u max  101.95 | best_c52 0 | c52d6 1 nld6 102 nw 116 du6 267 nw8 226 | 0.39s/it
round  125 | pool  8192 u max  101.95 | best_c52 0 | c52d6 1 nld6 102 nw 116 du6 270 nw8 228 | 0.39s/it
round  126 | pool  8192 u max  101.95 | best_c52 0 | c52d6 1 nld6 102 nw 116 du6 272 nw8 228 | 0.39s/it
round  127 | pool  8192 u max  101.95 | best_c52 0 | c52d6 1 nld6 102 nw 116 du6 273 nw8 228 | 0.39s/it
round  128 | pool  8192 u max  101.95 | best_c52 0 | c52d6 1 nld6 102 nw 116 du6 276 nw8 230 | 0.39s/it
round  129 | pool  8192 u max  101.95 | best_c52 0 | c52d6 1 nld6 102 nw 117 du6 278 nw8 232 | 0.39s/it
round  130 | pool  8192 u max  101.95 | best_c52 0 | c52d6 1 nld6 102 nw 118 du6 279 nw8 233 | 0.39s/it
round  131 | pool  8192 u max  101.95 | best_c52 0 | c52d6 1 nld6 102 nw 118 du6 280 nw8 234 | 0.39s/it
round  132 | pool  8192 u max  101.95 | best_c52 0 | c52d6 1 nld6 102 nw 118 du6 282 nw8 235 | 0.39s/it
round  133 | pool  8192 u max  101.95 | best_c52 0 | c52d6 1 nld6 102 nw 118 du6 284 nw8 236 | 0.39s/it
round  134 | pool  8192 u max  101.95 | best_c52 0 | c52d6 1 nld6 102 nw 118 du6 288 nw8 239 | 0.39s/it
round  135 | pool  8192 u max  101.95 | best_c52 0 | c52d6 1 nld6 102 nw 119 du6 292 nw8 242 | 0.39s/it
round  136 | pool  8192 u max  101.95 | best_c52 0 | c52d6 1 nld6 102 nw 119 du6 294 nw8 244 | 0.39s/it
round  137 | pool  8192 u max  101.95 | best_c52 0 | c52d6 1 nld6 102 nw 119 du6 297 nw8 245 | 0.39s/it
round  138 | pool  8192 u max  101.95 | best_c52 0 | c52d6 1 nld6 102 nw 119 du6 299 nw8 247 | 0.39s/it
round  139 | pool  8192 u max  101.95 | best_c52 0 | c52d6 1 nld6 102 nw 119 du6 302 nw8 248 | 0.39s/it
round  140 | pool  8192 u max  101.95 | best_c52 0 | c52d6 1 nld6 102 nw 119 du6 304 nw8 248 | 0.39s/it
round  141 | pool  8192 u max  101.95 | best_c52 0 | c52d6 1 nld6 102 nw 119 du6 304 nw8 248 | 0.39s/it
round  142 | pool  8192 u max  101.95 | best_c52 0 | c52d6 1 nld6 102 nw 120 du6 308 nw8 251 | 0.39s/it
round  143 | pool  8192 u max  101.95 | best_c52 0 | c52d6 1 nld6 102 nw 120 du6 308 nw8 251 | 0.39s/it
round  144 | pool  8192 u max  101.95 | best_c52 0 | c52d6 1 nld6 102 nw 120 du6 310 nw8 252 | 0.39s/it
round  145 | pool  8192 u max  101.95 | best_c52 0 | c52d6 1 nld6 102 nw 121 du6 313 nw8 255 | 0.39s/it
round  146 | pool  8192 u max  101.95 | best_c52 0 | c52d6 1 nld6 102 nw 121 du6 314 nw8 256 | 0.39s/it
round  147 | pool  8192 u max  101.95 | best_c52 0 | c52d6 1 nld6 102 nw 121 du6 315 nw8 257 | 0.39s/it
round  148 | pool  8192 u max  101.95 | best_c52 0 | c52d6 1 nld6 102 nw 122 du6 319 nw8 261 | 0.39s/it
round  149 | pool  8192 u max  101.95 | best_c52 0 | c52d6 1 nld6 102 nw 122 du6 320 nw8 262 | 0.39s/it
round  150 | pool  8192 u max  101.95 | best_c52 0 | c52d6 1 nld6 102 nw 123 du6 325 nw8 266 | 0.39s/it
round  151 | pool  8192 u max  101.95 | best_c52 0 | c52d6 1 nld6 102 nw 123 du6 327 nw8 268 | 0.39s/it
round  152 | pool  8192 u max  101.95 | best_c52 0 | c52d6 1 nld6 102 nw 123 du6 329 nw8 270 | 0.39s/it
round  153 | pool  8192 u max  101.95 | best_c52 0 | c52d6 1 nld6 102 nw 123 du6 330 nw8 271 | 0.39s/it
round  154 | pool  8192 u max  101.95 | best_c52 0 | c52d6 1 nld6 102 nw 123 du6 331 nw8 272 | 0.39s/it
round  155 | pool  8192 u max  101.95 | best_c52 0 | c52d6 1 nld6 102 nw 123 du6 335 nw8 276 | 0.39s/it
round  156 | pool  8192 u max  101.95 | best_c52 0 | c52d6 1 nld6 102 nw 123 du6 335 nw8 276 | 0.39s/it
round  157 | pool  8192 u max  101.95 | best_c52 0 | c52d6 1 nld6 102 nw 124 du6 336 nw8 277 | 0.39s/it
round  158 | pool  8192 u max  101.95 | best_c52 0 | c52d6 1 nld6 102 nw 126 du6 339 nw8 280 | 0.39s/it
round  159 | pool  8192 u max  101.95 | best_c52 0 | c52d6 1 nld6 102 nw 126 du6 340 nw8 281 | 0.39s/it
round  160 | pool  8192 u max  101.95 | best_c52 0 | c52d6 1 nld6 102 nw 126 du6 343 nw8 282 | 0.39s/it
round  161 | pool  8192 u max  101.95 | best_c52 0 | c52d6 1 nld6 102 nw 126 du6 345 nw8 283 | 0.39s/it
round  162 | pool  8192 u max  101.95 | best_c52 0 | c52d6 1 nld6 102 nw 126 du6 346 nw8 283 | 0.39s/it
round  163 | pool  8192 u max  101.95 | best_c52 0 | c52d6 1 nld6 102 nw 127 du6 348 nw8 285 | 0.39s/it
round  164 | pool  8192 u max  101.95 | best_c52 0 | c52d6 1 nld6 102 nw 128 du6 350 nw8 286 | 0.39s/it
round  165 | pool  8192 u max  101.95 | best_c52 0 | c52d6 1 nld6 102 nw 128 du6 352 nw8 288 | 0.39s/it
round  166 | pool  8192 u max  101.95 | best_c52 0 | c52d6 1 nld6 102 nw 128 du6 356 nw8 292 | 0.39s/it
round  167 | pool  8192 u max  101.95 | best_c52 0 | c52d6 1 nld6 102 nw 129 du6 360 nw8 296 | 0.39s/it
round  168 | pool  8192 u max  101.95 | best_c52 0 | c52d6 1 nld6 102 nw 129 du6 362 nw8 298 | 0.39s/it
round  169 | pool  8192 u max  101.95 | best_c52 0 | c52d6 1 nld6 102 nw 129 du6 364 nw8 300 | 0.39s/it
round  170 | pool  8192 u max  101.95 | best_c52 0 | c52d6 1 nld6 102 nw 129 du6 364 nw8 300 | 0.39s/it
round  171 | pool  8192 u max  101.95 | best_c52 0 | c52d6 1 nld6 102 nw 129 du6 364 nw8 300 | 0.39s/it
round  172 | pool  8192 u max  101.95 | best_c52 0 | c52d6 1 nld6 102 nw 129 du6 366 nw8 302 | 0.39s/it
round  173 | pool  8192 u max  101.95 | best_c52 0 | c52d6 1 nld6 102 nw 129 du6 367 nw8 302 | 0.39s/it
round  174 | pool  8192 u max  101.95 | best_c52 0 | c52d6 1 nld6 102 nw 129 du6 367 nw8 302 | 0.39s/it
round  175 | pool  8192 u max  101.95 | best_c52 0 | c52d6 1 nld6 102 nw 129 du6 367 nw8 302 | 0.39s/it
round  176 | pool  8192 u max  101.95 | best_c52 0 | c52d6 1 nld6 102 nw 129 du6 367 nw8 302 | 0.39s/it
round  177 | pool  8192 u max  101.95 | best_c52 0 | c52d6 1 nld6 102 nw 130 du6 370 nw8 304 | 0.39s/it
round  178 | pool  8192 u max  101.95 | best_c52 0 | c52d6 1 nld6 102 nw 130 du6 372 nw8 306 | 0.39s/it
round  179 | pool  8192 u max  101.95 | best_c52 0 | c52d6 1 nld6 102 nw 131 du6 374 nw8 308 | 0.39s/it
round  180 | pool  8192 u max  101.95 | best_c52 0 | c52d6 1 nld6 102 nw 132 du6 377 nw8 311 | 0.39s/it
round  181 | pool  8192 u max  101.95 | best_c52 0 | c52d6 1 nld6 102 nw 132 du6 378 nw8 312 | 0.39s/it
round  182 | pool  8192 u max  101.95 | best_c52 0 | c52d6 1 nld6 102 nw 132 du6 383 nw8 317 | 0.39s/it
round  183 | pool  8192 u max  101.95 | best_c52 0 | c52d6 1 nld6 102 nw 132 du6 385 nw8 318 | 0.39s/it
round  184 | pool  8192 u max  101.95 | best_c52 0 | c52d6 1 nld6 102 nw 132 du6 387 nw8 320 | 0.39s/it
round  185 | pool  8192 u max  101.95 | best_c52 0 | c52d6 1 nld6 102 nw 132 du6 387 nw8 320 | 0.39s/it
round  186 | pool  8192 u max  101.95 | best_c52 0 | c52d6 1 nld6 102 nw 134 du6 389 nw8 322 | 0.39s/it
round  187 | pool  8192 u max  101.95 | best_c52 0 | c52d6 1 nld6 102 nw 134 du6 390 nw8 323 | 0.39s/it
round  188 | pool  8192 u max  101.95 | best_c52 0 | c52d6 1 nld6 102 nw 134 du6 391 nw8 323 | 0.39s/it
round  189 | pool  8192 u max  101.95 | best_c52 0 | c52d6 1 nld6 102 nw 134 du6 393 nw8 324 | 0.39s/it
round  190 | pool  8192 u max  101.95 | best_c52 0 | c52d6 1 nld6 102 nw 134 du6 395 nw8 324 | 0.39s/it
round  191 | pool  8192 u max  101.95 | best_c52 0 | c52d6 1 nld6 102 nw 134 du6 395 nw8 324 | 0.39s/it
round  192 | pool  8192 u max  101.95 | best_c52 0 | c52d6 1 nld6 102 nw 134 du6 395 nw8 324 | 0.39s/it
round  193 | pool  8192 u max  101.95 | best_c52 0 | c52d6 1 nld6 102 nw 134 du6 398 nw8 326 | 0.39s/it
round  194 | pool  8192 u max  101.95 | best_c52 0 | c52d6 1 nld6 102 nw 134 du6 401 nw8 327 | 0.39s/it
round  195 | pool  8192 u max  101.95 | best_c52 0 | c52d6 1 nld6 102 nw 134 du6 402 nw8 327 | 0.39s/it
round  196 | pool  8192 u max  101.95 | best_c52 0 | c52d6 1 nld6 102 nw 134 du6 402 nw8 327 | 0.39s/it
round  197 | pool  8192 u max  101.95 | best_c52 0 | c52d6 1 nld6 102 nw 135 du6 404 nw8 329 | 0.39s/it
round  198 | pool  8192 u max  101.95 | best_c52 0 | c52d6 1 nld6 102 nw 135 du6 405 nw8 329 | 0.39s/it
round  199 | pool  8192 u max  101.95 | best_c52 0 | c52d6 1 nld6 102 nw 135 du6 408 nw8 329 | 0.39s/it
round  200 | pool  8192 u max  101.95 | best_c52 0 | c52d6 1 nld6 102 nw 135 du6 408 nw8 329 | 0.39s/it
round  201 | pool  8192 u max  101.95 | best_c52 0 | c52d6 1 nld6 102 nw 135 du6 408 nw8 329 | 0.39s/it
round  202 | pool  8192 u max  101.95 | best_c52 0 | c52d6 1 nld6 102 nw 135 du6 409 nw8 329 | 0.39s/it
round  203 | pool  8192 u max  101.95 | best_c52 0 | c52d6 1 nld6 102 nw 135 du6 414 nw8 334 | 0.39s/it
round  204 | pool  8192 u max  101.95 | best_c52 0 | c52d6 1 nld6 102 nw 135 du6 415 nw8 335 | 0.39s/it
round  205 | pool  8192 u max  101.95 | best_c52 0 | c52d6 1 nld6 102 nw 137 du6 417 nw8 337 | 0.39s/it
round  206 | pool  8192 u max  101.95 | best_c52 0 | c52d6 1 nld6 102 nw 137 du6 419 nw8 337 | 0.39s/it
round  207 | pool  8192 u max  101.95 | best_c52 0 | c52d6 1 nld6 102 nw 137 du6 420 nw8 337 | 0.39s/it
round  208 | pool  8192 u max  101.95 | best_c52 0 | c52d6 1 nld6 102 nw 137 du6 421 nw8 337 | 0.39s/it
round  209 | pool  8192 u max  101.95 | best_c52 0 | c52d6 1 nld6 102 nw 138 du6 427 nw8 342 | 0.39s/it
round  210 | pool  8192 u max  101.95 | best_c52 0 | c52d6 1 nld6 102 nw 138 du6 427 nw8 342 | 0.39s/it
round  211 | pool  8192 u max  101.95 | best_c52 0 | c52d6 1 nld6 102 nw 138 du6 428 nw8 342 | 0.39s/it
round  212 | pool  8192 u max  101.95 | best_c52 0 | c52d6 1 nld6 102 nw 138 du6 429 nw8 343 | 0.39s/it
round  213 | pool  8192 u max  101.95 | best_c52 0 | c52d6 1 nld6 102 nw 139 du6 431 nw8 344 | 0.39s/it
round  214 | pool  8192 u max  101.95 | best_c52 0 | c52d6 1 nld6 102 nw 139 du6 431 nw8 344 | 0.39s/it
round  215 | pool  8192 u max  101.95 | best_c52 0 | c52d6 1 nld6 102 nw 139 du6 434 nw8 345 | 0.39s/it
round  216 | pool  8192 u max  101.95 | best_c52 0 | c52d6 1 nld6 102 nw 139 du6 434 nw8 345 | 0.39s/it
round  217 | pool  8192 u max  101.95 | best_c52 0 | c52d6 1 nld6 102 nw 140 du6 436 nw8 347 | 0.39s/it
round  218 | pool  8192 u max  101.95 | best_c52 0 | c52d6 1 nld6 102 nw 140 du6 436 nw8 347 | 0.39s/it
round  219 | pool  8192 u max  101.95 | best_c52 0 | c52d6 1 nld6 102 nw 141 du6 437 nw8 348 | 0.39s/it
round  220 | pool  8192 u max  101.95 | best_c52 0 | c52d6 1 nld6 102 nw 141 du6 437 nw8 348 | 0.39s/it
round  221 | pool  8192 u max  101.95 | best_c52 0 | c52d6 1 nld6 102 nw 141 du6 438 nw8 348 | 0.39s/it
round  222 | pool  8192 u max  101.95 | best_c52 0 | c52d6 1 nld6 102 nw 142 du6 441 nw8 350 | 0.39s/it
round  223 | pool  8192 u max  101.95 | best_c52 0 | c52d6 1 nld6 102 nw 142 du6 445 nw8 352 | 0.39s/it
round  224 | pool  8192 u max  101.95 | best_c52 0 | c52d6 1 nld6 102 nw 142 du6 446 nw8 352 | 0.39s/it
round  225 | pool  8192 u max  101.95 | best_c52 0 | c52d6 1 nld6 102 nw 142 du6 446 nw8 352 | 0.39s/it
round  226 | pool  8192 u max  101.95 | best_c52 0 | c52d6 1 nld6 102 nw 142 du6 447 nw8 352 | 0.39s/it
round  227 | pool  8192 u max  101.95 | best_c52 0 | c52d6 1 nld6 102 nw 142 du6 449 nw8 353 | 0.39s/it
round  228 | pool  8192 u max  101.95 | best_c52 0 | c52d6 1 nld6 102 nw 142 du6 453 nw8 355 | 0.39s/it
round  229 | pool  8192 u max  101.95 | best_c52 0 | c52d6 1 nld6 102 nw 142 du6 454 nw8 355 | 0.39s/it
round  230 | pool  8192 u max  101.95 | best_c52 0 | c52d6 1 nld6 102 nw 142 du6 455 nw8 356 | 0.39s/it
round  231 | pool  8192 u max  101.95 | best_c52 0 | c52d6 1 nld6 102 nw 142 du6 455 nw8 356 | 0.39s/it
round  232 | pool  8192 u max  101.95 | best_c52 0 | c52d6 1 nld6 102 nw 143 du6 458 nw8 359 | 0.39s/it
round  233 | pool  8192 u max  101.95 | best_c52 0 | c52d6 1 nld6 102 nw 143 du6 458 nw8 359 | 0.39s/it
round  234 | pool  8192 u max  101.95 | best_c52 0 | c52d6 1 nld6 102 nw 143 du6 459 nw8 359 | 0.39s/it
round  235 | pool  8192 u max  101.95 | best_c52 0 | c52d6 1 nld6 102 nw 143 du6 462 nw8 361 | 0.39s/it
round  236 | pool  8192 u max  101.95 | best_c52 0 | c52d6 1 nld6 102 nw 143 du6 463 nw8 361 | 0.39s/it
round  237 | pool  8192 u max  101.95 | best_c52 0 | c52d6 1 nld6 102 nw 143 du6 464 nw8 361 | 0.39s/it
round  238 | pool  8192 u max  101.95 | best_c52 0 | c52d6 1 nld6 102 nw 143 du6 467 nw8 363 | 0.39s/it
round  239 | pool  8192 u max  101.95 | best_c52 0 | c52d6 1 nld6 102 nw 143 du6 467 nw8 363 | 0.39s/it
round  240 | pool  8192 u max  101.95 | best_c52 0 | c52d6 1 nld6 102 nw 143 du6 470 nw8 363 | 0.39s/it
round  241 | pool  8192 u max  101.95 | best_c52 0 | c52d6 1 nld6 102 nw 143 du6 471 nw8 363 | 0.39s/it
round  242 | pool  8192 u max  101.95 | best_c52 0 | c52d6 1 nld6 102 nw 143 du6 472 nw8 363 | 0.39s/it
round  243 | pool  8192 u max  101.95 | best_c52 0 | c52d6 1 nld6 102 nw 144 du6 474 nw8 364 | 0.39s/it
round  244 | pool  8192 u max  101.95 | best_c52 0 | c52d6 1 nld6 102 nw 144 du6 477 nw8 367 | 0.39s/it
round  245 | pool  8192 u max  101.95 | best_c52 0 | c52d6 1 nld6 102 nw 144 du6 477 nw8 367 | 0.39s/it
round  246 | pool  8192 u max  101.95 | best_c52 0 | c52d6 1 nld6 102 nw 145 du6 479 nw8 368 | 0.39s/it
round  247 | pool  8192 u max  101.95 | best_c52 0 | c52d6 1 nld6 102 nw 145 du6 480 nw8 369 | 0.39s/it
round  248 | pool  8192 u max  101.95 | best_c52 0 | c52d6 1 nld6 102 nw 145 du6 484 nw8 372 | 0.39s/it
round  249 | pool  8192 u max  101.95 | best_c52 0 | c52d6 1 nld6 102 nw 145 du6 484 nw8 372 | 0.39s/it
round  250 | pool  8192 u max  101.95 | best_c52 0 | c52d6 1 nld6 102 nw 145 du6 487 nw8 373 | 0.39s/it
round  251 | pool  8192 u max  101.95 | best_c52 0 | c52d6 1 nld6 102 nw 146 du6 490 nw8 376 | 0.39s/it
round  252 | pool  8192 u max  101.95 | best_c52 0 | c52d6 1 nld6 102 nw 146 du6 492 nw8 378 | 0.39s/it
round  253 | pool  8192 u max  101.95 | best_c52 0 | c52d6 1 nld6 102 nw 146 du6 493 nw8 379 | 0.39s/it
round  254 | pool  8192 u max  101.95 | best_c52 0 | c52d6 1 nld6 102 nw 146 du6 493 nw8 379 | 0.39s/it
round  255 | pool  8192 u max  101.95 | best_c52 0 | c52d6 1 nld6 102 nw 146 du6 495 nw8 379 | 0.39s/it
round  256 | pool  8192 u max  101.95 | best_c52 0 | c52d6 1 nld6 102 nw 146 du6 497 nw8 380 | 0.39s/it
round  257 | pool  8192 u max  101.95 | best_c52 0 | c52d6 1 nld6 102 nw 146 du6 500 nw8 380 | 0.39s/it
round  258 | pool  8192 u max  101.95 | best_c52 0 | c52d6 1 nld6 102 nw 146 du6 505 nw8 383 | 0.39s/it
round  259 | pool  8192 u max  101.95 | best_c52 0 | c52d6 1 nld6 102 nw 147 du6 510 nw8 386 | 0.39s/it
round  260 | pool  8192 u max  101.95 | best_c52 0 | c52d6 1 nld6 102 nw 147 du6 510 nw8 386 | 0.39s/it
round  261 | pool  8192 u max  101.95 | best_c52 0 | c52d6 1 nld6 102 nw 147 du6 511 nw8 387 | 0.39s/it
round  262 | pool  8192 u max  101.95 | best_c52 0 | c52d6 1 nld6 102 nw 147 du6 513 nw8 389 | 0.39s/it
round  263 | pool  8192 u max  101.95 | best_c52 0 | c52d6 1 nld6 102 nw 147 du6 514 nw8 390 | 0.39s/it
round  264 | pool  8192 u max  101.95 | best_c52 0 | c52d6 1 nld6 102 nw 148 du6 518 nw8 393 | 0.39s/it
round  265 | pool  8192 u max  101.95 | best_c52 0 | c52d6 1 nld6 102 nw 149 du6 519 nw8 394 | 0.39s/it
round  266 | pool  8192 u max  101.95 | best_c52 0 | c52d6 1 nld6 102 nw 149 du6 520 nw8 395 | 0.39s/it
round  267 | pool  8192 u max  101.95 | best_c52 0 | c52d6 1 nld6 102 nw 149 du6 522 nw8 396 | 0.39s/it
round  268 | pool  8192 u max  101.95 | best_c52 0 | c52d6 1 nld6 102 nw 150 du6 524 nw8 397 | 0.39s/it
round  269 | pool  8192 u max  101.95 | best_c52 0 | c52d6 1 nld6 102 nw 150 du6 524 nw8 397 | 0.39s/it
round  270 | pool  8192 u max  101.95 | best_c52 0 | c52d6 1 nld6 102 nw 150 du6 526 nw8 397 | 0.39s/it
round  271 | pool  8192 u max  101.95 | best_c52 0 | c52d6 1 nld6 102 nw 150 du6 527 nw8 398 | 0.39s/it
round  272 | pool  8192 u max  101.95 | best_c52 0 | c52d6 1 nld6 102 nw 150 du6 528 nw8 399 | 0.39s/it
round  273 | pool  8192 u max  101.95 | best_c52 0 | c52d6 1 nld6 102 nw 150 du6 530 nw8 400 | 0.39s/it
round  274 | pool  8192 u max  101.95 | best_c52 0 | c52d6 1 nld6 102 nw 150 du6 531 nw8 401 | 0.39s/it
round  275 | pool  8192 u max  101.95 | best_c52 0 | c52d6 1 nld6 102 nw 150 du6 531 nw8 401 | 0.39s/it
round  276 | pool  8192 u max  101.95 | best_c52 0 | c52d6 1 nld6 102 nw 150 du6 533 nw8 401 | 0.39s/it
round  277 | pool  8192 u max  101.95 | best_c52 0 | c52d6 1 nld6 102 nw 150 du6 535 nw8 402 | 0.39s/it
round  278 | pool  8192 u max  101.95 | best_c52 0 | c52d6 1 nld6 102 nw 150 du6 538 nw8 403 | 0.39s/it
round  279 | pool  8192 u max  101.95 | best_c52 0 | c52d6 1 nld6 102 nw 150 du6 538 nw8 403 | 0.39s/it
round  280 | pool  8192 u max  101.95 | best_c52 0 | c52d6 1 nld6 102 nw 150 du6 542 nw8 407 | 0.39s/it
round  281 | pool  8192 u max  101.95 | best_c52 0 | c52d6 1 nld6 102 nw 150 du6 543 nw8 407 | 0.39s/it
round  282 | pool  8192 u max  101.95 | best_c52 0 | c52d6 1 nld6 102 nw 150 du6 543 nw8 407 | 0.39s/it
round  283 | pool  8192 u max  101.95 | best_c52 0 | c52d6 1 nld6 102 nw 150 du6 543 nw8 407 | 0.39s/it
round  284 | pool  8192 u max  101.95 | best_c52 0 | c52d6 1 nld6 102 nw 150 du6 545 nw8 408 | 0.39s/it
round  285 | pool  8192 u max  101.95 | best_c52 0 | c52d6 1 nld6 102 nw 150 du6 546 nw8 409 | 0.39s/it
round  286 | pool  8192 u max  101.95 | best_c52 0 | c52d6 1 nld6 102 nw 150 du6 548 nw8 409 | 0.39s/it
round  287 | pool  8192 u max  101.95 | best_c52 0 | c52d6 1 nld6 102 nw 150 du6 549 nw8 410 | 0.39s/it
round  288 | pool  8192 u max  101.95 | best_c52 0 | c52d6 1 nld6 102 nw 150 du6 551 nw8 411 | 0.39s/it
round  289 | pool  8192 u max  101.95 | best_c52 0 | c52d6 1 nld6 102 nw 150 du6 552 nw8 412 | 0.39s/it
round  290 | pool  8192 u max  101.95 | best_c52 0 | c52d6 1 nld6 102 nw 150 du6 554 nw8 414 | 0.39s/it
round  291 | pool  8192 u max  101.95 | best_c52 0 | c52d6 1 nld6 102 nw 150 du6 555 nw8 415 | 0.39s/it
round  292 | pool  8192 u max  101.95 | best_c52 0 | c52d6 1 nld6 102 nw 150 du6 556 nw8 415 | 0.39s/it
round  293 | pool  8192 u max  101.95 | best_c52 0 | c52d6 1 nld6 102 nw 150 du6 556 nw8 415 | 0.39s/it
round  294 | pool  8192 u max  101.95 | best_c52 0 | c52d6 1 nld6 102 nw 150 du6 559 nw8 416 | 0.39s/it
round  295 | pool  8192 u max  101.95 | best_c52 0 | c52d6 1 nld6 102 nw 151 du6 562 nw8 418 | 0.39s/it
round  296 | pool  8192 u max  101.95 | best_c52 0 | c52d6 1 nld6 102 nw 152 du6 565 nw8 421 | 0.39s/it
round  297 | pool  8192 u max  101.95 | best_c52 0 | c52d6 1 nld6 102 nw 153 du6 568 nw8 424 | 0.39s/it
round  298 | pool  8192 u max  101.95 | best_c52 0 | c52d6 1 nld6 102 nw 153 du6 569 nw8 425 | 0.39s/it
round  299 | pool  8192 u max  101.95 | best_c52 0 | c52d6 1 nld6 102 nw 154 du6 573 nw8 429 | 0.39s/it
round  300 | pool  8192 u max  101.95 | best_c52 0 | c52d6 1 nld6 102 nw 154 du6 575 nw8 431 | 0.39s/it
round  301 | pool  8192 u max  101.95 | best_c52 0 | c52d6 1 nld6 102 nw 155 du6 579 nw8 434 | 0.39s/it
round  302 | pool  8192 u max  101.95 | best_c52 0 | c52d6 1 nld6 102 nw 155 du6 582 nw8 436 | 0.39s/it
round  303 | pool  8192 u max  101.95 | best_c52 0 | c52d6 1 nld6 102 nw 155 du6 585 nw8 438 | 0.39s/it
round  304 | pool  8192 u max  101.95 | best_c52 0 | c52d6 1 nld6 102 nw 155 du6 586 nw8 438 | 0.39s/it
round  305 | pool  8192 u max  101.95 | best_c52 0 | c52d6 1 nld6 102 nw 155 du6 587 nw8 439 | 0.39s/it
round  306 | pool  8192 u max  101.95 | best_c52 0 | c52d6 1 nld6 102 nw 155 du6 588 nw8 440 | 0.39s/it
round  307 | pool  8192 u max  101.95 | best_c52 0 | c52d6 1 nld6 102 nw 155 du6 590 nw8 441 | 0.39s/it
round  308 | pool  8192 u max  101.95 | best_c52 0 | c52d6 1 nld6 102 nw 155 du6 591 nw8 442 | 0.39s/it
round  309 | pool  8192 u max  101.95 | best_c52 0 | c52d6 1 nld6 102 nw 155 du6 591 nw8 442 | 0.39s/it
round  310 | pool  8192 u max  101.95 | best_c52 0 | c52d6 1 nld6 102 nw 155 du6 592 nw8 442 | 0.39s/it
round  311 | pool  8192 u max  101.95 | best_c52 0 | c52d6 1 nld6 102 nw 155 du6 594 nw8 444 | 0.39s/it
round  312 | pool  8192 u max  101.95 | best_c52 0 | c52d6 1 nld6 102 nw 155 du6 594 nw8 444 | 0.39s/it
round  313 | pool  8192 u max  101.95 | best_c52 0 | c52d6 1 nld6 102 nw 156 du6 595 nw8 445 | 0.39s/it
round  314 | pool  8192 u max  101.95 | best_c52 0 | c52d6 1 nld6 102 nw 156 du6 595 nw8 445 | 0.39s/it
round  315 | pool  8192 u max  101.95 | best_c52 0 | c52d6 1 nld6 102 nw 156 du6 596 nw8 445 | 0.39s/it
round  316 | pool  8192 u max  101.95 | best_c52 0 | c52d6 1 nld6 102 nw 156 du6 598 nw8 447 | 0.39s/it
round  317 | pool  8192 u max  101.95 | best_c52 0 | c52d6 1 nld6 102 nw 156 du6 599 nw8 448 | 0.39s/it
round  318 | pool  8192 u max  101.95 | best_c52 0 | c52d6 1 nld6 102 nw 156 du6 603 nw8 449 | 0.39s/it
round  319 | pool  8192 u max  101.95 | best_c52 0 | c52d6 1 nld6 102 nw 156 du6 605 nw8 451 | 0.39s/it
round  320 | pool  8192 u max  101.95 | best_c52 0 | c52d6 1 nld6 102 nw 156 du6 606 nw8 451 | 0.39s/it
round  321 | pool  8192 u max  101.95 | best_c52 0 | c52d6 1 nld6 102 nw 156 du6 606 nw8 451 | 0.39s/it
round  322 | pool  8192 u max  101.95 | best_c52 0 | c52d6 1 nld6 102 nw 156 du6 607 nw8 451 | 0.39s/it
round  323 | pool  8192 u max  101.95 | best_c52 0 | c52d6 1 nld6 102 nw 156 du6 610 nw8 453 | 0.39s/it
round  324 | pool  8192 u max  101.95 | best_c52 0 | c52d6 1 nld6 102 nw 156 du6 611 nw8 453 | 0.39s/it
round  325 | pool  8192 u max  101.95 | best_c52 0 | c52d6 1 nld6 102 nw 156 du6 613 nw8 454 | 0.39s/it
round  326 | pool  8192 u max  101.95 | best_c52 0 | c52d6 1 nld6 102 nw 156 du6 615 nw8 456 | 0.39s/it
round  327 | pool  8192 u max  101.95 | best_c52 0 | c52d6 1 nld6 102 nw 156 du6 615 nw8 456 | 0.39s/it
round  328 | pool  8192 u max  101.95 | best_c52 0 | c52d6 1 nld6 102 nw 156 du6 616 nw8 456 | 0.39s/it
round  329 | pool  8192 u max  101.95 | best_c52 0 | c52d6 1 nld6 102 nw 156 du6 621 nw8 459 | 0.39s/it
round  330 | pool  8192 u max  101.95 | best_c52 0 | c52d6 1 nld6 102 nw 156 du6 622 nw8 459 | 0.39s/it
round  331 | pool  8192 u max  101.95 | best_c52 0 | c52d6 1 nld6 102 nw 156 du6 623 nw8 460 | 0.39s/it
round  332 | pool  8192 u max  101.95 | best_c52 0 | c52d6 1 nld6 102 nw 157 du6 628 nw8 463 | 0.39s/it
round  333 | pool  8192 u max  101.95 | best_c52 0 | c52d6 1 nld6 102 nw 157 du6 628 nw8 463 | 0.39s/it
round  334 | pool  8192 u max  101.95 | best_c52 0 | c52d6 1 nld6 102 nw 157 du6 629 nw8 463 | 0.39s/it
round  335 | pool  8192 u max  101.95 | best_c52 0 | c52d6 1 nld6 102 nw 158 du6 634 nw8 467 | 0.39s/it
round  336 | pool  8192 u max  101.95 | best_c52 0 | c52d6 1 nld6 102 nw 158 du6 637 nw8 470 | 0.39s/it
round  337 | pool  8192 u max  101.95 | best_c52 0 | c52d6 1 nld6 102 nw 159 du6 639 nw8 472 | 0.39s/it
round  338 | pool  8192 u max  101.95 | best_c52 0 | c52d6 1 nld6 102 nw 159 du6 642 nw8 473 | 0.39s/it
round  339 | pool  8192 u max  101.95 | best_c52 0 | c52d6 1 nld6 102 nw 159 du6 644 nw8 474 | 0.39s/it
round  340 | pool  8192 u max  101.95 | best_c52 0 | c52d6 1 nld6 102 nw 159 du6 644 nw8 474 | 0.39s/it
round  341 | pool  8192 u max  101.95 | best_c52 0 | c52d6 1 nld6 102 nw 159 du6 647 nw8 477 | 0.39s/it
round  342 | pool  8192 u max  101.95 | best_c52 0 | c52d6 1 nld6 102 nw 159 du6 648 nw8 477 | 0.39s/it
round  343 | pool  8192 u max  101.95 | best_c52 0 | c52d6 1 nld6 102 nw 159 du6 650 nw8 478 | 0.39s/it
round  344 | pool  8192 u max  101.95 | best_c52 0 | c52d6 1 nld6 102 nw 159 du6 651 nw8 479 | 0.39s/it
round  345 | pool  8192 u max  101.95 | best_c52 0 | c52d6 1 nld6 102 nw 160 du6 654 nw8 481 | 0.39s/it
round  346 | pool  8192 u max  101.95 | best_c52 0 | c52d6 1 nld6 102 nw 160 du6 656 nw8 483 | 0.39s/it
round  347 | pool  8192 u max  101.95 | best_c52 0 | c52d6 1 nld6 102 nw 160 du6 659 nw8 485 | 0.39s/it
round  348 | pool  8192 u max  101.95 | best_c52 0 | c52d6 1 nld6 102 nw 160 du6 662 nw8 485 | 0.39s/it
round  349 | pool  8192 u max  101.95 | best_c52 0 | c52d6 1 nld6 102 nw 161 du6 666 nw8 488 | 0.39s/it
round  350 | pool  8192 u max  101.95 | best_c52 0 | c52d6 1 nld6 102 nw 161 du6 666 nw8 488 | 0.39s/it
round  351 | pool  8192 u max  101.95 | best_c52 0 | c52d6 1 nld6 102 nw 161 du6 669 nw8 489 | 0.39s/it
round  352 | pool  8192 u max  101.95 | best_c52 0 | c52d6 1 nld6 102 nw 161 du6 669 nw8 489 | 0.39s/it
round  353 | pool  8192 u max  101.95 | best_c52 0 | c52d6 1 nld6 102 nw 161 du6 669 nw8 489 | 0.39s/it
round  354 | pool  8192 u max  101.95 | best_c52 0 | c52d6 1 nld6 102 nw 162 du6 672 nw8 491 | 0.39s/it
round  355 | pool  8192 u max  101.95 | best_c52 0 | c52d6 1 nld6 102 nw 163 du6 673 nw8 492 | 0.39s/it
round  356 | pool  8192 u max  101.95 | best_c52 0 | c52d6 1 nld6 102 nw 163 du6 674 nw8 492 | 0.39s/it
round  357 | pool  8192 u max  101.95 | best_c52 0 | c52d6 1 nld6 102 nw 165 du6 677 nw8 494 | 0.39s/it
round  358 | pool  8192 u max  101.95 | best_c52 0 | c52d6 1 nld6 102 nw 165 du6 679 nw8 495 | 0.39s/it
round  359 | pool  8192 u max  101.95 | best_c52 0 | c52d6 1 nld6 102 nw 166 du6 683 nw8 497 | 0.39s/it
round  360 | pool  8192 u max  101.95 | best_c52 0 | c52d6 1 nld6 102 nw 167 du6 688 nw8 501 | 0.39s/it
round  361 | pool  8192 u max  101.95 | best_c52 0 | c52d6 1 nld6 102 nw 167 du6 688 nw8 501 | 0.39s/it
round  362 | pool  8192 u max  101.95 | best_c52 0 | c52d6 1 nld6 102 nw 167 du6 691 nw8 502 | 0.39s/it
round  363 | pool  8192 u max  101.95 | best_c52 0 | c52d6 1 nld6 102 nw 167 du6 694 nw8 504 | 0.39s/it
round  364 | pool  8192 u max  101.95 | best_c52 0 | c52d6 1 nld6 102 nw 167 du6 696 nw8 505 | 0.39s/it
round  365 | pool  8192 u max  101.95 | best_c52 0 | c52d6 1 nld6 102 nw 167 du6 697 nw8 506 | 0.39s/it
round  366 | pool  8192 u max  101.95 | best_c52 0 | c52d6 1 nld6 102 nw 167 du6 698 nw8 506 | 0.39s/it
round  367 | pool  8192 u max  101.95 | best_c52 0 | c52d6 1 nld6 102 nw 167 du6 702 nw8 509 | 0.39s/it
round  368 | pool  8192 u max  101.95 | best_c52 0 | c52d6 1 nld6 102 nw 167 du6 702 nw8 509 | 0.39s/it
round  369 | pool  8192 u max  101.95 | best_c52 0 | c52d6 1 nld6 102 nw 167 du6 704 nw8 510 | 0.39s/it
round  370 | pool  8192 u max  101.95 | best_c52 0 | c52d6 1 nld6 102 nw 167 du6 707 nw8 512 | 0.39s/it
round  371 | pool  8192 u max  101.95 | best_c52 0 | c52d6 1 nld6 102 nw 168 du6 709 nw8 514 | 0.39s/it
round  372 | pool  8192 u max  101.95 | best_c52 0 | c52d6 1 nld6 102 nw 168 du6 710 nw8 515 | 0.39s/it
round  373 | pool  8192 u max  101.95 | best_c52 0 | c52d6 1 nld6 102 nw 168 du6 712 nw8 516 | 0.39s/it
round  374 | pool  8192 u max  101.95 | best_c52 0 | c52d6 1 nld6 102 nw 168 du6 713 nw8 516 | 0.39s/it
round  375 | pool  8192 u max  101.95 | best_c52 0 | c52d6 1 nld6 102 nw 169 du6 714 nw8 517 | 0.39s/it
round  376 | pool  8192 u max  101.95 | best_c52 0 | c52d6 1 nld6 102 nw 169 du6 715 nw8 517 | 0.39s/it
round  377 | pool  8192 u max  101.95 | best_c52 0 | c52d6 1 nld6 102 nw 169 du6 716 nw8 518 | 0.39s/it
round  378 | pool  8192 u max  101.95 | best_c52 0 | c52d6 1 nld6 102 nw 169 du6 717 nw8 519 | 0.39s/it
round  379 | pool  8192 u max  101.95 | best_c52 0 | c52d6 1 nld6 102 nw 170 du6 718 nw8 520 | 0.39s/it
round  380 | pool  8192 u max  101.95 | best_c52 0 | c52d6 1 nld6 102 nw 170 du6 720 nw8 522 | 0.39s/it
round  381 | pool  8192 u max  101.95 | best_c52 0 | c52d6 1 nld6 102 nw 170 du6 723 nw8 523 | 0.39s/it
round  382 | pool  8192 u max  101.95 | best_c52 0 | c52d6 1 nld6 102 nw 171 du6 724 nw8 524 | 0.39s/it
round  383 | pool  8192 u max  101.95 | best_c52 0 | c52d6 1 nld6 102 nw 171 du6 727 nw8 524 | 0.39s/it
round  384 | pool  8192 u max  101.95 | best_c52 0 | c52d6 1 nld6 102 nw 171 du6 729 nw8 524 | 0.39s/it
round  385 | pool  8192 u max  101.95 | best_c52 0 | c52d6 1 nld6 102 nw 171 du6 732 nw8 526 | 0.39s/it
round  386 | pool  8192 u max  101.95 | best_c52 0 | c52d6 1 nld6 102 nw 172 du6 734 nw8 527 | 0.39s/it
round  387 | pool  8192 u max  101.95 | best_c52 0 | c52d6 1 nld6 102 nw 172 du6 734 nw8 527 | 0.39s/it
round  388 | pool  8192 u max  101.95 | best_c52 0 | c52d6 1 nld6 102 nw 172 du6 737 nw8 529 | 0.39s/it
round  389 | pool  8192 u max  101.95 | best_c52 0 | c52d6 1 nld6 102 nw 172 du6 740 nw8 531 | 0.39s/it
round  390 | pool  8192 u max  101.95 | best_c52 0 | c52d6 1 nld6 102 nw 172 du6 743 nw8 534 | 0.39s/it
round  391 | pool  8192 u max  101.95 | best_c52 0 | c52d6 1 nld6 102 nw 172 du6 746 nw8 535 | 0.39s/it
round  392 | pool  8192 u max  101.95 | best_c52 0 | c52d6 1 nld6 102 nw 172 du6 747 nw8 536 | 0.39s/it
round  393 | pool  8192 u max  101.95 | best_c52 0 | c52d6 1 nld6 102 nw 172 du6 750 nw8 538 | 0.39s/it
round  394 | pool  8192 u max  101.95 | best_c52 0 | c52d6 1 nld6 102 nw 173 du6 753 nw8 539 | 0.39s/it
round  395 | pool  8192 u max  101.95 | best_c52 0 | c52d6 1 nld6 102 nw 173 du6 754 nw8 539 | 0.39s/it
round  396 | pool  8192 u max  101.95 | best_c52 0 | c52d6 1 nld6 102 nw 173 du6 756 nw8 540 | 0.39s/it
round  397 | pool  8192 u max  101.95 | best_c52 0 | c52d6 1 nld6 102 nw 173 du6 756 nw8 540 | 0.39s/it
round  398 | pool  8192 u max  101.95 | best_c52 0 | c52d6 1 nld6 102 nw 173 du6 759 nw8 543 | 0.39s/it
round  399 | pool  8192 u max  101.95 | best_c52 0 | c52d6 1 nld6 102 nw 174 du6 763 nw8 546 | 0.39s/it
round  400 | pool  8192 u max  101.95 | best_c52 0 | c52d6 1 nld6 102 nw 174 du6 765 nw8 547 | 0.39s/it
round  401 | pool  8192 u max  101.95 | best_c52 0 | c52d6 1 nld6 102 nw 175 du6 767 nw8 549 | 0.39s/it
round  402 | pool  8192 u max  101.95 | best_c52 0 | c52d6 1 nld6 102 nw 175 du6 768 nw8 550 | 0.39s/it
round  403 | pool  8192 u max  101.95 | best_c52 0 | c52d6 1 nld6 102 nw 175 du6 769 nw8 551 | 0.39s/it
round  404 | pool  8192 u max  101.95 | best_c52 0 | c52d6 1 nld6 102 nw 175 du6 770 nw8 552 | 0.39s/it
round  405 | pool  8192 u max  101.95 | best_c52 0 | c52d6 1 nld6 102 nw 175 du6 771 nw8 553 | 0.39s/it
round  406 | pool  8192 u max  101.95 | best_c52 0 | c52d6 1 nld6 102 nw 176 du6 772 nw8 554 | 0.39s/it
round  407 | pool  8192 u max  101.95 | best_c52 0 | c52d6 1 nld6 102 nw 176 du6 773 nw8 555 | 0.39s/it
round  408 | pool  8192 u max  101.95 | best_c52 0 | c52d6 1 nld6 102 nw 176 du6 775 nw8 557 | 0.39s/it
round  409 | pool  8192 u max  101.95 | best_c52 0 | c52d6 1 nld6 102 nw 176 du6 776 nw8 557 | 0.39s/it
round  410 | pool  8192 u max  101.95 | best_c52 0 | c52d6 1 nld6 102 nw 177 du6 778 nw8 559 | 0.39s/it
round  411 | pool  8192 u max  101.95 | best_c52 0 | c52d6 1 nld6 102 nw 177 du6 781 nw8 560 | 0.39s/it
round  412 | pool  8192 u max  101.95 | best_c52 0 | c52d6 1 nld6 102 nw 177 du6 782 nw8 560 | 0.39s/it
round  413 | pool  8192 u max  101.95 | best_c52 0 | c52d6 1 nld6 102 nw 177 du6 787 nw8 561 | 0.39s/it
round  414 | pool  8192 u max  101.95 | best_c52 0 | c52d6 1 nld6 102 nw 178 du6 788 nw8 562 | 0.39s/it
round  415 | pool  8192 u max  101.95 | best_c52 0 | c52d6 1 nld6 102 nw 178 du6 789 nw8 563 | 0.39s/it
round  416 | pool  8192 u max  101.95 | best_c52 0 | c52d6 1 nld6 102 nw 179 du6 792 nw8 566 | 0.39s/it
round  417 | pool  8192 u max  101.95 | best_c52 0 | c52d6 1 nld6 102 nw 179 du6 796 nw8 568 | 0.39s/it
round  418 | pool  8192 u max  101.95 | best_c52 0 | c52d6 1 nld6 102 nw 179 du6 796 nw8 568 | 0.39s/it
round  419 | pool  8192 u max  101.95 | best_c52 0 | c52d6 1 nld6 102 nw 179 du6 796 nw8 568 | 0.39s/it
round  420 | pool  8192 u max  101.95 | best_c52 0 | c52d6 1 nld6 102 nw 179 du6 796 nw8 568 | 0.39s/it
round  421 | pool  8192 u max  101.95 | best_c52 0 | c52d6 1 nld6 102 nw 180 du6 798 nw8 569 | 0.39s/it
round  422 | pool  8192 u max  101.95 | best_c52 0 | c52d6 1 nld6 102 nw 180 du6 801 nw8 571 | 0.39s/it
round  423 | pool  8192 u max  101.95 | best_c52 0 | c52d6 1 nld6 102 nw 181 du6 802 nw8 572 | 0.39s/it
round  424 | pool  8192 u max  101.95 | best_c52 0 | c52d6 1 nld6 102 nw 181 du6 802 nw8 572 | 0.39s/it
round  425 | pool  8192 u max  101.95 | best_c52 0 | c52d6 1 nld6 102 nw 181 du6 806 nw8 574 | 0.39s/it
round  426 | pool  8192 u max  101.95 | best_c52 0 | c52d6 1 nld6 102 nw 181 du6 808 nw8 575 | 0.39s/it
round  427 | pool  8192 u max  101.95 | best_c52 0 | c52d6 1 nld6 102 nw 181 du6 810 nw8 576 | 0.39s/it
round  428 | pool  8192 u max  101.95 | best_c52 0 | c52d6 1 nld6 102 nw 182 du6 811 nw8 577 | 0.39s/it
round  429 | pool  8192 u max  101.95 | best_c52 0 | c52d6 1 nld6 102 nw 182 du6 811 nw8 577 | 0.39s/it
round  430 | pool  8192 u max  101.95 | best_c52 0 | c52d6 1 nld6 102 nw 182 du6 811 nw8 577 | 0.39s/it
round  431 | pool  8192 u max  101.95 | best_c52 0 | c52d6 1 nld6 102 nw 182 du6 813 nw8 577 | 0.39s/it
round  432 | pool  8192 u max  101.95 | best_c52 0 | c52d6 1 nld6 102 nw 183 du6 816 nw8 579 | 0.39s/it
round  433 | pool  8192 u max  101.95 | best_c52 0 | c52d6 1 nld6 102 nw 183 du6 816 nw8 579 | 0.39s/it
round  434 | pool  8192 u max  101.95 | best_c52 0 | c52d6 1 nld6 102 nw 183 du6 818 nw8 581 | 0.39s/it
round  435 | pool  8192 u max  101.95 | best_c52 0 | c52d6 1 nld6 102 nw 183 du6 819 nw8 582 | 0.39s/it
round  436 | pool  8192 u max  101.95 | best_c52 0 | c52d6 1 nld6 102 nw 184 du6 821 nw8 583 | 0.39s/it
round  437 | pool  8192 u max  101.95 | best_c52 0 | c52d6 1 nld6 102 nw 184 du6 824 nw8 586 | 0.39s/it
round  438 | pool  8192 u max  101.95 | best_c52 0 | c52d6 1 nld6 102 nw 184 du6 825 nw8 586 | 0.39s/it
round  439 | pool  8192 u max  101.95 | best_c52 0 | c52d6 1 nld6 102 nw 184 du6 825 nw8 586 | 0.39s/it
round  440 | pool  8192 u max  101.95 | best_c52 0 | c52d6 1 nld6 102 nw 184 du6 827 nw8 587 | 0.39s/it
round  441 | pool  8192 u max  101.95 | best_c52 0 | c52d6 1 nld6 102 nw 184 du6 830 nw8 589 | 0.39s/it
round  442 | pool  8192 u max  101.95 | best_c52 0 | c52d6 1 nld6 102 nw 184 du6 831 nw8 590 | 0.39s/it
round  443 | pool  8192 u max  101.95 | best_c52 0 | c52d6 1 nld6 102 nw 184 du6 832 nw8 591 | 0.39s/it
round  444 | pool  8192 u max  101.95 | best_c52 0 | c52d6 1 nld6 102 nw 184 du6 832 nw8 591 | 0.39s/it
round  445 | pool  8192 u max  101.95 | best_c52 0 | c52d6 1 nld6 102 nw 184 du6 833 nw8 591 | 0.39s/it
round  446 | pool  8192 u max  101.95 | best_c52 0 | c52d6 1 nld6 102 nw 185 du6 837 nw8 593 | 0.39s/it
round  447 | pool  8192 u max  101.95 | best_c52 0 | c52d6 1 nld6 102 nw 185 du6 837 nw8 593 | 0.39s/it
round  448 | pool  8192 u max  101.95 | best_c52 0 | c52d6 1 nld6 102 nw 185 du6 839 nw8 594 | 0.39s/it
round  449 | pool  8192 u max  101.95 | best_c52 0 | c52d6 1 nld6 102 nw 186 du6 841 nw8 595 | 0.39s/it
round  450 | pool  8192 u max  101.95 | best_c52 0 | c52d6 1 nld6 102 nw 186 du6 846 nw8 598 | 0.39s/it
round  451 | pool  8192 u max  101.95 | best_c52 0 | c52d6 1 nld6 102 nw 186 du6 849 nw8 600 | 0.39s/it
round  452 | pool  8192 u max  101.95 | best_c52 0 | c52d6 1 nld6 102 nw 186 du6 852 nw8 602 | 0.39s/it
round  453 | pool  8192 u max  101.95 | best_c52 0 | c52d6 1 nld6 102 nw 186 du6 855 nw8 603 | 0.39s/it
round  454 | pool  8192 u max  101.95 | best_c52 0 | c52d6 1 nld6 102 nw 186 du6 857 nw8 604 | 0.39s/it
round  455 | pool  8192 u max  101.95 | best_c52 0 | c52d6 1 nld6 102 nw 186 du6 858 nw8 605 | 0.39s/it
round  456 | pool  8192 u max  101.95 | best_c52 0 | c52d6 1 nld6 102 nw 186 du6 860 nw8 607 | 0.39s/it
round  457 | pool  8192 u max  101.95 | best_c52 0 | c52d6 1 nld6 102 nw 186 du6 863 nw8 608 | 0.39s/it
round  458 | pool  8192 u max  101.95 | best_c52 0 | c52d6 1 nld6 102 nw 186 du6 864 nw8 609 | 0.39s/it
round  459 | pool  8192 u max  101.95 | best_c52 0 | c52d6 1 nld6 102 nw 186 du6 867 nw8 611 | 0.39s/it
round  460 | pool  8192 u max  101.95 | best_c52 0 | c52d6 1 nld6 102 nw 186 du6 868 nw8 611 | 0.39s/it
round  461 | pool  8192 u max  101.95 | best_c52 0 | c52d6 1 nld6 102 nw 187 du6 870 nw8 612 | 0.39s/it
round  462 | pool  8192 u max  101.95 | best_c52 0 | c52d6 1 nld6 102 nw 187 du6 871 nw8 612 | 0.39s/it
round  463 | pool  8192 u max  101.95 | best_c52 0 | c52d6 1 nld6 102 nw 187 du6 874 nw8 614 | 0.39s/it
round  464 | pool  8192 u max  101.95 | best_c52 0 | c52d6 1 nld6 102 nw 187 du6 874 nw8 614 | 0.39s/it
round  465 | pool  8192 u max  101.95 | best_c52 0 | c52d6 1 nld6 102 nw 188 du6 875 nw8 615 | 0.39s/it
round  466 | pool  8192 u max  101.95 | best_c52 0 | c52d6 1 nld6 102 nw 188 du6 876 nw8 615 | 0.39s/it
round  467 | pool  8192 u max  101.95 | best_c52 0 | c52d6 1 nld6 102 nw 188 du6 878 nw8 617 | 0.39s/it
round  468 | pool  8192 u max  101.95 | best_c52 0 | c52d6 1 nld6 102 nw 188 du6 880 nw8 617 | 0.39s/it
round  469 | pool  8192 u max  101.95 | best_c52 0 | c52d6 1 nld6 102 nw 188 du6 881 nw8 617 | 0.39s/it
round  470 | pool  8192 u max  101.95 | best_c52 0 | c52d6 1 nld6 102 nw 188 du6 883 nw8 618 | 0.39s/it
round  471 | pool  8192 u max  101.95 | best_c52 0 | c52d6 1 nld6 102 nw 188 du6 883 nw8 618 | 0.39s/it
round  472 | pool  8192 u max  101.95 | best_c52 0 | c52d6 1 nld6 102 nw 188 du6 884 nw8 619 | 0.39s/it
round  473 | pool  8192 u max  101.95 | best_c52 0 | c52d6 1 nld6 102 nw 188 du6 889 nw8 623 | 0.39s/it
round  474 | pool  8192 u max  101.95 | best_c52 0 | c52d6 1 nld6 102 nw 189 du6 891 nw8 624 | 0.39s/it
round  475 | pool  8192 u max  101.95 | best_c52 0 | c52d6 1 nld6 102 nw 190 du6 896 nw8 628 | 0.39s/it
round  476 | pool  8192 u max  101.95 | best_c52 0 | c52d6 1 nld6 102 nw 190 du6 898 nw8 628 | 0.39s/it
round  477 | pool  8192 u max  101.95 | best_c52 0 | c52d6 1 nld6 102 nw 190 du6 899 nw8 628 | 0.39s/it
round  478 | pool  8192 u max  101.95 | best_c52 0 | c52d6 1 nld6 102 nw 190 du6 901 nw8 629 | 0.39s/it
round  479 | pool  8192 u max  101.95 | best_c52 0 | c52d6 1 nld6 102 nw 190 du6 902 nw8 630 | 0.39s/it
round  480 | pool  8192 u max  101.95 | best_c52 0 | c52d6 1 nld6 102 nw 190 du6 904 nw8 631 | 0.39s/it
round  481 | pool  8192 u max  101.95 | best_c52 0 | c52d6 1 nld6 102 nw 190 du6 905 nw8 631 | 0.39s/it
round  482 | pool  8192 u max  101.95 | best_c52 0 | c52d6 1 nld6 102 nw 190 du6 907 nw8 633 | 0.39s/it
round  483 | pool  8192 u max  101.95 | best_c52 0 | c52d6 1 nld6 102 nw 190 du6 908 nw8 634 | 0.39s/it
round  484 | pool  8192 u max  101.95 | best_c52 0 | c52d6 1 nld6 102 nw 190 du6 910 nw8 635 | 0.39s/it
round  485 | pool  8192 u max  101.95 | best_c52 0 | c52d6 1 nld6 102 nw 190 du6 911 nw8 635 | 0.39s/it
round  486 | pool  8192 u max  101.95 | best_c52 0 | c52d6 1 nld6 102 nw 190 du6 911 nw8 635 | 0.39s/it
round  487 | pool  8192 u max  101.95 | best_c52 0 | c52d6 1 nld6 102 nw 190 du6 914 nw8 636 | 0.39s/it
round  488 | pool  8192 u max  101.95 | best_c52 0 | c52d6 1 nld6 102 nw 190 du6 916 nw8 637 | 0.39s/it
round  489 | pool  8192 u max  101.95 | best_c52 0 | c52d6 1 nld6 102 nw 190 du6 916 nw8 637 | 0.39s/it
round  490 | pool  8192 u max  101.95 | best_c52 0 | c52d6 1 nld6 102 nw 190 du6 918 nw8 638 | 0.39s/it
round  491 | pool  8192 u max  101.95 | best_c52 0 | c52d6 1 nld6 102 nw 190 du6 919 nw8 639 | 0.39s/it
round  492 | pool  8192 u max  101.95 | best_c52 0 | c52d6 1 nld6 102 nw 190 du6 920 nw8 639 | 0.39s/it
round  493 | pool  8192 u max  101.95 | best_c52 0 | c52d6 1 nld6 102 nw 190 du6 921 nw8 640 | 0.39s/it
round  494 | pool  8192 u max  101.95 | best_c52 0 | c52d6 1 nld6 102 nw 191 du6 926 nw8 643 | 0.39s/it
round  495 | pool  8192 u max  101.95 | best_c52 0 | c52d6 1 nld6 102 nw 191 du6 928 nw8 643 | 0.39s/it
round  496 | pool  8192 u max  101.95 | best_c52 0 | c52d6 1 nld6 102 nw 191 du6 932 nw8 647 | 0.39s/it
round  497 | pool  8192 u max  101.95 | best_c52 0 | c52d6 1 nld6 102 nw 191 du6 934 nw8 648 | 0.39s/it
round  498 | pool  8192 u max  101.95 | best_c52 0 | c52d6 1 nld6 102 nw 191 du6 935 nw8 648 | 0.39s/it
round  499 | pool  8192 u max  101.95 | best_c52 0 | c52d6 1 nld6 102 nw 191 du6 935 nw8 648 | 0.39s/it
round  500 | pool  8192 u max  101.95 | best_c52 0 | c52d6 1 nld6 102 nw 191 du6 937 nw8 649 | 0.39s/it
round  501 | pool  8192 u max  101.95 | best_c52 0 | c52d6 1 nld6 102 nw 191 du6 940 nw8 651 | 0.39s/it
round  502 | pool  8192 u max  101.95 | best_c52 0 | c52d6 1 nld6 102 nw 191 du6 943 nw8 653 | 0.39s/it
round  503 | pool  8192 u max  101.95 | best_c52 0 | c52d6 1 nld6 102 nw 191 du6 945 nw8 654 | 0.39s/it
round  504 | pool  8192 u max  101.95 | best_c52 0 | c52d6 1 nld6 102 nw 191 du6 948 nw8 654 | 0.39s/it
round  505 | pool  8192 u max  101.95 | best_c52 0 | c52d6 1 nld6 102 nw 191 du6 949 nw8 655 | 0.39s/it
round  506 | pool  8192 u max  101.95 | best_c52 0 | c52d6 1 nld6 102 nw 191 du6 951 nw8 655 | 0.39s/it
round  507 | pool  8192 u max  101.95 | best_c52 0 | c52d6 1 nld6 102 nw 192 du6 952 nw8 656 | 0.39s/it
round  508 | pool  8192 u max  101.95 | best_c52 0 | c52d6 1 nld6 102 nw 192 du6 955 nw8 657 | 0.39s/it
round  509 | pool  8192 u max  101.95 | best_c52 0 | c52d6 1 nld6 102 nw 192 du6 955 nw8 657 | 0.39s/it
round  510 | pool  8192 u max  101.95 | best_c52 0 | c52d6 1 nld6 102 nw 192 du6 956 nw8 657 | 0.39s/it
round  511 | pool  8192 u max  101.95 | best_c52 0 | c52d6 1 nld6 102 nw 192 du6 958 nw8 659 | 0.39s/it
round  512 | pool  8192 u max  101.95 | best_c52 0 | c52d6 1 nld6 102 nw 192 du6 959 nw8 660 | 0.39s/it
round  513 | pool  8192 u max  101.95 | best_c52 0 | c52d6 1 nld6 102 nw 192 du6 961 nw8 661 | 0.39s/it
round  514 | pool  8192 u max  101.95 | best_c52 0 | c52d6 1 nld6 102 nw 193 du6 963 nw8 662 | 0.39s/it
round  515 | pool  8192 u max  101.95 | best_c52 0 | c52d6 1 nld6 102 nw 193 du6 965 nw8 663 | 0.39s/it
round  516 | pool  8192 u max  101.95 | best_c52 0 | c52d6 1 nld6 102 nw 193 du6 968 nw8 664 | 0.39s/it
round  517 | pool  8192 u max  101.95 | best_c52 0 | c52d6 1 nld6 102 nw 193 du6 969 nw8 664 | 0.39s/it
round  518 | pool  8192 u max  101.95 | best_c52 0 | c52d6 1 nld6 102 nw 193 du6 970 nw8 665 | 0.39s/it
round  519 | pool  8192 u max  101.95 | best_c52 0 | c52d6 1 nld6 102 nw 193 du6 972 nw8 667 | 0.39s/it
round  520 | pool  8192 u max  101.95 | best_c52 0 | c52d6 1 nld6 102 nw 193 du6 976 nw8 669 | 0.39s/it
round  521 | pool  8192 u max  101.95 | best_c52 0 | c52d6 1 nld6 102 nw 193 du6 976 nw8 669 | 0.39s/it
round  522 | pool  8192 u max  101.95 | best_c52 0 | c52d6 1 nld6 102 nw 194 du6 977 nw8 670 | 0.39s/it
round  523 | pool  8192 u max  101.95 | best_c52 0 | c52d6 1 nld6 102 nw 195 du6 980 nw8 672 | 0.39s/it
round  524 | pool  8192 u max  101.95 | best_c52 0 | c52d6 1 nld6 102 nw 195 du6 984 nw8 674 | 0.39s/it
round  525 | pool  8192 u max  101.95 | best_c52 0 | c52d6 1 nld6 102 nw 196 du6 987 nw8 676 | 0.39s/it
round  526 | pool  8192 u max  101.95 | best_c52 0 | c52d6 1 nld6 102 nw 196 du6 988 nw8 676 | 0.39s/it
round  527 | pool  8192 u max  101.95 | best_c52 0 | c52d6 1 nld6 102 nw 196 du6 988 nw8 676 | 0.39s/it
round  528 | pool  8192 u max  101.95 | best_c52 0 | c52d6 1 nld6 102 nw 196 du6 989 nw8 677 | 0.39s/it
round  529 | pool  8192 u max  101.95 | best_c52 0 | c52d6 1 nld6 102 nw 196 du6 990 nw8 678 | 0.39s/it
round  530 | pool  8192 u max  101.95 | best_c52 0 | c52d6 1 nld6 102 nw 196 du6 991 nw8 679 | 0.39s/it
round  531 | pool  8192 u max  101.95 | best_c52 0 | c52d6 1 nld6 102 nw 196 du6 993 nw8 679 | 0.39s/it
round  532 | pool  8192 u max  101.95 | best_c52 0 | c52d6 1 nld6 102 nw 197 du6 996 nw8 681 | 0.39s/it
round  533 | pool  8192 u max  101.95 | best_c52 0 | c52d6 1 nld6 102 nw 197 du6 998 nw8 683 | 0.39s/it
round  534 | pool  8192 u max  101.95 | best_c52 0 | c52d6 1 nld6 102 nw 197 du6 999 nw8 684 | 0.39s/it
round  535 | pool  8192 u max  101.95 | best_c52 0 | c52d6 1 nld6 102 nw 197 du6 1004 nw8 689 | 0.39s/it
round  536 | pool  8192 u max  101.95 | best_c52 0 | c52d6 1 nld6 102 nw 197 du6 1004 nw8 689 | 0.39s/it
round  537 | pool  8192 u max  101.95 | best_c52 0 | c52d6 1 nld6 102 nw 197 du6 1005 nw8 689 | 0.39s/it
round  538 | pool  8192 u max  101.95 | best_c52 0 | c52d6 1 nld6 102 nw 197 du6 1007 nw8 691 | 0.39s/it
round  539 | pool  8192 u max  101.95 | best_c52 0 | c52d6 1 nld6 102 nw 197 du6 1007 nw8 691 | 0.39s/it
round  540 | pool  8192 u max  101.95 | best_c52 0 | c52d6 1 nld6 102 nw 198 du6 1008 nw8 692 | 0.39s/it
round  541 | pool  8192 u max  101.95 | best_c52 0 | c52d6 1 nld6 102 nw 199 du6 1011 nw8 695 | 0.39s/it
round  542 | pool  8192 u max  101.95 | best_c52 0 | c52d6 1 nld6 102 nw 199 du6 1012 nw8 695 | 0.39s/it
round  543 | pool  8192 u max  101.95 | best_c52 0 | c52d6 1 nld6 102 nw 199 du6 1018 nw8 697 | 0.39s/it
round  544 | pool  8192 u max  101.95 | best_c52 0 | c52d6 1 nld6 102 nw 200 du6 1019 nw8 698 | 0.39s/it
round  545 | pool  8192 u max  101.95 | best_c52 0 | c52d6 1 nld6 102 nw 201 du6 1022 nw8 700 | 0.39s/it
round  546 | pool  8192 u max  101.95 | best_c52 0 | c52d6 1 nld6 102 nw 201 du6 1023 nw8 700 | 0.39s/it
round  547 | pool  8192 u max  101.95 | best_c52 0 | c52d6 1 nld6 102 nw 202 du6 1024 nw8 701 | 0.39s/it
round  548 | pool  8192 u max  101.95 | best_c52 0 | c52d6 1 nld6 102 nw 202 du6 1027 nw8 703 | 0.39s/it
round  549 | pool  8192 u max  101.95 | best_c52 0 | c52d6 1 nld6 102 nw 202 du6 1028 nw8 704 | 0.39s/it
round  550 | pool  8192 u max  101.95 | best_c52 0 | c52d6 1 nld6 102 nw 202 du6 1032 nw8 706 | 0.39s/it
round  551 | pool  8192 u max  101.95 | best_c52 0 | c52d6 1 nld6 102 nw 202 du6 1033 nw8 706 | 0.39s/it
round  552 | pool  8192 u max  101.95 | best_c52 0 | c52d6 1 nld6 102 nw 202 du6 1034 nw8 706 | 0.39s/it
round  553 | pool  8192 u max  101.95 | best_c52 0 | c52d6 1 nld6 102 nw 202 du6 1037 nw8 707 | 0.39s/it
round  554 | pool  8192 u max  101.95 | best_c52 0 | c52d6 1 nld6 102 nw 202 du6 1041 nw8 710 | 0.39s/it
round  555 | pool  8192 u max  101.95 | best_c52 0 | c52d6 1 nld6 102 nw 203 du6 1043 nw8 711 | 0.39s/it
round  556 | pool  8192 u max  101.95 | best_c52 0 | c52d6 1 nld6 102 nw 204 du6 1046 nw8 714 | 0.39s/it
round  557 | pool  8192 u max  101.95 | best_c52 0 | c52d6 1 nld6 102 nw 204 du6 1048 nw8 715 | 0.39s/it
round  558 | pool  8192 u max  101.95 | best_c52 0 | c52d6 1 nld6 102 nw 205 du6 1050 nw8 716 | 0.39s/it
round  559 | pool  8192 u max  101.95 | best_c52 0 | c52d6 1 nld6 102 nw 205 du6 1052 nw8 717 | 0.39s/it
round  560 | pool  8192 u max  101.95 | best_c52 0 | c52d6 1 nld6 102 nw 205 du6 1053 nw8 717 | 0.39s/it
round  561 | pool  8192 u max  101.95 | best_c52 0 | c52d6 1 nld6 102 nw 205 du6 1053 nw8 717 | 0.39s/it
round  562 | pool  8192 u max  101.95 | best_c52 0 | c52d6 1 nld6 102 nw 205 du6 1057 nw8 719 | 0.39s/it
round  563 | pool  8192 u max  101.95 | best_c52 0 | c52d6 1 nld6 102 nw 205 du6 1058 nw8 720 | 0.39s/it
round  564 | pool  8192 u max  101.95 | best_c52 0 | c52d6 1 nld6 102 nw 205 du6 1062 nw8 723 | 0.39s/it
round  565 | pool  8192 u max  101.95 | best_c52 0 | c52d6 1 nld6 102 nw 205 du6 1064 nw8 723 | 0.39s/it
round  566 | pool  8192 u max  101.95 | best_c52 0 | c52d6 1 nld6 102 nw 205 du6 1065 nw8 724 | 0.39s/it
round  567 | pool  8192 u max  101.95 | best_c52 0 | c52d6 1 nld6 102 nw 206 du6 1067 nw8 726 | 0.39s/it
round  568 | pool  8192 u max  101.95 | best_c52 0 | c52d6 1 nld6 102 nw 206 du6 1067 nw8 726 | 0.39s/it
round  569 | pool  8192 u max  101.95 | best_c52 0 | c52d6 1 nld6 102 nw 206 du6 1068 nw8 726 | 0.39s/it
round  570 | pool  8192 u max  101.95 | best_c52 0 | c52d6 1 nld6 102 nw 206 du6 1069 nw8 726 | 0.39s/it
round  571 | pool  8192 u max  101.95 | best_c52 0 | c52d6 1 nld6 102 nw 207 du6 1074 nw8 729 | 0.39s/it
round  572 | pool  8192 u max  101.95 | best_c52 0 | c52d6 1 nld6 102 nw 207 du6 1076 nw8 730 | 0.39s/it
round  573 | pool  8192 u max  101.95 | best_c52 0 | c52d6 1 nld6 102 nw 207 du6 1077 nw8 730 | 0.39s/it
round  574 | pool  8192 u max  101.95 | best_c52 0 | c52d6 1 nld6 102 nw 208 du6 1079 nw8 731 | 0.39s/it
round  575 | pool  8192 u max  101.95 | best_c52 0 | c52d6 1 nld6 102 nw 208 du6 1080 nw8 731 | 0.39s/it
round  576 | pool  8192 u max  101.95 | best_c52 0 | c52d6 1 nld6 102 nw 208 du6 1081 nw8 731 | 0.39s/it
round  577 | pool  8192 u max  101.95 | best_c52 0 | c52d6 1 nld6 102 nw 209 du6 1083 nw8 733 | 0.39s/it
round  578 | pool  8192 u max  101.95 | best_c52 0 | c52d6 1 nld6 102 nw 209 du6 1084 nw8 734 | 0.39s/it
round  579 | pool  8192 u max  101.95 | best_c52 0 | c52d6 1 nld6 102 nw 209 du6 1085 nw8 735 | 0.39s/it
round  580 | pool  8192 u max  101.95 | best_c52 0 | c52d6 1 nld6 102 nw 209 du6 1086 nw8 735 | 0.39s/it
round  581 | pool  8192 u max  101.95 | best_c52 0 | c52d6 1 nld6 102 nw 209 du6 1087 nw8 735 | 0.39s/it
round  582 | pool  8192 u max  101.95 | best_c52 0 | c52d6 1 nld6 102 nw 209 du6 1091 nw8 736 | 0.39s/it
round  583 | pool  8192 u max  101.95 | best_c52 0 | c52d6 1 nld6 102 nw 210 du6 1095 nw8 740 | 0.39s/it
round  584 | pool  8192 u max  101.95 | best_c52 0 | c52d6 1 nld6 102 nw 210 du6 1096 nw8 740 | 0.39s/it
round  585 | pool  8192 u max  101.95 | best_c52 0 | c52d6 1 nld6 102 nw 210 du6 1097 nw8 741 | 0.39s/it
round  586 | pool  8192 u max  101.95 | best_c52 0 | c52d6 1 nld6 102 nw 210 du6 1098 nw8 741 | 0.39s/it
round  587 | pool  8192 u max  101.95 | best_c52 0 | c52d6 1 nld6 102 nw 210 du6 1099 nw8 741 | 0.39s/it
round  588 | pool  8192 u max  101.95 | best_c52 0 | c52d6 1 nld6 102 nw 210 du6 1100 nw8 741 | 0.39s/it
round  589 | pool  8192 u max  101.95 | best_c52 0 | c52d6 1 nld6 102 nw 210 du6 1101 nw8 741 | 0.39s/it
round  590 | pool  8192 u max  101.95 | best_c52 0 | c52d6 1 nld6 102 nw 210 du6 1102 nw8 742 | 0.39s/it
round  591 | pool  8192 u max  101.95 | best_c52 0 | c52d6 1 nld6 102 nw 210 du6 1102 nw8 742 | 0.39s/it
round  592 | pool  8192 u max  101.95 | best_c52 0 | c52d6 1 nld6 102 nw 210 du6 1105 nw8 744 | 0.39s/it
round  593 | pool  8192 u max  101.95 | best_c52 0 | c52d6 1 nld6 102 nw 210 du6 1106 nw8 744 | 0.39s/it
round  594 | pool  8192 u max  101.95 | best_c52 0 | c52d6 1 nld6 102 nw 210 du6 1108 nw8 746 | 0.39s/it
round  595 | pool  8192 u max  101.95 | best_c52 0 | c52d6 1 nld6 102 nw 210 du6 1109 nw8 747 | 0.39s/it
round  596 | pool  8192 u max  101.95 | best_c52 0 | c52d6 1 nld6 102 nw 210 du6 1111 nw8 747 | 0.39s/it
round  597 | pool  8192 u max  101.95 | best_c52 0 | c52d6 1 nld6 102 nw 210 du6 1112 nw8 747 | 0.39s/it
round  598 | pool  8192 u max  101.95 | best_c52 0 | c52d6 1 nld6 102 nw 211 du6 1114 nw8 748 | 0.39s/it
round  599 | pool  8192 u max  101.95 | best_c52 0 | c52d6 1 nld6 102 nw 211 du6 1114 nw8 748 | 0.39s/it
round  600 | pool  8192 u max  101.95 | best_c52 0 | c52d6 1 nld6 102 nw 211 du6 1118 nw8 750 | 0.39s/it
DONE champ_round=-1 wall=232.6s
