init pool 47
round    1 | pool   488 u max  101.95 | best_c52 1 | c52d6 1 nld6 102 nw 49 du6 49 nw8 49 | 0.37s/it
round    2 | pool   920 u max  101.95 | best_c52 1 | c52d6 1 nld6 102 nw 51 du6 53 nw8 53 | 0.38s/it
round    3 | pool  1356 u max  101.95 | best_c52 1 | c52d6 1 nld6 102 nw 52 du6 55 nw8 55 | 0.38s/it
round    4 | pool  1800 u max  101.95 | best_c52 1 | c52d6 1 nld6 102 nw 52 du6 58 nw8 57 | 0.39s/it
round    5 | pool  2227 u max  101.95 | best_c52 1 | c52d6 1 nld6 102 nw 54 du6 61 nw8 60 | 0.39s/it
round    6 | pool  2650 u max  101.95 | best_c52 1 | c52d6 1 nld6 102 nw 54 du6 62 nw8 61 | 0.39s/it
round    7 | pool  3081 u max  101.95 | best_c52 1 | c52d6 1 nld6 102 nw 55 du6 67 nw8 65 | 0.39s/it
round    8 | pool  3497 u max  101.95 | best_c52 1 | c52d6 1 nld6 102 nw 57 du6 71 nw8 67 | 0.39s/it
round    9 | pool  3909 u max  101.95 | best_c52 1 | c52d6 1 nld6 102 nw 58 du6 73 nw8 69 | 0.39s/it
round   10 | pool  4320 u max  101.95 | best_c52 1 | c52d6 1 nld6 102 nw 60 du6 75 nw8 71 | 0.39s/it
round   11 | pool  4732 u max  101.95 | best_c52 1 | c52d6 1 nld6 102 nw 61 du6 77 nw8 72 | 0.39s/it
round   12 | pool  5142 u max  101.95 | best_c52 1 | c52d6 1 nld6 102 nw 61 du6 77 nw8 72 | 0.39s/it
round   13 | pool  5545 u max  101.95 | best_c52 1 | c52d6 1 nld6 102 nw 61 du6 78 nw8 73 | 0.39s/it
round   14 | pool  5959 u max  101.95 | best_c52 1 | c52d6 1 nld6 102 nw 61 du6 78 nw8 73 | 0.39s/it
round   15 | pool  6380 u max  101.95 | best_c52 1 | c52d6 1 nld6 102 nw 61 du6 80 nw8 74 | 0.39s/it
round   16 | pool  6799 u max  101.95 | best_c52 1 | c52d6 1 nld6 102 nw 61 du6 81 nw8 75 | 0.39s/it
round   17 | pool  7212 u max  101.95 | best_c52 1 | c52d6 1 nld6 102 nw 62 du6 84 nw8 78 | 0.39s/it
round   18 | pool  7612 u max  101.95 | best_c52 1 | c52d6 1 nld6 102 nw 62 du6 84 nw8 78 | 0.39s/it
round   19 | pool  8025 u max  101.95 | best_c52 1 | c52d6 1 nld6 102 nw 62 du6 85 nw8 78 | 0.39s/it
round   20 | pool  8192 u max  101.95 | best_c52 1 | c52d6 1 nld6 102 nw 62 du6 85 nw8 78 | 0.39s/it
round   21 | pool  8192 u max  101.95 | best_c52 1 | c52d6 1 nld6 102 nw 62 du6 89 nw8 79 | 0.39s/it
round   22 | pool  8192 u max  101.95 | best_c52 1 | c52d6 1 nld6 102 nw 64 du6 93 nw8 82 | 0.39s/it
round   23 | pool  8192 u max  101.95 | best_c52 1 | c52d6 1 nld6 102 nw 64 du6 95 nw8 83 | 0.39s/it
round   24 | pool  8192 u max  101.95 | best_c52 1 | c52d6 1 nld6 102 nw 64 du6 98 nw8 85 | 0.39s/it
round   25 | pool  8192 u max  101.95 | best_c52 1 | c52d6 1 nld6 102 nw 65 du6 101 nw8 87 | 0.39s/it
round   26 | pool  8192 u max  101.95 | best_c52 1 | c52d6 1 nld6 102 nw 66 du6 103 nw8 89 | 0.39s/it
round   27 | pool  8192 u max  101.95 | best_c52 1 | c52d6 1 nld6 102 nw 67 du6 105 nw8 91 | 0.39s/it
round   28 | pool  8192 u max  101.95 | best_c52 1 | c52d6 1 nld6 102 nw 67 du6 105 nw8 91 | 0.39s/it
round   29 | pool  8192 u max  101.95 | best_c52 1 | c52d6 1 nld6 102 nw 67 du6 105 nw8 91 | 0.39s/it
round   30 | pool  8192 u max  101.95 | best_c52 1 | c52d6 1 nld6 102 nw 67 du6 106 nw8 92 | 0.39s/it
round   31 | pool  8192 u max  101.95 | best_c52 1 | c52d6 1 nld6 102 nw 68 du6 110 nw8 95 | 0.39s/it
round   32 | pool  8192 u max  101.95 | best_c52 1 | c52d6 1 nld6 102 nw 68 du6 113 nw8 97 | 0.39s/it
round   33 | pool  8192 u max  101.95 | best_c52 1 | c52d6 1 nld6 102 nw 69 du6 114 nw8 98 | 0.39s/it
round   34 | pool  8192 u max  101.95 | best_c52 1 | c52d6 1 nld6 102 nw 70 du6 115 nw8 99 | 0.39s/it
round   35 | pool  8192 u max  101.95 | best_c52 1 | c52d6 1 nld6 102 nw 70 du6 117 nw8 100 | 0.39s/it
round   36 | pool  8192 u max  101.95 | best_c52 1 | c52d6 1 nld6 102 nw 70 du6 118 nw8 100 | 0.39s/it
round   37 | pool  8192 u max  101.95 | best_c52 1 | c52d6 1 nld6 102 nw 70 du6 119 nw8 101 | 0.39s/it
round   38 | pool  8192 u max  101.95 | best_c52 1 | c52d6 1 nld6 102 nw 71 du6 123 nw8 105 | 0.39s/it
round   39 | pool  8192 u max  101.95 | best_c52 1 | c52d6 1 nld6 102 nw 71 du6 124 nw8 106 | 0.39s/it
round   40 | pool  8192 u max  101.95 | best_c52 1 | c52d6 1 nld6 102 nw 72 du6 126 nw8 107 | 0.39s/it
round   41 | pool  8192 u max  101.95 | best_c52 1 | c52d6 1 nld6 102 nw 72 du6 127 nw8 108 | 0.39s/it
round   42 | pool  8192 u max  101.95 | best_c52 1 | c52d6 1 nld6 102 nw 72 du6 129 nw8 110 | 0.39s/it
round   43 | pool  8192 u max  101.95 | best_c52 1 | c52d6 1 nld6 102 nw 73 du6 131 nw8 112 | 0.39s/it
round   44 | pool  8192 u max  101.95 | best_c52 1 | c52d6 1 nld6 102 nw 73 du6 133 nw8 114 | 0.39s/it
round   45 | pool  8192 u max  101.95 | best_c52 1 | c52d6 1 nld6 102 nw 73 du6 134 nw8 115 | 0.39s/it
round   46 | pool  8192 u max  101.95 | best_c52 1 | c52d6 1 nld6 102 nw 73 du6 134 nw8 115 | 0.39s/it
round   47 | pool  8192 u max  101.95 | best_c52 1 | c52d6 1 nld6 102 nw 73 du6 136 nw8 117 | 0.39s/it
round   48 | pool  8192 u max  101.95 | best_c52 1 | c52d6 1 nld6 102 nw 73 du6 136 nw8 117 | 0.39s/it
round   49 | pool  8192 u max  101.95 | best_c52 1 | c52d6 1 nld6 102 nw 75 du6 138 nw8 119 | 0.39s/it
round   50 | pool  8192 u max  101.95 | best_c52 1 | c52d6 1 nld6 102 nw 75 du6 139 nw8 120 | 0.39s/it
round   51 | pool  8192 u max  101.95 | best_c52 1 | c52d6 1 nld6 102 nw 75 du6 140 nw8 121 | 0.39s/it
round   52 | pool  8192 u max  101.95 | best_c52 1 | c52d6 1 nld6 102 nw 75 du6 142 nw8 121 | 0.39s/it
round   53 | pool  8192 u max  101.95 | best_c52 1 | c52d6 1 nld6 102 nw 75 du6 142 nw8 121 | 0.39s/it
round   54 | pool  8192 u max  101.95 | best_c52 1 | c52d6 1 nld6 102 nw 75 du6 144 nw8 123 | 0.39s/it
round   55 | pool  8192 u max  101.95 | best_c52 1 | c52d6 1 nld6 102 nw 75 du6 144 nw8 123 | 0.39s/it
round   56 | pool  8192 u max  101.95 | best_c52 1 | c52d6 1 nld6 102 nw 75 du6 145 nw8 123 | 0.39s/it
round   57 | pool  8192 u max  101.95 | best_c52 1 | c52d6 1 nld6 102 nw 75 du6 145 nw8 123 | 0.39s/it
round   58 | pool  8192 u max  101.95 | best_c52 1 | c52d6 1 nld6 102 nw 75 du6 150 nw8 126 | 0.39s/it
round   59 | pool  8192 u max  101.95 | best_c52 1 | c52d6 1 nld6 102 nw 75 du6 153 nw8 129 | 0.39s/it
round   60 | pool  8192 u max  101.95 | best_c52 1 | c52d6 1 nld6 102 nw 75 du6 155 nw8 131 | 0.39s/it
round   61 | pool  8192 u max  101.95 | best_c52 1 | c52d6 1 nld6 102 nw 75 du6 155 nw8 131 | 0.39s/it
round   62 | pool  8192 u max  101.95 | best_c52 1 | c52d6 1 nld6 102 nw 76 du6 159 nw8 134 | 0.39s/it
round   63 | pool  8192 u max  101.95 | best_c52 1 | c52d6 1 nld6 102 nw 76 du6 159 nw8 134 | 0.39s/it
round   64 | pool  8192 u max  101.95 | best_c52 1 | c52d6 1 nld6 102 nw 77 du6 160 nw8 135 | 0.39s/it
round   65 | pool  8192 u max  101.95 | best_c52 1 | c52d6 1 nld6 102 nw 78 du6 162 nw8 136 | 0.39s/it
round   66 | pool  8192 u max  101.95 | best_c52 1 | c52d6 1 nld6 102 nw 79 du6 164 nw8 137 | 0.39s/it
round   67 | pool  8192 u max  101.95 | best_c52 1 | c52d6 1 nld6 102 nw 80 du6 166 nw8 138 | 0.39s/it
round   68 | pool  8192 u max  101.95 | best_c52 1 | c52d6 1 nld6 102 nw 81 du6 170 nw8 139 | 0.39s/it
round   69 | pool  8192 u max  101.95 | best_c52 1 | c52d6 1 nld6 102 nw 81 du6 170 nw8 139 | 0.39s/it
round   70 | pool  8192 u max  101.95 | best_c52 1 | c52d6 1 nld6 102 nw 81 du6 173 nw8 140 | 0.39s/it
round   71 | pool  8192 u max  101.95 | best_c52 1 | c52d6 1 nld6 102 nw 81 du6 176 nw8 143 | 0.39s/it
round   72 | pool  8192 u max  101.95 | best_c52 1 | c52d6 1 nld6 102 nw 81 du6 177 nw8 144 | 0.39s/it
round   73 | pool  8192 u max  101.95 | best_c52 1 | c52d6 1 nld6 102 nw 81 du6 180 nw8 145 | 0.39s/it
round   74 | pool  8192 u max  101.95 | best_c52 1 | c52d6 1 nld6 102 nw 81 du6 180 nw8 145 | 0.39s/it
round   75 | pool  8192 u max  101.95 | best_c52 1 | c52d6 1 nld6 102 nw 81 du6 180 nw8 145 | 0.39s/it
round   76 | pool  8192 u max  101.95 | best_c52 1 | c52d6 1 nld6 102 nw 81 du6 180 nw8 145 | 0.39s/it
round   77 | pool  8192 u max  101.95 | best_c52 1 | c52d6 1 nld6 102 nw 81 du6 181 nw8 146 | 0.39s/it
round   78 | pool  8192 u max  101.95 | best_c52 0 | c52d6 1 nld6 102 nw 82 du6 185 nw8 150 | 0.39s/it
round   79 | pool  8192 u max  101.95 | best_c52 0 | c52d6 1 nld6 102 nw 82 du6 186 nw8 151 | 0.39s/it
round   80 | pool  8192 u max  101.95 | best_c52 0 | c52d6 1 nld6 102 nw 82 du6 189 nw8 153 | 0.39s/it
round   81 | pool  8192 u max  101.95 | best_c52 0 | c52d6 1 nld6 102 nw 83 du6 190 nw8 154 | 0.39s/it
round   82 | pool  8192 u max  101.95 | best_c52 0 | c52d6 1 nld6 102 nw 83 du6 191 nw8 155 | 0.39s/it
round   83 | pool  8192 u max  101.95 | best_c52 0 | c52d6 1 nld6 102 nw 83 du6 191 nw8 155 | 0.39s/it
round   84 | pool  8192 u max  101.95 | best_c52 0 | c52d6 1 nld6 102 nw 83 du6 192 nw8 155 | 0.39s/it
round   85 | pool  8192 u max  101.95 | best_c52 0 | c52d6 1 nld6 102 nw 83 du6 193 nw8 156 | 0.39s/it
round   86 | pool  8192 u max  101.95 | best_c52 0 | c52d6 1 nld6 102 nw 84 du6 195 nw8 157 | 0.39s/it
round   87 | pool  8192 u max  101.95 | best_c52 0 | c52d6 1 nld6 102 nw 84 du6 195 nw8 157 | 0.39s/it
round   88 | pool  8192 u max  101.95 | best_c52 0 | c52d6 1 nld6 102 nw 84 du6 199 nw8 159 | 0.39s/it
round   89 | pool  8192 u max  101.95 | best_c52 0 | c52d6 1 nld6 102 nw 84 du6 200 nw8 160 | 0.39s/it
round   90 | pool  8192 u max  101.95 | best_c52 0 | c52d6 1 nld6 102 nw 84 du6 201 nw8 160 | 0.39s/it
round   91 | pool  8192 u max  101.95 | best_c52 0 | c52d6 1 nld6 102 nw 85 du6 205 nw8 163 | 0.39s/it
round   92 | pool  8192 u max  101.95 | best_c52 0 | c52d6 1 nld6 102 nw 85 du6 206 nw8 164 | 0.39s/it
round   93 | pool  8192 u max  101.95 | best_c52 0 | c52d6 1 nld6 102 nw 86 du6 209 nw8 167 | 0.39s/it
round   94 | pool  8192 u max  101.95 | best_c52 0 | c52d6 1 nld6 102 nw 86 du6 209 nw8 167 | 0.39s/it
round   95 | pool  8192 u max  101.95 | best_c52 0 | c52d6 1 nld6 102 nw 86 du6 212 nw8 169 | 0.39s/it
round   96 | pool  8192 u max  101.95 | best_c52 0 | c52d6 1 nld6 102 nw 86 du6 215 nw8 171 | 0.39s/it
round   97 | pool  8192 u max  101.95 | best_c52 0 | c52d6 1 nld6 102 nw 86 du6 216 nw8 172 | 0.39s/it
round   98 | pool  8192 u max  101.95 | best_c52 0 | c52d6 1 nld6 102 nw 86 du6 216 nw8 172 | 0.39s/it
round   99 | pool  8192 u max  101.95 | best_c52 0 | c52d6 1 nld6 102 nw 86 du6 217 nw8 173 | 0.39s/it
round  100 | pool  8192 u max  101.95 | best_c52 0 | c52d6 1 nld6 102 nw 87 du6 220 nw8 174 | 0.39s/it
round  101 | pool  8192 u max  101.95 | best_c52 0 | c52d6 1 nld6 102 nw 87 du6 223 nw8 177 | 0.39s/it
round  102 | pool  8192 u max  101.95 | best_c52 0 | c52d6 1 nld6 102 nw 88 du6 224 nw8 178 | 0.39s/it
round  103 | pool  8192 u max  101.95 | best_c52 0 | c52d6 1 nld6 102 nw 88 du6 225 nw8 179 | 0.39s/it
round  104 | pool  8192 u max  101.95 | best_c52 0 | c52d6 1 nld6 102 nw 88 du6 225 nw8 179 | 0.39s/it
round  105 | pool  8192 u max  101.95 | best_c52 0 | c52d6 1 nld6 102 nw 88 du6 226 nw8 179 | 0.39s/it
round  106 | pool  8192 u max  101.95 | best_c52 0 | c52d6 1 nld6 102 nw 88 du6 227 nw8 180 | 0.39s/it
round  107 | pool  8192 u max  101.95 | best_c52 0 | c52d6 1 nld6 102 nw 88 du6 230 nw8 182 | 0.39s/it
round  108 | pool  8192 u max  101.95 | best_c52 0 | c52d6 1 nld6 102 nw 88 du6 232 nw8 184 | 0.39s/it
round  109 | pool  8192 u max  101.95 | best_c52 0 | c52d6 1 nld6 102 nw 88 du6 233 nw8 185 | 0.39s/it
round  110 | pool  8192 u max  101.95 | best_c52 0 | c52d6 1 nld6 102 nw 88 du6 238 nw8 189 | 0.39s/it
round  111 | pool  8192 u max  101.95 | best_c52 0 | c52d6 1 nld6 102 nw 88 du6 239 nw8 190 | 0.39s/it
round  112 | pool  8192 u max  101.95 | best_c52 0 | c52d6 1 nld6 102 nw 88 du6 240 nw8 191 | 0.39s/it
round  113 | pool  8192 u max  101.95 | best_c52 0 | c52d6 1 nld6 102 nw 88 du6 240 nw8 191 | 0.39s/it
round  114 | pool  8192 u max  101.95 | best_c52 0 | c52d6 1 nld6 102 nw 89 du6 242 nw8 192 | 0.39s/it
round  115 | pool  8192 u max  101.95 | best_c52 0 | c52d6 1 nld6 102 nw 90 du6 243 nw8 193 | 0.39s/it
round  116 | pool  8192 u max  101.95 | best_c52 0 | c52d6 1 nld6 102 nw 92 du6 248 nw8 196 | 0.39s/it
round  117 | pool  8192 u max  101.95 | best_c52 0 | c52d6 1 nld6 102 nw 92 du6 249 nw8 196 | 0.39s/it
round  118 | pool  8192 u max  101.95 | best_c52 0 | c52d6 1 nld6 102 nw 92 du6 249 nw8 196 | 0.39s/it
round  119 | pool  8192 u max  101.95 | best_c52 0 | c52d6 1 nld6 102 nw 92 du6 250 nw8 197 | 0.39s/it
round  120 | pool  8192 u max  101.95 | best_c52 0 | c52d6 1 nld6 102 nw 92 du6 251 nw8 197 | 0.39s/it
round  121 | pool  8192 u max  101.95 | best_c52 0 | c52d6 1 nld6 102 nw 93 du6 252 nw8 198 | 0.39s/it
round  122 | pool  8192 u max  101.95 | best_c52 0 | c52d6 1 nld6 102 nw 93 du6 254 nw8 200 | 0.39s/it
round  123 | pool  8192 u max  101.95 | best_c52 0 | c52d6 1 nld6 102 nw 93 du6 259 nw8 201 | 0.39s/it
round  124 | pool  8192 u max  101.95 | best_c52 0 | c52d6 1 nld6 102 nw 93 du6 259 nw8 201 | 0.39s/it
round  125 | pool  8192 u max  101.95 | best_c52 0 | c52d6 1 nld6 102 nw 93 du6 259 nw8 201 | 0.39s/it
round  126 | pool  8192 u max  101.95 | best_c52 0 | c52d6 1 nld6 102 nw 93 du6 260 nw8 201 | 0.39s/it
round  127 | pool  8192 u max  101.95 | best_c52 0 | c52d6 1 nld6 102 nw 93 du6 262 nw8 201 | 0.39s/it
round  128 | pool  8192 u max  101.95 | best_c52 0 | c52d6 1 nld6 102 nw 93 du6 264 nw8 203 | 0.39s/it
round  129 | pool  8192 u max  101.95 | best_c52 0 | c52d6 1 nld6 102 nw 93 du6 264 nw8 203 | 0.39s/it
round  130 | pool  8192 u max  104.00 | best_c52 0 | c52d6 0 nld6 104 nw 93 du6 267 nw8 205 | 0.39s/it
DONE champ_round=130 wall=51.2s
