init pool 47
round    1 | pool   473 u max  101.95 | best_c52 1 | c52d6 1 nld6 102 nw 48 du6 48 nw8 48 | 0.37s/it
round    2 | pool   913 u max  101.95 | best_c52 1 | c52d6 1 nld6 102 nw 50 du6 53 nw8 53 | 0.37s/it
round    3 | pool  1352 u max  101.95 | best_c52 1 | c52d6 1 nld6 102 nw 50 du6 55 nw8 55 | 0.36s/it
round    4 | pool  1783 u max  101.95 | best_c52 1 | c52d6 1 nld6 102 nw 50 du6 56 nw8 56 | 0.37s/it
round    5 | pool  2201 u max  101.95 | best_c52 0 | c52d6 1 nld6 102 nw 50 du6 58 nw8 56 | 0.36s/it
round    6 | pool  2619 u max  101.95 | best_c52 0 | c52d6 1 nld6 102 nw 50 du6 60 nw8 57 | 0.36s/it
round    7 | pool  3051 u max  101.95 | best_c52 0 | c52d6 1 nld6 102 nw 50 du6 60 nw8 57 | 0.36s/it
round    8 | pool  3475 u max  101.95 | best_c52 0 | c52d6 1 nld6 102 nw 50 du6 62 nw8 58 | 0.36s/it
round    9 | pool  3906 u max  101.95 | best_c52 0 | c52d6 1 nld6 102 nw 51 du6 65 nw8 60 | 0.36s/it
round   10 | pool  4314 u max  101.95 | best_c52 0 | c52d6 1 nld6 102 nw 52 du6 68 nw8 62 | 0.37s/it
round   11 | pool  4734 u max  101.95 | best_c52 0 | c52d6 1 nld6 102 nw 52 du6 68 nw8 62 | 0.37s/it
round   12 | pool  5165 u max  101.95 | best_c52 0 | c52d6 1 nld6 102 nw 53 du6 69 nw8 63 | 0.37s/it
round   13 | pool  5587 u max  101.95 | best_c52 0 | c52d6 1 nld6 102 nw 54 du6 72 nw8 66 | 0.37s/it
round   14 | pool  5999 u max  101.95 | best_c52 0 | c52d6 1 nld6 102 nw 54 du6 73 nw8 66 | 0.37s/it
round   15 | pool  6417 u max  101.95 | best_c52 0 | c52d6 1 nld6 102 nw 54 du6 73 nw8 66 | 0.37s/it
round   16 | pool  6825 u max  101.95 | best_c52 0 | c52d6 1 nld6 102 nw 55 du6 75 nw8 67 | 0.37s/it
round   17 | pool  7241 u max  101.95 | best_c52 0 | c52d6 1 nld6 102 nw 55 du6 76 nw8 67 | 0.37s/it
round   18 | pool  7647 u max  101.95 | best_c52 0 | c52d6 1 nld6 102 nw 57 du6 79 nw8 70 | 0.37s/it
round   19 | pool  8060 u max  101.95 | best_c52 0 | c52d6 1 nld6 102 nw 57 du6 80 nw8 71 | 0.37s/it
round   20 | pool  8192 u max  101.95 | best_c52 0 | c52d6 1 nld6 102 nw 58 du6 82 nw8 73 | 0.37s/it
round   21 | pool  8192 u max  101.95 | best_c52 0 | c52d6 1 nld6 102 nw 58 du6 83 nw8 74 | 0.37s/it
round   22 | pool  8192 u max  101.95 | best_c52 0 | c52d6 1 nld6 102 nw 58 du6 83 nw8 74 | 0.37s/it
round   23 | pool  8192 u max  101.95 | best_c52 0 | c52d6 1 nld6 102 nw 58 du6 85 nw8 75 | 0.37s/it
round   24 | pool  8192 u max  101.95 | best_c52 0 | c52d6 1 nld6 102 nw 59 du6 89 nw8 79 | 0.37s/it
round   25 | pool  8192 u max  101.95 | best_c52 0 | c52d6 1 nld6 102 nw 59 du6 91 nw8 80 | 0.37s/it
round   26 | pool  8192 u max  101.95 | best_c52 0 | c52d6 1 nld6 102 nw 59 du6 94 nw8 83 | 0.37s/it
round   27 | pool  8192 u max  101.95 | best_c52 0 | c52d6 1 nld6 102 nw 60 du6 95 nw8 84 | 0.37s/it
round   28 | pool  8192 u max  101.95 | best_c52 0 | c52d6 1 nld6 102 nw 61 du6 97 nw8 86 | 0.37s/it
round   29 | pool  8192 u max  101.95 | best_c52 0 | c52d6 1 nld6 102 nw 62 du6 98 nw8 87 | 0.37s/it
round   30 | pool  8192 u max  101.95 | best_c52 0 | c52d6 1 nld6 102 nw 62 du6 100 nw8 88 | 0.38s/it
round   31 | pool  8192 u max  101.95 | best_c52 0 | c52d6 1 nld6 102 nw 62 du6 100 nw8 88 | 0.38s/it
round   32 | pool  8192 u max  101.95 | best_c52 0 | c52d6 1 nld6 102 nw 64 du6 103 nw8 91 | 0.38s/it
round   33 | pool  8192 u max  101.95 | best_c52 0 | c52d6 1 nld6 102 nw 64 du6 105 nw8 93 | 0.38s/it
round   34 | pool  8192 u max  101.95 | best_c52 0 | c52d6 1 nld6 102 nw 64 du6 106 nw8 94 | 0.38s/it
round   35 | pool  8192 u max  101.95 | best_c52 0 | c52d6 1 nld6 102 nw 65 du6 109 nw8 96 | 0.38s/it
round   36 | pool  8192 u max  101.95 | best_c52 0 | c52d6 1 nld6 102 nw 66 du6 111 nw8 97 | 0.38s/it
round   37 | pool  8192 u max  101.95 | best_c52 0 | c52d6 1 nld6 102 nw 67 du6 114 nw8 100 | 0.38s/it
round   38 | pool  8192 u max  101.95 | best_c52 0 | c52d6 1 nld6 102 nw 68 du6 115 nw8 101 | 0.38s/it
round   39 | pool  8192 u max  101.95 | best_c52 0 | c52d6 1 nld6 102 nw 69 du6 116 nw8 102 | 0.38s/it
round   40 | pool  8192 u max  101.95 | best_c52 0 | c52d6 1 nld6 102 nw 70 du6 117 nw8 103 | 0.38s/it
round   41 | pool  8192 u max  101.95 | best_c52 0 | c52d6 1 nld6 102 nw 70 du6 118 nw8 104 | 0.38s/it
round   42 | pool  8192 u max  101.95 | best_c52 0 | c52d6 1 nld6 102 nw 70 du6 119 nw8 105 | 0.38s/it
round   43 | pool  8192 u max  101.95 | best_c52 0 | c52d6 1 nld6 102 nw 70 du6 122 nw8 108 | 0.38s/it
round   44 | pool  8192 u max  101.95 | best_c52 0 | c52d6 1 nld6 102 nw 70 du6 124 nw8 108 | 0.38s/it
round   45 | pool  8192 u max  101.95 | best_c52 0 | c52d6 1 nld6 102 nw 70 du6 126 nw8 109 | 0.38s/it
round   46 | pool  8192 u max  101.95 | best_c52 0 | c52d6 1 nld6 102 nw 70 du6 127 nw8 110 | 0.38s/it
round   47 | pool  8192 u max  101.95 | best_c52 0 | c52d6 1 nld6 102 nw 70 du6 128 nw8 111 | 0.38s/it
round   48 | pool  8192 u max  101.95 | best_c52 0 | c52d6 1 nld6 102 nw 70 du6 131 nw8 112 | 0.38s/it
round   49 | pool  8192 u max  101.95 | best_c52 0 | c52d6 1 nld6 102 nw 70 du6 132 nw8 112 | 0.38s/it
round   50 | pool  8192 u max  101.95 | best_c52 0 | c52d6 1 nld6 102 nw 73 du6 138 nw8 116 | 0.38s/it
round   51 | pool  8192 u max  101.95 | best_c52 0 | c52d6 1 nld6 102 nw 73 du6 140 nw8 117 | 0.38s/it
round   52 | pool  8192 u max  101.95 | best_c52 0 | c52d6 1 nld6 102 nw 73 du6 143 nw8 119 | 0.38s/it
round   53 | pool  8192 u max  101.95 | best_c52 0 | c52d6 1 nld6 102 nw 73 du6 144 nw8 120 | 0.38s/it
round   54 | pool  8192 u max  101.95 | best_c52 0 | c52d6 1 nld6 102 nw 73 du6 146 nw8 121 | 0.38s/it
round   55 | pool  8192 u max  101.95 | best_c52 0 | c52d6 1 nld6 102 nw 74 du6 147 nw8 122 | 0.38s/it
round   56 | pool  8192 u max  101.95 | best_c52 0 | c52d6 1 nld6 102 nw 75 du6 148 nw8 123 | 0.38s/it
round   57 | pool  8192 u max  101.95 | best_c52 0 | c52d6 1 nld6 102 nw 75 du6 149 nw8 124 | 0.38s/it
round   58 | pool  8192 u max  101.95 | best_c52 0 | c52d6 1 nld6 102 nw 75 du6 150 nw8 125 | 0.38s/it
round   59 | pool  8192 u max  101.95 | best_c52 0 | c52d6 1 nld6 102 nw 75 du6 153 nw8 128 | 0.38s/it
round   60 | pool  8192 u max  101.95 | best_c52 0 | c52d6 1 nld6 102 nw 75 du6 153 nw8 128 | 0.38s/it
round   61 | pool  8192 u max  101.95 | best_c52 0 | c52d6 1 nld6 102 nw 77 du6 158 nw8 132 | 0.38s/it
round   62 | pool  8192 u max  101.95 | best_c52 0 | c52d6 1 nld6 102 nw 77 du6 158 nw8 132 | 0.38s/it
round   63 | pool  8192 u max  101.95 | best_c52 0 | c52d6 1 nld6 102 nw 78 du6 161 nw8 134 | 0.38s/it
round   64 | pool  8192 u max  101.95 | best_c52 0 | c52d6 1 nld6 102 nw 78 du6 162 nw8 135 | 0.38s/it
round   65 | pool  8192 u max  101.95 | best_c52 0 | c52d6 1 nld6 102 nw 79 du6 167 nw8 138 | 0.38s/it
round   66 | pool  8192 u max  101.95 | best_c52 0 | c52d6 1 nld6 102 nw 79 du6 169 nw8 139 | 0.38s/it
round   67 | pool  8192 u max  101.95 | best_c52 0 | c52d6 1 nld6 102 nw 79 du6 172 nw8 142 | 0.38s/it
round   68 | pool  8192 u max  101.95 | best_c52 0 | c52d6 1 nld6 102 nw 79 du6 174 nw8 144 | 0.38s/it
round   69 | pool  8192 u max  101.95 | best_c52 0 | c52d6 1 nld6 102 nw 79 du6 177 nw8 146 | 0.38s/it
round   70 | pool  8192 u max  101.95 | best_c52 0 | c52d6 1 nld6 102 nw 81 du6 180 nw8 149 | 0.38s/it
round   71 | pool  8192 u max  101.95 | best_c52 0 | c52d6 1 nld6 102 nw 81 du6 181 nw8 150 | 0.38s/it
round   72 | pool  8192 u max  101.95 | best_c52 0 | c52d6 1 nld6 102 nw 81 du6 183 nw8 152 | 0.38s/it
round   73 | pool  8192 u max  101.95 | best_c52 0 | c52d6 1 nld6 102 nw 81 du6 186 nw8 154 | 0.38s/it
round   74 | pool  8192 u max  101.95 | best_c52 0 | c52d6 1 nld6 102 nw 81 du6 189 nw8 155 | 0.38s/it
round   75 | pool  8192 u max  101.95 | best_c52 0 | c52d6 1 nld6 102 nw 82 du6 192 nw8 158 | 0.38s/it
round   76 | pool  8192 u max  101.95 | best_c52 0 | c52d6 1 nld6 102 nw 82 du6 192 nw8 158 | 0.38s/it
round   77 | pool  8192 u max  101.95 | best_c52 0 | c52d6 1 nld6 102 nw 82 du6 194 nw8 158 | 0.38s/it
round   78 | pool  8192 u max  101.95 | best_c52 0 | c52d6 1 nld6 102 nw 82 du6 194 nw8 158 | 0.38s/it
round   79 | pool  8192 u max  101.95 | best_c52 0 | c52d6 1 nld6 102 nw 82 du6 196 nw8 160 | 0.38s/it
round   80 | pool  8192 u max  101.95 | best_c52 0 | c52d6 1 nld6 102 nw 82 du6 196 nw8 160 | 0.38s/it
round   81 | pool  8192 u max  101.95 | best_c52 0 | c52d6 1 nld6 102 nw 82 du6 197 nw8 161 | 0.38s/it
round   82 | pool  8192 u max  101.95 | best_c52 0 | c52d6 1 nld6 102 nw 82 du6 198 nw8 162 | 0.38s/it
round   83 | pool  8192 u max  101.95 | best_c52 0 | c52d6 1 nld6 102 nw 82 du6 201 nw8 165 | 0.38s/it
round   84 | pool  8192 u max  101.95 | best_c52 0 | c52d6 1 nld6 102 nw 82 du6 202 nw8 166 | 0.38s/it
round   85 | pool  8192 u max  101.95 | best_c52 0 | c52d6 1 nld6 102 nw 82 du6 207 nw8 168 | 0.38s/it
round   86 | pool  8192 u max  101.95 | best_c52 0 | c52d6 1 nld6 102 nw 83 du6 208 nw8 169 | 0.38s/it
round   87 | pool  8192 u max  101.95 | best_c52 0 | c52d6 1 nld6 102 nw 83 du6 210 nw8 171 | 0.38s/it
round   88 | pool  8192 u max  101.95 | best_c52 0 | c52d6 1 nld6 102 nw 83 du6 212 nw8 172 | 0.38s/it
round   89 | pool  8192 u max  101.95 | best_c52 0 | c52d6 1 nld6 102 nw 83 du6 212 nw8 172 | 0.38s/it
round   90 | pool  8192 u max  101.95 | best_c52 0 | c52d6 1 nld6 102 nw 83 du6 212 nw8 172 | 0.38s/it
round   91 | pool  8192 u max  101.95 | best_c52 0 | c52d6 1 nld6 102 nw 83 du6 215 nw8 174 | 0.38s/it
round   92 | pool  8192 u max  101.95 | best_c52 0 | c52d6 1 nld6 102 nw 83 du6 217 nw8 176 | 0.38s/it
round   93 | pool  8192 u max  101.95 | best_c52 0 | c52d6 1 nld6 102 nw 83 du6 219 nw8 176 | 0.38s/it
round   94 | pool  8192 u max  101.95 | best_c52 0 | c52d6 1 nld6 102 nw 83 du6 221 nw8 177 | 0.38s/it
round   95 | pool  8192 u max  101.95 | best_c52 0 | c52d6 1 nld6 102 nw 84 du6 223 nw8 178 | 0.38s/it
round   96 | pool  8192 u max  101.95 | best_c52 0 | c52d6 1 nld6 102 nw 84 du6 223 nw8 178 | 0.38s/it
round   97 | pool  8192 u max  101.95 | best_c52 0 | c52d6 1 nld6 102 nw 86 du6 228 nw8 182 | 0.38s/it
round   98 | pool  8192 u max  101.95 | best_c52 0 | c52d6 1 nld6 102 nw 86 du6 230 nw8 184 | 0.38s/it
round   99 | pool  8192 u max  101.95 | best_c52 0 | c52d6 1 nld6 102 nw 86 du6 233 nw8 184 | 0.38s/it
round  100 | pool  8192 u max  101.95 | best_c52 0 | c52d6 1 nld6 102 nw 86 du6 236 nw8 187 | 0.38s/it
round  101 | pool  8192 u max  101.95 | best_c52 0 | c52d6 1 nld6 102 nw 86 du6 237 nw8 187 | 0.38s/it
round  102 | pool  8192 u max  101.95 | best_c52 0 | c52d6 1 nld6 102 nw 86 du6 239 nw8 188 | 0.38s/it
round  103 | pool  8192 u max  101.95 | best_c52 0 | c52d6 1 nld6 102 nw 86 du6 244 nw8 191 | 0.38s/it
round  104 | pool  8192 u max  101.95 | best_c52 0 | c52d6 1 nld6 102 nw 87 du6 247 nw8 193 | 0.38s/it
round  105 | pool  8192 u max  101.95 | best_c52 0 | c52d6 1 nld6 102 nw 87 du6 248 nw8 193 | 0.38s/it
round  106 | pool  8192 u max  104.00 | best_c52 0 | c52d6 0 nld6 104 nw 87 du6 251 nw8 195 | 0.38s/it
DONE champ_round=106 wall=40.4s
