init pool 47
round    1 | pool   467 u max  101.95 | best_c52 1 | c52d6 1 nld6 102 nw 47 du6 47 nw8 47 | 0.36s/it
round    2 | pool   910 u max  101.95 | best_c52 1 | c52d6 1 nld6 102 nw 49 du6 49 nw8 49 | 0.36s/it
round    3 | pool  1340 u max  101.95 | best_c52 1 | c52d6 1 nld6 102 nw 50 du6 51 nw8 51 | 0.36s/it
round    4 | pool  1778 u max  101.95 | best_c52 1 | c52d6 1 nld6 102 nw 51 du6 52 nw8 52 | 0.36s/it
round    5 | pool  2216 u max  101.95 | best_c52 1 | c52d6 1 nld6 102 nw 51 du6 53 nw8 53 | 0.36s/it
round    6 | pool  2648 u max  101.95 | best_c52 1 | c52d6 1 nld6 102 nw 52 du6 54 nw8 54 | 0.36s/it
round    7 | pool  3071 u max  101.95 | best_c52 1 | c52d6 1 nld6 102 nw 52 du6 57 nw8 55 | 0.36s/it
round    8 | pool  3501 u max  101.95 | best_c52 1 | c52d6 1 nld6 102 nw 54 du6 60 nw8 58 | 0.36s/it
round    9 | pool  3921 u max  101.95 | best_c52 1 | c52d6 1 nld6 102 nw 54 du6 61 nw8 59 | 0.37s/it
round   10 | pool  4343 u max  101.95 | best_c52 1 | c52d6 1 nld6 102 nw 54 du6 61 nw8 59 | 0.37s/it
round   11 | pool  4766 u max  101.95 | best_c52 1 | c52d6 1 nld6 102 nw 56 du6 63 nw8 61 | 0.37s/it
round   12 | pool  5183 u max  101.95 | best_c52 1 | c52d6 1 nld6 102 nw 56 du6 64 nw8 62 | 0.37s/it
round   13 | pool  5603 u max  101.95 | best_c52 0 | c52d6 1 nld6 102 nw 57 du6 68 nw8 66 | 0.37s/it
round   14 | pool  6010 u max  101.95 | best_c52 0 | c52d6 1 nld6 102 nw 58 du6 71 nw8 69 | 0.37s/it
round   15 | pool  6427 u max  101.95 | best_c52 0 | c52d6 1 nld6 102 nw 59 du6 73 nw8 71 | 0.37s/it
round   16 | pool  6829 u max  101.95 | best_c52 0 | c52d6 1 nld6 102 nw 59 du6 73 nw8 71 | 0.37s/it
round   17 | pool  7242 u max  101.95 | best_c52 0 | c52d6 1 nld6 102 nw 60 du6 75 nw8 73 | 0.37s/it
round   18 | pool  7672 u max  101.95 | best_c52 0 | c52d6 1 nld6 102 nw 60 du6 76 nw8 74 | 0.37s/it
round   19 | pool  8080 u max  101.95 | best_c52 0 | c52d6 1 nld6 102 nw 60 du6 77 nw8 75 | 0.37s/it
round   20 | pool  8192 u max  101.95 | best_c52 0 | c52d6 1 nld6 102 nw 60 du6 77 nw8 75 | 0.37s/it
round   21 | pool  8192 u max  101.95 | best_c52 0 | c52d6 1 nld6 102 nw 60 du6 77 nw8 75 | 0.37s/it
round   22 | pool  8192 u max  101.95 | best_c52 0 | c52d6 1 nld6 102 nw 61 du6 79 nw8 77 | 0.37s/it
round   23 | pool  8192 u max  101.95 | best_c52 0 | c52d6 1 nld6 102 nw 61 du6 80 nw8 77 | 0.37s/it
round   24 | pool  8192 u max  101.95 | best_c52 0 | c52d6 1 nld6 102 nw 61 du6 80 nw8 77 | 0.37s/it
round   25 | pool  8192 u max  101.95 | best_c52 0 | c52d6 1 nld6 102 nw 61 du6 82 nw8 79 | 0.38s/it
round   26 | pool  8192 u max  101.95 | best_c52 0 | c52d6 1 nld6 102 nw 62 du6 86 nw8 82 | 0.38s/it
round   27 | pool  8192 u max  101.95 | best_c52 0 | c52d6 1 nld6 102 nw 62 du6 89 nw8 84 | 0.38s/it
round   28 | pool  8192 u max  101.95 | best_c52 0 | c52d6 1 nld6 102 nw 62 du6 90 nw8 84 | 0.38s/it
round   29 | pool  8192 u max  101.95 | best_c52 0 | c52d6 1 nld6 102 nw 62 du6 91 nw8 85 | 0.38s/it
round   30 | pool  8192 u max  101.95 | best_c52 0 | c52d6 1 nld6 102 nw 65 du6 97 nw8 90 | 0.38s/it
round   31 | pool  8192 u max  101.95 | best_c52 0 | c52d6 1 nld6 102 nw 65 du6 100 nw8 92 | 0.38s/it
round   32 | pool  8192 u max  101.95 | best_c52 0 | c52d6 1 nld6 102 nw 66 du6 101 nw8 93 | 0.38s/it
round   33 | pool  8192 u max  101.95 | best_c52 0 | c52d6 1 nld6 102 nw 66 du6 101 nw8 93 | 0.38s/it
round   34 | pool  8192 u max  101.95 | best_c52 0 | c52d6 1 nld6 102 nw 66 du6 101 nw8 93 | 0.38s/it
round   35 | pool  8192 u max  101.95 | best_c52 0 | c52d6 1 nld6 102 nw 66 du6 103 nw8 95 | 0.38s/it
round   36 | pool  8192 u max  101.95 | best_c52 0 | c52d6 1 nld6 102 nw 67 du6 107 nw8 97 | 0.38s/it
round   37 | pool  8192 u max  101.95 | best_c52 0 | c52d6 1 nld6 102 nw 69 du6 110 nw8 100 | 0.38s/it
round   38 | pool  8192 u max  101.95 | best_c52 0 | c52d6 1 nld6 102 nw 69 du6 111 nw8 101 | 0.38s/it
round   39 | pool  8192 u max  101.95 | best_c52 0 | c52d6 1 nld6 102 nw 71 du6 113 nw8 103 | 0.38s/it
round   40 | pool  8192 u max  101.95 | best_c52 0 | c52d6 1 nld6 102 nw 71 du6 114 nw8 104 | 0.38s/it
round   41 | pool  8192 u max  101.95 | best_c52 0 | c52d6 1 nld6 102 nw 71 du6 115 nw8 105 | 0.38s/it
round   42 | pool  8192 u max  101.95 | best_c52 0 | c52d6 1 nld6 102 nw 71 du6 115 nw8 105 | 0.38s/it
round   43 | pool  8192 u max  101.95 | best_c52 0 | c52d6 1 nld6 102 nw 71 du6 115 nw8 105 | 0.38s/it
round   44 | pool  8192 u max  101.95 | best_c52 0 | c52d6 1 nld6 102 nw 71 du6 116 nw8 106 | 0.38s/it
round   45 | pool  8192 u max  101.95 | best_c52 0 | c52d6 1 nld6 102 nw 71 du6 119 nw8 108 | 0.38s/it
round   46 | pool  8192 u max  101.95 | best_c52 0 | c52d6 1 nld6 102 nw 72 du6 121 nw8 110 | 0.38s/it
round   47 | pool  8192 u max  101.95 | best_c52 0 | c52d6 1 nld6 102 nw 73 du6 124 nw8 112 | 0.38s/it
round   48 | pool  8192 u max  101.95 | best_c52 0 | c52d6 1 nld6 102 nw 73 du6 125 nw8 113 | 0.38s/it
round   49 | pool  8192 u max  101.95 | best_c52 0 | c52d6 1 nld6 102 nw 74 du6 129 nw8 115 | 0.38s/it
round   50 | pool  8192 u max  101.95 | best_c52 0 | c52d6 1 nld6 102 nw 75 du6 130 nw8 116 | 0.38s/it
round   51 | pool  8192 u max  101.95 | best_c52 0 | c52d6 1 nld6 102 nw 75 du6 132 nw8 117 | 0.38s/it
round   52 | pool  8192 u max  101.95 | best_c52 0 | c52d6 1 nld6 102 nw 75 du6 132 nw8 117 | 0.38s/it
round   53 | pool  8192 u max  101.95 | best_c52 0 | c52d6 1 nld6 102 nw 75 du6 133 nw8 117 | 0.38s/it
round   54 | pool  8192 u max  101.95 | best_c52 0 | c52d6 1 nld6 102 nw 75 du6 133 nw8 117 | 0.38s/it
round   55 | pool  8192 u max  101.95 | best_c52 0 | c52d6 1 nld6 102 nw 77 du6 135 nw8 119 | 0.38s/it
round   56 | pool  8192 u max  101.95 | best_c52 0 | c52d6 1 nld6 102 nw 77 du6 136 nw8 120 | 0.38s/it
round   57 | pool  8192 u max  101.95 | best_c52 0 | c52d6 1 nld6 102 nw 77 du6 139 nw8 123 | 0.38s/it
round   58 | pool  8192 u max  101.95 | best_c52 0 | c52d6 1 nld6 102 nw 78 du6 140 nw8 124 | 0.38s/it
round   59 | pool  8192 u max  101.95 | best_c52 0 | c52d6 1 nld6 102 nw 78 du6 142 nw8 126 | 0.38s/it
round   60 | pool  8192 u max  101.95 | best_c52 0 | c52d6 1 nld6 102 nw 78 du6 142 nw8 126 | 0.38s/it
round   61 | pool  8192 u max  101.95 | best_c52 0 | c52d6 1 nld6 102 nw 78 du6 144 nw8 128 | 0.38s/it
round   62 | pool  8192 u max  101.95 | best_c52 0 | c52d6 1 nld6 102 nw 79 du6 148 nw8 131 | 0.38s/it
round   63 | pool  8192 u max  101.95 | best_c52 0 | c52d6 1 nld6 102 nw 80 du6 151 nw8 133 | 0.38s/it
round   64 | pool  8192 u max  101.95 | best_c52 0 | c52d6 1 nld6 102 nw 80 du6 152 nw8 134 | 0.38s/it
round   65 | pool  8192 u max  101.95 | best_c52 0 | c52d6 1 nld6 102 nw 81 du6 154 nw8 135 | 0.38s/it
round   66 | pool  8192 u max  101.95 | best_c52 0 | c52d6 1 nld6 102 nw 81 du6 159 nw8 136 | 0.38s/it
round   67 | pool  8192 u max  101.95 | best_c52 0 | c52d6 1 nld6 102 nw 82 du6 161 nw8 137 | 0.38s/it
round   68 | pool  8192 u max  101.95 | best_c52 0 | c52d6 1 nld6 102 nw 83 du6 163 nw8 139 | 0.38s/it
round   69 | pool  8192 u max  101.95 | best_c52 0 | c52d6 1 nld6 102 nw 83 du6 164 nw8 139 | 0.38s/it
round   70 | pool  8192 u max  101.95 | best_c52 0 | c52d6 1 nld6 102 nw 83 du6 166 nw8 140 | 0.38s/it
round   71 | pool  8192 u max  101.95 | best_c52 0 | c52d6 1 nld6 102 nw 83 du6 167 nw8 140 | 0.38s/it
round   72 | pool  8192 u max  101.95 | best_c52 0 | c52d6 1 nld6 102 nw 83 du6 168 nw8 141 | 0.38s/it
round   73 | pool  8192 u max  101.95 | best_c52 0 | c52d6 1 nld6 102 nw 83 du6 168 nw8 141 | 0.38s/it
round   74 | pool  8192 u max  101.95 | best_c52 0 | c52d6 1 nld6 102 nw 83 du6 168 nw8 141 | 0.38s/it
round   75 | pool  8192 u max  101.95 | best_c52 0 | c52d6 1 nld6 102 nw 83 du6 173 nw8 142 | 0.38s/it
round   76 | pool  8192 u max  101.95 | best_c52 0 | c52d6 1 nld6 102 nw 85 du6 177 nw8 145 | 0.38s/it
round   77 | pool  8192 u max  101.95 | best_c52 0 | c52d6 1 nld6 102 nw 85 du6 178 nw8 146 | 0.38s/it
round   78 | pool  8192 u max  101.95 | best_c52 0 | c52d6 1 nld6 102 nw 85 du6 179 nw8 147 | 0.38s/it
round   79 | pool  8192 u max  101.95 | best_c52 0 | c52d6 1 nld6 102 nw 85 du6 180 nw8 147 | 0.38s/it
round   80 | pool  8192 u max  101.95 | best_c52 0 | c52d6 1 nld6 102 nw 85 du6 182 nw8 149 | 0.38s/it
round   81 | pool  8192 u max  101.95 | best_c52 0 | c52d6 1 nld6 102 nw 86 du6 184 nw8 151 | 0.38s/it
round   82 | pool  8192 u max  101.95 | best_c52 0 | c52d6 1 nld6 102 nw 86 du6 184 nw8 151 | 0.38s/it
round   83 | pool  8192 u max  101.95 | best_c52 0 | c52d6 1 nld6 102 nw 87 du6 185 nw8 152 | 0.38s/it
round   84 | pool  8192 u max  101.95 | best_c52 0 | c52d6 1 nld6 102 nw 87 du6 185 nw8 152 | 0.38s/it
round   85 | pool  8192 u max  101.95 | best_c52 0 | c52d6 1 nld6 102 nw 87 du6 185 nw8 152 | 0.38s/it
round   86 | pool  8192 u max  101.95 | best_c52 0 | c52d6 1 nld6 102 nw 87 du6 188 nw8 155 | 0.38s/it
round   87 | pool  8192 u max  101.95 | best_c52 0 | c52d6 1 nld6 102 nw 88 du6 189 nw8 156 | 0.38s/it
round   88 | pool  8192 u max  101.95 | best_c52 0 | c52d6 1 nld6 102 nw 88 du6 190 nw8 156 | 0.38s/it
round   89 | pool  8192 u max  101.95 | best_c52 0 | c52d6 1 nld6 102 nw 89 du6 191 nw8 157 | 0.38s/it
round   90 | pool  8192 u max  101.95 | best_c52 0 | c52d6 1 nld6 102 nw 89 du6 193 nw8 157 | 0.38s/it
round   91 | pool  8192 u max  101.95 | best_c52 0 | c52d6 1 nld6 102 nw 89 du6 195 nw8 157 | 0.38s/it
round   92 | pool  8192 u max  101.95 | best_c52 0 | c52d6 1 nld6 102 nw 89 du6 196 nw8 158 | 0.38s/it
round   93 | pool  8192 u max  101.95 | best_c52 0 | c52d6 1 nld6 102 nw 89 du6 197 nw8 158 | 0.38s/it
round   94 | pool  8192 u max  101.95 | best_c52 0 | c52d6 1 nld6 102 nw 90 du6 198 nw8 159 | 0.38s/it
round   95 | pool  8192 u max  101.95 | best_c52 0 | c52d6 1 nld6 102 nw 90 du6 201 nw8 161 | 0.38s/it
round   96 | pool  8192 u max  101.95 | best_c52 0 | c52d6 1 nld6 102 nw 92 du6 204 nw8 163 | 0.38s/it
round   97 | pool  8192 u max  101.95 | best_c52 0 | c52d6 1 nld6 102 nw 92 du6 204 nw8 163 | 0.38s/it
round   98 | pool  8192 u max  101.95 | best_c52 0 | c52d6 1 nld6 102 nw 92 du6 206 nw8 164 | 0.38s/it
round   99 | pool  8192 u max  101.95 | best_c52 0 | c52d6 1 nld6 102 nw 93 du6 207 nw8 165 | 0.38s/it
round  100 | pool  8192 u max  101.95 | best_c52 0 | c52d6 1 nld6 102 nw 93 du6 207 nw8 165 | 0.38s/it
round  101 | pool  8192 u max  101.95 | best_c52 0 | c52d6 1 nld6 102 nw 94 du6 209 nw8 167 | 0.38s/it
round  102 | pool  8192 u max  101.95 | best_c52 0 | c52d6 1 nld6 102 nw 94 du6 211 nw8 168 | 0.38s/it
round  103 | pool  8192 u max  101.95 | best_c52 0 | c52d6 1 nld6 102 nw 94 du6 212 nw8 169 | 0.38s/it
round  104 | pool  8192 u max  101.95 | best_c52 0 | c52d6 1 nld6 102 nw 94 du6 213 nw8 170 | 0.38s/it
round  105 | pool  8192 u max  101.95 | best_c52 0 | c52d6 1 nld6 102 nw 94 du6 215 nw8 171 | 0.38s/it
round  106 | pool  8192 u max  101.95 | best_c52 0 | c52d6 1 nld6 102 nw 94 du6 217 nw8 173 | 0.38s/it
round  107 | pool  8192 u max  101.95 | best_c52 0 | c52d6 1 nld6 102 nw 96 du6 221 nw8 176 | 0.38s/it
round  108 | pool  8192 u max  101.95 | best_c52 0 | c52d6 1 nld6 102 nw 96 du6 223 nw8 178 | 0.38s/it
round  109 | pool  8192 u max  101.95 | best_c52 0 | c52d6 1 nld6 102 nw 96 du6 226 nw8 180 | 0.38s/it
round  110 | pool  8192 u max  101.95 | best_c52 0 | c52d6 1 nld6 102 nw 96 du6 227 nw8 181 | 0.38s/it
round  111 | pool  8192 u max  101.95 | best_c52 0 | c52d6 1 nld6 102 nw 96 du6 228 nw8 182 | 0.38s/it
round  112 | pool  8192 u max  101.95 | best_c52 0 | c52d6 1 nld6 102 nw 96 du6 228 nw8 182 | 0.38s/it
round  113 | pool  8192 u max  101.95 | best_c52 0 | c52d6 1 nld6 102 nw 96 du6 229 nw8 183 | 0.38s/it
round  114 | pool  8192 u max  101.95 | best_c52 0 | c52d6 1 nld6 102 nw 97 du6 233 nw8 187 | 0.38s/it
round  115 | pool  8192 u max  101.95 | best_c52 0 | c52d6 1 nld6 102 nw 97 du6 234 nw8 188 | 0.38s/it
round  116 | pool  8192 u max  101.95 | best_c52 0 | c52d6 1 nld6 102 nw 97 du6 236 nw8 189 | 0.38s/it
round  117 | pool  8192 u max  101.95 | best_c52 0 | c52d6 1 nld6 102 nw 97 du6 238 nw8 189 | 0.38s/it
round  118 | pool  8192 u max  101.95 | best_c52 0 | c52d6 1 nld6 102 nw 97 du6 239 nw8 189 | 0.38s/it
round  119 | pool  8192 u max  101.95 | best_c52 0 | c52d6 1 nld6 102 nw 97 du6 241 nw8 190 | 0.38s/it
round  120 | pool  8192 u max  101.95 | best_c52 0 | c52d6 1 nld6 102 nw 99 du6 248 nw8 195 | 0.38s/it
round  121 | pool  8192 u max  101.95 | best_c52 0 | c52d6 1 nld6 102 nw 99 du6 250 nw8 195 | 0.38s/it
round  122 | pool  8192 u max  101.95 | best_c52 0 | c52d6 1 nld6 102 nw 99 du6 250 nw8 195 | 0.38s/it
round  123 | pool  8192 u max  101.95 | best_c52 0 | c52d6 1 nld6 102 nw 101 du6 252 nw8 197 | 0.38s/it
round  124 | pool  8192 u max  101.95 | best_c52 0 | c52d6 1 nld6 102 nw 101 du6 256 nw8 198 | 0.38s/it
round  125 | pool  8192 u max  101.95 | best_c52 0 | c52d6 1 nld6 102 nw 101 du6 256 nw8 198 | 0.38s/it
round  126 | pool  8192 u max  101.95 | best_c52 0 | c52d6 1 nld6 102 nw 102 du6 258 nw8 200 | 0.38s/it
round  127 | pool  8192 u max  101.95 | best_c52 0 | c52d6 1 nld6 102 nw 102 du6 259 nw8 201 | 0.38s/it
round  128 | pool  8192 u max  101.95 | best_c52 0 | c52d6 1 nld6 102 nw 102 du6 261 nw8 202 | 0.38s/it
round  129 | pool  8192 u max  101.95 | best_c52 0 | c52d6 1 nld6 102 nw 102 du6 264 nw8 204 | 0.38s/it
round  130 | pool  8192 u max  101.95 | best_c52 0 | c52d6 1 nld6 102 nw 102 du6 265 nw8 204 | 0.38s/it
round  131 | pool  8192 u max  101.95 | best_c52 0 | c52d6 1 nld6 102 nw 102 du6 266 nw8 205 | 0.38s/it
round  132 | pool  8192 u max  101.95 | best_c52 0 | c52d6 1 nld6 102 nw 102 du6 267 nw8 205 | 0.38s/it
round  133 | pool  8192 u max  101.95 | best_c52 0 | c52d6 1 nld6 102 nw 102 du6 268 nw8 205 | 0.38s/it
round  134 | pool  8192 u max  101.95 | best_c52 0 | c52d6 1 nld6 102 nw 102 du6 269 nw8 205 | 0.38s/it
round  135 | pool  8192 u max  101.95 | best_c52 0 | c52d6 1 nld6 102 nw 102 du6 269 nw8 205 | 0.38s/it
round  136 | pool  8192 u max  101.95 | best_c52 0 | c52d6 1 nld6 102 nw 103 du6 272 nw8 208 | 0.38s/it
round  137 | pool  8192 u max  101.95 | best_c52 0 | c52d6 1 nld6 102 nw 103 du6 276 nw8 210 | 0.38s/it
round  138 | pool  8192 u max  101.95 | best_c52 0 | c52d6 1 nld6 102 nw 104 du6 281 nw8 211 | 0.38s/it
round  139 | pool  8192 u max  101.95 | best_c52 0 | c52d6 1 nld6 102 nw 105 du6 282 nw8 212 | 0.38s/it
round  140 | pool  8192 u max  101.95 | best_c52 0 | c52d6 1 nld6 102 nw 105 du6 282 nw8 212 | 0.38s/it
round  141 | pool  8192 u max  101.95 | best_c52 0 | c52d6 1 nld6 102 nw 105 du6 282 nw8 212 | 0.38s/it
round  142 | pool  8192 u max  101.95 | best_c52 0 | c52d6 1 nld6 102 nw 105 du6 282 nw8 212 | 0.38s/it
round  143 | pool  8192 u max  101.95 | best_c52 0 | c52d6 1 nld6 102 nw 105 du6 283 nw8 212 | 0.38s/it
round  144 | pool  8192 u max  101.95 | best_c52 0 | c52d6 1 nld6 102 nw 105 du6 286 nw8 213 | 0.38s/it
round  145 | pool  8192 u max  101.95 | best_c52 0 | c52d6 1 nld6 102 nw 105 du6 286 nw8 213 | 0.38s/it
round  146 | pool  8192 u max  101.95 | best_c52 0 | c52d6 1 nld6 102 nw 106 du6 287 nw8 214 | 0.38s/it
round  147 | pool  8192 u max  101.95 | best_c52 0 | c52d6 1 nld6 102 nw 106 du6 288 nw8 214 | 0.38s/it
round  148 | pool  8192 u max  101.95 | best_c52 0 | c52d6 1 nld6 102 nw 106 du6 289 nw8 215 | 0.38s/it
round  149 | pool  8192 u max  101.95 | best_c52 0 | c52d6 1 nld6 102 nw 106 du6 292 nw8 215 | 0.38s/it
round  150 | pool  8192 u max  101.95 | best_c52 0 | c52d6 1 nld6 102 nw 106 du6 295 nw8 216 | 0.38s/it
round  151 | pool  8192 u max  101.95 | best_c52 0 | c52d6 1 nld6 102 nw 106 du6 299 nw8 218 | 0.38s/it
round  152 | pool  8192 u max  101.95 | best_c52 0 | c52d6 1 nld6 102 nw 107 du6 305 nw8 223 | 0.38s/it
round  153 | pool  8192 u max  101.95 | best_c52 0 | c52d6 1 nld6 102 nw 108 du6 308 nw8 225 | 0.38s/it
round  154 | pool  8192 u max  101.95 | best_c52 0 | c52d6 1 nld6 102 nw 108 du6 309 nw8 226 | 0.38s/it
round  155 | pool  8192 u max  101.95 | best_c52 0 | c52d6 1 nld6 102 nw 108 du6 313 nw8 229 | 0.38s/it
round  156 | pool  8192 u max  101.95 | best_c52 0 | c52d6 1 nld6 102 nw 108 du6 315 nw8 231 | 0.38s/it
round  157 | pool  8192 u max  101.95 | best_c52 0 | c52d6 1 nld6 102 nw 108 du6 316 nw8 232 | 0.38s/it
round  158 | pool  8192 u max  101.95 | best_c52 0 | c52d6 1 nld6 102 nw 109 du6 318 nw8 234 | 0.38s/it
round  159 | pool  8192 u max  101.95 | best_c52 0 | c52d6 1 nld6 102 nw 109 du6 318 nw8 234 | 0.38s/it
round  160 | pool  8192 u max  101.95 | best_c52 0 | c52d6 1 nld6 102 nw 109 du6 320 nw8 235 | 0.38s/it
round  161 | pool  8192 u max  101.95 | best_c52 0 | c52d6 1 nld6 102 nw 109 du6 323 nw8 235 | 0.38s/it
round  162 | pool  8192 u max  101.95 | best_c52 0 | c52d6 1 nld6 102 nw 109 du6 323 nw8 235 | 0.38s/it
round  163 | pool  8192 u max  101.95 | best_c52 0 | c52d6 1 nld6 102 nw 109 du6 323 nw8 235 | 0.38s/it
round  164 | pool  8192 u max  101.95 | best_c52 0 | c52d6 1 nld6 102 nw 109 du6 324 nw8 235 | 0.38s/it
round  165 | pool  8192 u max  101.95 | best_c52 0 | c52d6 1 nld6 102 nw 109 du6 324 nw8 235 | 0.38s/it
round  166 | pool  8192 u max  101.95 | best_c52 0 | c52d6 1 nld6 102 nw 109 du6 325 nw8 236 | 0.38s/it
round  167 | pool  8192 u max  101.95 | best_c52 0 | c52d6 1 nld6 102 nw 109 du6 326 nw8 237 | 0.38s/it
round  168 | pool  8192 u max  101.95 | best_c52 0 | c52d6 1 nld6 102 nw 109 du6 328 nw8 239 | 0.38s/it
round  169 | pool  8192 u max  101.95 | best_c52 0 | c52d6 1 nld6 102 nw 109 du6 329 nw8 240 | 0.38s/it
round  170 | pool  8192 u max  101.95 | best_c52 0 | c52d6 1 nld6 102 nw 109 du6 330 nw8 241 | 0.38s/it
round  171 | pool  8192 u max  101.95 | best_c52 0 | c52d6 1 nld6 102 nw 109 du6 335 nw8 244 | 0.38s/it
round  172 | pool  8192 u max  101.95 | best_c52 0 | c52d6 1 nld6 102 nw 110 du6 337 nw8 245 | 0.38s/it
round  173 | pool  8192 u max  101.95 | best_c52 0 | c52d6 1 nld6 102 nw 110 du6 340 nw8 246 | 0.38s/it
round  174 | pool  8192 u max  101.95 | best_c52 0 | c52d6 1 nld6 102 nw 110 du6 341 nw8 247 | 0.38s/it
round  175 | pool  8192 u max  101.95 | best_c52 0 | c52d6 1 nld6 102 nw 111 du6 346 nw8 250 | 0.38s/it
round  176 | pool  8192 u max  101.95 | best_c52 0 | c52d6 1 nld6 102 nw 111 du6 346 nw8 250 | 0.38s/it
round  177 | pool  8192 u max  101.95 | best_c52 0 | c52d6 1 nld6 102 nw 111 du6 349 nw8 253 | 0.38s/it
round  178 | pool  8192 u max  101.95 | best_c52 0 | c52d6 1 nld6 102 nw 111 du6 350 nw8 253 | 0.38s/it
round  179 | pool  8192 u max  101.95 | best_c52 0 | c52d6 1 nld6 102 nw 111 du6 355 nw8 255 | 0.38s/it
round  180 | pool  8192 u max  101.95 | best_c52 0 | c52d6 1 nld6 102 nw 111 du6 356 nw8 256 | 0.38s/it
round  181 | pool  8192 u max  101.95 | best_c52 0 | c52d6 1 nld6 102 nw 112 du6 359 nw8 259 | 0.38s/it
round  182 | pool  8192 u max  101.95 | best_c52 0 | c52d6 1 nld6 102 nw 112 du6 362 nw8 261 | 0.38s/it
round  183 | pool  8192 u max  101.95 | best_c52 0 | c52d6 1 nld6 102 nw 112 du6 366 nw8 263 | 0.38s/it
round  184 | pool  8192 u max  101.95 | best_c52 0 | c52d6 1 nld6 102 nw 113 du6 369 nw8 264 | 0.38s/it
round  185 | pool  8192 u max  101.95 | best_c52 0 | c52d6 1 nld6 102 nw 113 du6 372 nw8 266 | 0.38s/it
round  186 | pool  8192 u max  101.95 | best_c52 0 | c52d6 1 nld6 102 nw 113 du6 372 nw8 266 | 0.38s/it
round  187 | pool  8192 u max  101.95 | best_c52 0 | c52d6 1 nld6 102 nw 113 du6 372 nw8 266 | 0.38s/it
round  188 | pool  8192 u max  101.95 | best_c52 0 | c52d6 1 nld6 102 nw 113 du6 373 nw8 267 | 0.38s/it
round  189 | pool  8192 u max  101.95 | best_c52 0 | c52d6 1 nld6 102 nw 113 du6 376 nw8 268 | 0.38s/it
round  190 | pool  8192 u max  101.95 | best_c52 0 | c52d6 1 nld6 102 nw 113 du6 377 nw8 269 | 0.38s/it
round  191 | pool  8192 u max  101.95 | best_c52 0 | c52d6 1 nld6 102 nw 113 du6 378 nw8 269 | 0.38s/it
round  192 | pool  8192 u max  101.95 | best_c52 0 | c52d6 1 nld6 102 nw 114 du6 379 nw8 270 | 0.38s/it
round  193 | pool  8192 u max  101.95 | best_c52 0 | c52d6 1 nld6 102 nw 114 du6 380 nw8 270 | 0.38s/it
round  194 | pool  8192 u max  101.95 | best_c52 0 | c52d6 1 nld6 102 nw 114 du6 380 nw8 270 | 0.38s/it
round  195 | pool  8192 u max  101.95 | best_c52 0 | c52d6 1 nld6 102 nw 115 du6 381 nw8 271 | 0.38s/it
round  196 | pool  8192 u max  101.95 | best_c52 0 | c52d6 1 nld6 102 nw 115 du6 383 nw8 272 | 0.38s/it
round  197 | pool  8192 u max  101.95 | best_c52 0 | c52d6 1 nld6 102 nw 115 du6 383 nw8 272 | 0.38s/it
round  198 | pool  8192 u max  101.95 | best_c52 0 | c52d6 1 nld6 102 nw 115 du6 383 nw8 272 | 0.38s/it
round  199 | pool  8192 u max  101.95 | best_c52 0 | c52d6 1 nld6 102 nw 115 du6 385 nw8 272 | 0.38s/it
round  200 | pool  8192 u max  101.95 | best_c52 0 | c52d6 1 nld6 102 nw 115 du6 386 nw8 273 | 0.38s/it
round  201 | pool  8192 u max  101.95 | best_c52 0 | c52d6 1 nld6 102 nw 115 du6 390 nw8 274 | 0.38s/it
round  202 | pool  8192 u max  101.95 | best_c52 0 | c52d6 1 nld6 102 nw 115 du6 394 nw8 277 | 0.38s/it
round  203 | pool  8192 u max  101.95 | best_c52 0 | c52d6 1 nld6 102 nw 115 du6 397 nw8 280 | 0.38s/it
round  204 | pool  8192 u max  101.95 | best_c52 0 | c52d6 1 nld6 102 nw 115 du6 399 nw8 282 | 0.38s/it
round  205 | pool  8192 u max  101.95 | best_c52 0 | c52d6 1 nld6 102 nw 115 du6 404 nw8 283 | 0.38s/it
round  206 | pool  8192 u max  101.95 | best_c52 0 | c52d6 1 nld6 102 nw 115 du6 405 nw8 284 | 0.38s/it
round  207 | pool  8192 u max  101.95 | best_c52 0 | c52d6 1 nld6 102 nw 115 du6 406 nw8 285 | 0.38s/it
round  208 | pool  8192 u max  101.95 | best_c52 0 | c52d6 1 nld6 102 nw 115 du6 407 nw8 285 | 0.38s/it
round  209 | pool  8192 u max  101.95 | best_c52 0 | c52d6 1 nld6 102 nw 115 du6 409 nw8 287 | 0.38s/it
round  210 | pool  8192 u max  101.95 | best_c52 0 | c52d6 1 nld6 102 nw 115 du6 410 nw8 288 | 0.38s/it
round  211 | pool  8192 u max  101.95 | best_c52 0 | c52d6 1 nld6 102 nw 115 du6 413 nw8 289 | 0.38s/it
round  212 | pool  8192 u max  101.95 | best_c52 0 | c52d6 1 nld6 102 nw 115 du6 415 nw8 290 | 0.38s/it
round  213 | pool  8192 u max  101.95 | best_c52 0 | c52d6 1 nld6 102 nw 115 du6 419 nw8 292 | 0.38s/it
round  214 | pool  8192 u max  101.95 | best_c52 0 | c52d6 1 nld6 102 nw 115 du6 422 nw8 293 | 0.38s/it
round  215 | pool  8192 u max  101.95 | best_c52 0 | c52d6 1 nld6 102 nw 115 du6 423 nw8 293 | 0.38s/it
round  216 | pool  8192 u max  101.95 | best_c52 0 | c52d6 1 nld6 102 nw 116 du6 427 nw8 295 | 0.38s/it
round  217 | pool  8192 u max  101.95 | best_c52 0 | c52d6 1 nld6 102 nw 116 du6 428 nw8 295 | 0.38s/it
round  218 | pool  8192 u max  101.95 | best_c52 0 | c52d6 1 nld6 102 nw 116 du6 429 nw8 296 | 0.38s/it
round  219 | pool  8192 u max  101.95 | best_c52 0 | c52d6 1 nld6 102 nw 117 du6 433 nw8 298 | 0.38s/it
round  220 | pool  8192 u max  101.95 | best_c52 0 | c52d6 1 nld6 102 nw 117 du6 435 nw8 299 | 0.38s/it
round  221 | pool  8192 u max  101.95 | best_c52 0 | c52d6 1 nld6 102 nw 117 du6 436 nw8 300 | 0.38s/it
round  222 | pool  8192 u max  101.95 | best_c52 0 | c52d6 1 nld6 102 nw 117 du6 437 nw8 300 | 0.38s/it
round  223 | pool  8192 u max  101.95 | best_c52 0 | c52d6 1 nld6 102 nw 117 du6 438 nw8 301 | 0.38s/it
round  224 | pool  8192 u max  101.95 | best_c52 0 | c52d6 1 nld6 102 nw 117 du6 442 nw8 303 | 0.38s/it
round  225 | pool  8192 u max  101.95 | best_c52 0 | c52d6 1 nld6 102 nw 117 du6 444 nw8 304 | 0.38s/it
round  226 | pool  8192 u max  101.95 | best_c52 0 | c52d6 1 nld6 102 nw 117 du6 446 nw8 306 | 0.38s/it
round  227 | pool  8192 u max  101.95 | best_c52 0 | c52d6 1 nld6 102 nw 117 du6 448 nw8 307 | 0.38s/it
round  228 | pool  8192 u max  101.95 | best_c52 0 | c52d6 1 nld6 102 nw 117 du6 451 nw8 309 | 0.38s/it
round  229 | pool  8192 u max  101.95 | best_c52 0 | c52d6 1 nld6 102 nw 118 du6 452 nw8 310 | 0.38s/it
round  230 | pool  8192 u max  101.95 | best_c52 0 | c52d6 1 nld6 102 nw 118 du6 455 nw8 311 | 0.38s/it
round  231 | pool  8192 u max  101.95 | best_c52 0 | c52d6 1 nld6 102 nw 119 du6 457 nw8 313 | 0.38s/it
round  232 | pool  8192 u max  101.95 | best_c52 0 | c52d6 1 nld6 102 nw 120 du6 460 nw8 315 | 0.38s/it
round  233 | pool  8192 u max  101.95 | best_c52 0 | c52d6 1 nld6 102 nw 120 du6 463 nw8 316 | 0.38s/it
round  234 | pool  8192 u max  101.95 | best_c52 0 | c52d6 1 nld6 102 nw 120 du6 463 nw8 316 | 0.38s/it
round  235 | pool  8192 u max  101.95 | best_c52 0 | c52d6 1 nld6 102 nw 121 du6 465 nw8 318 | 0.38s/it
round  236 | pool  8192 u max  101.95 | best_c52 0 | c52d6 1 nld6 102 nw 121 du6 465 nw8 318 | 0.38s/it
round  237 | pool  8192 u max  101.95 | best_c52 0 | c52d6 1 nld6 102 nw 121 du6 468 nw8 319 | 0.38s/it
round  238 | pool  8192 u max  101.95 | best_c52 0 | c52d6 1 nld6 102 nw 121 du6 468 nw8 319 | 0.38s/it
round  239 | pool  8192 u max  101.95 | best_c52 0 | c52d6 1 nld6 102 nw 121 du6 469 nw8 320 | 0.38s/it
round  240 | pool  8192 u max  101.95 | best_c52 0 | c52d6 1 nld6 102 nw 121 du6 471 nw8 321 | 0.38s/it
round  241 | pool  8192 u max  101.95 | best_c52 0 | c52d6 1 nld6 102 nw 121 du6 472 nw8 321 | 0.38s/it
round  242 | pool  8192 u max  101.95 | best_c52 0 | c52d6 1 nld6 102 nw 121 du6 474 nw8 323 | 0.38s/it
round  243 | pool  8192 u max  101.95 | best_c52 0 | c52d6 1 nld6 102 nw 121 du6 474 nw8 323 | 0.38s/it
round  244 | pool  8192 u max  101.95 | best_c52 0 | c52d6 1 nld6 102 nw 121 du6 476 nw8 324 | 0.38s/it
round  245 | pool  8192 u max  101.95 | best_c52 0 | c52d6 1 nld6 102 nw 121 du6 478 nw8 324 | 0.38s/it
round  246 | pool  8192 u max  101.95 | best_c52 0 | c52d6 1 nld6 102 nw 121 du6 479 nw8 325 | 0.38s/it
round  247 | pool  8192 u max  101.95 | best_c52 0 | c52d6 1 nld6 102 nw 121 du6 480 nw8 326 | 0.38s/it
round  248 | pool  8192 u max  101.95 | best_c52 0 | c52d6 1 nld6 102 nw 122 du6 482 nw8 327 | 0.38s/it
round  249 | pool  8192 u max  101.95 | best_c52 0 | c52d6 1 nld6 102 nw 122 du6 482 nw8 327 | 0.38s/it
round  250 | pool  8192 u max  101.95 | best_c52 0 | c52d6 1 nld6 102 nw 122 du6 483 nw8 328 | 0.38s/it
round  251 | pool  8192 u max  101.95 | best_c52 0 | c52d6 1 nld6 102 nw 124 du6 486 nw8 331 | 0.38s/it
round  252 | pool  8192 u max  101.95 | best_c52 0 | c52d6 1 nld6 102 nw 124 du6 487 nw8 331 | 0.38s/it
round  253 | pool  8192 u max  101.95 | best_c52 0 | c52d6 1 nld6 102 nw 124 du6 488 nw8 332 | 0.38s/it
round  254 | pool  8192 u max  101.95 | best_c52 0 | c52d6 1 nld6 102 nw 124 du6 490 nw8 334 | 0.38s/it
round  255 | pool  8192 u max  101.95 | best_c52 0 | c52d6 1 nld6 102 nw 124 du6 493 nw8 337 | 0.38s/it
round  256 | pool  8192 u max  101.95 | best_c52 0 | c52d6 1 nld6 102 nw 124 du6 499 nw8 340 | 0.38s/it
round  257 | pool  8192 u max  101.95 | best_c52 0 | c52d6 1 nld6 102 nw 124 du6 500 nw8 340 | 0.38s/it
round  258 | pool  8192 u max  101.95 | best_c52 0 | c52d6 1 nld6 102 nw 124 du6 500 nw8 340 | 0.38s/it
round  259 | pool  8192 u max  101.95 | best_c52 0 | c52d6 1 nld6 102 nw 125 du6 503 nw8 342 | 0.38s/it
round  260 | pool  8192 u max  101.95 | best_c52 0 | c52d6 1 nld6 102 nw 125 du6 505 nw8 344 | 0.38s/it
round  261 | pool  8192 u max  101.95 | best_c52 0 | c52d6 1 nld6 102 nw 125 du6 509 nw8 345 | 0.38s/it
round  262 | pool  8192 u max  101.95 | best_c52 0 | c52d6 1 nld6 102 nw 125 du6 512 nw8 347 | 0.38s/it
round  263 | pool  8192 u max  101.95 | best_c52 0 | c52d6 1 nld6 102 nw 125 du6 512 nw8 347 | 0.38s/it
round  264 | pool  8192 u max  101.95 | best_c52 0 | c52d6 1 nld6 102 nw 125 du6 514 nw8 348 | 0.38s/it
round  265 | pool  8192 u max  101.95 | best_c52 0 | c52d6 1 nld6 102 nw 125 du6 516 nw8 348 | 0.38s/it
round  266 | pool  8192 u max  101.95 | best_c52 0 | c52d6 1 nld6 102 nw 125 du6 519 nw8 350 | 0.38s/it
round  267 | pool  8192 u max  101.95 | best_c52 0 | c52d6 1 nld6 102 nw 126 du6 523 nw8 353 | 0.38s/it
round  268 | pool  8192 u max  101.95 | best_c52 0 | c52d6 1 nld6 102 nw 126 du6 525 nw8 354 | 0.38s/it
round  269 | pool  8192 u max  101.95 | best_c52 0 | c52d6 1 nld6 102 nw 126 du6 525 nw8 354 | 0.38s/it
round  270 | pool  8192 u max  101.95 | best_c52 0 | c52d6 1 nld6 102 nw 126 du6 526 nw8 355 | 0.38s/it
round  271 | pool  8192 u max  101.95 | best_c52 0 | c52d6 1 nld6 102 nw 126 du6 527 nw8 355 | 0.38s/it
round  272 | pool  8192 u max  101.95 | best_c52 0 | c52d6 1 nld6 102 nw 126 du6 529 nw8 355 | 0.38s/it
round  273 | pool  8192 u max  101.95 | best_c52 0 | c52d6 1 nld6 102 nw 126 du6 530 nw8 355 | 0.38s/it
round  274 | pool  8192 u max  101.95 | best_c52 0 | c52d6 1 nld6 102 nw 126 du6 531 nw8 356 | 0.38s/it
round  275 | pool  8192 u max  101.95 | best_c52 0 | c52d6 1 nld6 102 nw 126 du6 531 nw8 356 | 0.38s/it
round  276 | pool  8192 u max  101.95 | best_c52 0 | c52d6 1 nld6 102 nw 127 du6 534 nw8 358 | 0.38s/it
round  277 | pool  8192 u max  101.95 | best_c52 0 | c52d6 1 nld6 102 nw 127 du6 537 nw8 360 | 0.38s/it
round  278 | pool  8192 u max  101.95 | best_c52 0 | c52d6 1 nld6 102 nw 127 du6 537 nw8 360 | 0.38s/it
round  279 | pool  8192 u max  101.95 | best_c52 0 | c52d6 1 nld6 102 nw 127 du6 538 nw8 361 | 0.38s/it
round  280 | pool  8192 u max  101.95 | best_c52 0 | c52d6 1 nld6 102 nw 127 du6 540 nw8 362 | 0.38s/it
round  281 | pool  8192 u max  101.95 | best_c52 0 | c52d6 1 nld6 102 nw 127 du6 541 nw8 363 | 0.38s/it
round  282 | pool  8192 u max  101.95 | best_c52 0 | c52d6 1 nld6 102 nw 127 du6 543 nw8 364 | 0.38s/it
round  283 | pool  8192 u max  101.95 | best_c52 0 | c52d6 1 nld6 102 nw 127 du6 544 nw8 365 | 0.38s/it
round  284 | pool  8192 u max  101.95 | best_c52 0 | c52d6 1 nld6 102 nw 127 du6 544 nw8 365 | 0.38s/it
round  285 | pool  8192 u max  101.95 | best_c52 0 | c52d6 1 nld6 102 nw 128 du6 546 nw8 366 | 0.38s/it
round  286 | pool  8192 u max  101.95 | best_c52 0 | c52d6 1 nld6 102 nw 128 du6 548 nw8 366 | 0.38s/it
round  287 | pool  8192 u max  101.95 | best_c52 0 | c52d6 1 nld6 102 nw 128 du6 552 nw8 367 | 0.38s/it
round  288 | pool  8192 u max  101.95 | best_c52 0 | c52d6 1 nld6 102 nw 128 du6 552 nw8 367 | 0.38s/it
round  289 | pool  8192 u max  101.95 | best_c52 0 | c52d6 1 nld6 102 nw 128 du6 553 nw8 368 | 0.38s/it
round  290 | pool  8192 u max  101.95 | best_c52 0 | c52d6 1 nld6 102 nw 128 du6 556 nw8 370 | 0.38s/it
round  291 | pool  8192 u max  101.95 | best_c52 0 | c52d6 1 nld6 102 nw 128 du6 558 nw8 370 | 0.38s/it
round  292 | pool  8192 u max  101.95 | best_c52 0 | c52d6 1 nld6 102 nw 128 du6 559 nw8 370 | 0.38s/it
round  293 | pool  8192 u max  101.95 | best_c52 0 | c52d6 1 nld6 102 nw 129 du6 560 nw8 371 | 0.38s/it
round  294 | pool  8192 u max  101.95 | best_c52 0 | c52d6 1 nld6 102 nw 129 du6 563 nw8 371 | 0.38s/it
round  295 | pool  8192 u max  101.95 | best_c52 0 | c52d6 1 nld6 102 nw 129 du6 566 nw8 372 | 0.38s/it
round  296 | pool  8192 u max  101.95 | best_c52 0 | c52d6 1 nld6 102 nw 129 du6 568 nw8 373 | 0.38s/it
round  297 | pool  8192 u max  101.95 | best_c52 0 | c52d6 1 nld6 102 nw 129 du6 568 nw8 373 | 0.38s/it
round  298 | pool  8192 u max  101.95 | best_c52 0 | c52d6 1 nld6 102 nw 129 du6 570 nw8 375 | 0.38s/it
round  299 | pool  8192 u max  101.95 | best_c52 0 | c52d6 1 nld6 102 nw 130 du6 572 nw8 376 | 0.38s/it
round  300 | pool  8192 u max  101.95 | best_c52 0 | c52d6 1 nld6 102 nw 131 du6 578 nw8 378 | 0.38s/it
round  301 | pool  8192 u max  101.95 | best_c52 0 | c52d6 1 nld6 102 nw 132 du6 582 nw8 380 | 0.38s/it
round  302 | pool  8192 u max  101.95 | best_c52 0 | c52d6 1 nld6 102 nw 132 du6 585 nw8 380 | 0.38s/it
round  303 | pool  8192 u max  101.95 | best_c52 0 | c52d6 1 nld6 102 nw 132 du6 588 nw8 382 | 0.38s/it
round  304 | pool  8192 u max  101.95 | best_c52 0 | c52d6 1 nld6 102 nw 132 du6 589 nw8 383 | 0.38s/it
round  305 | pool  8192 u max  101.95 | best_c52 0 | c52d6 1 nld6 102 nw 132 du6 589 nw8 383 | 0.38s/it
round  306 | pool  8192 u max  101.95 | best_c52 0 | c52d6 1 nld6 102 nw 133 du6 592 nw8 384 | 0.38s/it
round  307 | pool  8192 u max  101.95 | best_c52 0 | c52d6 1 nld6 102 nw 133 du6 594 nw8 385 | 0.38s/it
round  308 | pool  8192 u max  101.95 | best_c52 0 | c52d6 1 nld6 102 nw 133 du6 594 nw8 385 | 0.38s/it
round  309 | pool  8192 u max  101.95 | best_c52 0 | c52d6 1 nld6 102 nw 134 du6 596 nw8 387 | 0.38s/it
round  310 | pool  8192 u max  101.95 | best_c52 0 | c52d6 1 nld6 102 nw 134 du6 599 nw8 388 | 0.38s/it
round  311 | pool  8192 u max  101.95 | best_c52 0 | c52d6 1 nld6 102 nw 135 du6 603 nw8 392 | 0.38s/it
round  312 | pool  8192 u max  101.95 | best_c52 0 | c52d6 1 nld6 102 nw 135 du6 604 nw8 392 | 0.38s/it
round  313 | pool  8192 u max  101.95 | best_c52 0 | c52d6 1 nld6 102 nw 135 du6 606 nw8 393 | 0.38s/it
round  314 | pool  8192 u max  101.95 | best_c52 0 | c52d6 1 nld6 102 nw 135 du6 607 nw8 394 | 0.38s/it
round  315 | pool  8192 u max  101.95 | best_c52 0 | c52d6 1 nld6 102 nw 135 du6 610 nw8 396 | 0.38s/it
round  316 | pool  8192 u max  101.95 | best_c52 0 | c52d6 1 nld6 102 nw 135 du6 612 nw8 397 | 0.38s/it
round  317 | pool  8192 u max  101.95 | best_c52 0 | c52d6 1 nld6 102 nw 135 du6 614 nw8 397 | 0.38s/it
round  318 | pool  8192 u max  101.95 | best_c52 0 | c52d6 1 nld6 102 nw 135 du6 615 nw8 398 | 0.38s/it
round  319 | pool  8192 u max  101.95 | best_c52 0 | c52d6 1 nld6 102 nw 135 du6 615 nw8 398 | 0.38s/it
round  320 | pool  8192 u max  101.95 | best_c52 0 | c52d6 1 nld6 102 nw 135 du6 615 nw8 398 | 0.38s/it
round  321 | pool  8192 u max  101.95 | best_c52 0 | c52d6 1 nld6 102 nw 135 du6 616 nw8 398 | 0.38s/it
round  322 | pool  8192 u max  101.95 | best_c52 0 | c52d6 1 nld6 102 nw 135 du6 620 nw8 399 | 0.38s/it
round  323 | pool  8192 u max  101.95 | best_c52 0 | c52d6 1 nld6 102 nw 135 du6 622 nw8 399 | 0.38s/it
round  324 | pool  8192 u max  101.95 | best_c52 0 | c52d6 1 nld6 102 nw 135 du6 626 nw8 402 | 0.38s/it
round  325 | pool  8192 u max  101.95 | best_c52 0 | c52d6 1 nld6 102 nw 135 du6 627 nw8 402 | 0.38s/it
round  326 | pool  8192 u max  101.95 | best_c52 0 | c52d6 1 nld6 102 nw 135 du6 627 nw8 402 | 0.38s/it
round  327 | pool  8192 u max  101.95 | best_c52 0 | c52d6 1 nld6 102 nw 135 du6 633 nw8 405 | 0.38s/it
round  328 | pool  8192 u max  101.95 | best_c52 0 | c52d6 1 nld6 102 nw 135 du6 635 nw8 406 | 0.38s/it
round  329 | pool  8192 u max  101.95 | best_c52 0 | c52d6 1 nld6 102 nw 135 du6 635 nw8 406 | 0.38s/it
round  330 | pool  8192 u max  101.95 | best_c52 0 | c52d6 1 nld6 102 nw 135 du6 635 nw8 406 | 0.38s/it
round  331 | pool  8192 u max  101.95 | best_c52 0 | c52d6 1 nld6 102 nw 135 du6 635 nw8 406 | 0.38s/it
round  332 | pool  8192 u max  101.95 | best_c52 0 | c52d6 1 nld6 102 nw 135 du6 639 nw8 407 | 0.38s/it
round  333 | pool  8192 u max  101.95 | best_c52 0 | c52d6 1 nld6 102 nw 135 du6 639 nw8 407 | 0.38s/it
round  334 | pool  8192 u max  101.95 | best_c52 0 | c52d6 1 nld6 102 nw 135 du6 640 nw8 407 | 0.38s/it
round  335 | pool  8192 u max  101.95 | best_c52 0 | c52d6 1 nld6 102 nw 135 du6 642 nw8 407 | 0.38s/it
round  336 | pool  8192 u max  101.95 | best_c52 0 | c52d6 1 nld6 102 nw 135 du6 643 nw8 408 | 0.38s/it
round  337 | pool  8192 u max  101.95 | best_c52 0 | c52d6 1 nld6 102 nw 135 du6 645 nw8 409 | 0.38s/it
round  338 | pool  8192 u max  101.95 | best_c52 0 | c52d6 1 nld6 102 nw 135 du6 647 nw8 410 | 0.38s/it
round  339 | pool  8192 u max  101.95 | best_c52 0 | c52d6 1 nld6 102 nw 135 du6 648 nw8 411 | 0.38s/it
round  340 | pool  8192 u max  101.95 | best_c52 0 | c52d6 1 nld6 102 nw 135 du6 650 nw8 411 | 0.38s/it
round  341 | pool  8192 u max  101.95 | best_c52 0 | c52d6 1 nld6 102 nw 135 du6 651 nw8 411 | 0.38s/it
round  342 | pool  8192 u max  101.95 | best_c52 0 | c52d6 1 nld6 102 nw 135 du6 652 nw8 411 | 0.38s/it
round  343 | pool  8192 u max  101.95 | best_c52 0 | c52d6 1 nld6 102 nw 135 du6 652 nw8 411 | 0.38s/it
round  344 | pool  8192 u max  101.95 | best_c52 0 | c52d6 1 nld6 102 nw 136 du6 655 nw8 414 | 0.38s/it
round  345 | pool  8192 u max  101.95 | best_c52 0 | c52d6 1 nld6 102 nw 136 du6 656 nw8 414 | 0.38s/it
round  346 | pool  8192 u max  101.95 | best_c52 0 | c52d6 1 nld6 102 nw 136 du6 656 nw8 414 | 0.38s/it
round  347 | pool  8192 u max  101.95 | best_c52 0 | c52d6 1 nld6 102 nw 136 du6 658 nw8 414 | 0.38s/it
round  348 | pool  8192 u max  101.95 | best_c52 0 | c52d6 1 nld6 102 nw 136 du6 661 nw8 417 | 0.38s/it
round  349 | pool  8192 u max  101.95 | best_c52 0 | c52d6 1 nld6 102 nw 136 du6 663 nw8 418 | 0.38s/it
round  350 | pool  8192 u max  101.95 | best_c52 0 | c52d6 1 nld6 102 nw 136 du6 665 nw8 420 | 0.38s/it
round  351 | pool  8192 u max  101.95 | best_c52 0 | c52d6 1 nld6 102 nw 136 du6 665 nw8 420 | 0.38s/it
round  352 | pool  8192 u max  101.95 | best_c52 0 | c52d6 1 nld6 102 nw 136 du6 668 nw8 422 | 0.38s/it
round  353 | pool  8192 u max  101.95 | best_c52 0 | c52d6 1 nld6 102 nw 136 du6 670 nw8 423 | 0.38s/it
round  354 | pool  8192 u max  101.95 | best_c52 0 | c52d6 1 nld6 102 nw 136 du6 671 nw8 423 | 0.38s/it
round  355 | pool  8192 u max  101.95 | best_c52 0 | c52d6 1 nld6 102 nw 136 du6 672 nw8 424 | 0.38s/it
round  356 | pool  8192 u max  101.95 | best_c52 0 | c52d6 1 nld6 102 nw 136 du6 673 nw8 424 | 0.38s/it
round  357 | pool  8192 u max  101.95 | best_c52 0 | c52d6 1 nld6 102 nw 136 du6 673 nw8 424 | 0.38s/it
round  358 | pool  8192 u max  101.95 | best_c52 0 | c52d6 1 nld6 102 nw 137 du6 675 nw8 425 | 0.38s/it
round  359 | pool  8192 u max  101.95 | best_c52 0 | c52d6 1 nld6 102 nw 137 du6 677 nw8 426 | 0.38s/it
round  360 | pool  8192 u max  101.95 | best_c52 0 | c52d6 1 nld6 102 nw 137 du6 678 nw8 426 | 0.38s/it
round  361 | pool  8192 u max  101.95 | best_c52 0 | c52d6 1 nld6 102 nw 137 du6 678 nw8 426 | 0.38s/it
round  362 | pool  8192 u max  101.95 | best_c52 0 | c52d6 1 nld6 102 nw 137 du6 680 nw8 428 | 0.38s/it
round  363 | pool  8192 u max  101.95 | best_c52 0 | c52d6 1 nld6 102 nw 137 du6 684 nw8 429 | 0.38s/it
round  364 | pool  8192 u max  101.95 | best_c52 0 | c52d6 1 nld6 102 nw 137 du6 685 nw8 430 | 0.38s/it
round  365 | pool  8192 u max  101.95 | best_c52 0 | c52d6 1 nld6 102 nw 137 du6 686 nw8 431 | 0.38s/it
round  366 | pool  8192 u max  101.95 | best_c52 0 | c52d6 1 nld6 102 nw 137 du6 686 nw8 431 | 0.38s/it
round  367 | pool  8192 u max  101.95 | best_c52 0 | c52d6 1 nld6 102 nw 137 du6 689 nw8 432 | 0.38s/it
round  368 | pool  8192 u max  101.95 | best_c52 0 | c52d6 1 nld6 102 nw 138 du6 690 nw8 433 | 0.38s/it
round  369 | pool  8192 u max  101.95 | best_c52 0 | c52d6 1 nld6 102 nw 139 du6 694 nw8 436 | 0.38s/it
round  370 | pool  8192 u max  101.95 | best_c52 0 | c52d6 1 nld6 102 nw 139 du6 696 nw8 438 | 0.38s/it
round  371 | pool  8192 u max  101.95 | best_c52 0 | c52d6 1 nld6 102 nw 139 du6 697 nw8 438 | 0.38s/it
round  372 | pool  8192 u max  101.95 | best_c52 0 | c52d6 1 nld6 102 nw 140 du6 700 nw8 440 | 0.38s/it
round  373 | pool  8192 u max  101.95 | best_c52 0 | c52d6 1 nld6 102 nw 140 du6 701 nw8 440 | 0.38s/it
round  374 | pool  8192 u max  101.95 | best_c52 0 | c52d6 1 nld6 102 nw 140 du6 703 nw8 441 | 0.38s/it
round  375 | pool  8192 u max  101.95 | best_c52 0 | c52d6 1 nld6 102 nw 140 du6 705 nw8 442 | 0.38s/it
round  376 | pool  8192 u max  101.95 | best_c52 0 | c52d6 1 nld6 102 nw 141 du6 708 nw8 444 | 0.38s/it
round  377 | pool  8192 u max  101.95 | best_c52 0 | c52d6 1 nld6 102 nw 141 du6 711 nw8 445 | 0.38s/it
round  378 | pool  8192 u max  101.95 | best_c52 0 | c52d6 1 nld6 102 nw 141 du6 714 nw8 446 | 0.38s/it
round  379 | pool  8192 u max  101.95 | best_c52 0 | c52d6 1 nld6 102 nw 141 du6 716 nw8 448 | 0.38s/it
round  380 | pool  8192 u max  101.95 | best_c52 0 | c52d6 1 nld6 102 nw 141 du6 718 nw8 449 | 0.38s/it
round  381 | pool  8192 u max  101.95 | best_c52 0 | c52d6 1 nld6 102 nw 141 du6 719 nw8 450 | 0.38s/it
round  382 | pool  8192 u max  101.95 | best_c52 0 | c52d6 1 nld6 102 nw 141 du6 720 nw8 450 | 0.38s/it
round  383 | pool  8192 u max  101.95 | best_c52 0 | c52d6 1 nld6 102 nw 141 du6 721 nw8 450 | 0.38s/it
round  384 | pool  8192 u max  101.95 | best_c52 0 | c52d6 1 nld6 102 nw 141 du6 721 nw8 450 | 0.38s/it
round  385 | pool  8192 u max  101.95 | best_c52 0 | c52d6 1 nld6 102 nw 141 du6 724 nw8 451 | 0.38s/it
round  386 | pool  8192 u max  101.95 | best_c52 0 | c52d6 1 nld6 102 nw 142 du6 726 nw8 452 | 0.38s/it
round  387 | pool  8192 u max  101.95 | best_c52 0 | c52d6 1 nld6 102 nw 142 du6 727 nw8 453 | 0.38s/it
round  388 | pool  8192 u max  101.95 | best_c52 0 | c52d6 1 nld6 102 nw 142 du6 729 nw8 454 | 0.38s/it
round  389 | pool  8192 u max  101.95 | best_c52 0 | c52d6 1 nld6 102 nw 142 du6 730 nw8 454 | 0.38s/it
round  390 | pool  8192 u max  101.95 | best_c52 0 | c52d6 1 nld6 102 nw 142 du6 732 nw8 454 | 0.38s/it
round  391 | pool  8192 u max  101.95 | best_c52 0 | c52d6 1 nld6 102 nw 142 du6 733 nw8 455 | 0.38s/it
round  392 | pool  8192 u max  101.95 | best_c52 0 | c52d6 1 nld6 102 nw 142 du6 733 nw8 455 | 0.38s/it
round  393 | pool  8192 u max  101.95 | best_c52 0 | c52d6 1 nld6 102 nw 142 du6 736 nw8 456 | 0.38s/it
round  394 | pool  8192 u max  101.95 | best_c52 0 | c52d6 1 nld6 102 nw 142 du6 739 nw8 456 | 0.38s/it
round  395 | pool  8192 u max  101.95 | best_c52 0 | c52d6 1 nld6 102 nw 143 du6 741 nw8 457 | 0.38s/it
round  396 | pool  8192 u max  101.95 | best_c52 0 | c52d6 1 nld6 102 nw 143 du6 741 nw8 457 | 0.38s/it
round  397 | pool  8192 u max  101.95 | best_c52 0 | c52d6 1 nld6 102 nw 143 du6 744 nw8 457 | 0.38s/it
round  398 | pool  8192 u max  101.95 | best_c52 0 | c52d6 1 nld6 102 nw 143 du6 744 nw8 457 | 0.38s/it
round  399 | pool  8192 u max  101.95 | best_c52 0 | c52d6 1 nld6 102 nw 143 du6 744 nw8 457 | 0.38s/it
round  400 | pool  8192 u max  101.95 | best_c52 0 | c52d6 1 nld6 102 nw 143 du6 744 nw8 457 | 0.38s/it
round  401 | pool  8192 u max  101.95 | best_c52 0 | c52d6 1 nld6 102 nw 143 du6 746 nw8 458 | 0.38s/it
round  402 | pool  8192 u max  101.95 | best_c52 0 | c52d6 1 nld6 102 nw 143 du6 747 nw8 459 | 0.38s/it
round  403 | pool  8192 u max  101.95 | best_c52 0 | c52d6 1 nld6 102 nw 143 du6 748 nw8 460 | 0.38s/it
round  404 | pool  8192 u max  104.00 | best_c52 0 | c52d6 0 nld6 104 nw 144 du6 751 nw8 461 | 0.38s/it
DONE champ_round=404 wall=154.8s
