init pool 47
round    1 | pool   481 u max  101.95 | best_c52 1 | c52d6 1 nld6 102 nw 47 du6 47 nw8 47 | 0.36s/it
round    2 | pool   913 u max  101.95 | best_c52 1 | c52d6 1 nld6 102 nw 49 du6 50 nw8 50 | 0.36s/it
round    3 | pool  1335 u max  101.95 | best_c52 1 | c52d6 1 nld6 102 nw 50 du6 52 nw8 52 | 0.36s/it
round    4 | pool  1746 u max  101.95 | best_c52 1 | c52d6 1 nld6 102 nw 50 du6 52 nw8 52 | 0.36s/it
round    5 | pool  2181 u max  101.95 | best_c52 1 | c52d6 1 nld6 102 nw 51 du6 55 nw8 53 | 0.36s/it
round    6 | pool  2594 u max  101.95 | best_c52 1 | c52d6 1 nld6 102 nw 53 du6 61 nw8 58 | 0.37s/it
round    7 | pool  3017 u max  101.95 | best_c52 1 | c52d6 1 nld6 102 nw 53 du6 63 nw8 60 | 0.37s/it
round    8 | pool  3424 u max  101.95 | best_c52 1 | c52d6 1 nld6 102 nw 53 du6 63 nw8 60 | 0.37s/it
round    9 | pool  3842 u max  101.95 | best_c52 1 | c52d6 1 nld6 102 nw 55 du6 66 nw8 63 | 0.37s/it
round   10 | pool  4257 u max  101.95 | best_c52 1 | c52d6 1 nld6 102 nw 55 du6 70 nw8 66 | 0.37s/it
round   11 | pool  4661 u max  101.95 | best_c52 1 | c52d6 1 nld6 102 nw 56 du6 72 nw8 68 | 0.37s/it
round   12 | pool  5096 u max  101.95 | best_c52 1 | c52d6 1 nld6 102 nw 56 du6 74 nw8 70 | 0.37s/it
round   13 | pool  5523 u max  101.95 | best_c52 1 | c52d6 1 nld6 102 nw 57 du6 77 nw8 73 | 0.37s/it
round   14 | pool  5937 u max  101.95 | best_c52 1 | c52d6 1 nld6 102 nw 57 du6 77 nw8 73 | 0.37s/it
round   15 | pool  6358 u max  101.95 | best_c52 1 | c52d6 1 nld6 102 nw 58 du6 78 nw8 74 | 0.37s/it
round   16 | pool  6783 u max  101.95 | best_c52 1 | c52d6 1 nld6 102 nw 58 du6 78 nw8 74 | 0.37s/it
round   17 | pool  7185 u max  101.95 | best_c52 1 | c52d6 1 nld6 102 nw 58 du6 79 nw8 75 | 0.38s/it
round   18 | pool  7602 u max  101.95 | best_c52 1 | c52d6 1 nld6 102 nw 59 du6 81 nw8 76 | 0.38s/it
round   19 | pool  8006 u max  101.95 | best_c52 1 | c52d6 1 nld6 102 nw 59 du6 81 nw8 76 | 0.38s/it
round   20 | pool  8192 u max  101.95 | best_c52 1 | c52d6 1 nld6 102 nw 59 du6 81 nw8 76 | 0.38s/it
round   21 | pool  8192 u max  101.95 | best_c52 1 | c52d6 1 nld6 102 nw 59 du6 81 nw8 76 | 0.38s/it
round   22 | pool  8192 u max  101.95 | best_c52 1 | c52d6 1 nld6 102 nw 60 du6 82 nw8 77 | 0.38s/it
round   23 | pool  8192 u max  101.95 | best_c52 1 | c52d6 1 nld6 102 nw 61 du6 83 nw8 78 | 0.38s/it
round   24 | pool  8192 u max  101.95 | best_c52 1 | c52d6 1 nld6 102 nw 61 du6 83 nw8 78 | 0.38s/it
round   25 | pool  8192 u max  101.95 | best_c52 1 | c52d6 1 nld6 102 nw 62 du6 85 nw8 80 | 0.38s/it
round   26 | pool  8192 u max  101.95 | best_c52 1 | c52d6 1 nld6 102 nw 62 du6 86 nw8 80 | 0.39s/it
round   27 | pool  8192 u max  101.95 | best_c52 1 | c52d6 1 nld6 102 nw 62 du6 86 nw8 80 | 0.39s/it
round   28 | pool  8192 u max  101.95 | best_c52 1 | c52d6 1 nld6 102 nw 63 du6 87 nw8 81 | 0.39s/it
round   29 | pool  8192 u max  101.95 | best_c52 1 | c52d6 1 nld6 102 nw 63 du6 88 nw8 82 | 0.39s/it
round   30 | pool  8192 u max  101.95 | best_c52 1 | c52d6 1 nld6 102 nw 64 du6 91 nw8 84 | 0.39s/it
round   31 | pool  8192 u max  101.95 | best_c52 1 | c52d6 1 nld6 102 nw 64 du6 94 nw8 87 | 0.39s/it
round   32 | pool  8192 u max  101.95 | best_c52 1 | c52d6 1 nld6 102 nw 64 du6 95 nw8 87 | 0.39s/it
round   33 | pool  8192 u max  101.95 | best_c52 1 | c52d6 1 nld6 102 nw 65 du6 98 nw8 90 | 0.39s/it
round   34 | pool  8192 u max  101.95 | best_c52 1 | c52d6 1 nld6 102 nw 65 du6 98 nw8 90 | 0.39s/it
round   35 | pool  8192 u max  101.95 | best_c52 1 | c52d6 1 nld6 102 nw 65 du6 99 nw8 91 | 0.39s/it
round   36 | pool  8192 u max  101.95 | best_c52 1 | c52d6 1 nld6 102 nw 66 du6 101 nw8 92 | 0.39s/it
round   37 | pool  8192 u max  101.95 | best_c52 1 | c52d6 1 nld6 102 nw 66 du6 104 nw8 95 | 0.39s/it
round   38 | pool  8192 u max  101.95 | best_c52 1 | c52d6 1 nld6 102 nw 66 du6 104 nw8 95 | 0.39s/it
round   39 | pool  8192 u max  101.95 | best_c52 1 | c52d6 1 nld6 102 nw 67 du6 106 nw8 96 | 0.39s/it
round   40 | pool  8192 u max  101.95 | best_c52 1 | c52d6 1 nld6 102 nw 67 du6 109 nw8 98 | 0.39s/it
round   41 | pool  8192 u max  101.95 | best_c52 1 | c52d6 1 nld6 102 nw 67 du6 109 nw8 98 | 0.39s/it
round   42 | pool  8192 u max  101.95 | best_c52 1 | c52d6 1 nld6 102 nw 67 du6 109 nw8 98 | 0.39s/it
round   43 | pool  8192 u max  101.95 | best_c52 1 | c52d6 1 nld6 102 nw 68 du6 111 nw8 100 | 0.39s/it
round   44 | pool  8192 u max  101.95 | best_c52 1 | c52d6 1 nld6 102 nw 68 du6 112 nw8 101 | 0.39s/it
round   45 | pool  8192 u max  101.95 | best_c52 1 | c52d6 1 nld6 102 nw 68 du6 112 nw8 101 | 0.39s/it
round   46 | pool  8192 u max  101.95 | best_c52 1 | c52d6 1 nld6 102 nw 69 du6 113 nw8 102 | 0.39s/it
round   47 | pool  8192 u max  101.95 | best_c52 1 | c52d6 1 nld6 102 nw 70 du6 115 nw8 103 | 0.39s/it
round   48 | pool  8192 u max  101.95 | best_c52 1 | c52d6 1 nld6 102 nw 70 du6 115 nw8 103 | 0.39s/it
round   49 | pool  8192 u max  101.95 | best_c52 1 | c52d6 1 nld6 102 nw 70 du6 115 nw8 103 | 0.39s/it
round   50 | pool  8192 u max  101.95 | best_c52 1 | c52d6 1 nld6 102 nw 70 du6 115 nw8 103 | 0.39s/it
round   51 | pool  8192 u max  101.95 | best_c52 1 | c52d6 1 nld6 102 nw 71 du6 116 nw8 104 | 0.39s/it
round   52 | pool  8192 u max  101.95 | best_c52 1 | c52d6 1 nld6 102 nw 72 du6 120 nw8 108 | 0.39s/it
round   53 | pool  8192 u max  101.95 | best_c52 1 | c52d6 1 nld6 102 nw 72 du6 121 nw8 109 | 0.39s/it
round   54 | pool  8192 u max  101.95 | best_c52 1 | c52d6 1 nld6 102 nw 72 du6 122 nw8 110 | 0.39s/it
round   55 | pool  8192 u max  101.95 | best_c52 1 | c52d6 1 nld6 102 nw 73 du6 123 nw8 111 | 0.39s/it
round   56 | pool  8192 u max  101.95 | best_c52 1 | c52d6 1 nld6 102 nw 73 du6 126 nw8 114 | 0.39s/it
round   57 | pool  8192 u max  104.00 | best_c52 0 | c52d6 0 nld6 104 nw 73 du6 128 nw8 115 | 0.39s/it
DONE champ_round=57 wall=22.2s
