init pool 47
round    1 | pool   471 u max  101.95 | best_c52 1 | c52d6 1 nld6 102 nw 48 du6 48 nw8 48 | 0.35s/it
round    2 | pool   925 u max  101.95 | best_c52 1 | c52d6 1 nld6 102 nw 49 du6 50 nw8 50 | 0.36s/it
round    3 | pool  1336 u max  101.95 | best_c52 1 | c52d6 1 nld6 102 nw 52 du6 58 nw8 57 | 0.36s/it
round    4 | pool  1764 u max  101.95 | best_c52 1 | c52d6 1 nld6 102 nw 52 du6 59 nw8 58 | 0.36s/it
round    5 | pool  2194 u max  101.95 | best_c52 0 | c52d6 1 nld6 102 nw 53 du6 62 nw8 61 | 0.37s/it
round    6 | pool  2625 u max  101.95 | best_c52 0 | c52d6 1 nld6 102 nw 53 du6 62 nw8 61 | 0.37s/it
round    7 | pool  3047 u max  101.95 | best_c52 0 | c52d6 1 nld6 102 nw 53 du6 62 nw8 61 | 0.37s/it
round    8 | pool  3462 u max  101.95 | best_c52 0 | c52d6 1 nld6 102 nw 56 du6 67 nw8 66 | 0.37s/it
round    9 | pool  3897 u max  101.95 | best_c52 0 | c52d6 1 nld6 102 nw 56 du6 69 nw8 68 | 0.37s/it
round   10 | pool  4321 u max  101.95 | best_c52 0 | c52d6 1 nld6 102 nw 56 du6 69 nw8 68 | 0.37s/it
round   11 | pool  4753 u max  101.95 | best_c52 0 | c52d6 1 nld6 102 nw 57 du6 71 nw8 69 | 0.37s/it
round   12 | pool  5170 u max  101.95 | best_c52 0 | c52d6 1 nld6 102 nw 59 du6 74 nw8 72 | 0.37s/it
round   13 | pool  5587 u max  101.95 | best_c52 0 | c52d6 1 nld6 102 nw 59 du6 74 nw8 72 | 0.37s/it
round   14 | pool  5993 u max  101.95 | best_c52 0 | c52d6 1 nld6 102 nw 59 du6 74 nw8 72 | 0.37s/it
round   15 | pool  6406 u max  101.95 | best_c52 0 | c52d6 1 nld6 102 nw 59 du6 75 nw8 73 | 0.37s/it
round   16 | pool  6819 u max  101.95 | best_c52 0 | c52d6 1 nld6 102 nw 59 du6 76 nw8 73 | 0.37s/it
round   17 | pool  7245 u max  101.95 | best_c52 0 | c52d6 1 nld6 102 nw 59 du6 77 nw8 73 | 0.37s/it
round   18 | pool  7666 u max  101.95 | best_c52 0 | c52d6 1 nld6 102 nw 59 du6 80 nw8 75 | 0.37s/it
round   19 | pool  8091 u max  101.95 | best_c52 0 | c52d6 1 nld6 102 nw 62 du6 85 nw8 80 | 0.37s/it
round   20 | pool  8192 u max  101.95 | best_c52 0 | c52d6 1 nld6 102 nw 63 du6 87 nw8 82 | 0.37s/it
round   21 | pool  8192 u max  101.95 | best_c52 0 | c52d6 1 nld6 102 nw 63 du6 88 nw8 83 | 0.37s/it
round   22 | pool  8192 u max  101.95 | best_c52 0 | c52d6 1 nld6 102 nw 64 du6 91 nw8 86 | 0.37s/it
round   23 | pool  8192 u max  101.95 | best_c52 0 | c52d6 1 nld6 102 nw 64 du6 94 nw8 88 | 0.37s/it
round   24 | pool  8192 u max  101.95 | best_c52 0 | c52d6 1 nld6 102 nw 64 du6 97 nw8 89 | 0.37s/it
round   25 | pool  8192 u max  101.95 | best_c52 0 | c52d6 1 nld6 102 nw 64 du6 99 nw8 90 | 0.37s/it
round   26 | pool  8192 u max  101.95 | best_c52 0 | c52d6 1 nld6 102 nw 65 du6 101 nw8 92 | 0.37s/it
round   27 | pool  8192 u max  101.95 | best_c52 0 | c52d6 1 nld6 102 nw 65 du6 104 nw8 94 | 0.38s/it
round   28 | pool  8192 u max  101.95 | best_c52 0 | c52d6 1 nld6 102 nw 66 du6 106 nw8 96 | 0.38s/it
round   29 | pool  8192 u max  101.95 | best_c52 0 | c52d6 1 nld6 102 nw 66 du6 106 nw8 96 | 0.38s/it
round   30 | pool  8192 u max  101.95 | best_c52 0 | c52d6 1 nld6 102 nw 66 du6 108 nw8 96 | 0.38s/it
round   31 | pool  8192 u max  101.95 | best_c52 0 | c52d6 1 nld6 102 nw 67 du6 110 nw8 97 | 0.38s/it
round   32 | pool  8192 u max  101.95 | best_c52 0 | c52d6 1 nld6 102 nw 68 du6 115 nw8 100 | 0.38s/it
round   33 | pool  8192 u max  101.95 | best_c52 0 | c52d6 1 nld6 102 nw 68 du6 115 nw8 100 | 0.38s/it
round   34 | pool  8192 u max  101.95 | best_c52 0 | c52d6 1 nld6 102 nw 69 du6 116 nw8 101 | 0.38s/it
round   35 | pool  8192 u max  101.95 | best_c52 0 | c52d6 1 nld6 102 nw 69 du6 117 nw8 102 | 0.38s/it
round   36 | pool  8192 u max  101.95 | best_c52 0 | c52d6 1 nld6 102 nw 69 du6 118 nw8 103 | 0.38s/it
round   37 | pool  8192 u max  101.95 | best_c52 0 | c52d6 1 nld6 102 nw 69 du6 119 nw8 104 | 0.38s/it
round   38 | pool  8192 u max  101.95 | best_c52 0 | c52d6 1 nld6 102 nw 69 du6 122 nw8 105 | 0.38s/it
round   39 | pool  8192 u max  101.95 | best_c52 0 | c52d6 1 nld6 102 nw 70 du6 125 nw8 108 | 0.38s/it
round   40 | pool  8192 u max  101.95 | best_c52 0 | c52d6 1 nld6 102 nw 70 du6 129 nw8 110 | 0.38s/it
round   41 | pool  8192 u max  101.95 | best_c52 0 | c52d6 1 nld6 102 nw 70 du6 129 nw8 110 | 0.38s/it
round   42 | pool  8192 u max  101.95 | best_c52 0 | c52d6 1 nld6 102 nw 71 du6 133 nw8 112 | 0.38s/it
round   43 | pool  8192 u max  101.95 | best_c52 0 | c52d6 1 nld6 102 nw 71 du6 135 nw8 114 | 0.38s/it
round   44 | pool  8192 u max  101.95 | best_c52 0 | c52d6 1 nld6 102 nw 71 du6 135 nw8 114 | 0.38s/it
round   45 | pool  8192 u max  101.95 | best_c52 0 | c52d6 1 nld6 102 nw 71 du6 137 nw8 116 | 0.38s/it
round   46 | pool  8192 u max  101.95 | best_c52 0 | c52d6 1 nld6 102 nw 72 du6 141 nw8 118 | 0.38s/it
round   47 | pool  8192 u max  101.95 | best_c52 0 | c52d6 1 nld6 102 nw 72 du6 142 nw8 118 | 0.38s/it
round   48 | pool  8192 u max  101.95 | best_c52 0 | c52d6 1 nld6 102 nw 72 du6 143 nw8 119 | 0.38s/it
round   49 | pool  8192 u max  101.95 | best_c52 0 | c52d6 1 nld6 102 nw 72 du6 146 nw8 122 | 0.38s/it
round   50 | pool  8192 u max  101.95 | best_c52 0 | c52d6 1 nld6 102 nw 73 du6 150 nw8 125 | 0.38s/it
round   51 | pool  8192 u max  101.95 | best_c52 0 | c52d6 1 nld6 102 nw 74 du6 154 nw8 128 | 0.38s/it
round   52 | pool  8192 u max  101.95 | best_c52 0 | c52d6 1 nld6 102 nw 74 du6 155 nw8 129 | 0.38s/it
round   53 | pool  8192 u max  101.95 | best_c52 0 | c52d6 1 nld6 102 nw 74 du6 156 nw8 129 | 0.38s/it
round   54 | pool  8192 u max  101.95 | best_c52 0 | c52d6 1 nld6 102 nw 74 du6 158 nw8 130 | 0.38s/it
round   55 | pool  8192 u max  101.95 | best_c52 0 | c52d6 1 nld6 102 nw 74 du6 159 nw8 131 | 0.38s/it
round   56 | pool  8192 u max  101.95 | best_c52 0 | c52d6 1 nld6 102 nw 74 du6 159 nw8 131 | 0.38s/it
round   57 | pool  8192 u max  101.95 | best_c52 0 | c52d6 1 nld6 102 nw 74 du6 160 nw8 131 | 0.38s/it
round   58 | pool  8192 u max  101.95 | best_c52 0 | c52d6 1 nld6 102 nw 75 du6 162 nw8 133 | 0.38s/it
round   59 | pool  8192 u max  101.95 | best_c52 0 | c52d6 1 nld6 102 nw 77 du6 167 nw8 138 | 0.38s/it
round   60 | pool  8192 u max  101.95 | best_c52 0 | c52d6 1 nld6 102 nw 77 du6 167 nw8 138 | 0.38s/it
round   61 | pool  8192 u max  101.95 | best_c52 0 | c52d6 1 nld6 102 nw 78 du6 169 nw8 140 | 0.38s/it
round   62 | pool  8192 u max  101.95 | best_c52 0 | c52d6 1 nld6 102 nw 79 du6 170 nw8 141 | 0.38s/it
round   63 | pool  8192 u max  101.95 | best_c52 0 | c52d6 1 nld6 102 nw 79 du6 170 nw8 141 | 0.38s/it
round   64 | pool  8192 u max  101.95 | best_c52 0 | c52d6 1 nld6 102 nw 79 du6 173 nw8 143 | 0.38s/it
round   65 | pool  8192 u max  101.95 | best_c52 0 | c52d6 1 nld6 102 nw 80 du6 174 nw8 144 | 0.38s/it
round   66 | pool  8192 u max  101.95 | best_c52 0 | c52d6 1 nld6 102 nw 81 du6 176 nw8 145 | 0.38s/it
round   67 | pool  8192 u max  101.95 | best_c52 0 | c52d6 1 nld6 102 nw 81 du6 177 nw8 145 | 0.38s/it
round   68 | pool  8192 u max  101.95 | best_c52 0 | c52d6 1 nld6 102 nw 81 du6 177 nw8 145 | 0.38s/it
round   69 | pool  8192 u max  101.95 | best_c52 0 | c52d6 1 nld6 102 nw 81 du6 178 nw8 146 | 0.38s/it
round   70 | pool  8192 u max  101.95 | best_c52 0 | c52d6 1 nld6 102 nw 81 du6 179 nw8 147 | 0.38s/it
round   71 | pool  8192 u max  101.95 | best_c52 0 | c52d6 1 nld6 102 nw 81 du6 179 nw8 147 | 0.38s/it
round   72 | pool  8192 u max  101.95 | best_c52 0 | c52d6 1 nld6 102 nw 81 du6 181 nw8 149 | 0.38s/it
round   73 | pool  8192 u max  101.95 | best_c52 0 | c52d6 1 nld6 102 nw 81 du6 181 nw8 149 | 0.38s/it
round   74 | pool  8192 u max  101.95 | best_c52 0 | c52d6 1 nld6 102 nw 81 du6 185 nw8 151 | 0.38s/it
round   75 | pool  8192 u max  101.95 | best_c52 0 | c52d6 1 nld6 102 nw 81 du6 189 nw8 153 | 0.38s/it
round   76 | pool  8192 u max  101.95 | best_c52 0 | c52d6 1 nld6 102 nw 82 du6 193 nw8 157 | 0.38s/it
round   77 | pool  8192 u max  101.95 | best_c52 0 | c52d6 1 nld6 102 nw 82 du6 195 nw8 158 | 0.38s/it
round   78 | pool  8192 u max  101.95 | best_c52 0 | c52d6 1 nld6 102 nw 83 du6 197 nw8 160 | 0.38s/it
round   79 | pool  8192 u max  101.95 | best_c52 0 | c52d6 1 nld6 102 nw 83 du6 197 nw8 160 | 0.38s/it
round   80 | pool  8192 u max  101.95 | best_c52 0 | c52d6 1 nld6 102 nw 83 du6 198 nw8 160 | 0.38s/it
round   81 | pool  8192 u max  101.95 | best_c52 0 | c52d6 1 nld6 102 nw 84 du6 203 nw8 164 | 0.38s/it
round   82 | pool  8192 u max  101.95 | best_c52 0 | c52d6 1 nld6 102 nw 84 du6 206 nw8 167 | 0.38s/it
round   83 | pool  8192 u max  101.95 | best_c52 0 | c52d6 1 nld6 102 nw 84 du6 206 nw8 167 | 0.38s/it
round   84 | pool  8192 u max  101.95 | best_c52 0 | c52d6 1 nld6 102 nw 84 du6 208 nw8 168 | 0.38s/it
round   85 | pool  8192 u max  101.95 | best_c52 0 | c52d6 1 nld6 102 nw 84 du6 210 nw8 170 | 0.38s/it
round   86 | pool  8192 u max  101.95 | best_c52 0 | c52d6 1 nld6 102 nw 85 du6 216 nw8 174 | 0.38s/it
round   87 | pool  8192 u max  101.95 | best_c52 0 | c52d6 1 nld6 102 nw 85 du6 218 nw8 175 | 0.38s/it
round   88 | pool  8192 u max  101.95 | best_c52 0 | c52d6 1 nld6 102 nw 87 du6 221 nw8 178 | 0.38s/it
round   89 | pool  8192 u max  101.95 | best_c52 0 | c52d6 1 nld6 102 nw 88 du6 224 nw8 181 | 0.38s/it
round   90 | pool  8192 u max  101.95 | best_c52 0 | c52d6 1 nld6 102 nw 88 du6 225 nw8 182 | 0.38s/it
round   91 | pool  8192 u max  101.95 | best_c52 0 | c52d6 1 nld6 102 nw 88 du6 226 nw8 182 | 0.38s/it
round   92 | pool  8192 u max  101.95 | best_c52 0 | c52d6 1 nld6 102 nw 88 du6 226 nw8 182 | 0.38s/it
round   93 | pool  8192 u max  101.95 | best_c52 0 | c52d6 1 nld6 102 nw 88 du6 226 nw8 182 | 0.38s/it
round   94 | pool  8192 u max  101.95 | best_c52 0 | c52d6 1 nld6 102 nw 88 du6 228 nw8 183 | 0.38s/it
round   95 | pool  8192 u max  101.95 | best_c52 0 | c52d6 1 nld6 102 nw 88 du6 229 nw8 184 | 0.38s/it
round   96 | pool  8192 u max  101.95 | best_c52 0 | c52d6 1 nld6 102 nw 88 du6 230 nw8 184 | 0.38s/it
round   97 | pool  8192 u max  101.95 | best_c52 0 | c52d6 1 nld6 102 nw 89 du6 232 nw8 186 | 0.38s/it
round   98 | pool  8192 u max  101.95 | best_c52 0 | c52d6 1 nld6 102 nw 90 du6 234 nw8 187 | 0.38s/it
round   99 | pool  8192 u max  101.95 | best_c52 0 | c52d6 1 nld6 102 nw 90 du6 237 nw8 189 | 0.38s/it
round  100 | pool  8192 u max  101.95 | best_c52 0 | c52d6 1 nld6 102 nw 91 du6 240 nw8 192 | 0.38s/it
round  101 | pool  8192 u max  101.95 | best_c52 0 | c52d6 1 nld6 102 nw 91 du6 242 nw8 193 | 0.38s/it
round  102 | pool  8192 u max  101.95 | best_c52 0 | c52d6 1 nld6 102 nw 91 du6 244 nw8 193 | 0.38s/it
round  103 | pool  8192 u max  101.95 | best_c52 0 | c52d6 1 nld6 102 nw 91 du6 246 nw8 193 | 0.38s/it
round  104 | pool  8192 u max  101.95 | best_c52 0 | c52d6 1 nld6 102 nw 93 du6 251 nw8 198 | 0.38s/it
round  105 | pool  8192 u max  101.95 | best_c52 0 | c52d6 1 nld6 102 nw 93 du6 253 nw8 199 | 0.38s/it
round  106 | pool  8192 u max  101.95 | best_c52 0 | c52d6 1 nld6 102 nw 93 du6 254 nw8 200 | 0.38s/it
round  107 | pool  8192 u max  101.95 | best_c52 0 | c52d6 1 nld6 102 nw 93 du6 254 nw8 200 | 0.38s/it
round  108 | pool  8192 u max  101.95 | best_c52 0 | c52d6 1 nld6 102 nw 94 du6 257 nw8 202 | 0.38s/it
round  109 | pool  8192 u max  101.95 | best_c52 0 | c52d6 1 nld6 102 nw 94 du6 258 nw8 203 | 0.38s/it
round  110 | pool  8192 u max  101.95 | best_c52 0 | c52d6 1 nld6 102 nw 94 du6 258 nw8 203 | 0.38s/it
round  111 | pool  8192 u max  101.95 | best_c52 0 | c52d6 1 nld6 102 nw 94 du6 259 nw8 204 | 0.38s/it
round  112 | pool  8192 u max  101.95 | best_c52 0 | c52d6 1 nld6 102 nw 94 du6 260 nw8 205 | 0.38s/it
round  113 | pool  8192 u max  101.95 | best_c52 0 | c52d6 1 nld6 102 nw 94 du6 263 nw8 207 | 0.38s/it
round  114 | pool  8192 u max  101.95 | best_c52 0 | c52d6 1 nld6 102 nw 95 du6 267 nw8 209 | 0.38s/it
round  115 | pool  8192 u max  101.95 | best_c52 0 | c52d6 1 nld6 102 nw 95 du6 269 nw8 211 | 0.38s/it
round  116 | pool  8192 u max  101.95 | best_c52 0 | c52d6 1 nld6 102 nw 96 du6 272 nw8 214 | 0.38s/it
round  117 | pool  8192 u max  101.95 | best_c52 0 | c52d6 1 nld6 102 nw 96 du6 274 nw8 216 | 0.38s/it
round  118 | pool  8192 u max  101.95 | best_c52 0 | c52d6 1 nld6 102 nw 97 du6 276 nw8 217 | 0.38s/it
round  119 | pool  8192 u max  101.95 | best_c52 0 | c52d6 1 nld6 102 nw 97 du6 276 nw8 217 | 0.38s/it
round  120 | pool  8192 u max  101.95 | best_c52 0 | c52d6 1 nld6 102 nw 97 du6 278 nw8 219 | 0.38s/it
round  121 | pool  8192 u max  101.95 | best_c52 0 | c52d6 1 nld6 102 nw 97 du6 280 nw8 220 | 0.38s/it
round  122 | pool  8192 u max  101.95 | best_c52 0 | c52d6 1 nld6 102 nw 98 du6 287 nw8 223 | 0.38s/it
round  123 | pool  8192 u max  101.95 | best_c52 0 | c52d6 1 nld6 102 nw 99 du6 288 nw8 224 | 0.38s/it
round  124 | pool  8192 u max  101.95 | best_c52 0 | c52d6 1 nld6 102 nw 100 du6 293 nw8 227 | 0.38s/it
round  125 | pool  8192 u max  101.95 | best_c52 0 | c52d6 1 nld6 102 nw 100 du6 298 nw8 230 | 0.38s/it
round  126 | pool  8192 u max  101.95 | best_c52 0 | c52d6 1 nld6 102 nw 100 du6 299 nw8 231 | 0.38s/it
round  127 | pool  8192 u max  101.95 | best_c52 0 | c52d6 1 nld6 102 nw 101 du6 302 nw8 233 | 0.38s/it
round  128 | pool  8192 u max  101.95 | best_c52 0 | c52d6 1 nld6 102 nw 101 du6 303 nw8 233 | 0.38s/it
round  129 | pool  8192 u max  101.95 | best_c52 0 | c52d6 1 nld6 102 nw 101 du6 305 nw8 233 | 0.38s/it
round  130 | pool  8192 u max  101.95 | best_c52 0 | c52d6 1 nld6 102 nw 102 du6 307 nw8 235 | 0.38s/it
round  131 | pool  8192 u max  101.95 | best_c52 0 | c52d6 1 nld6 102 nw 102 du6 308 nw8 236 | 0.38s/it
round  132 | pool  8192 u max  101.95 | best_c52 0 | c52d6 1 nld6 102 nw 102 du6 310 nw8 238 | 0.38s/it
round  133 | pool  8192 u max  101.95 | best_c52 0 | c52d6 1 nld6 102 nw 103 du6 311 nw8 239 | 0.38s/it
round  134 | pool  8192 u max  101.95 | best_c52 0 | c52d6 1 nld6 102 nw 103 du6 312 nw8 239 | 0.38s/it
round  135 | pool  8192 u max  101.95 | best_c52 0 | c52d6 1 nld6 102 nw 103 du6 314 nw8 239 | 0.38s/it
round  136 | pool  8192 u max  101.95 | best_c52 0 | c52d6 1 nld6 102 nw 103 du6 316 nw8 241 | 0.38s/it
round  137 | pool  8192 u max  101.95 | best_c52 0 | c52d6 1 nld6 102 nw 103 du6 317 nw8 242 | 0.38s/it
round  138 | pool  8192 u max  101.95 | best_c52 0 | c52d6 1 nld6 102 nw 103 du6 319 nw8 242 | 0.38s/it
round  139 | pool  8192 u max  101.95 | best_c52 0 | c52d6 1 nld6 102 nw 104 du6 322 nw8 244 | 0.38s/it
round  140 | pool  8192 u max  101.95 | best_c52 0 | c52d6 1 nld6 102 nw 104 du6 324 nw8 246 | 0.38s/it
round  141 | pool  8192 u max  101.95 | best_c52 0 | c52d6 1 nld6 102 nw 104 du6 327 nw8 248 | 0.38s/it
round  142 | pool  8192 u max  101.95 | best_c52 0 | c52d6 1 nld6 102 nw 105 du6 328 nw8 249 | 0.38s/it
round  143 | pool  8192 u max  101.95 | best_c52 0 | c52d6 1 nld6 102 nw 105 du6 329 nw8 249 | 0.38s/it
round  144 | pool  8192 u max  101.95 | best_c52 0 | c52d6 1 nld6 102 nw 105 du6 330 nw8 249 | 0.38s/it
round  145 | pool  8192 u max  101.95 | best_c52 0 | c52d6 1 nld6 102 nw 106 du6 332 nw8 251 | 0.38s/it
round  146 | pool  8192 u max  101.95 | best_c52 0 | c52d6 1 nld6 102 nw 106 du6 334 nw8 253 | 0.38s/it
round  147 | pool  8192 u max  101.95 | best_c52 0 | c52d6 1 nld6 102 nw 106 du6 334 nw8 253 | 0.38s/it
round  148 | pool  8192 u max  101.95 | best_c52 0 | c52d6 1 nld6 102 nw 106 du6 336 nw8 254 | 0.38s/it
round  149 | pool  8192 u max  101.95 | best_c52 0 | c52d6 1 nld6 102 nw 106 du6 336 nw8 254 | 0.38s/it
round  150 | pool  8192 u max  101.95 | best_c52 0 | c52d6 1 nld6 102 nw 106 du6 339 nw8 257 | 0.38s/it
round  151 | pool  8192 u max  101.95 | best_c52 0 | c52d6 1 nld6 102 nw 106 du6 339 nw8 257 | 0.38s/it
round  152 | pool  8192 u max  101.95 | best_c52 0 | c52d6 1 nld6 102 nw 106 du6 342 nw8 258 | 0.38s/it
round  153 | pool  8192 u max  101.95 | best_c52 0 | c52d6 1 nld6 102 nw 106 du6 342 nw8 258 | 0.38s/it
round  154 | pool  8192 u max  101.95 | best_c52 0 | c52d6 1 nld6 102 nw 106 du6 345 nw8 260 | 0.38s/it
round  155 | pool  8192 u max  101.95 | best_c52 0 | c52d6 1 nld6 102 nw 107 du6 346 nw8 261 | 0.38s/it
round  156 | pool  8192 u max  101.95 | best_c52 0 | c52d6 1 nld6 102 nw 107 du6 348 nw8 262 | 0.38s/it
round  157 | pool  8192 u max  101.95 | best_c52 0 | c52d6 1 nld6 102 nw 108 du6 349 nw8 263 | 0.38s/it
round  158 | pool  8192 u max  101.95 | best_c52 0 | c52d6 1 nld6 102 nw 108 du6 350 nw8 263 | 0.38s/it
round  159 | pool  8192 u max  101.95 | best_c52 0 | c52d6 1 nld6 102 nw 108 du6 353 nw8 264 | 0.38s/it
round  160 | pool  8192 u max  101.95 | best_c52 0 | c52d6 1 nld6 102 nw 109 du6 354 nw8 265 | 0.38s/it
round  161 | pool  8192 u max  101.95 | best_c52 0 | c52d6 1 nld6 102 nw 109 du6 354 nw8 265 | 0.38s/it
round  162 | pool  8192 u max  101.95 | best_c52 0 | c52d6 1 nld6 102 nw 109 du6 358 nw8 267 | 0.38s/it
round  163 | pool  8192 u max  101.95 | best_c52 0 | c52d6 1 nld6 102 nw 109 du6 359 nw8 268 | 0.38s/it
round  164 | pool  8192 u max  101.95 | best_c52 0 | c52d6 1 nld6 102 nw 109 du6 361 nw8 269 | 0.38s/it
round  165 | pool  8192 u max  101.95 | best_c52 0 | c52d6 1 nld6 102 nw 109 du6 363 nw8 270 | 0.38s/it
round  166 | pool  8192 u max  101.95 | best_c52 0 | c52d6 1 nld6 102 nw 109 du6 366 nw8 272 | 0.38s/it
round  167 | pool  8192 u max  101.95 | best_c52 0 | c52d6 1 nld6 102 nw 109 du6 367 nw8 272 | 0.38s/it
round  168 | pool  8192 u max  101.95 | best_c52 0 | c52d6 1 nld6 102 nw 109 du6 368 nw8 272 | 0.38s/it
round  169 | pool  8192 u max  101.95 | best_c52 0 | c52d6 1 nld6 102 nw 109 du6 371 nw8 275 | 0.38s/it
round  170 | pool  8192 u max  101.95 | best_c52 0 | c52d6 1 nld6 102 nw 109 du6 374 nw8 278 | 0.38s/it
round  171 | pool  8192 u max  101.95 | best_c52 0 | c52d6 1 nld6 102 nw 109 du6 375 nw8 279 | 0.38s/it
round  172 | pool  8192 u max  101.95 | best_c52 0 | c52d6 1 nld6 102 nw 109 du6 376 nw8 280 | 0.38s/it
round  173 | pool  8192 u max  101.95 | best_c52 0 | c52d6 1 nld6 102 nw 110 du6 382 nw8 285 | 0.38s/it
round  174 | pool  8192 u max  101.95 | best_c52 0 | c52d6 1 nld6 102 nw 112 du6 385 nw8 288 | 0.38s/it
round  175 | pool  8192 u max  101.95 | best_c52 0 | c52d6 1 nld6 102 nw 112 du6 387 nw8 288 | 0.38s/it
round  176 | pool  8192 u max  101.95 | best_c52 0 | c52d6 1 nld6 102 nw 112 du6 387 nw8 288 | 0.38s/it
round  177 | pool  8192 u max  101.95 | best_c52 0 | c52d6 1 nld6 102 nw 112 du6 389 nw8 288 | 0.38s/it
round  178 | pool  8192 u max  101.95 | best_c52 0 | c52d6 1 nld6 102 nw 112 du6 391 nw8 288 | 0.38s/it
round  179 | pool  8192 u max  101.95 | best_c52 0 | c52d6 1 nld6 102 nw 112 du6 393 nw8 289 | 0.38s/it
round  180 | pool  8192 u max  101.95 | best_c52 0 | c52d6 1 nld6 102 nw 112 du6 393 nw8 289 | 0.38s/it
round  181 | pool  8192 u max  101.95 | best_c52 0 | c52d6 1 nld6 102 nw 113 du6 394 nw8 290 | 0.38s/it
round  182 | pool  8192 u max  101.95 | best_c52 0 | c52d6 1 nld6 102 nw 113 du6 398 nw8 292 | 0.38s/it
round  183 | pool  8192 u max  101.95 | best_c52 0 | c52d6 1 nld6 102 nw 114 du6 400 nw8 293 | 0.38s/it
round  184 | pool  8192 u max  101.95 | best_c52 0 | c52d6 1 nld6 102 nw 114 du6 403 nw8 295 | 0.38s/it
round  185 | pool  8192 u max  101.95 | best_c52 0 | c52d6 1 nld6 102 nw 115 du6 407 nw8 299 | 0.38s/it
round  186 | pool  8192 u max  101.95 | best_c52 0 | c52d6 1 nld6 102 nw 115 du6 413 nw8 301 | 0.38s/it
round  187 | pool  8192 u max  101.95 | best_c52 0 | c52d6 1 nld6 102 nw 115 du6 414 nw8 302 | 0.38s/it
round  188 | pool  8192 u max  101.95 | best_c52 0 | c52d6 1 nld6 102 nw 115 du6 415 nw8 303 | 0.38s/it
round  189 | pool  8192 u max  101.95 | best_c52 0 | c52d6 1 nld6 102 nw 115 du6 416 nw8 304 | 0.38s/it
round  190 | pool  8192 u max  101.95 | best_c52 0 | c52d6 1 nld6 102 nw 116 du6 420 nw8 306 | 0.38s/it
round  191 | pool  8192 u max  101.95 | best_c52 0 | c52d6 1 nld6 102 nw 116 du6 420 nw8 306 | 0.38s/it
round  192 | pool  8192 u max  101.95 | best_c52 0 | c52d6 1 nld6 102 nw 117 du6 422 nw8 307 | 0.38s/it
round  193 | pool  8192 u max  101.95 | best_c52 0 | c52d6 1 nld6 102 nw 117 du6 424 nw8 308 | 0.38s/it
round  194 | pool  8192 u max  101.95 | best_c52 0 | c52d6 1 nld6 102 nw 117 du6 427 nw8 310 | 0.38s/it
round  195 | pool  8192 u max  101.95 | best_c52 0 | c52d6 1 nld6 102 nw 117 du6 429 nw8 312 | 0.38s/it
round  196 | pool  8192 u max  101.95 | best_c52 0 | c52d6 1 nld6 102 nw 117 du6 429 nw8 312 | 0.38s/it
round  197 | pool  8192 u max  101.95 | best_c52 0 | c52d6 1 nld6 102 nw 117 du6 433 nw8 315 | 0.38s/it
round  198 | pool  8192 u max  101.95 | best_c52 0 | c52d6 1 nld6 102 nw 117 du6 434 nw8 316 | 0.38s/it
round  199 | pool  8192 u max  101.95 | best_c52 0 | c52d6 1 nld6 102 nw 117 du6 435 nw8 316 | 0.38s/it
round  200 | pool  8192 u max  101.95 | best_c52 0 | c52d6 1 nld6 102 nw 117 du6 436 nw8 317 | 0.38s/it
round  201 | pool  8192 u max  101.95 | best_c52 0 | c52d6 1 nld6 102 nw 118 du6 440 nw8 319 | 0.38s/it
round  202 | pool  8192 u max  101.95 | best_c52 0 | c52d6 1 nld6 102 nw 118 du6 441 nw8 319 | 0.38s/it
round  203 | pool  8192 u max  101.95 | best_c52 0 | c52d6 1 nld6 102 nw 119 du6 444 nw8 321 | 0.38s/it
round  204 | pool  8192 u max  101.95 | best_c52 0 | c52d6 1 nld6 102 nw 120 du6 445 nw8 322 | 0.38s/it
round  205 | pool  8192 u max  101.95 | best_c52 0 | c52d6 1 nld6 102 nw 120 du6 446 nw8 322 | 0.38s/it
round  206 | pool  8192 u max  101.95 | best_c52 0 | c52d6 1 nld6 102 nw 120 du6 450 nw8 322 | 0.38s/it
round  207 | pool  8192 u max  101.95 | best_c52 0 | c52d6 1 nld6 102 nw 120 du6 453 nw8 325 | 0.38s/it
round  208 | pool  8192 u max  101.95 | best_c52 0 | c52d6 1 nld6 102 nw 120 du6 455 nw8 325 | 0.38s/it
round  209 | pool  8192 u max  101.95 | best_c52 0 | c52d6 1 nld6 102 nw 120 du6 457 nw8 326 | 0.38s/it
round  210 | pool  8192 u max  101.95 | best_c52 0 | c52d6 1 nld6 102 nw 120 du6 461 nw8 326 | 0.38s/it
round  211 | pool  8192 u max  101.95 | best_c52 0 | c52d6 1 nld6 102 nw 121 du6 464 nw8 327 | 0.38s/it
round  212 | pool  8192 u max  101.95 | best_c52 0 | c52d6 1 nld6 102 nw 121 du6 464 nw8 327 | 0.38s/it
round  213 | pool  8192 u max  101.95 | best_c52 0 | c52d6 1 nld6 102 nw 121 du6 467 nw8 329 | 0.38s/it
round  214 | pool  8192 u max  101.95 | best_c52 0 | c52d6 1 nld6 102 nw 121 du6 472 nw8 330 | 0.38s/it
round  215 | pool  8192 u max  101.95 | best_c52 0 | c52d6 1 nld6 102 nw 121 du6 474 nw8 331 | 0.38s/it
round  216 | pool  8192 u max  101.95 | best_c52 0 | c52d6 1 nld6 102 nw 123 du6 480 nw8 335 | 0.38s/it
round  217 | pool  8192 u max  101.95 | best_c52 0 | c52d6 1 nld6 102 nw 123 du6 481 nw8 336 | 0.38s/it
round  218 | pool  8192 u max  101.95 | best_c52 0 | c52d6 1 nld6 102 nw 124 du6 487 nw8 339 | 0.38s/it
round  219 | pool  8192 u max  101.95 | best_c52 0 | c52d6 1 nld6 102 nw 124 du6 487 nw8 339 | 0.38s/it
round  220 | pool  8192 u max  101.95 | best_c52 0 | c52d6 1 nld6 102 nw 125 du6 490 nw8 340 | 0.38s/it
round  221 | pool  8192 u max  101.95 | best_c52 0 | c52d6 1 nld6 102 nw 125 du6 493 nw8 341 | 0.38s/it
round  222 | pool  8192 u max  101.95 | best_c52 0 | c52d6 1 nld6 102 nw 125 du6 497 nw8 343 | 0.38s/it
round  223 | pool  8192 u max  101.95 | best_c52 0 | c52d6 1 nld6 102 nw 125 du6 498 nw8 344 | 0.38s/it
round  224 | pool  8192 u max  101.95 | best_c52 0 | c52d6 1 nld6 102 nw 126 du6 499 nw8 345 | 0.38s/it
round  225 | pool  8192 u max  101.95 | best_c52 0 | c52d6 1 nld6 102 nw 126 du6 500 nw8 346 | 0.38s/it
round  226 | pool  8192 u max  101.95 | best_c52 0 | c52d6 1 nld6 102 nw 127 du6 503 nw8 347 | 0.38s/it
round  227 | pool  8192 u max  101.95 | best_c52 0 | c52d6 1 nld6 102 nw 127 du6 505 nw8 348 | 0.38s/it
round  228 | pool  8192 u max  101.95 | best_c52 0 | c52d6 1 nld6 102 nw 128 du6 506 nw8 349 | 0.38s/it
round  229 | pool  8192 u max  101.95 | best_c52 0 | c52d6 1 nld6 102 nw 129 du6 508 nw8 350 | 0.38s/it
round  230 | pool  8192 u max  101.95 | best_c52 0 | c52d6 1 nld6 102 nw 129 du6 512 nw8 351 | 0.38s/it
round  231 | pool  8192 u max  101.95 | best_c52 0 | c52d6 1 nld6 102 nw 129 du6 516 nw8 353 | 0.38s/it
round  232 | pool  8192 u max  101.95 | best_c52 0 | c52d6 1 nld6 102 nw 130 du6 520 nw8 355 | 0.38s/it
round  233 | pool  8192 u max  101.95 | best_c52 0 | c52d6 1 nld6 102 nw 130 du6 523 nw8 355 | 0.38s/it
round  234 | pool  8192 u max  101.95 | best_c52 0 | c52d6 1 nld6 102 nw 131 du6 526 nw8 357 | 0.38s/it
round  235 | pool  8192 u max  101.95 | best_c52 0 | c52d6 1 nld6 102 nw 131 du6 528 nw8 358 | 0.38s/it
round  236 | pool  8192 u max  101.95 | best_c52 0 | c52d6 1 nld6 102 nw 131 du6 530 nw8 358 | 0.38s/it
round  237 | pool  8192 u max  101.95 | best_c52 0 | c52d6 1 nld6 102 nw 131 du6 533 nw8 360 | 0.38s/it
round  238 | pool  8192 u max  101.95 | best_c52 0 | c52d6 1 nld6 102 nw 133 du6 538 nw8 364 | 0.38s/it
round  239 | pool  8192 u max  101.95 | best_c52 0 | c52d6 1 nld6 102 nw 134 du6 540 nw8 366 | 0.38s/it
round  240 | pool  8192 u max  101.95 | best_c52 0 | c52d6 1 nld6 102 nw 135 du6 542 nw8 368 | 0.38s/it
round  241 | pool  8192 u max  101.95 | best_c52 0 | c52d6 1 nld6 102 nw 136 du6 544 nw8 370 | 0.38s/it
round  242 | pool  8192 u max  101.95 | best_c52 0 | c52d6 1 nld6 102 nw 136 du6 547 nw8 373 | 0.38s/it
round  243 | pool  8192 u max  101.95 | best_c52 0 | c52d6 1 nld6 102 nw 136 du6 550 nw8 375 | 0.38s/it
round  244 | pool  8192 u max  101.95 | best_c52 0 | c52d6 1 nld6 102 nw 136 du6 553 nw8 375 | 0.38s/it
round  245 | pool  8192 u max  101.95 | best_c52 0 | c52d6 1 nld6 102 nw 136 du6 554 nw8 375 | 0.38s/it
round  246 | pool  8192 u max  101.95 | best_c52 0 | c52d6 1 nld6 102 nw 136 du6 556 nw8 375 | 0.38s/it
round  247 | pool  8192 u max  101.95 | best_c52 0 | c52d6 1 nld6 102 nw 137 du6 559 nw8 377 | 0.38s/it
round  248 | pool  8192 u max  101.95 | best_c52 0 | c52d6 1 nld6 102 nw 137 du6 564 nw8 382 | 0.38s/it
round  249 | pool  8192 u max  101.95 | best_c52 0 | c52d6 1 nld6 102 nw 138 du6 568 nw8 384 | 0.38s/it
round  250 | pool  8192 u max  101.95 | best_c52 0 | c52d6 1 nld6 102 nw 139 du6 570 nw8 385 | 0.38s/it
round  251 | pool  8192 u max  101.95 | best_c52 0 | c52d6 1 nld6 102 nw 139 du6 572 nw8 386 | 0.38s/it
round  252 | pool  8192 u max  101.95 | best_c52 0 | c52d6 1 nld6 102 nw 139 du6 572 nw8 386 | 0.38s/it
round  253 | pool  8192 u max  101.95 | best_c52 0 | c52d6 1 nld6 102 nw 139 du6 574 nw8 386 | 0.38s/it
round  254 | pool  8192 u max  101.95 | best_c52 0 | c52d6 1 nld6 102 nw 139 du6 574 nw8 386 | 0.38s/it
round  255 | pool  8192 u max  101.95 | best_c52 0 | c52d6 1 nld6 102 nw 139 du6 575 nw8 387 | 0.38s/it
round  256 | pool  8192 u max  101.95 | best_c52 0 | c52d6 1 nld6 102 nw 140 du6 577 nw8 389 | 0.38s/it
round  257 | pool  8192 u max  101.95 | best_c52 0 | c52d6 1 nld6 102 nw 140 du6 580 nw8 391 | 0.38s/it
round  258 | pool  8192 u max  101.95 | best_c52 0 | c52d6 1 nld6 102 nw 140 du6 582 nw8 392 | 0.38s/it
round  259 | pool  8192 u max  101.95 | best_c52 0 | c52d6 1 nld6 102 nw 140 du6 585 nw8 393 | 0.38s/it
round  260 | pool  8192 u max  101.95 | best_c52 0 | c52d6 1 nld6 102 nw 140 du6 587 nw8 394 | 0.38s/it
round  261 | pool  8192 u max  101.95 | best_c52 0 | c52d6 1 nld6 102 nw 140 du6 588 nw8 395 | 0.38s/it
round  262 | pool  8192 u max  101.95 | best_c52 0 | c52d6 1 nld6 102 nw 140 du6 589 nw8 395 | 0.38s/it
round  263 | pool  8192 u max  101.95 | best_c52 0 | c52d6 1 nld6 102 nw 141 du6 592 nw8 397 | 0.38s/it
round  264 | pool  8192 u max  101.95 | best_c52 0 | c52d6 1 nld6 102 nw 141 du6 593 nw8 397 | 0.38s/it
round  265 | pool  8192 u max  101.95 | best_c52 0 | c52d6 1 nld6 102 nw 141 du6 596 nw8 399 | 0.38s/it
round  266 | pool  8192 u max  101.95 | best_c52 0 | c52d6 1 nld6 102 nw 142 du6 599 nw8 401 | 0.38s/it
round  267 | pool  8192 u max  101.95 | best_c52 0 | c52d6 1 nld6 102 nw 142 du6 600 nw8 401 | 0.38s/it
round  268 | pool  8192 u max  101.95 | best_c52 0 | c52d6 1 nld6 102 nw 142 du6 601 nw8 402 | 0.38s/it
round  269 | pool  8192 u max  101.95 | best_c52 0 | c52d6 1 nld6 102 nw 142 du6 604 nw8 404 | 0.38s/it
round  270 | pool  8192 u max  101.95 | best_c52 0 | c52d6 1 nld6 102 nw 142 du6 606 nw8 405 | 0.38s/it
round  271 | pool  8192 u max  101.95 | best_c52 0 | c52d6 1 nld6 102 nw 142 du6 607 nw8 405 | 0.38s/it
round  272 | pool  8192 u max  101.95 | best_c52 0 | c52d6 1 nld6 102 nw 142 du6 611 nw8 407 | 0.38s/it
round  273 | pool  8192 u max  101.95 | best_c52 0 | c52d6 1 nld6 102 nw 143 du6 615 nw8 409 | 0.38s/it
round  274 | pool  8192 u max  101.95 | best_c52 0 | c52d6 1 nld6 102 nw 143 du6 617 nw8 410 | 0.38s/it
round  275 | pool  8192 u max  101.95 | best_c52 0 | c52d6 1 nld6 102 nw 143 du6 618 nw8 411 | 0.38s/it
round  276 | pool  8192 u max  101.95 | best_c52 0 | c52d6 1 nld6 102 nw 143 du6 620 nw8 412 | 0.38s/it
round  277 | pool  8192 u max  101.95 | best_c52 0 | c52d6 1 nld6 102 nw 143 du6 624 nw8 414 | 0.38s/it
round  278 | pool  8192 u max  101.95 | best_c52 0 | c52d6 1 nld6 102 nw 143 du6 627 nw8 415 | 0.38s/it
round  279 | pool  8192 u max  101.95 | best_c52 0 | c52d6 1 nld6 102 nw 143 du6 629 nw8 417 | 0.38s/it
round  280 | pool  8192 u max  101.95 | best_c52 0 | c52d6 1 nld6 102 nw 143 du6 630 nw8 418 | 0.38s/it
round  281 | pool  8192 u max  101.95 | best_c52 0 | c52d6 1 nld6 102 nw 143 du6 631 nw8 418 | 0.38s/it
round  282 | pool  8192 u max  101.95 | best_c52 0 | c52d6 1 nld6 102 nw 143 du6 633 nw8 418 | 0.38s/it
round  283 | pool  8192 u max  101.95 | best_c52 0 | c52d6 1 nld6 102 nw 144 du6 636 nw8 420 | 0.38s/it
round  284 | pool  8192 u max  101.95 | best_c52 0 | c52d6 1 nld6 102 nw 144 du6 639 nw8 422 | 0.38s/it
round  285 | pool  8192 u max  101.95 | best_c52 0 | c52d6 1 nld6 102 nw 144 du6 644 nw8 426 | 0.38s/it
round  286 | pool  8192 u max  101.95 | best_c52 0 | c52d6 1 nld6 102 nw 144 du6 644 nw8 426 | 0.38s/it
round  287 | pool  8192 u max  101.95 | best_c52 0 | c52d6 1 nld6 102 nw 144 du6 647 nw8 429 | 0.38s/it
round  288 | pool  8192 u max  101.95 | best_c52 0 | c52d6 1 nld6 102 nw 144 du6 649 nw8 431 | 0.38s/it
round  289 | pool  8192 u max  101.95 | best_c52 0 | c52d6 1 nld6 102 nw 144 du6 650 nw8 431 | 0.38s/it
round  290 | pool  8192 u max  101.95 | best_c52 0 | c52d6 1 nld6 102 nw 144 du6 650 nw8 431 | 0.38s/it
round  291 | pool  8192 u max  101.95 | best_c52 0 | c52d6 1 nld6 102 nw 144 du6 652 nw8 431 | 0.38s/it
round  292 | pool  8192 u max  101.95 | best_c52 0 | c52d6 1 nld6 102 nw 144 du6 654 nw8 432 | 0.38s/it
round  293 | pool  8192 u max  101.95 | best_c52 0 | c52d6 1 nld6 102 nw 144 du6 658 nw8 433 | 0.38s/it
round  294 | pool  8192 u max  101.95 | best_c52 0 | c52d6 1 nld6 102 nw 145 du6 660 nw8 435 | 0.38s/it
round  295 | pool  8192 u max  101.95 | best_c52 0 | c52d6 1 nld6 102 nw 146 du6 664 nw8 438 | 0.38s/it
round  296 | pool  8192 u max  101.95 | best_c52 0 | c52d6 1 nld6 102 nw 147 du6 667 nw8 439 | 0.38s/it
round  297 | pool  8192 u max  101.95 | best_c52 0 | c52d6 1 nld6 102 nw 147 du6 669 nw8 439 | 0.38s/it
round  298 | pool  8192 u max  101.95 | best_c52 0 | c52d6 1 nld6 102 nw 147 du6 670 nw8 440 | 0.38s/it
round  299 | pool  8192 u max  101.95 | best_c52 0 | c52d6 1 nld6 102 nw 148 du6 673 nw8 442 | 0.38s/it
round  300 | pool  8192 u max  101.95 | best_c52 0 | c52d6 1 nld6 102 nw 148 du6 677 nw8 444 | 0.38s/it
round  301 | pool  8192 u max  101.95 | best_c52 0 | c52d6 1 nld6 102 nw 148 du6 679 nw8 444 | 0.38s/it
round  302 | pool  8192 u max  101.95 | best_c52 0 | c52d6 1 nld6 102 nw 148 du6 679 nw8 444 | 0.38s/it
round  303 | pool  8192 u max  101.95 | best_c52 0 | c52d6 1 nld6 102 nw 148 du6 681 nw8 444 | 0.38s/it
round  304 | pool  8192 u max  101.95 | best_c52 0 | c52d6 1 nld6 102 nw 148 du6 683 nw8 445 | 0.38s/it
round  305 | pool  8192 u max  101.95 | best_c52 0 | c52d6 1 nld6 102 nw 148 du6 684 nw8 446 | 0.38s/it
round  306 | pool  8192 u max  101.95 | best_c52 0 | c52d6 1 nld6 102 nw 148 du6 685 nw8 447 | 0.38s/it
round  307 | pool  8192 u max  101.95 | best_c52 0 | c52d6 1 nld6 102 nw 148 du6 686 nw8 447 | 0.38s/it
round  308 | pool  8192 u max  101.95 | best_c52 0 | c52d6 1 nld6 102 nw 148 du6 689 nw8 450 | 0.38s/it
round  309 | pool  8192 u max  101.95 | best_c52 0 | c52d6 1 nld6 102 nw 148 du6 691 nw8 452 | 0.38s/it
round  310 | pool  8192 u max  101.95 | best_c52 0 | c52d6 1 nld6 102 nw 148 du6 692 nw8 452 | 0.38s/it
round  311 | pool  8192 u max  101.95 | best_c52 0 | c52d6 1 nld6 102 nw 148 du6 693 nw8 452 | 0.38s/it
round  312 | pool  8192 u max  101.95 | best_c52 0 | c52d6 1 nld6 102 nw 148 du6 693 nw8 452 | 0.38s/it
round  313 | pool  8192 u max  101.95 | best_c52 0 | c52d6 1 nld6 102 nw 148 du6 694 nw8 452 | 0.38s/it
round  314 | pool  8192 u max  101.95 | best_c52 0 | c52d6 1 nld6 102 nw 148 du6 694 nw8 452 | 0.38s/it
round  315 | pool  8192 u max  101.95 | best_c52 0 | c52d6 1 nld6 102 nw 148 du6 696 nw8 454 | 0.38s/it
round  316 | pool  8192 u max  101.95 | best_c52 0 | c52d6 1 nld6 102 nw 149 du6 698 nw8 456 | 0.38s/it
round  317 | pool  8192 u max  101.95 | best_c52 0 | c52d6 1 nld6 102 nw 149 du6 698 nw8 456 | 0.38s/it
round  318 | pool  8192 u max  101.95 | best_c52 0 | c52d6 1 nld6 102 nw 149 du6 699 nw8 457 | 0.38s/it
round  319 | pool  8192 u max  101.95 | best_c52 0 | c52d6 1 nld6 102 nw 149 du6 700 nw8 458 | 0.38s/it
round  320 | pool  8192 u max  101.95 | best_c52 0 | c52d6 1 nld6 102 nw 149 du6 701 nw8 459 | 0.38s/it
round  321 | pool  8192 u max  101.95 | best_c52 0 | c52d6 1 nld6 102 nw 149 du6 705 nw8 460 | 0.38s/it
round  322 | pool  8192 u max  101.95 | best_c52 0 | c52d6 1 nld6 102 nw 149 du6 708 nw8 461 | 0.38s/it
round  323 | pool  8192 u max  101.95 | best_c52 0 | c52d6 1 nld6 102 nw 149 du6 712 nw8 462 | 0.38s/it
round  324 | pool  8192 u max  101.95 | best_c52 0 | c52d6 1 nld6 102 nw 149 du6 714 nw8 464 | 0.38s/it
round  325 | pool  8192 u max  101.95 | best_c52 0 | c52d6 1 nld6 102 nw 149 du6 716 nw8 464 | 0.38s/it
round  326 | pool  8192 u max  101.95 | best_c52 0 | c52d6 1 nld6 102 nw 149 du6 717 nw8 464 | 0.38s/it
round  327 | pool  8192 u max  101.95 | best_c52 0 | c52d6 1 nld6 102 nw 149 du6 719 nw8 465 | 0.38s/it
round  328 | pool  8192 u max  101.95 | best_c52 0 | c52d6 1 nld6 102 nw 150 du6 723 nw8 468 | 0.38s/it
round  329 | pool  8192 u max  101.95 | best_c52 0 | c52d6 1 nld6 102 nw 150 du6 723 nw8 468 | 0.38s/it
round  330 | pool  8192 u max  101.95 | best_c52 0 | c52d6 1 nld6 102 nw 150 du6 726 nw8 469 | 0.38s/it
round  331 | pool  8192 u max  101.95 | best_c52 0 | c52d6 1 nld6 102 nw 151 du6 727 nw8 470 | 0.38s/it
round  332 | pool  8192 u max  101.95 | best_c52 0 | c52d6 1 nld6 102 nw 151 du6 728 nw8 470 | 0.38s/it
round  333 | pool  8192 u max  101.95 | best_c52 0 | c52d6 1 nld6 102 nw 151 du6 731 nw8 471 | 0.38s/it
round  334 | pool  8192 u max  101.95 | best_c52 0 | c52d6 1 nld6 102 nw 151 du6 735 nw8 473 | 0.38s/it
round  335 | pool  8192 u max  101.95 | best_c52 0 | c52d6 1 nld6 102 nw 151 du6 736 nw8 474 | 0.38s/it
round  336 | pool  8192 u max  101.95 | best_c52 0 | c52d6 1 nld6 102 nw 151 du6 736 nw8 474 | 0.38s/it
round  337 | pool  8192 u max  101.95 | best_c52 0 | c52d6 1 nld6 102 nw 151 du6 740 nw8 476 | 0.38s/it
round  338 | pool  8192 u max  101.95 | best_c52 0 | c52d6 1 nld6 102 nw 151 du6 742 nw8 477 | 0.38s/it
round  339 | pool  8192 u max  101.95 | best_c52 0 | c52d6 1 nld6 102 nw 151 du6 743 nw8 477 | 0.38s/it
round  340 | pool  8192 u max  101.95 | best_c52 0 | c52d6 1 nld6 102 nw 151 du6 747 nw8 480 | 0.38s/it
round  341 | pool  8192 u max  101.95 | best_c52 0 | c52d6 1 nld6 102 nw 151 du6 747 nw8 480 | 0.38s/it
round  342 | pool  8192 u max  101.95 | best_c52 0 | c52d6 1 nld6 102 nw 152 du6 752 nw8 481 | 0.38s/it
round  343 | pool  8192 u max  101.95 | best_c52 0 | c52d6 1 nld6 102 nw 152 du6 756 nw8 484 | 0.38s/it
round  344 | pool  8192 u max  101.95 | best_c52 0 | c52d6 1 nld6 102 nw 152 du6 759 nw8 486 | 0.38s/it
round  345 | pool  8192 u max  101.95 | best_c52 0 | c52d6 1 nld6 102 nw 152 du6 760 nw8 487 | 0.38s/it
round  346 | pool  8192 u max  101.95 | best_c52 0 | c52d6 1 nld6 102 nw 152 du6 762 nw8 489 | 0.38s/it
round  347 | pool  8192 u max  101.95 | best_c52 0 | c52d6 1 nld6 102 nw 153 du6 764 nw8 490 | 0.38s/it
round  348 | pool  8192 u max  101.95 | best_c52 0 | c52d6 1 nld6 102 nw 153 du6 764 nw8 490 | 0.38s/it
round  349 | pool  8192 u max  101.95 | best_c52 0 | c52d6 1 nld6 102 nw 153 du6 764 nw8 490 | 0.38s/it
round  350 | pool  8192 u max  101.95 | best_c52 0 | c52d6 1 nld6 102 nw 153 du6 764 nw8 490 | 0.38s/it
round  351 | pool  8192 u max  101.95 | best_c52 0 | c52d6 1 nld6 102 nw 153 du6 766 nw8 492 | 0.38s/it
round  352 | pool  8192 u max  101.95 | best_c52 0 | c52d6 1 nld6 102 nw 153 du6 767 nw8 492 | 0.38s/it
round  353 | pool  8192 u max  101.95 | best_c52 0 | c52d6 1 nld6 102 nw 153 du6 768 nw8 492 | 0.38s/it
round  354 | pool  8192 u max  101.95 | best_c52 0 | c52d6 1 nld6 102 nw 153 du6 769 nw8 493 | 0.38s/it
round  355 | pool  8192 u max  101.95 | best_c52 0 | c52d6 1 nld6 102 nw 153 du6 772 nw8 493 | 0.38s/it
round  356 | pool  8192 u max  101.95 | best_c52 0 | c52d6 1 nld6 102 nw 153 du6 772 nw8 493 | 0.38s/it
round  357 | pool  8192 u max  101.95 | best_c52 0 | c52d6 1 nld6 102 nw 153 du6 776 nw8 495 | 0.38s/it
round  358 | pool  8192 u max  101.95 | best_c52 0 | c52d6 1 nld6 102 nw 153 du6 777 nw8 495 | 0.38s/it
round  359 | pool  8192 u max  101.95 | best_c52 0 | c52d6 1 nld6 102 nw 153 du6 777 nw8 495 | 0.38s/it
round  360 | pool  8192 u max  101.95 | best_c52 0 | c52d6 1 nld6 102 nw 153 du6 779 nw8 497 | 0.38s/it
round  361 | pool  8192 u max  101.95 | best_c52 0 | c52d6 1 nld6 102 nw 153 du6 782 nw8 497 | 0.38s/it
round  362 | pool  8192 u max  101.95 | best_c52 0 | c52d6 1 nld6 102 nw 153 du6 783 nw8 497 | 0.38s/it
round  363 | pool  8192 u max  101.95 | best_c52 0 | c52d6 1 nld6 102 nw 153 du6 783 nw8 497 | 0.38s/it
round  364 | pool  8192 u max  101.95 | best_c52 0 | c52d6 1 nld6 102 nw 153 du6 785 nw8 499 | 0.38s/it
round  365 | pool  8192 u max  101.95 | best_c52 0 | c52d6 1 nld6 102 nw 153 du6 786 nw8 500 | 0.38s/it
round  366 | pool  8192 u max  101.95 | best_c52 0 | c52d6 1 nld6 102 nw 153 du6 787 nw8 500 | 0.38s/it
round  367 | pool  8192 u max  101.95 | best_c52 0 | c52d6 1 nld6 102 nw 153 du6 788 nw8 500 | 0.38s/it
round  368 | pool  8192 u max  101.95 | best_c52 0 | c52d6 1 nld6 102 nw 153 du6 790 nw8 501 | 0.38s/it
round  369 | pool  8192 u max  101.95 | best_c52 0 | c52d6 1 nld6 102 nw 153 du6 792 nw8 503 | 0.38s/it
round  370 | pool  8192 u max  101.95 | best_c52 0 | c52d6 1 nld6 102 nw 153 du6 793 nw8 504 | 0.38s/it
round  371 | pool  8192 u max  101.95 | best_c52 0 | c52d6 1 nld6 102 nw 153 du6 795 nw8 505 | 0.38s/it
round  372 | pool  8192 u max  101.95 | best_c52 0 | c52d6 1 nld6 102 nw 153 du6 797 nw8 507 | 0.38s/it
round  373 | pool  8192 u max  101.95 | best_c52 0 | c52d6 1 nld6 102 nw 153 du6 798 nw8 508 | 0.38s/it
round  374 | pool  8192 u max  101.95 | best_c52 0 | c52d6 1 nld6 102 nw 153 du6 799 nw8 509 | 0.38s/it
round  375 | pool  8192 u max  101.95 | best_c52 0 | c52d6 1 nld6 102 nw 153 du6 802 nw8 510 | 0.38s/it
round  376 | pool  8192 u max  101.95 | best_c52 0 | c52d6 1 nld6 102 nw 153 du6 803 nw8 511 | 0.38s/it
round  377 | pool  8192 u max  101.95 | best_c52 0 | c52d6 1 nld6 102 nw 153 du6 807 nw8 513 | 0.38s/it
round  378 | pool  8192 u max  101.95 | best_c52 0 | c52d6 1 nld6 102 nw 153 du6 809 nw8 515 | 0.38s/it
round  379 | pool  8192 u max  101.95 | best_c52 0 | c52d6 1 nld6 102 nw 153 du6 810 nw8 515 | 0.38s/it
round  380 | pool  8192 u max  101.95 | best_c52 0 | c52d6 1 nld6 102 nw 153 du6 812 nw8 517 | 0.38s/it
round  381 | pool  8192 u max  101.95 | best_c52 0 | c52d6 1 nld6 102 nw 153 du6 813 nw8 518 | 0.38s/it
round  382 | pool  8192 u max  101.95 | best_c52 0 | c52d6 1 nld6 102 nw 153 du6 815 nw8 520 | 0.38s/it
round  383 | pool  8192 u max  101.95 | best_c52 0 | c52d6 1 nld6 102 nw 153 du6 819 nw8 522 | 0.38s/it
round  384 | pool  8192 u max  101.95 | best_c52 0 | c52d6 1 nld6 102 nw 153 du6 822 nw8 523 | 0.38s/it
round  385 | pool  8192 u max  101.95 | best_c52 0 | c52d6 1 nld6 102 nw 153 du6 822 nw8 523 | 0.38s/it
round  386 | pool  8192 u max  101.95 | best_c52 0 | c52d6 1 nld6 102 nw 154 du6 823 nw8 524 | 0.38s/it
round  387 | pool  8192 u max  101.95 | best_c52 0 | c52d6 1 nld6 102 nw 155 du6 826 nw8 526 | 0.38s/it
round  388 | pool  8192 u max  101.95 | best_c52 0 | c52d6 1 nld6 102 nw 155 du6 826 nw8 526 | 0.38s/it
round  389 | pool  8192 u max  101.95 | best_c52 0 | c52d6 1 nld6 102 nw 155 du6 828 nw8 526 | 0.38s/it
round  390 | pool  8192 u max  101.95 | best_c52 0 | c52d6 1 nld6 102 nw 155 du6 830 nw8 528 | 0.38s/it
round  391 | pool  8192 u max  101.95 | best_c52 0 | c52d6 1 nld6 102 nw 155 du6 833 nw8 529 | 0.38s/it
round  392 | pool  8192 u max  101.95 | best_c52 0 | c52d6 1 nld6 102 nw 155 du6 834 nw8 529 | 0.38s/it
round  393 | pool  8192 u max  101.95 | best_c52 0 | c52d6 1 nld6 102 nw 155 du6 836 nw8 530 | 0.38s/it
round  394 | pool  8192 u max  101.95 | best_c52 0 | c52d6 1 nld6 102 nw 155 du6 838 nw8 531 | 0.38s/it
round  395 | pool  8192 u max  101.95 | best_c52 0 | c52d6 1 nld6 102 nw 155 du6 838 nw8 531 | 0.38s/it
round  396 | pool  8192 u max  101.95 | best_c52 0 | c52d6 1 nld6 102 nw 156 du6 840 nw8 532 | 0.38s/it
round  397 | pool  8192 u max  101.95 | best_c52 0 | c52d6 1 nld6 102 nw 156 du6 842 nw8 533 | 0.38s/it
round  398 | pool  8192 u max  101.95 | best_c52 0 | c52d6 1 nld6 102 nw 156 du6 843 nw8 533 | 0.38s/it
round  399 | pool  8192 u max  101.95 | best_c52 0 | c52d6 1 nld6 102 nw 156 du6 845 nw8 534 | 0.38s/it
round  400 | pool  8192 u max  101.95 | best_c52 0 | c52d6 1 nld6 102 nw 156 du6 845 nw8 534 | 0.38s/it
round  401 | pool  8192 u max  101.95 | best_c52 0 | c52d6 1 nld6 102 nw 157 du6 847 nw8 535 | 0.38s/it
round  402 | pool  8192 u max  101.95 | best_c52 0 | c52d6 1 nld6 102 nw 157 du6 850 nw8 538 | 0.38s/it
round  403 | pool  8192 u max  101.95 | best_c52 0 | c52d6 1 nld6 102 nw 157 du6 853 nw8 538 | 0.38s/it
round  404 | pool  8192 u max  101.95 | best_c52 0 | c52d6 1 nld6 102 nw 157 du6 855 nw8 538 | 0.38s/it
round  405 | pool  8192 u max  101.95 | best_c52 0 | c52d6 1 nld6 102 nw 157 du6 858 nw8 539 | 0.38s/it
round  406 | pool  8192 u max  101.95 | best_c52 0 | c52d6 1 nld6 102 nw 157 du6 860 nw8 540 | 0.38s/it
round  407 | pool  8192 u max  101.95 | best_c52 0 | c52d6 1 nld6 102 nw 157 du6 862 nw8 542 | 0.38s/it
round  408 | pool  8192 u max  101.95 | best_c52 0 | c52d6 1 nld6 102 nw 157 du6 864 nw8 542 | 0.38s/it
round  409 | pool  8192 u max  101.95 | best_c52 0 | c52d6 1 nld6 102 nw 157 du6 866 nw8 544 | 0.38s/it
round  410 | pool  8192 u max  101.95 | best_c52 0 | c52d6 1 nld6 102 nw 158 du6 868 nw8 546 | 0.38s/it
round  411 | pool  8192 u max  101.95 | best_c52 0 | c52d6 1 nld6 102 nw 159 du6 871 nw8 547 | 0.38s/it
round  412 | pool  8192 u max  101.95 | best_c52 0 | c52d6 1 nld6 102 nw 160 du6 876 nw8 550 | 0.38s/it
round  413 | pool  8192 u max  101.95 | best_c52 0 | c52d6 1 nld6 102 nw 160 du6 881 nw8 554 | 0.38s/it
round  414 | pool  8192 u max  101.95 | best_c52 0 | c52d6 1 nld6 102 nw 160 du6 884 nw8 555 | 0.38s/it
round  415 | pool  8192 u max  101.95 | best_c52 0 | c52d6 1 nld6 102 nw 160 du6 886 nw8 556 | 0.38s/it
round  416 | pool  8192 u max  101.95 | best_c52 0 | c52d6 1 nld6 102 nw 161 du6 888 nw8 557 | 0.38s/it
round  417 | pool  8192 u max  101.95 | best_c52 0 | c52d6 1 nld6 102 nw 161 du6 890 nw8 557 | 0.38s/it
round  418 | pool  8192 u max  101.95 | best_c52 0 | c52d6 1 nld6 102 nw 162 du6 892 nw8 558 | 0.38s/it
round  419 | pool  8192 u max  101.95 | best_c52 0 | c52d6 1 nld6 102 nw 162 du6 893 nw8 559 | 0.38s/it
round  420 | pool  8192 u max  101.95 | best_c52 0 | c52d6 1 nld6 102 nw 162 du6 894 nw8 560 | 0.38s/it
round  421 | pool  8192 u max  101.95 | best_c52 0 | c52d6 1 nld6 102 nw 162 du6 898 nw8 563 | 0.38s/it
round  422 | pool  8192 u max  101.95 | best_c52 0 | c52d6 1 nld6 102 nw 162 du6 898 nw8 563 | 0.38s/it
round  423 | pool  8192 u max  101.95 | best_c52 0 | c52d6 1 nld6 102 nw 162 du6 904 nw8 567 | 0.38s/it
round  424 | pool  8192 u max  101.95 | best_c52 0 | c52d6 1 nld6 102 nw 163 du6 908 nw8 568 | 0.38s/it
round  425 | pool  8192 u max  101.95 | best_c52 0 | c52d6 1 nld6 102 nw 163 du6 910 nw8 568 | 0.38s/it
round  426 | pool  8192 u max  101.95 | best_c52 0 | c52d6 1 nld6 102 nw 163 du6 911 nw8 568 | 0.38s/it
round  427 | pool  8192 u max  101.95 | best_c52 0 | c52d6 1 nld6 102 nw 163 du6 912 nw8 568 | 0.38s/it
round  428 | pool  8192 u max  101.95 | best_c52 0 | c52d6 1 nld6 102 nw 164 du6 915 nw8 569 | 0.38s/it
round  429 | pool  8192 u max  101.95 | best_c52 0 | c52d6 1 nld6 102 nw 164 du6 917 nw8 569 | 0.38s/it
round  430 | pool  8192 u max  101.95 | best_c52 0 | c52d6 1 nld6 102 nw 164 du6 919 nw8 569 | 0.38s/it
round  431 | pool  8192 u max  101.95 | best_c52 0 | c52d6 1 nld6 102 nw 164 du6 921 nw8 570 | 0.38s/it
round  432 | pool  8192 u max  101.95 | best_c52 0 | c52d6 1 nld6 102 nw 164 du6 922 nw8 571 | 0.38s/it
round  433 | pool  8192 u max  101.95 | best_c52 0 | c52d6 1 nld6 102 nw 165 du6 923 nw8 572 | 0.38s/it
round  434 | pool  8192 u max  101.95 | best_c52 0 | c52d6 1 nld6 102 nw 165 du6 927 nw8 575 | 0.38s/it
round  435 | pool  8192 u max  101.95 | best_c52 0 | c52d6 1 nld6 102 nw 165 du6 928 nw8 576 | 0.38s/it
round  436 | pool  8192 u max  101.95 | best_c52 0 | c52d6 1 nld6 102 nw 165 du6 929 nw8 576 | 0.38s/it
round  437 | pool  8192 u max  101.95 | best_c52 0 | c52d6 1 nld6 102 nw 165 du6 931 nw8 578 | 0.38s/it
round  438 | pool  8192 u max  101.95 | best_c52 0 | c52d6 1 nld6 102 nw 165 du6 931 nw8 578 | 0.38s/it
round  439 | pool  8192 u max  101.95 | best_c52 0 | c52d6 1 nld6 102 nw 166 du6 933 nw8 580 | 0.38s/it
round  440 | pool  8192 u max  101.95 | best_c52 0 | c52d6 1 nld6 102 nw 166 du6 933 nw8 580 | 0.38s/it
round  441 | pool  8192 u max  101.95 | best_c52 0 | c52d6 1 nld6 102 nw 166 du6 936 nw8 581 | 0.38s/it
round  442 | pool  8192 u max  101.95 | best_c52 0 | c52d6 1 nld6 102 nw 166 du6 938 nw8 582 | 0.38s/it
round  443 | pool  8192 u max  101.95 | best_c52 0 | c52d6 1 nld6 102 nw 167 du6 941 nw8 584 | 0.38s/it
round  444 | pool  8192 u max  101.95 | best_c52 0 | c52d6 1 nld6 102 nw 167 du6 942 nw8 585 | 0.38s/it
round  445 | pool  8192 u max  101.95 | best_c52 0 | c52d6 1 nld6 102 nw 167 du6 944 nw8 586 | 0.38s/it
round  446 | pool  8192 u max  101.95 | best_c52 0 | c52d6 1 nld6 102 nw 167 du6 945 nw8 587 | 0.38s/it
round  447 | pool  8192 u max  101.95 | best_c52 0 | c52d6 1 nld6 102 nw 167 du6 948 nw8 588 | 0.38s/it
round  448 | pool  8192 u max  101.95 | best_c52 0 | c52d6 1 nld6 102 nw 167 du6 948 nw8 588 | 0.38s/it
round  449 | pool  8192 u max  101.95 | best_c52 0 | c52d6 1 nld6 102 nw 167 du6 952 nw8 589 | 0.38s/it
round  450 | pool  8192 u max  101.95 | best_c52 0 | c52d6 1 nld6 102 nw 167 du6 954 nw8 590 | 0.38s/it
round  451 | pool  8192 u max  101.95 | best_c52 0 | c52d6 1 nld6 102 nw 167 du6 958 nw8 593 | 0.38s/it
round  452 | pool  8192 u max  101.95 | best_c52 0 | c52d6 1 nld6 102 nw 167 du6 960 nw8 594 | 0.38s/it
round  453 | pool  8192 u max  101.95 | best_c52 0 | c52d6 1 nld6 102 nw 168 du6 962 nw8 595 | 0.38s/it
round  454 | pool  8192 u max  101.95 | best_c52 0 | c52d6 1 nld6 102 nw 168 du6 963 nw8 596 | 0.38s/it
round  455 | pool  8192 u max  101.95 | best_c52 0 | c52d6 1 nld6 102 nw 168 du6 965 nw8 597 | 0.38s/it
round  456 | pool  8192 u max  101.95 | best_c52 0 | c52d6 1 nld6 102 nw 168 du6 966 nw8 598 | 0.38s/it
round  457 | pool  8192 u max  101.95 | best_c52 0 | c52d6 1 nld6 102 nw 168 du6 968 nw8 598 | 0.38s/it
round  458 | pool  8192 u max  101.95 | best_c52 0 | c52d6 1 nld6 102 nw 169 du6 970 nw8 599 | 0.38s/it
round  459 | pool  8192 u max  101.95 | best_c52 0 | c52d6 1 nld6 102 nw 170 du6 972 nw8 600 | 0.38s/it
round  460 | pool  8192 u max  101.95 | best_c52 0 | c52d6 1 nld6 102 nw 170 du6 973 nw8 600 | 0.38s/it
round  461 | pool  8192 u max  101.95 | best_c52 0 | c52d6 1 nld6 102 nw 171 du6 978 nw8 604 | 0.38s/it
round  462 | pool  8192 u max  101.95 | best_c52 0 | c52d6 1 nld6 102 nw 171 du6 979 nw8 604 | 0.38s/it
round  463 | pool  8192 u max  101.95 | best_c52 0 | c52d6 1 nld6 102 nw 171 du6 980 nw8 605 | 0.38s/it
round  464 | pool  8192 u max  101.95 | best_c52 0 | c52d6 1 nld6 102 nw 171 du6 982 nw8 605 | 0.38s/it
round  465 | pool  8192 u max  101.95 | best_c52 0 | c52d6 1 nld6 102 nw 171 du6 982 nw8 605 | 0.38s/it
round  466 | pool  8192 u max  101.95 | best_c52 0 | c52d6 1 nld6 102 nw 171 du6 985 nw8 607 | 0.38s/it
round  467 | pool  8192 u max  101.95 | best_c52 0 | c52d6 1 nld6 102 nw 171 du6 988 nw8 609 | 0.38s/it
round  468 | pool  8192 u max  101.95 | best_c52 0 | c52d6 1 nld6 102 nw 171 du6 992 nw8 611 | 0.38s/it
round  469 | pool  8192 u max  101.95 | best_c52 0 | c52d6 1 nld6 102 nw 171 du6 993 nw8 612 | 0.38s/it
round  470 | pool  8192 u max  101.95 | best_c52 0 | c52d6 1 nld6 102 nw 171 du6 995 nw8 613 | 0.38s/it
round  471 | pool  8192 u max  101.95 | best_c52 0 | c52d6 1 nld6 102 nw 171 du6 997 nw8 614 | 0.38s/it
round  472 | pool  8192 u max  101.95 | best_c52 0 | c52d6 1 nld6 102 nw 171 du6 1000 nw8 615 | 0.38s/it
round  473 | pool  8192 u max  101.95 | best_c52 0 | c52d6 1 nld6 102 nw 172 du6 1004 nw8 619 | 0.38s/it
round  474 | pool  8192 u max  101.95 | best_c52 0 | c52d6 1 nld6 102 nw 172 du6 1004 nw8 619 | 0.38s/it
round  475 | pool  8192 u max  101.95 | best_c52 0 | c52d6 1 nld6 102 nw 172 du6 1005 nw8 619 | 0.38s/it
round  476 | pool  8192 u max  101.95 | best_c52 0 | c52d6 1 nld6 102 nw 172 du6 1007 nw8 620 | 0.38s/it
round  477 | pool  8192 u max  101.95 | best_c52 0 | c52d6 1 nld6 102 nw 172 du6 1009 nw8 622 | 0.38s/it
round  478 | pool  8192 u max  101.95 | best_c52 0 | c52d6 1 nld6 102 nw 172 du6 1011 nw8 623 | 0.38s/it
round  479 | pool  8192 u max  101.95 | best_c52 0 | c52d6 1 nld6 102 nw 172 du6 1012 nw8 624 | 0.38s/it
round  480 | pool  8192 u max  101.95 | best_c52 0 | c52d6 1 nld6 102 nw 172 du6 1012 nw8 624 | 0.38s/it
round  481 | pool  8192 u max  101.95 | best_c52 0 | c52d6 1 nld6 102 nw 172 du6 1013 nw8 624 | 0.38s/it
round  482 | pool  8192 u max  101.95 | best_c52 0 | c52d6 1 nld6 102 nw 172 du6 1013 nw8 624 | 0.38s/it
round  483 | pool  8192 u max  101.95 | best_c52 0 | c52d6 1 nld6 102 nw 172 du6 1015 nw8 625 | 0.38s/it
round  484 | pool  8192 u max  101.95 | best_c52 0 | c52d6 1 nld6 102 nw 172 du6 1016 nw8 625 | 0.38s/it
round  485 | pool  8192 u max  101.95 | best_c52 0 | c52d6 1 nld6 102 nw 172 du6 1016 nw8 625 | 0.38s/it
round  486 | pool  8192 u max  101.95 | best_c52 0 | c52d6 1 nld6 102 nw 172 du6 1017 nw8 625 | 0.38s/it
round  487 | pool  8192 u max  101.95 | best_c52 0 | c52d6 1 nld6 102 nw 172 du6 1022 nw8 626 | 0.38s/it
round  488 | pool  8192 u max  101.95 | best_c52 0 | c52d6 1 nld6 102 nw 172 du6 1023 nw8 626 | 0.38s/it
round  489 | pool  8192 u max  101.95 | best_c52 0 | c52d6 1 nld6 102 nw 172 du6 1027 nw8 627 | 0.38s/it
round  490 | pool  8192 u max  101.95 | best_c52 0 | c52d6 1 nld6 102 nw 173 du6 1029 nw8 629 | 0.38s/it
round  491 | pool  8192 u max  101.95 | best_c52 0 | c52d6 1 nld6 102 nw 173 du6 1030 nw8 629 | 0.38s/it
round  492 | pool  8192 u max  101.95 | best_c52 0 | c52d6 1 nld6 102 nw 173 du6 1030 nw8 629 | 0.38s/it
round  493 | pool  8192 u max  101.95 | best_c52 0 | c52d6 1 nld6 102 nw 173 du6 1033 nw8 631 | 0.38s/it
round  494 | pool  8192 u max  101.95 | best_c52 0 | c52d6 1 nld6 102 nw 173 du6 1034 nw8 632 | 0.38s/it
round  495 | pool  8192 u max  101.95 | best_c52 0 | c52d6 1 nld6 102 nw 173 du6 1036 nw8 633 | 0.38s/it
round  496 | pool  8192 u max  101.95 | best_c52 0 | c52d6 1 nld6 102 nw 173 du6 1039 nw8 634 | 0.38s/it
round  497 | pool  8192 u max  101.95 | best_c52 0 | c52d6 1 nld6 102 nw 173 du6 1041 nw8 634 | 0.38s/it
round  498 | pool  8192 u max  101.95 | best_c52 0 | c52d6 1 nld6 102 nw 174 du6 1045 nw8 636 | 0.38s/it
round  499 | pool  8192 u max  101.95 | best_c52 0 | c52d6 1 nld6 102 nw 174 du6 1047 nw8 636 | 0.38s/it
round  500 | pool  8192 u max  101.95 | best_c52 0 | c52d6 1 nld6 102 nw 175 du6 1051 nw8 639 | 0.38s/it
round  501 | pool  8192 u max  101.95 | best_c52 0 | c52d6 1 nld6 102 nw 175 du6 1052 nw8 640 | 0.38s/it
round  502 | pool  8192 u max  101.95 | best_c52 0 | c52d6 1 nld6 102 nw 175 du6 1053 nw8 640 | 0.38s/it
round  503 | pool  8192 u max  101.95 | best_c52 0 | c52d6 1 nld6 102 nw 175 du6 1055 nw8 640 | 0.38s/it
round  504 | pool  8192 u max  101.95 | best_c52 0 | c52d6 1 nld6 102 nw 175 du6 1056 nw8 640 | 0.38s/it
round  505 | pool  8192 u max  101.95 | best_c52 0 | c52d6 1 nld6 102 nw 175 du6 1056 nw8 640 | 0.38s/it
round  506 | pool  8192 u max  101.95 | best_c52 0 | c52d6 1 nld6 102 nw 175 du6 1056 nw8 640 | 0.38s/it
round  507 | pool  8192 u max  101.95 | best_c52 0 | c52d6 1 nld6 102 nw 175 du6 1056 nw8 640 | 0.38s/it
round  508 | pool  8192 u max  101.95 | best_c52 0 | c52d6 1 nld6 102 nw 175 du6 1056 nw8 640 | 0.38s/it
round  509 | pool  8192 u max  101.95 | best_c52 0 | c52d6 1 nld6 102 nw 175 du6 1057 nw8 641 | 0.38s/it
round  510 | pool  8192 u max  101.95 | best_c52 0 | c52d6 1 nld6 102 nw 175 du6 1058 nw8 641 | 0.38s/it
round  511 | pool  8192 u max  101.95 | best_c52 0 | c52d6 1 nld6 102 nw 175 du6 1059 nw8 641 | 0.38s/it
round  512 | pool  8192 u max  101.95 | best_c52 0 | c52d6 1 nld6 102 nw 175 du6 1059 nw8 641 | 0.38s/it
round  513 | pool  8192 u max  101.95 | best_c52 0 | c52d6 1 nld6 102 nw 176 du6 1061 nw8 643 | 0.38s/it
round  514 | pool  8192 u max  101.95 | best_c52 0 | c52d6 1 nld6 102 nw 176 du6 1067 nw8 646 | 0.38s/it
round  515 | pool  8192 u max  101.95 | best_c52 0 | c52d6 1 nld6 102 nw 177 du6 1072 nw8 649 | 0.38s/it
round  516 | pool  8192 u max  101.95 | best_c52 0 | c52d6 1 nld6 102 nw 177 du6 1074 nw8 650 | 0.38s/it
round  517 | pool  8192 u max  101.95 | best_c52 0 | c52d6 1 nld6 102 nw 177 du6 1077 nw8 652 | 0.38s/it
round  518 | pool  8192 u max  101.95 | best_c52 0 | c52d6 1 nld6 102 nw 177 du6 1077 nw8 652 | 0.38s/it
round  519 | pool  8192 u max  101.95 | best_c52 0 | c52d6 1 nld6 102 nw 177 du6 1079 nw8 653 | 0.38s/it
round  520 | pool  8192 u max  101.95 | best_c52 0 | c52d6 1 nld6 102 nw 177 du6 1081 nw8 654 | 0.38s/it
round  521 | pool  8192 u max  101.95 | best_c52 0 | c52d6 1 nld6 102 nw 178 du6 1086 nw8 656 | 0.38s/it
round  522 | pool  8192 u max  101.95 | best_c52 0 | c52d6 1 nld6 102 nw 178 du6 1087 nw8 657 | 0.38s/it
round  523 | pool  8192 u max  101.95 | best_c52 0 | c52d6 1 nld6 102 nw 178 du6 1091 nw8 658 | 0.38s/it
round  524 | pool  8192 u max  101.95 | best_c52 0 | c52d6 1 nld6 102 nw 178 du6 1094 nw8 659 | 0.38s/it
round  525 | pool  8192 u max  101.95 | best_c52 0 | c52d6 1 nld6 102 nw 178 du6 1095 nw8 659 | 0.38s/it
round  526 | pool  8192 u max  101.95 | best_c52 0 | c52d6 1 nld6 102 nw 178 du6 1097 nw8 660 | 0.38s/it
round  527 | pool  8192 u max  101.95 | best_c52 0 | c52d6 1 nld6 102 nw 178 du6 1100 nw8 662 | 0.38s/it
round  528 | pool  8192 u max  101.95 | best_c52 0 | c52d6 1 nld6 102 nw 178 du6 1102 nw8 663 | 0.38s/it
round  529 | pool  8192 u max  101.95 | best_c52 0 | c52d6 1 nld6 102 nw 178 du6 1104 nw8 665 | 0.38s/it
round  530 | pool  8192 u max  101.95 | best_c52 0 | c52d6 1 nld6 102 nw 178 du6 1105 nw8 665 | 0.38s/it
round  531 | pool  8192 u max  104.00 | best_c52 0 | c52d6 0 nld6 104 nw 178 du6 1108 nw8 666 | 0.38s/it
DONE champ_round=531 wall=203.3s
