init pool 47
round    1 | pool   471 u max  101.95 | best_c52 1 | c52d6 1 nld6 102 nw 49 du6 49 nw8 49 | 0.39s/it
round    2 | pool   893 u max  101.95 | best_c52 1 | c52d6 1 nld6 102 nw 49 du6 51 nw8 51 | 0.40s/it
round    3 | pool  1316 u max  101.95 | best_c52 1 | c52d6 1 nld6 102 nw 50 du6 54 nw8 53 | 0.40s/it
round    4 | pool  1755 u max  101.95 | best_c52 1 | c52d6 1 nld6 102 nw 51 du6 55 nw8 54 | 0.40s/it
round    5 | pool  2192 u max  101.95 | best_c52 1 | c52d6 1 nld6 102 nw 54 du6 60 nw8 59 | 0.40s/it
round    6 | pool  2626 u max  101.95 | best_c52 1 | c52d6 1 nld6 102 nw 55 du6 63 nw8 61 | 0.40s/it
round    7 | pool  3056 u max  101.95 | best_c52 1 | c52d6 1 nld6 102 nw 56 du6 65 nw8 62 | 0.40s/it
round    8 | pool  3480 u max  101.95 | best_c52 1 | c52d6 1 nld6 102 nw 57 du6 67 nw8 64 | 0.40s/it
round    9 | pool  3900 u max  101.95 | best_c52 1 | c52d6 1 nld6 102 nw 60 du6 71 nw8 67 | 0.39s/it
round   10 | pool  4298 u max  101.95 | best_c52 1 | c52d6 1 nld6 102 nw 61 du6 72 nw8 68 | 0.39s/it
round   11 | pool  4738 u max  101.95 | best_c52 1 | c52d6 1 nld6 102 nw 62 du6 74 nw8 70 | 0.39s/it
round   12 | pool  5173 u max  101.95 | best_c52 1 | c52d6 1 nld6 102 nw 63 du6 75 nw8 71 | 0.39s/it
round   13 | pool  5595 u max  101.95 | best_c52 1 | c52d6 1 nld6 102 nw 63 du6 76 nw8 71 | 0.39s/it
round   14 | pool  6007 u max  101.95 | best_c52 1 | c52d6 1 nld6 102 nw 63 du6 76 nw8 71 | 0.39s/it
round   15 | pool  6443 u max  101.95 | best_c52 1 | c52d6 1 nld6 102 nw 63 du6 79 nw8 73 | 0.39s/it
round   16 | pool  6862 u max  101.95 | best_c52 1 | c52d6 1 nld6 102 nw 64 du6 83 nw8 77 | 0.39s/it
round   17 | pool  7270 u max  101.95 | best_c52 1 | c52d6 1 nld6 102 nw 65 du6 87 nw8 79 | 0.39s/it
round   18 | pool  7686 u max  101.95 | best_c52 1 | c52d6 1 nld6 102 nw 66 du6 89 nw8 80 | 0.39s/it
round   19 | pool  8097 u max  101.95 | best_c52 0 | c52d6 1 nld6 102 nw 67 du6 90 nw8 81 | 0.39s/it
round   20 | pool  8192 u max  101.95 | best_c52 0 | c52d6 1 nld6 102 nw 68 du6 91 nw8 82 | 0.39s/it
round   21 | pool  8192 u max  101.95 | best_c52 0 | c52d6 1 nld6 102 nw 70 du6 94 nw8 85 | 0.39s/it
round   22 | pool  8192 u max  101.95 | best_c52 0 | c52d6 1 nld6 102 nw 70 du6 96 nw8 86 | 0.39s/it
round   23 | pool  8192 u max  101.95 | best_c52 0 | c52d6 1 nld6 102 nw 73 du6 102 nw8 91 | 0.39s/it
round   24 | pool  8192 u max  101.95 | best_c52 0 | c52d6 1 nld6 102 nw 74 du6 104 nw8 93 | 0.39s/it
round   25 | pool  8192 u max  101.95 | best_c52 0 | c52d6 1 nld6 102 nw 74 du6 104 nw8 93 | 0.39s/it
round   26 | pool  8192 u max  101.95 | best_c52 0 | c52d6 1 nld6 102 nw 74 du6 105 nw8 94 | 0.39s/it
round   27 | pool  8192 u max  101.95 | best_c52 0 | c52d6 1 nld6 102 nw 75 du6 108 nw8 97 | 0.39s/it
round   28 | pool  8192 u max  101.95 | best_c52 0 | c52d6 1 nld6 102 nw 78 du6 112 nw8 101 | 0.39s/it
round   29 | pool  8192 u max  101.95 | best_c52 0 | c52d6 1 nld6 102 nw 80 du6 115 nw8 104 | 0.39s/it
round   30 | pool  8192 u max  101.95 | best_c52 0 | c52d6 1 nld6 102 nw 80 du6 116 nw8 105 | 0.39s/it
round   31 | pool  8192 u max  101.95 | best_c52 0 | c52d6 1 nld6 102 nw 80 du6 121 nw8 108 | 0.39s/it
round   32 | pool  8192 u max  101.95 | best_c52 0 | c52d6 1 nld6 102 nw 80 du6 122 nw8 108 | 0.39s/it
round   33 | pool  8192 u max  101.95 | best_c52 0 | c52d6 1 nld6 102 nw 80 du6 122 nw8 108 | 0.39s/it
round   34 | pool  8192 u max  101.95 | best_c52 0 | c52d6 1 nld6 102 nw 80 du6 122 nw8 108 | 0.39s/it
round   35 | pool  8192 u max  101.95 | best_c52 0 | c52d6 1 nld6 102 nw 80 du6 124 nw8 108 | 0.39s/it
round   36 | pool  8192 u max  101.95 | best_c52 0 | c52d6 1 nld6 102 nw 80 du6 126 nw8 110 | 0.39s/it
round   37 | pool  8192 u max  101.95 | best_c52 0 | c52d6 1 nld6 102 nw 80 du6 128 nw8 112 | 0.40s/it
round   38 | pool  8192 u max  101.95 | best_c52 0 | c52d6 1 nld6 102 nw 80 du6 132 nw8 116 | 0.40s/it
round   39 | pool  8192 u max  101.95 | best_c52 0 | c52d6 1 nld6 102 nw 82 du6 135 nw8 119 | 0.40s/it
round   40 | pool  8192 u max  101.95 | best_c52 0 | c52d6 1 nld6 102 nw 82 du6 136 nw8 119 | 0.39s/it
round   41 | pool  8192 u max  101.95 | best_c52 0 | c52d6 1 nld6 102 nw 83 du6 141 nw8 122 | 0.39s/it
round   42 | pool  8192 u max  101.95 | best_c52 0 | c52d6 1 nld6 102 nw 84 du6 144 nw8 125 | 0.39s/it
round   43 | pool  8192 u max  101.95 | best_c52 0 | c52d6 1 nld6 102 nw 84 du6 145 nw8 126 | 0.39s/it
round   44 | pool  8192 u max  101.95 | best_c52 0 | c52d6 1 nld6 102 nw 84 du6 145 nw8 126 | 0.39s/it
round   45 | pool  8192 u max  101.95 | best_c52 0 | c52d6 1 nld6 102 nw 84 du6 146 nw8 127 | 0.39s/it
round   46 | pool  8192 u max  101.95 | best_c52 0 | c52d6 1 nld6 102 nw 84 du6 146 nw8 127 | 0.39s/it
round   47 | pool  8192 u max  101.95 | best_c52 0 | c52d6 1 nld6 102 nw 84 du6 146 nw8 127 | 0.39s/it
round   48 | pool  8192 u max  101.95 | best_c52 0 | c52d6 1 nld6 102 nw 85 du6 151 nw8 131 | 0.39s/it
round   49 | pool  8192 u max  101.95 | best_c52 0 | c52d6 1 nld6 102 nw 85 du6 154 nw8 133 | 0.39s/it
round   50 | pool  8192 u max  101.95 | best_c52 0 | c52d6 1 nld6 102 nw 85 du6 155 nw8 134 | 0.39s/it
round   51 | pool  8192 u max  101.95 | best_c52 0 | c52d6 1 nld6 102 nw 85 du6 157 nw8 135 | 0.39s/it
round   52 | pool  8192 u max  101.95 | best_c52 0 | c52d6 1 nld6 102 nw 86 du6 159 nw8 137 | 0.39s/it
round   53 | pool  8192 u max  101.95 | best_c52 0 | c52d6 1 nld6 102 nw 87 du6 161 nw8 139 | 0.39s/it
round   54 | pool  8192 u max  101.95 | best_c52 0 | c52d6 1 nld6 102 nw 87 du6 163 nw8 140 | 0.39s/it
round   55 | pool  8192 u max  101.95 | best_c52 0 | c52d6 1 nld6 102 nw 87 du6 164 nw8 140 | 0.39s/it
round   56 | pool  8192 u max  101.95 | best_c52 0 | c52d6 1 nld6 102 nw 87 du6 167 nw8 143 | 0.39s/it
round   57 | pool  8192 u max  101.95 | best_c52 0 | c52d6 1 nld6 102 nw 87 du6 167 nw8 143 | 0.39s/it
round   58 | pool  8192 u max  101.95 | best_c52 0 | c52d6 1 nld6 102 nw 87 du6 168 nw8 144 | 0.39s/it
round   59 | pool  8192 u max  101.95 | best_c52 0 | c52d6 1 nld6 102 nw 87 du6 172 nw8 148 | 0.39s/it
round   60 | pool  8192 u max  101.95 | best_c52 0 | c52d6 1 nld6 102 nw 89 du6 177 nw8 153 | 0.39s/it
round   61 | pool  8192 u max  101.95 | best_c52 0 | c52d6 1 nld6 102 nw 89 du6 178 nw8 154 | 0.39s/it
round   62 | pool  8192 u max  101.95 | best_c52 0 | c52d6 1 nld6 102 nw 89 du6 178 nw8 154 | 0.39s/it
round   63 | pool  8192 u max  101.95 | best_c52 0 | c52d6 1 nld6 102 nw 90 du6 180 nw8 155 | 0.39s/it
round   64 | pool  8192 u max  101.95 | best_c52 0 | c52d6 1 nld6 102 nw 90 du6 181 nw8 155 | 0.39s/it
round   65 | pool  8192 u max  101.95 | best_c52 0 | c52d6 1 nld6 102 nw 90 du6 182 nw8 155 | 0.39s/it
round   66 | pool  8192 u max  101.95 | best_c52 0 | c52d6 1 nld6 102 nw 91 du6 184 nw8 157 | 0.39s/it
round   67 | pool  8192 u max  101.95 | best_c52 0 | c52d6 1 nld6 102 nw 91 du6 184 nw8 157 | 0.39s/it
round   68 | pool  8192 u max  101.95 | best_c52 0 | c52d6 1 nld6 102 nw 92 du6 188 nw8 161 | 0.39s/it
round   69 | pool  8192 u max  101.95 | best_c52 0 | c52d6 1 nld6 102 nw 92 du6 191 nw8 162 | 0.39s/it
round   70 | pool  8192 u max  101.95 | best_c52 0 | c52d6 1 nld6 102 nw 94 du6 195 nw8 165 | 0.39s/it
round   71 | pool  8192 u max  101.95 | best_c52 0 | c52d6 1 nld6 102 nw 94 du6 196 nw8 166 | 0.39s/it
round   72 | pool  8192 u max  101.95 | best_c52 0 | c52d6 1 nld6 102 nw 94 du6 197 nw8 166 | 0.39s/it
round   73 | pool  8192 u max  101.95 | best_c52 0 | c52d6 1 nld6 102 nw 94 du6 198 nw8 167 | 0.39s/it
round   74 | pool  8192 u max  101.95 | best_c52 0 | c52d6 1 nld6 102 nw 94 du6 201 nw8 168 | 0.39s/it
round   75 | pool  8192 u max  101.95 | best_c52 0 | c52d6 1 nld6 102 nw 94 du6 201 nw8 168 | 0.39s/it
round   76 | pool  8192 u max  101.95 | best_c52 0 | c52d6 1 nld6 102 nw 94 du6 201 nw8 168 | 0.39s/it
round   77 | pool  8192 u max  101.95 | best_c52 0 | c52d6 1 nld6 102 nw 96 du6 205 nw8 170 | 0.39s/it
round   78 | pool  8192 u max  101.95 | best_c52 0 | c52d6 1 nld6 102 nw 96 du6 209 nw8 174 | 0.39s/it
round   79 | pool  8192 u max  101.95 | best_c52 0 | c52d6 1 nld6 102 nw 96 du6 209 nw8 174 | 0.39s/it
round   80 | pool  8192 u max  101.95 | best_c52 0 | c52d6 1 nld6 102 nw 98 du6 212 nw8 177 | 0.39s/it
round   81 | pool  8192 u max  101.95 | best_c52 0 | c52d6 1 nld6 102 nw 98 du6 214 nw8 178 | 0.39s/it
round   82 | pool  8192 u max  101.95 | best_c52 0 | c52d6 1 nld6 102 nw 98 du6 215 nw8 178 | 0.39s/it
round   83 | pool  8192 u max  101.95 | best_c52 0 | c52d6 1 nld6 102 nw 98 du6 217 nw8 180 | 0.39s/it
round   84 | pool  8192 u max  101.95 | best_c52 0 | c52d6 1 nld6 102 nw 98 du6 218 nw8 181 | 0.39s/it
round   85 | pool  8192 u max  101.95 | best_c52 0 | c52d6 1 nld6 102 nw 99 du6 221 nw8 183 | 0.39s/it
round   86 | pool  8192 u max  101.95 | best_c52 0 | c52d6 1 nld6 102 nw 99 du6 222 nw8 183 | 0.39s/it
round   87 | pool  8192 u max  101.95 | best_c52 0 | c52d6 1 nld6 102 nw 100 du6 224 nw8 184 | 0.39s/it
round   88 | pool  8192 u max  101.95 | best_c52 0 | c52d6 1 nld6 102 nw 100 du6 225 nw8 184 | 0.39s/it
round   89 | pool  8192 u max  101.95 | best_c52 0 | c52d6 1 nld6 102 nw 102 du6 229 nw8 187 | 0.39s/it
round   90 | pool  8192 u max  101.95 | best_c52 0 | c52d6 1 nld6 102 nw 102 du6 230 nw8 188 | 0.39s/it
round   91 | pool  8192 u max  101.95 | best_c52 0 | c52d6 1 nld6 102 nw 103 du6 233 nw8 189 | 0.39s/it
round   92 | pool  8192 u max  101.95 | best_c52 0 | c52d6 1 nld6 102 nw 104 du6 239 nw8 193 | 0.39s/it
round   93 | pool  8192 u max  101.95 | best_c52 0 | c52d6 1 nld6 102 nw 104 du6 241 nw8 195 | 0.39s/it
round   94 | pool  8192 u max  101.95 | best_c52 0 | c52d6 1 nld6 102 nw 104 du6 241 nw8 195 | 0.39s/it
round   95 | pool  8192 u max  101.95 | best_c52 0 | c52d6 1 nld6 102 nw 104 du6 246 nw8 198 | 0.39s/it
round   96 | pool  8192 u max  101.95 | best_c52 0 | c52d6 1 nld6 102 nw 104 du6 248 nw8 199 | 0.39s/it
round   97 | pool  8192 u max  101.95 | best_c52 0 | c52d6 1 nld6 102 nw 105 du6 251 nw8 201 | 0.39s/it
round   98 | pool  8192 u max  101.95 | best_c52 0 | c52d6 1 nld6 102 nw 106 du6 252 nw8 202 | 0.39s/it
round   99 | pool  8192 u max  101.95 | best_c52 0 | c52d6 1 nld6 102 nw 106 du6 252 nw8 202 | 0.39s/it
round  100 | pool  8192 u max  101.95 | best_c52 0 | c52d6 1 nld6 102 nw 107 du6 255 nw8 204 | 0.39s/it
round  101 | pool  8192 u max  101.95 | best_c52 0 | c52d6 1 nld6 102 nw 107 du6 256 nw8 205 | 0.39s/it
round  102 | pool  8192 u max  101.95 | best_c52 0 | c52d6 1 nld6 102 nw 107 du6 257 nw8 205 | 0.39s/it
round  103 | pool  8192 u max  101.95 | best_c52 0 | c52d6 1 nld6 102 nw 107 du6 259 nw8 206 | 0.39s/it
round  104 | pool  8192 u max  101.95 | best_c52 0 | c52d6 1 nld6 102 nw 107 du6 260 nw8 206 | 0.39s/it
round  105 | pool  8192 u max  101.95 | best_c52 0 | c52d6 1 nld6 102 nw 107 du6 261 nw8 207 | 0.39s/it
round  106 | pool  8192 u max  101.95 | best_c52 0 | c52d6 1 nld6 102 nw 107 du6 261 nw8 207 | 0.39s/it
round  107 | pool  8192 u max  101.95 | best_c52 0 | c52d6 1 nld6 102 nw 107 du6 267 nw8 209 | 0.39s/it
round  108 | pool  8192 u max  101.95 | best_c52 0 | c52d6 1 nld6 102 nw 107 du6 269 nw8 209 | 0.39s/it
round  109 | pool  8192 u max  101.95 | best_c52 0 | c52d6 1 nld6 102 nw 107 du6 269 nw8 209 | 0.39s/it
round  110 | pool  8192 u max  101.95 | best_c52 0 | c52d6 1 nld6 102 nw 107 du6 271 nw8 210 | 0.39s/it
round  111 | pool  8192 u max  101.95 | best_c52 0 | c52d6 1 nld6 102 nw 107 du6 272 nw8 211 | 0.39s/it
round  112 | pool  8192 u max  101.95 | best_c52 0 | c52d6 1 nld6 102 nw 109 du6 274 nw8 213 | 0.39s/it
round  113 | pool  8192 u max  101.95 | best_c52 0 | c52d6 1 nld6 102 nw 110 du6 277 nw8 216 | 0.39s/it
round  114 | pool  8192 u max  101.95 | best_c52 0 | c52d6 1 nld6 102 nw 110 du6 280 nw8 219 | 0.39s/it
round  115 | pool  8192 u max  101.95 | best_c52 0 | c52d6 1 nld6 102 nw 111 du6 283 nw8 221 | 0.40s/it
round  116 | pool  8192 u max  101.95 | best_c52 0 | c52d6 1 nld6 102 nw 112 du6 286 nw8 222 | 0.40s/it
round  117 | pool  8192 u max  101.95 | best_c52 0 | c52d6 1 nld6 102 nw 112 du6 289 nw8 224 | 0.40s/it
round  118 | pool  8192 u max  101.95 | best_c52 0 | c52d6 1 nld6 102 nw 112 du6 290 nw8 224 | 0.40s/it
round  119 | pool  8192 u max  101.95 | best_c52 0 | c52d6 1 nld6 102 nw 112 du6 293 nw8 226 | 0.40s/it
round  120 | pool  8192 u max  101.95 | best_c52 0 | c52d6 1 nld6 102 nw 112 du6 293 nw8 226 | 0.40s/it
round  121 | pool  8192 u max  101.95 | best_c52 0 | c52d6 1 nld6 102 nw 112 du6 296 nw8 227 | 0.40s/it
round  122 | pool  8192 u max  101.95 | best_c52 0 | c52d6 1 nld6 102 nw 112 du6 296 nw8 227 | 0.40s/it
round  123 | pool  8192 u max  101.95 | best_c52 0 | c52d6 1 nld6 102 nw 112 du6 298 nw8 228 | 0.40s/it
round  124 | pool  8192 u max  101.95 | best_c52 0 | c52d6 1 nld6 102 nw 112 du6 301 nw8 230 | 0.40s/it
round  125 | pool  8192 u max  101.95 | best_c52 0 | c52d6 1 nld6 102 nw 112 du6 302 nw8 230 | 0.40s/it
round  126 | pool  8192 u max  101.95 | best_c52 0 | c52d6 1 nld6 102 nw 112 du6 302 nw8 230 | 0.40s/it
round  127 | pool  8192 u max  101.95 | best_c52 0 | c52d6 1 nld6 102 nw 112 du6 303 nw8 231 | 0.40s/it
round  128 | pool  8192 u max  101.95 | best_c52 0 | c52d6 1 nld6 102 nw 112 du6 303 nw8 231 | 0.40s/it
round  129 | pool  8192 u max  101.95 | best_c52 0 | c52d6 1 nld6 102 nw 113 du6 306 nw8 233 | 0.40s/it
round  130 | pool  8192 u max  101.95 | best_c52 0 | c52d6 1 nld6 102 nw 113 du6 308 nw8 234 | 0.40s/it
round  131 | pool  8192 u max  101.95 | best_c52 0 | c52d6 1 nld6 102 nw 113 du6 310 nw8 235 | 0.40s/it
round  132 | pool  8192 u max  101.95 | best_c52 0 | c52d6 1 nld6 102 nw 113 du6 311 nw8 236 | 0.40s/it
round  133 | pool  8192 u max  101.95 | best_c52 0 | c52d6 1 nld6 102 nw 113 du6 312 nw8 236 | 0.40s/it
round  134 | pool  8192 u max  101.95 | best_c52 0 | c52d6 1 nld6 102 nw 113 du6 313 nw8 236 | 0.40s/it
round  135 | pool  8192 u max  101.95 | best_c52 0 | c52d6 1 nld6 102 nw 113 du6 314 nw8 236 | 0.40s/it
round  136 | pool  8192 u max  101.95 | best_c52 0 | c52d6 1 nld6 102 nw 115 du6 317 nw8 239 | 0.40s/it
round  137 | pool  8192 u max  101.95 | best_c52 0 | c52d6 1 nld6 102 nw 115 du6 318 nw8 240 | 0.40s/it
round  138 | pool  8192 u max  101.95 | best_c52 0 | c52d6 1 nld6 102 nw 116 du6 319 nw8 241 | 0.40s/it
round  139 | pool  8192 u max  101.95 | best_c52 0 | c52d6 1 nld6 102 nw 117 du6 321 nw8 243 | 0.40s/it
round  140 | pool  8192 u max  101.95 | best_c52 0 | c52d6 1 nld6 102 nw 117 du6 321 nw8 243 | 0.40s/it
round  141 | pool  8192 u max  101.95 | best_c52 0 | c52d6 1 nld6 102 nw 117 du6 321 nw8 243 | 0.40s/it
round  142 | pool  8192 u max  101.95 | best_c52 0 | c52d6 1 nld6 102 nw 117 du6 322 nw8 243 | 0.40s/it
round  143 | pool  8192 u max  101.95 | best_c52 0 | c52d6 1 nld6 102 nw 117 du6 325 nw8 245 | 0.40s/it
round  144 | pool  8192 u max  101.95 | best_c52 0 | c52d6 1 nld6 102 nw 117 du6 327 nw8 247 | 0.40s/it
round  145 | pool  8192 u max  101.95 | best_c52 0 | c52d6 1 nld6 102 nw 117 du6 328 nw8 247 | 0.40s/it
round  146 | pool  8192 u max  101.95 | best_c52 0 | c52d6 1 nld6 102 nw 117 du6 329 nw8 248 | 0.40s/it
round  147 | pool  8192 u max  101.95 | best_c52 0 | c52d6 1 nld6 102 nw 118 du6 331 nw8 250 | 0.40s/it
round  148 | pool  8192 u max  101.95 | best_c52 0 | c52d6 1 nld6 102 nw 118 du6 334 nw8 252 | 0.40s/it
round  149 | pool  8192 u max  101.95 | best_c52 0 | c52d6 1 nld6 102 nw 118 du6 335 nw8 253 | 0.40s/it
round  150 | pool  8192 u max  101.95 | best_c52 0 | c52d6 1 nld6 102 nw 118 du6 337 nw8 254 | 0.40s/it
round  151 | pool  8192 u max  101.95 | best_c52 0 | c52d6 1 nld6 102 nw 119 du6 339 nw8 256 | 0.40s/it
round  152 | pool  8192 u max  101.95 | best_c52 0 | c52d6 1 nld6 102 nw 119 du6 339 nw8 256 | 0.40s/it
round  153 | pool  8192 u max  101.95 | best_c52 0 | c52d6 1 nld6 102 nw 119 du6 342 nw8 256 | 0.40s/it
round  154 | pool  8192 u max  101.95 | best_c52 0 | c52d6 1 nld6 102 nw 119 du6 347 nw8 259 | 0.40s/it
round  155 | pool  8192 u max  101.95 | best_c52 0 | c52d6 1 nld6 102 nw 119 du6 348 nw8 259 | 0.40s/it
round  156 | pool  8192 u max  101.95 | best_c52 0 | c52d6 1 nld6 102 nw 119 du6 350 nw8 260 | 0.40s/it
round  157 | pool  8192 u max  101.95 | best_c52 0 | c52d6 1 nld6 102 nw 119 du6 352 nw8 261 | 0.40s/it
round  158 | pool  8192 u max  101.95 | best_c52 0 | c52d6 1 nld6 102 nw 119 du6 352 nw8 261 | 0.40s/it
round  159 | pool  8192 u max  101.95 | best_c52 0 | c52d6 1 nld6 102 nw 119 du6 355 nw8 262 | 0.40s/it
round  160 | pool  8192 u max  101.95 | best_c52 0 | c52d6 1 nld6 102 nw 119 du6 355 nw8 262 | 0.40s/it
round  161 | pool  8192 u max  101.95 | best_c52 0 | c52d6 1 nld6 102 nw 119 du6 356 nw8 262 | 0.40s/it
round  162 | pool  8192 u max  101.95 | best_c52 0 | c52d6 1 nld6 102 nw 119 du6 356 nw8 262 | 0.40s/it
round  163 | pool  8192 u max  101.95 | best_c52 0 | c52d6 1 nld6 102 nw 119 du6 356 nw8 262 | 0.40s/it
round  164 | pool  8192 u max  101.95 | best_c52 0 | c52d6 1 nld6 102 nw 119 du6 357 nw8 262 | 0.40s/it
round  165 | pool  8192 u max  101.95 | best_c52 0 | c52d6 1 nld6 102 nw 119 du6 359 nw8 263 | 0.40s/it
round  166 | pool  8192 u max  101.95 | best_c52 0 | c52d6 1 nld6 102 nw 119 du6 361 nw8 264 | 0.40s/it
round  167 | pool  8192 u max  101.95 | best_c52 0 | c52d6 1 nld6 102 nw 119 du6 361 nw8 264 | 0.40s/it
round  168 | pool  8192 u max  101.95 | best_c52 0 | c52d6 1 nld6 102 nw 119 du6 361 nw8 264 | 0.40s/it
round  169 | pool  8192 u max  101.95 | best_c52 0 | c52d6 1 nld6 102 nw 119 du6 364 nw8 266 | 0.40s/it
round  170 | pool  8192 u max  101.95 | best_c52 0 | c52d6 1 nld6 102 nw 119 du6 364 nw8 266 | 0.40s/it
round  171 | pool  8192 u max  101.95 | best_c52 0 | c52d6 1 nld6 102 nw 119 du6 364 nw8 266 | 0.40s/it
round  172 | pool  8192 u max  101.95 | best_c52 0 | c52d6 1 nld6 102 nw 120 du6 367 nw8 267 | 0.40s/it
round  173 | pool  8192 u max  101.95 | best_c52 0 | c52d6 1 nld6 102 nw 121 du6 369 nw8 269 | 0.40s/it
round  174 | pool  8192 u max  101.95 | best_c52 0 | c52d6 1 nld6 102 nw 121 du6 370 nw8 270 | 0.40s/it
round  175 | pool  8192 u max  101.95 | best_c52 0 | c52d6 1 nld6 102 nw 121 du6 370 nw8 270 | 0.40s/it
round  176 | pool  8192 u max  101.95 | best_c52 0 | c52d6 1 nld6 102 nw 121 du6 370 nw8 270 | 0.40s/it
round  177 | pool  8192 u max  101.95 | best_c52 0 | c52d6 1 nld6 102 nw 121 du6 370 nw8 270 | 0.40s/it
round  178 | pool  8192 u max  101.95 | best_c52 0 | c52d6 1 nld6 102 nw 121 du6 370 nw8 270 | 0.40s/it
round  179 | pool  8192 u max  101.95 | best_c52 0 | c52d6 1 nld6 102 nw 121 du6 370 nw8 270 | 0.40s/it
round  180 | pool  8192 u max  101.95 | best_c52 0 | c52d6 1 nld6 102 nw 121 du6 372 nw8 271 | 0.40s/it
round  181 | pool  8192 u max  101.95 | best_c52 0 | c52d6 1 nld6 102 nw 121 du6 374 nw8 272 | 0.40s/it
round  182 | pool  8192 u max  101.95 | best_c52 0 | c52d6 1 nld6 102 nw 122 du6 377 nw8 274 | 0.40s/it
round  183 | pool  8192 u max  101.95 | best_c52 0 | c52d6 1 nld6 102 nw 122 du6 380 nw8 276 | 0.40s/it
round  184 | pool  8192 u max  101.95 | best_c52 0 | c52d6 1 nld6 102 nw 122 du6 382 nw8 277 | 0.40s/it
round  185 | pool  8192 u max  101.95 | best_c52 0 | c52d6 1 nld6 102 nw 122 du6 384 nw8 278 | 0.40s/it
round  186 | pool  8192 u max  101.95 | best_c52 0 | c52d6 1 nld6 102 nw 122 du6 384 nw8 278 | 0.40s/it
round  187 | pool  8192 u max  101.95 | best_c52 0 | c52d6 1 nld6 102 nw 122 du6 385 nw8 279 | 0.40s/it
round  188 | pool  8192 u max  101.95 | best_c52 0 | c52d6 1 nld6 102 nw 122 du6 387 nw8 280 | 0.40s/it
round  189 | pool  8192 u max  101.95 | best_c52 0 | c52d6 1 nld6 102 nw 123 du6 389 nw8 282 | 0.40s/it
round  190 | pool  8192 u max  101.95 | best_c52 0 | c52d6 1 nld6 102 nw 123 du6 389 nw8 282 | 0.40s/it
round  191 | pool  8192 u max  101.95 | best_c52 0 | c52d6 1 nld6 102 nw 123 du6 390 nw8 282 | 0.40s/it
round  192 | pool  8192 u max  101.95 | best_c52 0 | c52d6 1 nld6 102 nw 123 du6 392 nw8 283 | 0.40s/it
round  193 | pool  8192 u max  101.95 | best_c52 0 | c52d6 1 nld6 102 nw 123 du6 392 nw8 283 | 0.40s/it
round  194 | pool  8192 u max  101.95 | best_c52 0 | c52d6 1 nld6 102 nw 125 du6 395 nw8 286 | 0.40s/it
round  195 | pool  8192 u max  101.95 | best_c52 0 | c52d6 1 nld6 102 nw 125 du6 397 nw8 287 | 0.40s/it
round  196 | pool  8192 u max  101.95 | best_c52 0 | c52d6 1 nld6 102 nw 126 du6 400 nw8 288 | 0.40s/it
round  197 | pool  8192 u max  101.95 | best_c52 0 | c52d6 1 nld6 102 nw 127 du6 401 nw8 289 | 0.40s/it
round  198 | pool  8192 u max  101.95 | best_c52 0 | c52d6 1 nld6 102 nw 127 du6 403 nw8 290 | 0.40s/it
round  199 | pool  8192 u max  101.95 | best_c52 0 | c52d6 1 nld6 102 nw 127 du6 404 nw8 291 | 0.40s/it
round  200 | pool  8192 u max  101.95 | best_c52 0 | c52d6 1 nld6 102 nw 127 du6 405 nw8 292 | 0.40s/it
round  201 | pool  8192 u max  101.95 | best_c52 0 | c52d6 1 nld6 102 nw 127 du6 406 nw8 292 | 0.40s/it
round  202 | pool  8192 u max  101.95 | best_c52 0 | c52d6 1 nld6 102 nw 127 du6 407 nw8 292 | 0.40s/it
round  203 | pool  8192 u max  101.95 | best_c52 0 | c52d6 1 nld6 102 nw 127 du6 409 nw8 294 | 0.40s/it
round  204 | pool  8192 u max  101.95 | best_c52 0 | c52d6 1 nld6 102 nw 127 du6 409 nw8 294 | 0.40s/it
round  205 | pool  8192 u max  101.95 | best_c52 0 | c52d6 1 nld6 102 nw 128 du6 412 nw8 296 | 0.40s/it
round  206 | pool  8192 u max  101.95 | best_c52 0 | c52d6 1 nld6 102 nw 128 du6 413 nw8 297 | 0.40s/it
round  207 | pool  8192 u max  101.95 | best_c52 0 | c52d6 1 nld6 102 nw 129 du6 416 nw8 299 | 0.40s/it
round  208 | pool  8192 u max  101.95 | best_c52 0 | c52d6 1 nld6 102 nw 129 du6 417 nw8 300 | 0.40s/it
round  209 | pool  8192 u max  101.95 | best_c52 0 | c52d6 1 nld6 102 nw 129 du6 421 nw8 301 | 0.40s/it
round  210 | pool  8192 u max  101.95 | best_c52 0 | c52d6 1 nld6 102 nw 129 du6 421 nw8 301 | 0.40s/it
round  211 | pool  8192 u max  101.95 | best_c52 0 | c52d6 1 nld6 102 nw 129 du6 422 nw8 302 | 0.40s/it
round  212 | pool  8192 u max  101.95 | best_c52 0 | c52d6 1 nld6 102 nw 129 du6 423 nw8 302 | 0.40s/it
round  213 | pool  8192 u max  101.95 | best_c52 0 | c52d6 1 nld6 102 nw 129 du6 425 nw8 303 | 0.40s/it
round  214 | pool  8192 u max  101.95 | best_c52 0 | c52d6 1 nld6 102 nw 129 du6 427 nw8 304 | 0.40s/it
round  215 | pool  8192 u max  101.95 | best_c52 0 | c52d6 1 nld6 102 nw 129 du6 428 nw8 305 | 0.40s/it
round  216 | pool  8192 u max  101.95 | best_c52 0 | c52d6 1 nld6 102 nw 129 du6 429 nw8 306 | 0.40s/it
round  217 | pool  8192 u max  101.95 | best_c52 0 | c52d6 1 nld6 102 nw 129 du6 434 nw8 308 | 0.40s/it
round  218 | pool  8192 u max  101.95 | best_c52 0 | c52d6 1 nld6 102 nw 129 du6 435 nw8 309 | 0.40s/it
round  219 | pool  8192 u max  101.95 | best_c52 0 | c52d6 1 nld6 102 nw 129 du6 437 nw8 310 | 0.40s/it
round  220 | pool  8192 u max  101.95 | best_c52 0 | c52d6 1 nld6 102 nw 129 du6 440 nw8 310 | 0.40s/it
round  221 | pool  8192 u max  101.95 | best_c52 0 | c52d6 1 nld6 102 nw 129 du6 441 nw8 311 | 0.40s/it
round  222 | pool  8192 u max  101.95 | best_c52 0 | c52d6 1 nld6 102 nw 130 du6 443 nw8 313 | 0.40s/it
round  223 | pool  8192 u max  101.95 | best_c52 0 | c52d6 1 nld6 102 nw 130 du6 443 nw8 313 | 0.40s/it
round  224 | pool  8192 u max  101.95 | best_c52 0 | c52d6 1 nld6 102 nw 130 du6 443 nw8 313 | 0.40s/it
round  225 | pool  8192 u max  101.95 | best_c52 0 | c52d6 1 nld6 102 nw 130 du6 444 nw8 313 | 0.40s/it
round  226 | pool  8192 u max  101.95 | best_c52 0 | c52d6 1 nld6 102 nw 130 du6 446 nw8 315 | 0.40s/it
round  227 | pool  8192 u max  101.95 | best_c52 0 | c52d6 1 nld6 102 nw 130 du6 446 nw8 315 | 0.40s/it
round  228 | pool  8192 u max  101.95 | best_c52 0 | c52d6 1 nld6 102 nw 130 du6 447 nw8 316 | 0.40s/it
round  229 | pool  8192 u max  101.95 | best_c52 0 | c52d6 1 nld6 102 nw 130 du6 450 nw8 318 | 0.40s/it
round  230 | pool  8192 u max  101.95 | best_c52 0 | c52d6 1 nld6 102 nw 130 du6 452 nw8 319 | 0.40s/it
round  231 | pool  8192 u max  101.95 | best_c52 0 | c52d6 1 nld6 102 nw 130 du6 454 nw8 319 | 0.40s/it
round  232 | pool  8192 u max  101.95 | best_c52 0 | c52d6 1 nld6 102 nw 130 du6 455 nw8 319 | 0.40s/it
round  233 | pool  8192 u max  101.95 | best_c52 0 | c52d6 1 nld6 102 nw 130 du6 458 nw8 321 | 0.40s/it
round  234 | pool  8192 u max  101.95 | best_c52 0 | c52d6 1 nld6 102 nw 130 du6 460 nw8 323 | 0.40s/it
round  235 | pool  8192 u max  101.95 | best_c52 0 | c52d6 1 nld6 102 nw 130 du6 461 nw8 323 | 0.40s/it
round  236 | pool  8192 u max  101.95 | best_c52 0 | c52d6 1 nld6 102 nw 131 du6 464 nw8 326 | 0.40s/it
round  237 | pool  8192 u max  101.95 | best_c52 0 | c52d6 1 nld6 102 nw 131 du6 467 nw8 328 | 0.40s/it
round  238 | pool  8192 u max  101.95 | best_c52 0 | c52d6 1 nld6 102 nw 131 du6 468 nw8 329 | 0.40s/it
round  239 | pool  8192 u max  101.95 | best_c52 0 | c52d6 1 nld6 102 nw 131 du6 471 nw8 332 | 0.40s/it
round  240 | pool  8192 u max  101.95 | best_c52 0 | c52d6 1 nld6 102 nw 132 du6 475 nw8 335 | 0.40s/it
round  241 | pool  8192 u max  101.95 | best_c52 0 | c52d6 1 nld6 102 nw 132 du6 478 nw8 338 | 0.40s/it
round  242 | pool  8192 u max  101.95 | best_c52 0 | c52d6 1 nld6 102 nw 133 du6 482 nw8 341 | 0.40s/it
round  243 | pool  8192 u max  101.95 | best_c52 0 | c52d6 1 nld6 102 nw 133 du6 484 nw8 343 | 0.40s/it
round  244 | pool  8192 u max  101.95 | best_c52 0 | c52d6 1 nld6 102 nw 133 du6 484 nw8 343 | 0.40s/it
round  245 | pool  8192 u max  101.95 | best_c52 0 | c52d6 1 nld6 102 nw 133 du6 487 nw8 346 | 0.40s/it
round  246 | pool  8192 u max  101.95 | best_c52 0 | c52d6 1 nld6 102 nw 134 du6 489 nw8 347 | 0.40s/it
round  247 | pool  8192 u max  101.95 | best_c52 0 | c52d6 1 nld6 102 nw 134 du6 491 nw8 348 | 0.40s/it
round  248 | pool  8192 u max  101.95 | best_c52 0 | c52d6 1 nld6 102 nw 134 du6 495 nw8 349 | 0.40s/it
round  249 | pool  8192 u max  101.95 | best_c52 0 | c52d6 1 nld6 102 nw 134 du6 495 nw8 349 | 0.40s/it
round  250 | pool  8192 u max  101.95 | best_c52 0 | c52d6 1 nld6 102 nw 135 du6 497 nw8 351 | 0.40s/it
round  251 | pool  8192 u max  101.95 | best_c52 0 | c52d6 1 nld6 102 nw 135 du6 499 nw8 352 | 0.40s/it
round  252 | pool  8192 u max  101.95 | best_c52 0 | c52d6 1 nld6 102 nw 135 du6 500 nw8 353 | 0.40s/it
round  253 | pool  8192 u max  101.95 | best_c52 0 | c52d6 1 nld6 102 nw 135 du6 501 nw8 354 | 0.40s/it
round  254 | pool  8192 u max  101.95 | best_c52 0 | c52d6 1 nld6 102 nw 135 du6 502 nw8 354 | 0.40s/it
round  255 | pool  8192 u max  101.95 | best_c52 0 | c52d6 1 nld6 102 nw 135 du6 502 nw8 354 | 0.40s/it
round  256 | pool  8192 u max  101.95 | best_c52 0 | c52d6 1 nld6 102 nw 136 du6 505 nw8 355 | 0.40s/it
round  257 | pool  8192 u max  101.95 | best_c52 0 | c52d6 1 nld6 102 nw 137 du6 509 nw8 359 | 0.40s/it
round  258 | pool  8192 u max  101.95 | best_c52 0 | c52d6 1 nld6 102 nw 137 du6 510 nw8 359 | 0.40s/it
round  259 | pool  8192 u max  101.95 | best_c52 0 | c52d6 1 nld6 102 nw 137 du6 511 nw8 359 | 0.40s/it
round  260 | pool  8192 u max  101.95 | best_c52 0 | c52d6 1 nld6 102 nw 137 du6 513 nw8 359 | 0.40s/it
round  261 | pool  8192 u max  101.95 | best_c52 0 | c52d6 1 nld6 102 nw 137 du6 515 nw8 359 | 0.40s/it
round  262 | pool  8192 u max  101.95 | best_c52 0 | c52d6 1 nld6 102 nw 138 du6 516 nw8 360 | 0.40s/it
round  263 | pool  8192 u max  101.95 | best_c52 0 | c52d6 1 nld6 102 nw 138 du6 519 nw8 363 | 0.40s/it
round  264 | pool  8192 u max  101.95 | best_c52 0 | c52d6 1 nld6 102 nw 138 du6 519 nw8 363 | 0.40s/it
round  265 | pool  8192 u max  101.95 | best_c52 0 | c52d6 1 nld6 102 nw 138 du6 519 nw8 363 | 0.40s/it
round  266 | pool  8192 u max  101.95 | best_c52 0 | c52d6 1 nld6 102 nw 138 du6 521 nw8 364 | 0.40s/it
round  267 | pool  8192 u max  101.95 | best_c52 0 | c52d6 1 nld6 102 nw 138 du6 529 nw8 370 | 0.40s/it
round  268 | pool  8192 u max  101.95 | best_c52 0 | c52d6 1 nld6 102 nw 138 du6 530 nw8 371 | 0.40s/it
round  269 | pool  8192 u max  101.95 | best_c52 0 | c52d6 1 nld6 102 nw 138 du6 532 nw8 371 | 0.40s/it
round  270 | pool  8192 u max  101.95 | best_c52 0 | c52d6 1 nld6 102 nw 138 du6 534 nw8 373 | 0.40s/it
round  271 | pool  8192 u max  101.95 | best_c52 0 | c52d6 1 nld6 102 nw 138 du6 535 nw8 374 | 0.40s/it
round  272 | pool  8192 u max  101.95 | best_c52 0 | c52d6 1 nld6 102 nw 138 du6 535 nw8 374 | 0.40s/it
round  273 | pool  8192 u max  101.95 | best_c52 0 | c52d6 1 nld6 102 nw 138 du6 536 nw8 375 | 0.40s/it
round  274 | pool  8192 u max  101.95 | best_c52 0 | c52d6 1 nld6 102 nw 138 du6 536 nw8 375 | 0.40s/it
round  275 | pool  8192 u max  101.95 | best_c52 0 | c52d6 1 nld6 102 nw 138 du6 536 nw8 375 | 0.40s/it
round  276 | pool  8192 u max  101.95 | best_c52 0 | c52d6 1 nld6 102 nw 140 du6 539 nw8 377 | 0.40s/it
round  277 | pool  8192 u max  101.95 | best_c52 0 | c52d6 1 nld6 102 nw 140 du6 541 nw8 379 | 0.40s/it
round  278 | pool  8192 u max  101.95 | best_c52 0 | c52d6 1 nld6 102 nw 141 du6 545 nw8 381 | 0.40s/it
round  279 | pool  8192 u max  101.95 | best_c52 0 | c52d6 1 nld6 102 nw 141 du6 548 nw8 383 | 0.40s/it
round  280 | pool  8192 u max  101.95 | best_c52 0 | c52d6 1 nld6 102 nw 141 du6 551 nw8 383 | 0.40s/it
round  281 | pool  8192 u max  101.95 | best_c52 0 | c52d6 1 nld6 102 nw 142 du6 555 nw8 385 | 0.40s/it
round  282 | pool  8192 u max  101.95 | best_c52 0 | c52d6 1 nld6 102 nw 142 du6 560 nw8 387 | 0.40s/it
round  283 | pool  8192 u max  101.95 | best_c52 0 | c52d6 1 nld6 102 nw 142 du6 561 nw8 388 | 0.40s/it
round  284 | pool  8192 u max  101.95 | best_c52 0 | c52d6 1 nld6 102 nw 142 du6 563 nw8 390 | 0.40s/it
round  285 | pool  8192 u max  101.95 | best_c52 0 | c52d6 1 nld6 102 nw 142 du6 564 nw8 391 | 0.40s/it
round  286 | pool  8192 u max  101.95 | best_c52 0 | c52d6 1 nld6 102 nw 143 du6 569 nw8 393 | 0.40s/it
round  287 | pool  8192 u max  101.95 | best_c52 0 | c52d6 1 nld6 102 nw 144 du6 572 nw8 395 | 0.40s/it
round  288 | pool  8192 u max  101.95 | best_c52 0 | c52d6 1 nld6 102 nw 144 du6 572 nw8 395 | 0.40s/it
round  289 | pool  8192 u max  101.95 | best_c52 0 | c52d6 1 nld6 102 nw 144 du6 573 nw8 396 | 0.40s/it
round  290 | pool  8192 u max  101.95 | best_c52 0 | c52d6 1 nld6 102 nw 145 du6 578 nw8 399 | 0.40s/it
round  291 | pool  8192 u max  101.95 | best_c52 0 | c52d6 1 nld6 102 nw 145 du6 580 nw8 399 | 0.40s/it
round  292 | pool  8192 u max  101.95 | best_c52 0 | c52d6 1 nld6 102 nw 146 du6 581 nw8 400 | 0.40s/it
round  293 | pool  8192 u max  101.95 | best_c52 0 | c52d6 1 nld6 102 nw 146 du6 584 nw8 401 | 0.40s/it
round  294 | pool  8192 u max  101.95 | best_c52 0 | c52d6 1 nld6 102 nw 146 du6 585 nw8 401 | 0.40s/it
round  295 | pool  8192 u max  104.00 | best_c52 0 | c52d6 0 nld6 104 nw 147 du6 588 nw8 402 | 0.40s/it
DONE champ_round=295 wall=117.3s
