init pool 47
round    1 | pool   481 u max  101.95 | best_c52 1 | c52d6 1 nld6 102 nw 50 du6 50 nw8 50 | 0.36s/it
round    2 | pool   902 u max  101.95 | best_c52 1 | c52d6 1 nld6 102 nw 52 du6 53 nw8 53 | 0.36s/it
round    3 | pool  1335 u max  101.95 | best_c52 1 | c52d6 1 nld6 102 nw 53 du6 54 nw8 54 | 0.36s/it
round    4 | pool  1772 u max  101.95 | best_c52 1 | c52d6 1 nld6 102 nw 54 du6 56 nw8 56 | 0.36s/it
round    5 | pool  2211 u max  101.95 | best_c52 1 | c52d6 1 nld6 102 nw 56 du6 59 nw8 59 | 0.36s/it
round    6 | pool  2642 u max  101.95 | best_c52 0 | c52d6 1 nld6 102 nw 57 du6 62 nw8 61 | 0.37s/it
round    7 | pool  3061 u max  101.95 | best_c52 0 | c52d6 1 nld6 102 nw 57 du6 62 nw8 61 | 0.36s/it
round    8 | pool  3477 u max  101.95 | best_c52 0 | c52d6 1 nld6 102 nw 59 du6 64 nw8 63 | 0.36s/it
round    9 | pool  3899 u max  101.95 | best_c52 0 | c52d6 1 nld6 102 nw 61 du6 67 nw8 66 | 0.37s/it
round   10 | pool  4316 u max  101.95 | best_c52 0 | c52d6 1 nld6 102 nw 63 du6 70 nw8 69 | 0.37s/it
round   11 | pool  4711 u max  101.95 | best_c52 0 | c52d6 1 nld6 102 nw 63 du6 70 nw8 69 | 0.37s/it
round   12 | pool  5128 u max  101.95 | best_c52 0 | c52d6 1 nld6 102 nw 64 du6 72 nw8 71 | 0.37s/it
round   13 | pool  5551 u max  101.95 | best_c52 0 | c52d6 1 nld6 102 nw 65 du6 73 nw8 72 | 0.37s/it
round   14 | pool  5964 u max  101.95 | best_c52 0 | c52d6 1 nld6 102 nw 66 du6 74 nw8 73 | 0.37s/it
round   15 | pool  6379 u max  101.95 | best_c52 0 | c52d6 1 nld6 102 nw 67 du6 75 nw8 74 | 0.37s/it
round   16 | pool  6781 u max  101.95 | best_c52 0 | c52d6 1 nld6 102 nw 67 du6 76 nw8 75 | 0.37s/it
round   17 | pool  7207 u max  101.95 | best_c52 0 | c52d6 1 nld6 102 nw 68 du6 78 nw8 77 | 0.37s/it
round   18 | pool  7616 u max  101.95 | best_c52 0 | c52d6 1 nld6 102 nw 69 du6 82 nw8 81 | 0.37s/it
round   19 | pool  8042 u max  101.95 | best_c52 0 | c52d6 1 nld6 102 nw 70 du6 85 nw8 84 | 0.37s/it
round   20 | pool  8192 u max  101.95 | best_c52 0 | c52d6 1 nld6 102 nw 71 du6 87 nw8 85 | 0.37s/it
round   21 | pool  8192 u max  101.95 | best_c52 0 | c52d6 1 nld6 102 nw 72 du6 90 nw8 88 | 0.37s/it
round   22 | pool  8192 u max  101.95 | best_c52 0 | c52d6 1 nld6 102 nw 73 du6 92 nw8 90 | 0.37s/it
round   23 | pool  8192 u max  101.95 | best_c52 0 | c52d6 1 nld6 102 nw 73 du6 93 nw8 90 | 0.37s/it
round   24 | pool  8192 u max  101.95 | best_c52 0 | c52d6 1 nld6 102 nw 73 du6 97 nw8 94 | 0.37s/it
round   25 | pool  8192 u max  101.95 | best_c52 0 | c52d6 1 nld6 102 nw 74 du6 101 nw8 98 | 0.37s/it
round   26 | pool  8192 u max  101.95 | best_c52 0 | c52d6 1 nld6 102 nw 74 du6 102 nw8 99 | 0.37s/it
round   27 | pool  8192 u max  101.95 | best_c52 0 | c52d6 1 nld6 102 nw 74 du6 103 nw8 100 | 0.38s/it
round   28 | pool  8192 u max  101.95 | best_c52 0 | c52d6 1 nld6 102 nw 74 du6 104 nw8 100 | 0.38s/it
round   29 | pool  8192 u max  101.95 | best_c52 0 | c52d6 1 nld6 102 nw 76 du6 108 nw8 102 | 0.38s/it
round   30 | pool  8192 u max  101.95 | best_c52 0 | c52d6 1 nld6 102 nw 76 du6 109 nw8 103 | 0.38s/it
round   31 | pool  8192 u max  101.95 | best_c52 0 | c52d6 1 nld6 102 nw 77 du6 110 nw8 104 | 0.38s/it
round   32 | pool  8192 u max  101.95 | best_c52 0 | c52d6 1 nld6 102 nw 77 du6 111 nw8 105 | 0.38s/it
round   33 | pool  8192 u max  101.95 | best_c52 0 | c52d6 1 nld6 102 nw 78 du6 113 nw8 107 | 0.38s/it
round   34 | pool  8192 u max  101.95 | best_c52 0 | c52d6 1 nld6 102 nw 78 du6 113 nw8 107 | 0.38s/it
round   35 | pool  8192 u max  101.95 | best_c52 0 | c52d6 1 nld6 102 nw 79 du6 115 nw8 109 | 0.38s/it
round   36 | pool  8192 u max  101.95 | best_c52 0 | c52d6 1 nld6 102 nw 79 du6 119 nw8 112 | 0.38s/it
round   37 | pool  8192 u max  101.95 | best_c52 0 | c52d6 1 nld6 102 nw 79 du6 119 nw8 112 | 0.38s/it
round   38 | pool  8192 u max  101.95 | best_c52 0 | c52d6 1 nld6 102 nw 79 du6 120 nw8 112 | 0.38s/it
round   39 | pool  8192 u max  101.95 | best_c52 0 | c52d6 1 nld6 102 nw 80 du6 123 nw8 115 | 0.38s/it
round   40 | pool  8192 u max  101.95 | best_c52 0 | c52d6 1 nld6 102 nw 80 du6 123 nw8 115 | 0.38s/it
round   41 | pool  8192 u max  101.95 | best_c52 0 | c52d6 1 nld6 102 nw 81 du6 126 nw8 118 | 0.38s/it
round   42 | pool  8192 u max  101.95 | best_c52 0 | c52d6 1 nld6 102 nw 81 du6 126 nw8 118 | 0.38s/it
round   43 | pool  8192 u max  101.95 | best_c52 0 | c52d6 1 nld6 102 nw 81 du6 130 nw8 122 | 0.38s/it
round   44 | pool  8192 u max  101.95 | best_c52 0 | c52d6 1 nld6 102 nw 81 du6 131 nw8 123 | 0.38s/it
round   45 | pool  8192 u max  101.95 | best_c52 0 | c52d6 1 nld6 102 nw 81 du6 132 nw8 123 | 0.38s/it
round   46 | pool  8192 u max  101.95 | best_c52 0 | c52d6 1 nld6 102 nw 81 du6 135 nw8 126 | 0.38s/it
round   47 | pool  8192 u max  101.95 | best_c52 0 | c52d6 1 nld6 102 nw 81 du6 135 nw8 126 | 0.38s/it
round   48 | pool  8192 u max  101.95 | best_c52 0 | c52d6 1 nld6 102 nw 81 du6 138 nw8 129 | 0.38s/it
round   49 | pool  8192 u max  101.95 | best_c52 0 | c52d6 1 nld6 102 nw 83 du6 142 nw8 132 | 0.38s/it
round   50 | pool  8192 u max  101.95 | best_c52 0 | c52d6 1 nld6 102 nw 83 du6 142 nw8 132 | 0.38s/it
round   51 | pool  8192 u max  101.95 | best_c52 0 | c52d6 1 nld6 102 nw 83 du6 143 nw8 133 | 0.38s/it
round   52 | pool  8192 u max  101.95 | best_c52 0 | c52d6 1 nld6 102 nw 83 du6 144 nw8 134 | 0.38s/it
round   53 | pool  8192 u max  101.95 | best_c52 0 | c52d6 1 nld6 102 nw 83 du6 145 nw8 135 | 0.38s/it
round   54 | pool  8192 u max  101.95 | best_c52 0 | c52d6 1 nld6 102 nw 83 du6 146 nw8 136 | 0.38s/it
round   55 | pool  8192 u max  104.00 | best_c52 0 | c52d6 0 nld6 104 nw 83 du6 149 nw8 137 | 0.38s/it
DONE champ_round=55 wall=20.9s
