init pool 47
round    1 | pool   481 u max  101.95 | best_c52 1 | c52d6 1 nld6 102 nw 48 du6 49 nw8 49 | 0.36s/it
round    2 | pool   916 u max  101.95 | best_c52 1 | c52d6 1 nld6 102 nw 49 du6 52 nw8 51 | 0.37s/it
round    3 | pool  1344 u max  101.95 | best_c52 1 | c52d6 1 nld6 102 nw 49 du6 54 nw8 52 | 0.37s/it
round    4 | pool  1779 u max  101.95 | best_c52 1 | c52d6 1 nld6 102 nw 51 du6 58 nw8 56 | 0.37s/it
round    5 | pool  2197 u max  101.95 | best_c52 1 | c52d6 1 nld6 102 nw 52 du6 60 nw8 58 | 0.37s/it
round    6 | pool  2633 u max  101.95 | best_c52 1 | c52d6 1 nld6 102 nw 52 du6 60 nw8 58 | 0.37s/it
round    7 | pool  3070 u max  101.95 | best_c52 1 | c52d6 1 nld6 102 nw 52 du6 63 nw8 60 | 0.37s/it
round    8 | pool  3489 u max  101.95 | best_c52 1 | c52d6 1 nld6 102 nw 52 du6 64 nw8 60 | 0.37s/it
round    9 | pool  3895 u max  101.95 | best_c52 1 | c52d6 1 nld6 102 nw 52 du6 64 nw8 60 | 0.37s/it
round   10 | pool  4331 u max  101.95 | best_c52 1 | c52d6 1 nld6 102 nw 52 du6 64 nw8 60 | 0.37s/it
round   11 | pool  4743 u max  101.95 | best_c52 1 | c52d6 1 nld6 102 nw 53 du6 69 nw8 65 | 0.38s/it
round   12 | pool  5145 u max  101.95 | best_c52 1 | c52d6 1 nld6 102 nw 54 du6 72 nw8 67 | 0.38s/it
round   13 | pool  5557 u max  101.95 | best_c52 1 | c52d6 1 nld6 102 nw 55 du6 75 nw8 69 | 0.38s/it
round   14 | pool  5972 u max  101.95 | best_c52 1 | c52d6 1 nld6 102 nw 55 du6 75 nw8 69 | 0.38s/it
round   15 | pool  6393 u max  101.95 | best_c52 1 | c52d6 1 nld6 102 nw 55 du6 78 nw8 71 | 0.38s/it
round   16 | pool  6822 u max  101.95 | best_c52 1 | c52d6 1 nld6 102 nw 55 du6 82 nw8 74 | 0.38s/it
round   17 | pool  7235 u max  101.95 | best_c52 1 | c52d6 1 nld6 102 nw 56 du6 85 nw8 76 | 0.38s/it
round   18 | pool  7647 u max  101.95 | best_c52 1 | c52d6 1 nld6 102 nw 57 du6 89 nw8 78 | 0.38s/it
round   19 | pool  8070 u max  101.95 | best_c52 1 | c52d6 1 nld6 102 nw 57 du6 89 nw8 78 | 0.38s/it
round   20 | pool  8192 u max  101.95 | best_c52 1 | c52d6 1 nld6 102 nw 57 du6 89 nw8 78 | 0.38s/it
round   21 | pool  8192 u max  101.95 | best_c52 1 | c52d6 1 nld6 102 nw 57 du6 91 nw8 79 | 0.38s/it
round   22 | pool  8192 u max  101.95 | best_c52 1 | c52d6 1 nld6 102 nw 58 du6 94 nw8 82 | 0.38s/it
round   23 | pool  8192 u max  101.95 | best_c52 1 | c52d6 1 nld6 102 nw 58 du6 95 nw8 82 | 0.38s/it
round   24 | pool  8192 u max  101.95 | best_c52 1 | c52d6 1 nld6 102 nw 60 du6 99 nw8 86 | 0.38s/it
round   25 | pool  8192 u max  101.95 | best_c52 1 | c52d6 1 nld6 102 nw 61 du6 104 nw8 91 | 0.38s/it
round   26 | pool  8192 u max  101.95 | best_c52 1 | c52d6 1 nld6 102 nw 61 du6 105 nw8 92 | 0.38s/it
round   27 | pool  8192 u max  101.95 | best_c52 1 | c52d6 1 nld6 102 nw 61 du6 107 nw8 94 | 0.38s/it
round   28 | pool  8192 u max  101.95 | best_c52 1 | c52d6 1 nld6 102 nw 61 du6 108 nw8 94 | 0.38s/it
round   29 | pool  8192 u max  101.95 | best_c52 1 | c52d6 1 nld6 102 nw 63 du6 111 nw8 96 | 0.38s/it
round   30 | pool  8192 u max  101.95 | best_c52 1 | c52d6 1 nld6 102 nw 64 du6 114 nw8 99 | 0.38s/it
round   31 | pool  8192 u max  101.95 | best_c52 1 | c52d6 1 nld6 102 nw 65 du6 115 nw8 100 | 0.38s/it
round   32 | pool  8192 u max  101.95 | best_c52 0 | c52d6 1 nld6 102 nw 65 du6 115 nw8 100 | 0.38s/it
round   33 | pool  8192 u max  101.95 | best_c52 0 | c52d6 1 nld6 102 nw 66 du6 118 nw8 102 | 0.38s/it
round   34 | pool  8192 u max  101.95 | best_c52 0 | c52d6 1 nld6 102 nw 66 du6 119 nw8 103 | 0.38s/it
round   35 | pool  8192 u max  101.95 | best_c52 0 | c52d6 1 nld6 102 nw 66 du6 119 nw8 103 | 0.38s/it
round   36 | pool  8192 u max  101.95 | best_c52 0 | c52d6 1 nld6 102 nw 66 du6 120 nw8 104 | 0.38s/it
round   37 | pool  8192 u max  101.95 | best_c52 0 | c52d6 1 nld6 102 nw 67 du6 122 nw8 106 | 0.38s/it
round   38 | pool  8192 u max  101.95 | best_c52 0 | c52d6 1 nld6 102 nw 68 du6 123 nw8 107 | 0.38s/it
round   39 | pool  8192 u max  101.95 | best_c52 0 | c52d6 1 nld6 102 nw 69 du6 128 nw8 110 | 0.38s/it
round   40 | pool  8192 u max  101.95 | best_c52 0 | c52d6 1 nld6 102 nw 69 du6 128 nw8 110 | 0.38s/it
round   41 | pool  8192 u max  101.95 | best_c52 0 | c52d6 1 nld6 102 nw 69 du6 128 nw8 110 | 0.38s/it
round   42 | pool  8192 u max  101.95 | best_c52 0 | c52d6 1 nld6 102 nw 69 du6 129 nw8 111 | 0.38s/it
round   43 | pool  8192 u max  101.95 | best_c52 0 | c52d6 1 nld6 102 nw 70 du6 131 nw8 112 | 0.38s/it
round   44 | pool  8192 u max  101.95 | best_c52 0 | c52d6 1 nld6 102 nw 70 du6 135 nw8 114 | 0.38s/it
round   45 | pool  8192 u max  101.95 | best_c52 0 | c52d6 1 nld6 102 nw 70 du6 138 nw8 115 | 0.38s/it
round   46 | pool  8192 u max  101.95 | best_c52 0 | c52d6 1 nld6 102 nw 70 du6 138 nw8 115 | 0.38s/it
round   47 | pool  8192 u max  101.95 | best_c52 0 | c52d6 1 nld6 102 nw 70 du6 139 nw8 116 | 0.38s/it
round   48 | pool  8192 u max  101.95 | best_c52 0 | c52d6 1 nld6 102 nw 71 du6 140 nw8 117 | 0.38s/it
round   49 | pool  8192 u max  101.95 | best_c52 0 | c52d6 1 nld6 102 nw 72 du6 143 nw8 119 | 0.38s/it
round   50 | pool  8192 u max  101.95 | best_c52 0 | c52d6 1 nld6 102 nw 74 du6 146 nw8 122 | 0.38s/it
round   51 | pool  8192 u max  101.95 | best_c52 0 | c52d6 1 nld6 102 nw 74 du6 149 nw8 125 | 0.38s/it
round   52 | pool  8192 u max  101.95 | best_c52 0 | c52d6 1 nld6 102 nw 74 du6 150 nw8 126 | 0.38s/it
round   53 | pool  8192 u max  101.95 | best_c52 0 | c52d6 1 nld6 102 nw 74 du6 150 nw8 126 | 0.38s/it
round   54 | pool  8192 u max  101.95 | best_c52 0 | c52d6 1 nld6 102 nw 75 du6 152 nw8 128 | 0.38s/it
round   55 | pool  8192 u max  101.95 | best_c52 0 | c52d6 1 nld6 102 nw 75 du6 153 nw8 129 | 0.38s/it
round   56 | pool  8192 u max  101.95 | best_c52 0 | c52d6 1 nld6 102 nw 75 du6 155 nw8 130 | 0.38s/it
round   57 | pool  8192 u max  101.95 | best_c52 0 | c52d6 1 nld6 102 nw 77 du6 158 nw8 133 | 0.38s/it
round   58 | pool  8192 u max  101.95 | best_c52 0 | c52d6 1 nld6 102 nw 77 du6 159 nw8 133 | 0.38s/it
round   59 | pool  8192 u max  101.95 | best_c52 0 | c52d6 1 nld6 102 nw 77 du6 160 nw8 134 | 0.38s/it
round   60 | pool  8192 u max  101.95 | best_c52 0 | c52d6 1 nld6 102 nw 77 du6 160 nw8 134 | 0.38s/it
round   61 | pool  8192 u max  101.95 | best_c52 0 | c52d6 1 nld6 102 nw 78 du6 162 nw8 136 | 0.38s/it
round   62 | pool  8192 u max  101.95 | best_c52 0 | c52d6 1 nld6 102 nw 78 du6 162 nw8 136 | 0.38s/it
round   63 | pool  8192 u max  101.95 | best_c52 0 | c52d6 1 nld6 102 nw 78 du6 163 nw8 137 | 0.38s/it
round   64 | pool  8192 u max  101.95 | best_c52 0 | c52d6 1 nld6 102 nw 78 du6 166 nw8 139 | 0.38s/it
round   65 | pool  8192 u max  101.95 | best_c52 0 | c52d6 1 nld6 102 nw 78 du6 166 nw8 139 | 0.38s/it
round   66 | pool  8192 u max  101.95 | best_c52 0 | c52d6 1 nld6 102 nw 78 du6 171 nw8 142 | 0.38s/it
round   67 | pool  8192 u max  101.95 | best_c52 0 | c52d6 1 nld6 102 nw 78 du6 171 nw8 142 | 0.38s/it
round   68 | pool  8192 u max  101.95 | best_c52 0 | c52d6 1 nld6 102 nw 78 du6 174 nw8 144 | 0.38s/it
round   69 | pool  8192 u max  101.95 | best_c52 0 | c52d6 1 nld6 102 nw 79 du6 177 nw8 146 | 0.38s/it
round   70 | pool  8192 u max  101.95 | best_c52 0 | c52d6 1 nld6 102 nw 79 du6 178 nw8 146 | 0.38s/it
round   71 | pool  8192 u max  101.95 | best_c52 0 | c52d6 1 nld6 102 nw 79 du6 178 nw8 146 | 0.38s/it
round   72 | pool  8192 u max  101.95 | best_c52 0 | c52d6 1 nld6 102 nw 79 du6 181 nw8 147 | 0.38s/it
round   73 | pool  8192 u max  101.95 | best_c52 0 | c52d6 1 nld6 102 nw 79 du6 181 nw8 147 | 0.38s/it
round   74 | pool  8192 u max  101.95 | best_c52 0 | c52d6 1 nld6 102 nw 79 du6 183 nw8 149 | 0.38s/it
round   75 | pool  8192 u max  101.95 | best_c52 0 | c52d6 1 nld6 102 nw 80 du6 184 nw8 150 | 0.38s/it
round   76 | pool  8192 u max  101.95 | best_c52 0 | c52d6 1 nld6 102 nw 80 du6 186 nw8 152 | 0.38s/it
round   77 | pool  8192 u max  104.00 | best_c52 0 | c52d6 0 nld6 104 nw 82 du6 191 nw8 156 | 0.38s/it
DONE champ_round=77 wall=29.6s
