init pool 47
round    1 | pool   470 u max  101.95 | best_c52 1 | c52d6 1 nld6 102 nw 48 du6 49 nw8 48 | 0.37s/it
round    2 | pool   901 u max  101.95 | best_c52 1 | c52d6 1 nld6 102 nw 50 du6 52 nw8 51 | 0.37s/it
round    3 | pool  1330 u max  101.95 | best_c52 1 | c52d6 1 nld6 102 nw 50 du6 53 nw8 52 | 0.36s/it
round    4 | pool  1774 u max  101.95 | best_c52 1 | c52d6 1 nld6 102 nw 51 du6 56 nw8 55 | 0.36s/it
round    5 | pool  2195 u max  101.95 | best_c52 1 | c52d6 1 nld6 102 nw 52 du6 57 nw8 56 | 0.37s/it
round    6 | pool  2630 u max  101.95 | best_c52 1 | c52d6 1 nld6 102 nw 52 du6 60 nw8 58 | 0.37s/it
round    7 | pool  3035 u max  101.95 | best_c52 1 | c52d6 1 nld6 102 nw 52 du6 61 nw8 59 | 0.37s/it
round    8 | pool  3446 u max  101.95 | best_c52 1 | c52d6 1 nld6 102 nw 52 du6 62 nw8 60 | 0.37s/it
round    9 | pool  3880 u max  101.95 | best_c52 1 | c52d6 1 nld6 102 nw 53 du6 65 nw8 62 | 0.37s/it
round   10 | pool  4298 u max  101.95 | best_c52 1 | c52d6 1 nld6 102 nw 54 du6 67 nw8 64 | 0.37s/it
round   11 | pool  4725 u max  101.95 | best_c52 1 | c52d6 1 nld6 102 nw 57 du6 71 nw8 68 | 0.37s/it
round   12 | pool  5152 u max  101.95 | best_c52 1 | c52d6 1 nld6 102 nw 58 du6 73 nw8 70 | 0.37s/it
round   13 | pool  5563 u max  101.95 | best_c52 1 | c52d6 1 nld6 102 nw 60 du6 76 nw8 73 | 0.37s/it
round   14 | pool  5989 u max  101.95 | best_c52 1 | c52d6 1 nld6 102 nw 62 du6 78 nw8 75 | 0.37s/it
round   15 | pool  6411 u max  101.95 | best_c52 1 | c52d6 1 nld6 102 nw 64 du6 81 nw8 78 | 0.37s/it
round   16 | pool  6827 u max  101.95 | best_c52 1 | c52d6 1 nld6 102 nw 65 du6 84 nw8 80 | 0.37s/it
round   17 | pool  7250 u max  101.95 | best_c52 1 | c52d6 1 nld6 102 nw 66 du6 87 nw8 82 | 0.38s/it
round   18 | pool  7672 u max  101.95 | best_c52 1 | c52d6 1 nld6 102 nw 66 du6 90 nw8 84 | 0.38s/it
round   19 | pool  8086 u max  101.95 | best_c52 1 | c52d6 1 nld6 102 nw 66 du6 90 nw8 84 | 0.38s/it
round   20 | pool  8192 u max  101.95 | best_c52 1 | c52d6 1 nld6 102 nw 68 du6 92 nw8 86 | 0.38s/it
round   21 | pool  8192 u max  101.95 | best_c52 1 | c52d6 1 nld6 102 nw 68 du6 93 nw8 87 | 0.38s/it
round   22 | pool  8192 u max  101.95 | best_c52 1 | c52d6 1 nld6 102 nw 69 du6 96 nw8 89 | 0.38s/it
round   23 | pool  8192 u max  101.95 | best_c52 1 | c52d6 1 nld6 102 nw 70 du6 100 nw8 93 | 0.38s/it
round   24 | pool  8192 u max  101.95 | best_c52 1 | c52d6 1 nld6 102 nw 71 du6 105 nw8 95 | 0.38s/it
round   25 | pool  8192 u max  101.95 | best_c52 1 | c52d6 1 nld6 102 nw 71 du6 107 nw8 97 | 0.38s/it
round   26 | pool  8192 u max  101.95 | best_c52 1 | c52d6 1 nld6 102 nw 71 du6 110 nw8 99 | 0.38s/it
round   27 | pool  8192 u max  101.95 | best_c52 1 | c52d6 1 nld6 102 nw 71 du6 110 nw8 99 | 0.38s/it
round   28 | pool  8192 u max  101.95 | best_c52 1 | c52d6 1 nld6 102 nw 72 du6 113 nw8 102 | 0.38s/it
round   29 | pool  8192 u max  101.95 | best_c52 1 | c52d6 1 nld6 102 nw 73 du6 116 nw8 104 | 0.38s/it
round   30 | pool  8192 u max  101.95 | best_c52 1 | c52d6 1 nld6 102 nw 73 du6 119 nw8 107 | 0.38s/it
round   31 | pool  8192 u max  101.95 | best_c52 1 | c52d6 1 nld6 102 nw 73 du6 121 nw8 109 | 0.38s/it
round   32 | pool  8192 u max  101.95 | best_c52 1 | c52d6 1 nld6 102 nw 73 du6 124 nw8 111 | 0.38s/it
round   33 | pool  8192 u max  101.95 | best_c52 1 | c52d6 1 nld6 102 nw 73 du6 125 nw8 111 | 0.38s/it
round   34 | pool  8192 u max  101.95 | best_c52 1 | c52d6 1 nld6 102 nw 73 du6 126 nw8 112 | 0.38s/it
round   35 | pool  8192 u max  101.95 | best_c52 1 | c52d6 1 nld6 102 nw 73 du6 127 nw8 112 | 0.38s/it
round   36 | pool  8192 u max  101.95 | best_c52 1 | c52d6 1 nld6 102 nw 73 du6 128 nw8 113 | 0.38s/it
round   37 | pool  8192 u max  101.95 | best_c52 1 | c52d6 1 nld6 102 nw 74 du6 132 nw8 116 | 0.38s/it
round   38 | pool  8192 u max  101.95 | best_c52 1 | c52d6 1 nld6 102 nw 74 du6 137 nw8 118 | 0.38s/it
round   39 | pool  8192 u max  101.95 | best_c52 1 | c52d6 1 nld6 102 nw 74 du6 140 nw8 120 | 0.38s/it
round   40 | pool  8192 u max  101.95 | best_c52 1 | c52d6 1 nld6 102 nw 74 du6 140 nw8 120 | 0.38s/it
round   41 | pool  8192 u max  101.95 | best_c52 1 | c52d6 1 nld6 102 nw 74 du6 142 nw8 122 | 0.38s/it
round   42 | pool  8192 u max  101.95 | best_c52 1 | c52d6 1 nld6 102 nw 74 du6 143 nw8 123 | 0.38s/it
round   43 | pool  8192 u max  101.95 | best_c52 1 | c52d6 1 nld6 102 nw 75 du6 145 nw8 125 | 0.38s/it
round   44 | pool  8192 u max  101.95 | best_c52 1 | c52d6 1 nld6 102 nw 77 du6 149 nw8 129 | 0.38s/it
round   45 | pool  8192 u max  101.95 | best_c52 1 | c52d6 1 nld6 102 nw 78 du6 151 nw8 131 | 0.38s/it
round   46 | pool  8192 u max  101.95 | best_c52 1 | c52d6 1 nld6 102 nw 79 du6 153 nw8 132 | 0.38s/it
round   47 | pool  8192 u max  101.95 | best_c52 1 | c52d6 1 nld6 102 nw 80 du6 155 nw8 133 | 0.38s/it
round   48 | pool  8192 u max  101.95 | best_c52 1 | c52d6 1 nld6 102 nw 81 du6 156 nw8 134 | 0.38s/it
round   49 | pool  8192 u max  101.95 | best_c52 1 | c52d6 1 nld6 102 nw 81 du6 156 nw8 134 | 0.38s/it
round   50 | pool  8192 u max  101.95 | best_c52 1 | c52d6 1 nld6 102 nw 81 du6 157 nw8 134 | 0.38s/it
round   51 | pool  8192 u max  101.95 | best_c52 1 | c52d6 1 nld6 102 nw 81 du6 159 nw8 135 | 0.38s/it
round   52 | pool  8192 u max  101.95 | best_c52 1 | c52d6 1 nld6 102 nw 81 du6 160 nw8 136 | 0.38s/it
round   53 | pool  8192 u max  101.95 | best_c52 1 | c52d6 1 nld6 102 nw 82 du6 164 nw8 139 | 0.38s/it
round   54 | pool  8192 u max  101.95 | best_c52 1 | c52d6 1 nld6 102 nw 82 du6 164 nw8 139 | 0.38s/it
round   55 | pool  8192 u max  101.95 | best_c52 1 | c52d6 1 nld6 102 nw 82 du6 164 nw8 139 | 0.38s/it
round   56 | pool  8192 u max  101.95 | best_c52 1 | c52d6 1 nld6 102 nw 82 du6 166 nw8 140 | 0.38s/it
round   57 | pool  8192 u max  101.95 | best_c52 1 | c52d6 1 nld6 102 nw 82 du6 167 nw8 141 | 0.38s/it
round   58 | pool  8192 u max  101.95 | best_c52 1 | c52d6 1 nld6 102 nw 82 du6 170 nw8 142 | 0.38s/it
round   59 | pool  8192 u max  101.95 | best_c52 1 | c52d6 1 nld6 102 nw 82 du6 173 nw8 145 | 0.38s/it
round   60 | pool  8192 u max  101.95 | best_c52 1 | c52d6 1 nld6 102 nw 82 du6 173 nw8 145 | 0.38s/it
round   61 | pool  8192 u max  104.00 | best_c52 0 | c52d6 0 nld6 104 nw 83 du6 177 nw8 148 | 0.38s/it
DONE champ_round=61 wall=23.3s
