init pool 47
round    1 | pool   483 u max  101.95 | best_c52 1 | c52d6 1 nld6 102 nw 50 du6 52 nw8 52 | 0.37s/it
round    2 | pool   895 u max  101.95 | best_c52 0 | c52d6 1 nld6 102 nw 50 du6 52 nw8 52 | 0.36s/it
round    3 | pool  1323 u max  101.95 | best_c52 0 | c52d6 1 nld6 102 nw 50 du6 53 nw8 53 | 0.36s/it
round    4 | pool  1747 u max  101.95 | best_c52 0 | c52d6 1 nld6 102 nw 50 du6 53 nw8 53 | 0.37s/it
round    5 | pool  2167 u max  101.95 | best_c52 0 | c52d6 1 nld6 102 nw 50 du6 53 nw8 53 | 0.37s/it
round    6 | pool  2585 u max  101.95 | best_c52 0 | c52d6 1 nld6 102 nw 52 du6 57 nw8 57 | 0.37s/it
round    7 | pool  2998 u max  101.95 | best_c52 0 | c52d6 1 nld6 102 nw 54 du6 60 nw8 60 | 0.37s/it
round    8 | pool  3410 u max  101.95 | best_c52 0 | c52d6 1 nld6 102 nw 54 du6 63 nw8 63 | 0.37s/it
round    9 | pool  3819 u max  101.95 | best_c52 0 | c52d6 1 nld6 102 nw 55 du6 64 nw8 64 | 0.37s/it
round   10 | pool  4254 u max  101.95 | best_c52 0 | c52d6 1 nld6 102 nw 55 du6 66 nw8 66 | 0.37s/it
round   11 | pool  4680 u max  101.95 | best_c52 0 | c52d6 1 nld6 102 nw 57 du6 69 nw8 69 | 0.37s/it
round   12 | pool  5109 u max  101.95 | best_c52 0 | c52d6 1 nld6 102 nw 57 du6 70 nw8 70 | 0.37s/it
round   13 | pool  5534 u max  101.95 | best_c52 0 | c52d6 1 nld6 102 nw 59 du6 75 nw8 74 | 0.37s/it
round   14 | pool  5947 u max  101.95 | best_c52 0 | c52d6 1 nld6 102 nw 59 du6 77 nw8 75 | 0.37s/it
round   15 | pool  6365 u max  101.95 | best_c52 0 | c52d6 1 nld6 102 nw 61 du6 80 nw8 78 | 0.37s/it
round   16 | pool  6784 u max  101.95 | best_c52 0 | c52d6 1 nld6 102 nw 62 du6 81 nw8 79 | 0.38s/it
round   17 | pool  7211 u max  101.95 | best_c52 0 | c52d6 1 nld6 102 nw 63 du6 85 nw8 83 | 0.38s/it
round   18 | pool  7621 u max  101.95 | best_c52 0 | c52d6 1 nld6 102 nw 63 du6 89 nw8 87 | 0.38s/it
round   19 | pool  8037 u max  101.95 | best_c52 0 | c52d6 1 nld6 102 nw 64 du6 93 nw8 90 | 0.38s/it
round   20 | pool  8192 u max  101.95 | best_c52 0 | c52d6 1 nld6 102 nw 64 du6 94 nw8 90 | 0.38s/it
round   21 | pool  8192 u max  101.95 | best_c52 0 | c52d6 1 nld6 102 nw 67 du6 97 nw8 93 | 0.38s/it
round   22 | pool  8192 u max  101.95 | best_c52 0 | c52d6 1 nld6 102 nw 70 du6 100 nw8 96 | 0.38s/it
round   23 | pool  8192 u max  101.95 | best_c52 0 | c52d6 1 nld6 102 nw 70 du6 101 nw8 96 | 0.38s/it
round   24 | pool  8192 u max  101.95 | best_c52 0 | c52d6 1 nld6 102 nw 70 du6 103 nw8 98 | 0.38s/it
round   25 | pool  8192 u max  101.95 | best_c52 0 | c52d6 1 nld6 102 nw 71 du6 104 nw8 99 | 0.38s/it
round   26 | pool  8192 u max  101.95 | best_c52 0 | c52d6 1 nld6 102 nw 71 du6 104 nw8 99 | 0.38s/it
round   27 | pool  8192 u max  101.95 | best_c52 0 | c52d6 1 nld6 102 nw 71 du6 106 nw8 101 | 0.38s/it
round   28 | pool  8192 u max  101.95 | best_c52 0 | c52d6 1 nld6 102 nw 71 du6 109 nw8 102 | 0.38s/it
round   29 | pool  8192 u max  101.95 | best_c52 0 | c52d6 1 nld6 102 nw 72 du6 111 nw8 104 | 0.38s/it
round   30 | pool  8192 u max  101.95 | best_c52 0 | c52d6 1 nld6 102 nw 72 du6 112 nw8 105 | 0.38s/it
round   31 | pool  8192 u max  101.95 | best_c52 0 | c52d6 1 nld6 102 nw 72 du6 112 nw8 105 | 0.38s/it
round   32 | pool  8192 u max  101.95 | best_c52 0 | c52d6 1 nld6 102 nw 72 du6 114 nw8 107 | 0.38s/it
round   33 | pool  8192 u max  101.95 | best_c52 0 | c52d6 1 nld6 102 nw 72 du6 115 nw8 108 | 0.38s/it
round   34 | pool  8192 u max  101.95 | best_c52 0 | c52d6 1 nld6 102 nw 72 du6 118 nw8 109 | 0.38s/it
round   35 | pool  8192 u max  101.95 | best_c52 0 | c52d6 1 nld6 102 nw 73 du6 121 nw8 111 | 0.38s/it
round   36 | pool  8192 u max  101.95 | best_c52 0 | c52d6 1 nld6 102 nw 73 du6 124 nw8 113 | 0.38s/it
round   37 | pool  8192 u max  101.95 | best_c52 0 | c52d6 1 nld6 102 nw 73 du6 125 nw8 114 | 0.38s/it
round   38 | pool  8192 u max  101.95 | best_c52 0 | c52d6 1 nld6 102 nw 74 du6 126 nw8 115 | 0.38s/it
round   39 | pool  8192 u max  101.95 | best_c52 0 | c52d6 1 nld6 102 nw 74 du6 128 nw8 117 | 0.38s/it
round   40 | pool  8192 u max  101.95 | best_c52 0 | c52d6 1 nld6 102 nw 74 du6 131 nw8 119 | 0.38s/it
round   41 | pool  8192 u max  101.95 | best_c52 0 | c52d6 1 nld6 102 nw 74 du6 131 nw8 119 | 0.38s/it
round   42 | pool  8192 u max  101.95 | best_c52 0 | c52d6 1 nld6 102 nw 74 du6 133 nw8 120 | 0.38s/it
round   43 | pool  8192 u max  101.95 | best_c52 0 | c52d6 1 nld6 102 nw 74 du6 134 nw8 121 | 0.38s/it
round   44 | pool  8192 u max  101.95 | best_c52 0 | c52d6 1 nld6 102 nw 74 du6 135 nw8 122 | 0.38s/it
round   45 | pool  8192 u max  101.95 | best_c52 0 | c52d6 1 nld6 102 nw 74 du6 136 nw8 123 | 0.38s/it
round   46 | pool  8192 u max  101.95 | best_c52 0 | c52d6 1 nld6 102 nw 74 du6 137 nw8 124 | 0.38s/it
round   47 | pool  8192 u max  101.95 | best_c52 0 | c52d6 1 nld6 102 nw 74 du6 139 nw8 126 | 0.38s/it
round   48 | pool  8192 u max  101.95 | best_c52 0 | c52d6 1 nld6 102 nw 74 du6 140 nw8 127 | 0.38s/it
round   49 | pool  8192 u max  101.95 | best_c52 0 | c52d6 1 nld6 102 nw 75 du6 144 nw8 130 | 0.38s/it
round   50 | pool  8192 u max  101.95 | best_c52 0 | c52d6 1 nld6 102 nw 76 du6 145 nw8 131 | 0.38s/it
round   51 | pool  8192 u max  101.95 | best_c52 0 | c52d6 1 nld6 102 nw 76 du6 145 nw8 131 | 0.38s/it
round   52 | pool  8192 u max  101.95 | best_c52 0 | c52d6 1 nld6 102 nw 76 du6 147 nw8 131 | 0.38s/it
round   53 | pool  8192 u max  101.95 | best_c52 0 | c52d6 1 nld6 102 nw 76 du6 149 nw8 132 | 0.38s/it
round   54 | pool  8192 u max  101.95 | best_c52 0 | c52d6 1 nld6 102 nw 76 du6 151 nw8 133 | 0.38s/it
round   55 | pool  8192 u max  101.95 | best_c52 0 | c52d6 1 nld6 102 nw 77 du6 154 nw8 135 | 0.38s/it
round   56 | pool  8192 u max  101.95 | best_c52 0 | c52d6 1 nld6 102 nw 77 du6 155 nw8 136 | 0.38s/it
round   57 | pool  8192 u max  101.95 | best_c52 0 | c52d6 1 nld6 102 nw 77 du6 156 nw8 136 | 0.38s/it
round   58 | pool  8192 u max  101.95 | best_c52 0 | c52d6 1 nld6 102 nw 77 du6 156 nw8 136 | 0.38s/it
round   59 | pool  8192 u max  101.95 | best_c52 0 | c52d6 1 nld6 102 nw 77 du6 159 nw8 138 | 0.38s/it
round   60 | pool  8192 u max  101.95 | best_c52 0 | c52d6 1 nld6 102 nw 77 du6 163 nw8 140 | 0.38s/it
round   61 | pool  8192 u max  101.95 | best_c52 0 | c52d6 1 nld6 102 nw 77 du6 166 nw8 142 | 0.38s/it
round   62 | pool  8192 u max  101.95 | best_c52 0 | c52d6 1 nld6 102 nw 77 du6 166 nw8 142 | 0.38s/it
round   63 | pool  8192 u max  101.95 | best_c52 0 | c52d6 1 nld6 102 nw 77 du6 167 nw8 143 | 0.38s/it
round   64 | pool  8192 u max  101.95 | best_c52 0 | c52d6 1 nld6 102 nw 77 du6 168 nw8 144 | 0.38s/it
round   65 | pool  8192 u max  101.95 | best_c52 0 | c52d6 1 nld6 102 nw 77 du6 169 nw8 145 | 0.38s/it
round   66 | pool  8192 u max  101.95 | best_c52 0 | c52d6 1 nld6 102 nw 77 du6 173 nw8 147 | 0.38s/it
round   67 | pool  8192 u max  101.95 | best_c52 0 | c52d6 1 nld6 102 nw 78 du6 174 nw8 148 | 0.38s/it
round   68 | pool  8192 u max  101.95 | best_c52 0 | c52d6 1 nld6 102 nw 79 du6 177 nw8 151 | 0.38s/it
round   69 | pool  8192 u max  101.95 | best_c52 0 | c52d6 1 nld6 102 nw 79 du6 179 nw8 152 | 0.38s/it
round   70 | pool  8192 u max  101.95 | best_c52 0 | c52d6 1 nld6 102 nw 79 du6 181 nw8 153 | 0.38s/it
round   71 | pool  8192 u max  101.95 | best_c52 0 | c52d6 1 nld6 102 nw 79 du6 185 nw8 156 | 0.38s/it
round   72 | pool  8192 u max  101.95 | best_c52 0 | c52d6 1 nld6 102 nw 79 du6 187 nw8 157 | 0.38s/it
round   73 | pool  8192 u max  101.95 | best_c52 0 | c52d6 1 nld6 102 nw 79 du6 187 nw8 157 | 0.38s/it
round   74 | pool  8192 u max  101.95 | best_c52 0 | c52d6 1 nld6 102 nw 79 du6 187 nw8 157 | 0.38s/it
round   75 | pool  8192 u max  101.95 | best_c52 0 | c52d6 1 nld6 102 nw 79 du6 188 nw8 158 | 0.38s/it
round   76 | pool  8192 u max  101.95 | best_c52 0 | c52d6 1 nld6 102 nw 80 du6 189 nw8 159 | 0.38s/it
round   77 | pool  8192 u max  101.95 | best_c52 0 | c52d6 1 nld6 102 nw 80 du6 191 nw8 160 | 0.38s/it
round   78 | pool  8192 u max  101.95 | best_c52 0 | c52d6 1 nld6 102 nw 81 du6 192 nw8 161 | 0.38s/it
round   79 | pool  8192 u max  101.95 | best_c52 0 | c52d6 1 nld6 102 nw 81 du6 194 nw8 163 | 0.38s/it
round   80 | pool  8192 u max  101.95 | best_c52 0 | c52d6 1 nld6 102 nw 83 du6 198 nw8 166 | 0.38s/it
round   81 | pool  8192 u max  101.95 | best_c52 0 | c52d6 1 nld6 102 nw 83 du6 199 nw8 167 | 0.38s/it
round   82 | pool  8192 u max  101.95 | best_c52 0 | c52d6 1 nld6 102 nw 83 du6 199 nw8 167 | 0.38s/it
round   83 | pool  8192 u max  101.95 | best_c52 0 | c52d6 1 nld6 102 nw 83 du6 201 nw8 168 | 0.38s/it
round   84 | pool  8192 u max  101.95 | best_c52 0 | c52d6 1 nld6 102 nw 84 du6 203 nw8 170 | 0.38s/it
round   85 | pool  8192 u max  101.95 | best_c52 0 | c52d6 1 nld6 102 nw 84 du6 204 nw8 171 | 0.38s/it
round   86 | pool  8192 u max  101.95 | best_c52 0 | c52d6 1 nld6 102 nw 84 du6 205 nw8 172 | 0.38s/it
round   87 | pool  8192 u max  101.95 | best_c52 0 | c52d6 1 nld6 102 nw 85 du6 208 nw8 174 | 0.38s/it
round   88 | pool  8192 u max  101.95 | best_c52 0 | c52d6 1 nld6 102 nw 85 du6 209 nw8 175 | 0.38s/it
round   89 | pool  8192 u max  101.95 | best_c52 0 | c52d6 1 nld6 102 nw 85 du6 209 nw8 175 | 0.38s/it
round   90 | pool  8192 u max  101.95 | best_c52 0 | c52d6 1 nld6 102 nw 86 du6 212 nw8 178 | 0.38s/it
round   91 | pool  8192 u max  101.95 | best_c52 0 | c52d6 1 nld6 102 nw 86 du6 214 nw8 179 | 0.38s/it
round   92 | pool  8192 u max  101.95 | best_c52 0 | c52d6 1 nld6 102 nw 86 du6 214 nw8 179 | 0.38s/it
round   93 | pool  8192 u max  101.95 | best_c52 0 | c52d6 1 nld6 102 nw 86 du6 215 nw8 179 | 0.38s/it
round   94 | pool  8192 u max  101.95 | best_c52 0 | c52d6 1 nld6 102 nw 86 du6 217 nw8 181 | 0.38s/it
round   95 | pool  8192 u max  101.95 | best_c52 0 | c52d6 1 nld6 102 nw 86 du6 217 nw8 181 | 0.38s/it
round   96 | pool  8192 u max  101.95 | best_c52 0 | c52d6 1 nld6 102 nw 86 du6 220 nw8 184 | 0.38s/it
round   97 | pool  8192 u max  101.95 | best_c52 0 | c52d6 1 nld6 102 nw 86 du6 222 nw8 184 | 0.38s/it
round   98 | pool  8192 u max  101.95 | best_c52 0 | c52d6 1 nld6 102 nw 86 du6 223 nw8 184 | 0.38s/it
round   99 | pool  8192 u max  101.95 | best_c52 0 | c52d6 1 nld6 102 nw 86 du6 226 nw8 186 | 0.38s/it
round  100 | pool  8192 u max  101.95 | best_c52 0 | c52d6 1 nld6 102 nw 86 du6 226 nw8 186 | 0.38s/it
round  101 | pool  8192 u max  101.95 | best_c52 0 | c52d6 1 nld6 102 nw 87 du6 231 nw8 190 | 0.38s/it
round  102 | pool  8192 u max  101.95 | best_c52 0 | c52d6 1 nld6 102 nw 87 du6 231 nw8 190 | 0.38s/it
round  103 | pool  8192 u max  101.95 | best_c52 0 | c52d6 1 nld6 102 nw 87 du6 232 nw8 191 | 0.38s/it
round  104 | pool  8192 u max  101.95 | best_c52 0 | c52d6 1 nld6 102 nw 87 du6 233 nw8 192 | 0.38s/it
round  105 | pool  8192 u max  101.95 | best_c52 0 | c52d6 1 nld6 102 nw 87 du6 235 nw8 193 | 0.38s/it
round  106 | pool  8192 u max  101.95 | best_c52 0 | c52d6 1 nld6 102 nw 87 du6 235 nw8 193 | 0.38s/it
round  107 | pool  8192 u max  101.95 | best_c52 0 | c52d6 1 nld6 102 nw 88 du6 236 nw8 194 | 0.38s/it
round  108 | pool  8192 u max  101.95 | best_c52 0 | c52d6 1 nld6 102 nw 89 du6 238 nw8 195 | 0.38s/it
round  109 | pool  8192 u max  101.95 | best_c52 0 | c52d6 1 nld6 102 nw 89 du6 238 nw8 195 | 0.38s/it
round  110 | pool  8192 u max  101.95 | best_c52 0 | c52d6 1 nld6 102 nw 89 du6 239 nw8 196 | 0.38s/it
round  111 | pool  8192 u max  101.95 | best_c52 0 | c52d6 1 nld6 102 nw 89 du6 239 nw8 196 | 0.38s/it
round  112 | pool  8192 u max  101.95 | best_c52 0 | c52d6 1 nld6 102 nw 90 du6 240 nw8 197 | 0.38s/it
round  113 | pool  8192 u max  101.95 | best_c52 0 | c52d6 1 nld6 102 nw 90 du6 241 nw8 198 | 0.38s/it
round  114 | pool  8192 u max  101.95 | best_c52 0 | c52d6 1 nld6 102 nw 90 du6 243 nw8 199 | 0.38s/it
round  115 | pool  8192 u max  101.95 | best_c52 0 | c52d6 1 nld6 102 nw 91 du6 245 nw8 200 | 0.38s/it
round  116 | pool  8192 u max  101.95 | best_c52 0 | c52d6 1 nld6 102 nw 91 du6 247 nw8 201 | 0.38s/it
round  117 | pool  8192 u max  101.95 | best_c52 0 | c52d6 1 nld6 102 nw 91 du6 247 nw8 201 | 0.38s/it
round  118 | pool  8192 u max  101.95 | best_c52 0 | c52d6 1 nld6 102 nw 92 du6 250 nw8 202 | 0.38s/it
round  119 | pool  8192 u max  101.95 | best_c52 0 | c52d6 1 nld6 102 nw 93 du6 254 nw8 205 | 0.38s/it
round  120 | pool  8192 u max  101.95 | best_c52 0 | c52d6 1 nld6 102 nw 93 du6 255 nw8 206 | 0.38s/it
round  121 | pool  8192 u max  101.95 | best_c52 0 | c52d6 1 nld6 102 nw 93 du6 258 nw8 208 | 0.38s/it
round  122 | pool  8192 u max  101.95 | best_c52 0 | c52d6 1 nld6 102 nw 93 du6 259 nw8 209 | 0.38s/it
round  123 | pool  8192 u max  101.95 | best_c52 0 | c52d6 1 nld6 102 nw 93 du6 259 nw8 209 | 0.38s/it
round  124 | pool  8192 u max  101.95 | best_c52 0 | c52d6 1 nld6 102 nw 93 du6 259 nw8 209 | 0.38s/it
round  125 | pool  8192 u max  101.95 | best_c52 0 | c52d6 1 nld6 102 nw 93 du6 263 nw8 210 | 0.38s/it
round  126 | pool  8192 u max  101.95 | best_c52 0 | c52d6 1 nld6 102 nw 94 du6 266 nw8 212 | 0.38s/it
round  127 | pool  8192 u max  101.95 | best_c52 0 | c52d6 1 nld6 102 nw 94 du6 266 nw8 212 | 0.38s/it
round  128 | pool  8192 u max  101.95 | best_c52 0 | c52d6 1 nld6 102 nw 94 du6 270 nw8 215 | 0.38s/it
round  129 | pool  8192 u max  101.95 | best_c52 0 | c52d6 1 nld6 102 nw 95 du6 273 nw8 217 | 0.38s/it
round  130 | pool  8192 u max  101.95 | best_c52 0 | c52d6 1 nld6 102 nw 95 du6 274 nw8 218 | 0.38s/it
round  131 | pool  8192 u max  101.95 | best_c52 0 | c52d6 1 nld6 102 nw 95 du6 276 nw8 220 | 0.38s/it
round  132 | pool  8192 u max  101.95 | best_c52 0 | c52d6 1 nld6 102 nw 95 du6 279 nw8 221 | 0.38s/it
round  133 | pool  8192 u max  101.95 | best_c52 0 | c52d6 1 nld6 102 nw 97 du6 284 nw8 225 | 0.38s/it
round  134 | pool  8192 u max  101.95 | best_c52 0 | c52d6 1 nld6 102 nw 98 du6 285 nw8 226 | 0.38s/it
round  135 | pool  8192 u max  101.95 | best_c52 0 | c52d6 1 nld6 102 nw 99 du6 288 nw8 228 | 0.38s/it
round  136 | pool  8192 u max  101.95 | best_c52 0 | c52d6 1 nld6 102 nw 99 du6 289 nw8 228 | 0.38s/it
round  137 | pool  8192 u max  101.95 | best_c52 0 | c52d6 1 nld6 102 nw 99 du6 289 nw8 228 | 0.38s/it
round  138 | pool  8192 u max  101.95 | best_c52 0 | c52d6 1 nld6 102 nw 99 du6 291 nw8 229 | 0.38s/it
round  139 | pool  8192 u max  101.95 | best_c52 0 | c52d6 1 nld6 102 nw 100 du6 295 nw8 232 | 0.38s/it
round  140 | pool  8192 u max  101.95 | best_c52 0 | c52d6 1 nld6 102 nw 100 du6 295 nw8 232 | 0.38s/it
round  141 | pool  8192 u max  101.95 | best_c52 0 | c52d6 1 nld6 102 nw 100 du6 295 nw8 232 | 0.38s/it
round  142 | pool  8192 u max  101.95 | best_c52 0 | c52d6 1 nld6 102 nw 101 du6 296 nw8 233 | 0.38s/it
round  143 | pool  8192 u max  101.95 | best_c52 0 | c52d6 1 nld6 102 nw 101 du6 297 nw8 234 | 0.38s/it
round  144 | pool  8192 u max  101.95 | best_c52 0 | c52d6 1 nld6 102 nw 102 du6 298 nw8 235 | 0.38s/it
round  145 | pool  8192 u max  101.95 | best_c52 0 | c52d6 1 nld6 102 nw 102 du6 299 nw8 236 | 0.38s/it
round  146 | pool  8192 u max  101.95 | best_c52 0 | c52d6 1 nld6 102 nw 103 du6 301 nw8 237 | 0.38s/it
round  147 | pool  8192 u max  101.95 | best_c52 0 | c52d6 1 nld6 102 nw 103 du6 301 nw8 237 | 0.38s/it
round  148 | pool  8192 u max  101.95 | best_c52 0 | c52d6 1 nld6 102 nw 104 du6 305 nw8 239 | 0.38s/it
round  149 | pool  8192 u max  101.95 | best_c52 0 | c52d6 1 nld6 102 nw 105 du6 307 nw8 240 | 0.38s/it
round  150 | pool  8192 u max  101.95 | best_c52 0 | c52d6 1 nld6 102 nw 105 du6 307 nw8 240 | 0.38s/it
round  151 | pool  8192 u max  101.95 | best_c52 0 | c52d6 1 nld6 102 nw 105 du6 308 nw8 241 | 0.38s/it
round  152 | pool  8192 u max  101.95 | best_c52 0 | c52d6 1 nld6 102 nw 105 du6 308 nw8 241 | 0.38s/it
round  153 | pool  8192 u max  101.95 | best_c52 0 | c52d6 1 nld6 102 nw 106 du6 310 nw8 243 | 0.38s/it
round  154 | pool  8192 u max  101.95 | best_c52 0 | c52d6 1 nld6 102 nw 106 du6 313 nw8 246 | 0.38s/it
round  155 | pool  8192 u max  101.95 | best_c52 0 | c52d6 1 nld6 102 nw 107 du6 316 nw8 249 | 0.38s/it
round  156 | pool  8192 u max  101.95 | best_c52 0 | c52d6 1 nld6 102 nw 107 du6 316 nw8 249 | 0.38s/it
round  157 | pool  8192 u max  101.95 | best_c52 0 | c52d6 1 nld6 102 nw 107 du6 316 nw8 249 | 0.38s/it
round  158 | pool  8192 u max  101.95 | best_c52 0 | c52d6 1 nld6 102 nw 107 du6 319 nw8 251 | 0.38s/it
round  159 | pool  8192 u max  101.95 | best_c52 0 | c52d6 1 nld6 102 nw 107 du6 319 nw8 251 | 0.38s/it
round  160 | pool  8192 u max  101.95 | best_c52 0 | c52d6 1 nld6 102 nw 107 du6 321 nw8 252 | 0.38s/it
round  161 | pool  8192 u max  101.95 | best_c52 0 | c52d6 1 nld6 102 nw 107 du6 323 nw8 253 | 0.38s/it
round  162 | pool  8192 u max  101.95 | best_c52 0 | c52d6 1 nld6 102 nw 108 du6 326 nw8 254 | 0.38s/it
round  163 | pool  8192 u max  101.95 | best_c52 0 | c52d6 1 nld6 102 nw 109 du6 327 nw8 255 | 0.38s/it
round  164 | pool  8192 u max  101.95 | best_c52 0 | c52d6 1 nld6 102 nw 110 du6 329 nw8 257 | 0.38s/it
round  165 | pool  8192 u max  101.95 | best_c52 0 | c52d6 1 nld6 102 nw 110 du6 330 nw8 258 | 0.38s/it
round  166 | pool  8192 u max  101.95 | best_c52 0 | c52d6 1 nld6 102 nw 110 du6 334 nw8 260 | 0.38s/it
round  167 | pool  8192 u max  101.95 | best_c52 0 | c52d6 1 nld6 102 nw 110 du6 335 nw8 260 | 0.38s/it
round  168 | pool  8192 u max  101.95 | best_c52 0 | c52d6 1 nld6 102 nw 110 du6 335 nw8 260 | 0.38s/it
round  169 | pool  8192 u max  101.95 | best_c52 0 | c52d6 1 nld6 102 nw 111 du6 341 nw8 264 | 0.38s/it
round  170 | pool  8192 u max  101.95 | best_c52 0 | c52d6 1 nld6 102 nw 112 du6 345 nw8 266 | 0.38s/it
round  171 | pool  8192 u max  101.95 | best_c52 0 | c52d6 1 nld6 102 nw 112 du6 345 nw8 266 | 0.38s/it
round  172 | pool  8192 u max  101.95 | best_c52 0 | c52d6 1 nld6 102 nw 112 du6 347 nw8 267 | 0.38s/it
round  173 | pool  8192 u max  101.95 | best_c52 0 | c52d6 1 nld6 102 nw 113 du6 348 nw8 268 | 0.38s/it
round  174 | pool  8192 u max  101.95 | best_c52 0 | c52d6 1 nld6 102 nw 113 du6 349 nw8 268 | 0.38s/it
round  175 | pool  8192 u max  101.95 | best_c52 0 | c52d6 1 nld6 102 nw 114 du6 353 nw8 271 | 0.38s/it
round  176 | pool  8192 u max  101.95 | best_c52 0 | c52d6 1 nld6 102 nw 114 du6 355 nw8 272 | 0.38s/it
round  177 | pool  8192 u max  101.95 | best_c52 0 | c52d6 1 nld6 102 nw 114 du6 356 nw8 273 | 0.38s/it
round  178 | pool  8192 u max  101.95 | best_c52 0 | c52d6 1 nld6 102 nw 114 du6 358 nw8 274 | 0.38s/it
round  179 | pool  8192 u max  101.95 | best_c52 0 | c52d6 1 nld6 102 nw 114 du6 358 nw8 274 | 0.38s/it
round  180 | pool  8192 u max  101.95 | best_c52 0 | c52d6 1 nld6 102 nw 114 du6 359 nw8 275 | 0.38s/it
round  181 | pool  8192 u max  101.95 | best_c52 0 | c52d6 1 nld6 102 nw 114 du6 363 nw8 278 | 0.38s/it
round  182 | pool  8192 u max  101.95 | best_c52 0 | c52d6 1 nld6 102 nw 114 du6 363 nw8 278 | 0.38s/it
round  183 | pool  8192 u max  101.95 | best_c52 0 | c52d6 1 nld6 102 nw 114 du6 365 nw8 278 | 0.38s/it
round  184 | pool  8192 u max  101.95 | best_c52 0 | c52d6 1 nld6 102 nw 114 du6 367 nw8 280 | 0.38s/it
round  185 | pool  8192 u max  101.95 | best_c52 0 | c52d6 1 nld6 102 nw 114 du6 370 nw8 281 | 0.38s/it
round  186 | pool  8192 u max  101.95 | best_c52 0 | c52d6 1 nld6 102 nw 114 du6 371 nw8 281 | 0.38s/it
round  187 | pool  8192 u max  101.95 | best_c52 0 | c52d6 1 nld6 102 nw 116 du6 374 nw8 283 | 0.38s/it
round  188 | pool  8192 u max  101.95 | best_c52 0 | c52d6 1 nld6 102 nw 117 du6 376 nw8 284 | 0.38s/it
round  189 | pool  8192 u max  101.95 | best_c52 0 | c52d6 1 nld6 102 nw 117 du6 377 nw8 284 | 0.38s/it
round  190 | pool  8192 u max  101.95 | best_c52 0 | c52d6 1 nld6 102 nw 117 du6 377 nw8 284 | 0.38s/it
round  191 | pool  8192 u max  101.95 | best_c52 0 | c52d6 1 nld6 102 nw 117 du6 378 nw8 284 | 0.38s/it
round  192 | pool  8192 u max  101.95 | best_c52 0 | c52d6 1 nld6 102 nw 117 du6 378 nw8 284 | 0.38s/it
round  193 | pool  8192 u max  101.95 | best_c52 0 | c52d6 1 nld6 102 nw 117 du6 384 nw8 290 | 0.38s/it
round  194 | pool  8192 u max  101.95 | best_c52 0 | c52d6 1 nld6 102 nw 117 du6 385 nw8 290 | 0.38s/it
round  195 | pool  8192 u max  101.95 | best_c52 0 | c52d6 1 nld6 102 nw 117 du6 387 nw8 291 | 0.38s/it
round  196 | pool  8192 u max  101.95 | best_c52 0 | c52d6 1 nld6 102 nw 118 du6 389 nw8 293 | 0.38s/it
round  197 | pool  8192 u max  101.95 | best_c52 0 | c52d6 1 nld6 102 nw 118 du6 389 nw8 293 | 0.38s/it
round  198 | pool  8192 u max  101.95 | best_c52 0 | c52d6 1 nld6 102 nw 118 du6 391 nw8 294 | 0.38s/it
round  199 | pool  8192 u max  101.95 | best_c52 0 | c52d6 1 nld6 102 nw 118 du6 393 nw8 295 | 0.38s/it
round  200 | pool  8192 u max  101.95 | best_c52 0 | c52d6 1 nld6 102 nw 118 du6 394 nw8 295 | 0.38s/it
round  201 | pool  8192 u max  101.95 | best_c52 0 | c52d6 1 nld6 102 nw 118 du6 394 nw8 295 | 0.38s/it
round  202 | pool  8192 u max  101.95 | best_c52 0 | c52d6 1 nld6 102 nw 119 du6 396 nw8 297 | 0.38s/it
round  203 | pool  8192 u max  101.95 | best_c52 0 | c52d6 1 nld6 102 nw 120 du6 398 nw8 299 | 0.38s/it
round  204 | pool  8192 u max  101.95 | best_c52 0 | c52d6 1 nld6 102 nw 120 du6 401 nw8 301 | 0.38s/it
round  205 | pool  8192 u max  101.95 | best_c52 0 | c52d6 1 nld6 102 nw 120 du6 402 nw8 301 | 0.38s/it
round  206 | pool  8192 u max  101.95 | best_c52 0 | c52d6 1 nld6 102 nw 121 du6 404 nw8 302 | 0.38s/it
round  207 | pool  8192 u max  101.95 | best_c52 0 | c52d6 1 nld6 102 nw 121 du6 405 nw8 303 | 0.38s/it
round  208 | pool  8192 u max  101.95 | best_c52 0 | c52d6 1 nld6 102 nw 121 du6 405 nw8 303 | 0.38s/it
round  209 | pool  8192 u max  101.95 | best_c52 0 | c52d6 1 nld6 102 nw 121 du6 406 nw8 304 | 0.38s/it
round  210 | pool  8192 u max  101.95 | best_c52 0 | c52d6 1 nld6 102 nw 122 du6 411 nw8 308 | 0.38s/it
round  211 | pool  8192 u max  101.95 | best_c52 0 | c52d6 1 nld6 102 nw 123 du6 413 nw8 310 | 0.38s/it
round  212 | pool  8192 u max  101.95 | best_c52 0 | c52d6 1 nld6 102 nw 123 du6 414 nw8 310 | 0.38s/it
round  213 | pool  8192 u max  101.95 | best_c52 0 | c52d6 1 nld6 102 nw 123 du6 414 nw8 310 | 0.38s/it
round  214 | pool  8192 u max  101.95 | best_c52 0 | c52d6 1 nld6 102 nw 124 du6 416 nw8 311 | 0.38s/it
round  215 | pool  8192 u max  101.95 | best_c52 0 | c52d6 1 nld6 102 nw 125 du6 420 nw8 314 | 0.38s/it
round  216 | pool  8192 u max  101.95 | best_c52 0 | c52d6 1 nld6 102 nw 125 du6 423 nw8 316 | 0.38s/it
round  217 | pool  8192 u max  101.95 | best_c52 0 | c52d6 1 nld6 102 nw 125 du6 424 nw8 317 | 0.38s/it
round  218 | pool  8192 u max  101.95 | best_c52 0 | c52d6 1 nld6 102 nw 125 du6 425 nw8 317 | 0.38s/it
round  219 | pool  8192 u max  101.95 | best_c52 0 | c52d6 1 nld6 102 nw 125 du6 426 nw8 318 | 0.38s/it
round  220 | pool  8192 u max  101.95 | best_c52 0 | c52d6 1 nld6 102 nw 125 du6 426 nw8 318 | 0.38s/it
round  221 | pool  8192 u max  101.95 | best_c52 0 | c52d6 1 nld6 102 nw 125 du6 427 nw8 319 | 0.38s/it
round  222 | pool  8192 u max  101.95 | best_c52 0 | c52d6 1 nld6 102 nw 125 du6 428 nw8 320 | 0.38s/it
round  223 | pool  8192 u max  101.95 | best_c52 0 | c52d6 1 nld6 102 nw 125 du6 430 nw8 321 | 0.38s/it
round  224 | pool  8192 u max  101.95 | best_c52 0 | c52d6 1 nld6 102 nw 125 du6 431 nw8 321 | 0.38s/it
round  225 | pool  8192 u max  101.95 | best_c52 0 | c52d6 1 nld6 102 nw 125 du6 431 nw8 321 | 0.38s/it
round  226 | pool  8192 u max  101.95 | best_c52 0 | c52d6 1 nld6 102 nw 125 du6 435 nw8 322 | 0.38s/it
round  227 | pool  8192 u max  101.95 | best_c52 0 | c52d6 1 nld6 102 nw 126 du6 437 nw8 324 | 0.38s/it
round  228 | pool  8192 u max  101.95 | best_c52 0 | c52d6 1 nld6 102 nw 126 du6 438 nw8 324 | 0.38s/it
round  229 | pool  8192 u max  101.95 | best_c52 0 | c52d6 1 nld6 102 nw 127 du6 440 nw8 325 | 0.38s/it
round  230 | pool  8192 u max  101.95 | best_c52 0 | c52d6 1 nld6 102 nw 128 du6 442 nw8 326 | 0.38s/it
round  231 | pool  8192 u max  101.95 | best_c52 0 | c52d6 1 nld6 102 nw 128 du6 442 nw8 326 | 0.38s/it
round  232 | pool  8192 u max  101.95 | best_c52 0 | c52d6 1 nld6 102 nw 128 du6 444 nw8 327 | 0.38s/it
round  233 | pool  8192 u max  101.95 | best_c52 0 | c52d6 1 nld6 102 nw 128 du6 444 nw8 327 | 0.38s/it
round  234 | pool  8192 u max  101.95 | best_c52 0 | c52d6 1 nld6 102 nw 128 du6 447 nw8 329 | 0.38s/it
round  235 | pool  8192 u max  101.95 | best_c52 0 | c52d6 1 nld6 102 nw 128 du6 449 nw8 330 | 0.38s/it
round  236 | pool  8192 u max  101.95 | best_c52 0 | c52d6 1 nld6 102 nw 128 du6 451 nw8 330 | 0.38s/it
round  237 | pool  8192 u max  101.95 | best_c52 0 | c52d6 1 nld6 102 nw 128 du6 454 nw8 331 | 0.38s/it
round  238 | pool  8192 u max  101.95 | best_c52 0 | c52d6 1 nld6 102 nw 128 du6 456 nw8 332 | 0.38s/it
round  239 | pool  8192 u max  101.95 | best_c52 0 | c52d6 1 nld6 102 nw 128 du6 458 nw8 333 | 0.38s/it
round  240 | pool  8192 u max  101.95 | best_c52 0 | c52d6 1 nld6 102 nw 130 du6 461 nw8 336 | 0.38s/it
round  241 | pool  8192 u max  101.95 | best_c52 0 | c52d6 1 nld6 102 nw 130 du6 464 nw8 337 | 0.38s/it
round  242 | pool  8192 u max  101.95 | best_c52 0 | c52d6 1 nld6 102 nw 130 du6 466 nw8 338 | 0.38s/it
round  243 | pool  8192 u max  101.95 | best_c52 0 | c52d6 1 nld6 102 nw 130 du6 467 nw8 338 | 0.38s/it
round  244 | pool  8192 u max  101.95 | best_c52 0 | c52d6 1 nld6 102 nw 131 du6 470 nw8 339 | 0.38s/it
round  245 | pool  8192 u max  101.95 | best_c52 0 | c52d6 1 nld6 102 nw 131 du6 470 nw8 339 | 0.38s/it
round  246 | pool  8192 u max  101.95 | best_c52 0 | c52d6 1 nld6 102 nw 131 du6 471 nw8 340 | 0.38s/it
round  247 | pool  8192 u max  101.95 | best_c52 0 | c52d6 1 nld6 102 nw 132 du6 472 nw8 341 | 0.38s/it
round  248 | pool  8192 u max  101.95 | best_c52 0 | c52d6 1 nld6 102 nw 132 du6 472 nw8 341 | 0.38s/it
round  249 | pool  8192 u max  101.95 | best_c52 0 | c52d6 1 nld6 102 nw 132 du6 472 nw8 341 | 0.38s/it
round  250 | pool  8192 u max  101.95 | best_c52 0 | c52d6 1 nld6 102 nw 132 du6 474 nw8 343 | 0.38s/it
round  251 | pool  8192 u max  101.95 | best_c52 0 | c52d6 1 nld6 102 nw 133 du6 476 nw8 345 | 0.38s/it
round  252 | pool  8192 u max  101.95 | best_c52 0 | c52d6 1 nld6 102 nw 133 du6 478 nw8 346 | 0.38s/it
round  253 | pool  8192 u max  101.95 | best_c52 0 | c52d6 1 nld6 102 nw 133 du6 479 nw8 346 | 0.38s/it
round  254 | pool  8192 u max  101.95 | best_c52 0 | c52d6 1 nld6 102 nw 133 du6 480 nw8 346 | 0.38s/it
round  255 | pool  8192 u max  101.95 | best_c52 0 | c52d6 1 nld6 102 nw 133 du6 483 nw8 348 | 0.38s/it
round  256 | pool  8192 u max  101.95 | best_c52 0 | c52d6 1 nld6 102 nw 133 du6 485 nw8 350 | 0.38s/it
round  257 | pool  8192 u max  101.95 | best_c52 0 | c52d6 1 nld6 102 nw 133 du6 486 nw8 351 | 0.38s/it
round  258 | pool  8192 u max  101.95 | best_c52 0 | c52d6 1 nld6 102 nw 134 du6 489 nw8 352 | 0.38s/it
round  259 | pool  8192 u max  101.95 | best_c52 0 | c52d6 1 nld6 102 nw 134 du6 491 nw8 352 | 0.38s/it
round  260 | pool  8192 u max  101.95 | best_c52 0 | c52d6 1 nld6 102 nw 134 du6 492 nw8 353 | 0.38s/it
round  261 | pool  8192 u max  101.95 | best_c52 0 | c52d6 1 nld6 102 nw 134 du6 493 nw8 354 | 0.38s/it
round  262 | pool  8192 u max  101.95 | best_c52 0 | c52d6 1 nld6 102 nw 135 du6 494 nw8 355 | 0.38s/it
round  263 | pool  8192 u max  101.95 | best_c52 0 | c52d6 1 nld6 102 nw 135 du6 495 nw8 356 | 0.38s/it
round  264 | pool  8192 u max  101.95 | best_c52 0 | c52d6 1 nld6 102 nw 135 du6 497 nw8 358 | 0.38s/it
round  265 | pool  8192 u max  101.95 | best_c52 0 | c52d6 1 nld6 102 nw 136 du6 500 nw8 361 | 0.38s/it
round  266 | pool  8192 u max  101.95 | best_c52 0 | c52d6 1 nld6 102 nw 136 du6 500 nw8 361 | 0.38s/it
round  267 | pool  8192 u max  101.95 | best_c52 0 | c52d6 1 nld6 102 nw 137 du6 502 nw8 363 | 0.38s/it
round  268 | pool  8192 u max  101.95 | best_c52 0 | c52d6 1 nld6 102 nw 137 du6 504 nw8 363 | 0.38s/it
round  269 | pool  8192 u max  101.95 | best_c52 0 | c52d6 1 nld6 102 nw 138 du6 506 nw8 365 | 0.38s/it
round  270 | pool  8192 u max  101.95 | best_c52 0 | c52d6 1 nld6 102 nw 138 du6 507 nw8 365 | 0.38s/it
round  271 | pool  8192 u max  101.95 | best_c52 0 | c52d6 1 nld6 102 nw 138 du6 509 nw8 366 | 0.38s/it
round  272 | pool  8192 u max  101.95 | best_c52 0 | c52d6 1 nld6 102 nw 138 du6 512 nw8 368 | 0.38s/it
round  273 | pool  8192 u max  101.95 | best_c52 0 | c52d6 1 nld6 102 nw 138 du6 512 nw8 368 | 0.38s/it
round  274 | pool  8192 u max  101.95 | best_c52 0 | c52d6 1 nld6 102 nw 139 du6 513 nw8 369 | 0.38s/it
round  275 | pool  8192 u max  101.95 | best_c52 0 | c52d6 1 nld6 102 nw 139 du6 515 nw8 371 | 0.38s/it
round  276 | pool  8192 u max  101.95 | best_c52 0 | c52d6 1 nld6 102 nw 139 du6 516 nw8 371 | 0.38s/it
round  277 | pool  8192 u max  101.95 | best_c52 0 | c52d6 1 nld6 102 nw 139 du6 518 nw8 371 | 0.38s/it
round  278 | pool  8192 u max  101.95 | best_c52 0 | c52d6 1 nld6 102 nw 139 du6 519 nw8 372 | 0.38s/it
round  279 | pool  8192 u max  101.95 | best_c52 0 | c52d6 1 nld6 102 nw 139 du6 521 nw8 374 | 0.38s/it
round  280 | pool  8192 u max  101.95 | best_c52 0 | c52d6 1 nld6 102 nw 139 du6 521 nw8 374 | 0.38s/it
round  281 | pool  8192 u max  101.95 | best_c52 0 | c52d6 1 nld6 102 nw 140 du6 522 nw8 375 | 0.38s/it
round  282 | pool  8192 u max  101.95 | best_c52 0 | c52d6 1 nld6 102 nw 140 du6 524 nw8 376 | 0.38s/it
round  283 | pool  8192 u max  101.95 | best_c52 0 | c52d6 1 nld6 102 nw 140 du6 527 nw8 377 | 0.38s/it
round  284 | pool  8192 u max  101.95 | best_c52 0 | c52d6 1 nld6 102 nw 141 du6 529 nw8 379 | 0.38s/it
round  285 | pool  8192 u max  101.95 | best_c52 0 | c52d6 1 nld6 102 nw 141 du6 530 nw8 379 | 0.38s/it
round  286 | pool  8192 u max  101.95 | best_c52 0 | c52d6 1 nld6 102 nw 141 du6 531 nw8 380 | 0.38s/it
round  287 | pool  8192 u max  101.95 | best_c52 0 | c52d6 1 nld6 102 nw 141 du6 534 nw8 382 | 0.38s/it
round  288 | pool  8192 u max  101.95 | best_c52 0 | c52d6 1 nld6 102 nw 141 du6 534 nw8 382 | 0.38s/it
round  289 | pool  8192 u max  101.95 | best_c52 0 | c52d6 1 nld6 102 nw 142 du6 536 nw8 384 | 0.38s/it
round  290 | pool  8192 u max  101.95 | best_c52 0 | c52d6 1 nld6 102 nw 143 du6 537 nw8 385 | 0.38s/it
round  291 | pool  8192 u max  101.95 | best_c52 0 | c52d6 1 nld6 102 nw 143 du6 537 nw8 385 | 0.38s/it
round  292 | pool  8192 u max  101.95 | best_c52 0 | c52d6 1 nld6 102 nw 143 du6 538 nw8 385 | 0.38s/it
round  293 | pool  8192 u max  101.95 | best_c52 0 | c52d6 1 nld6 102 nw 143 du6 538 nw8 385 | 0.38s/it
round  294 | pool  8192 u max  101.95 | best_c52 0 | c52d6 1 nld6 102 nw 143 du6 541 nw8 387 | 0.38s/it
round  295 | pool  8192 u max  101.95 | best_c52 0 | c52d6 1 nld6 102 nw 144 du6 545 nw8 390 | 0.38s/it
round  296 | pool  8192 u max  101.95 | best_c52 0 | c52d6 1 nld6 102 nw 144 du6 548 nw8 392 | 0.38s/it
round  297 | pool  8192 u max  101.95 | best_c52 0 | c52d6 1 nld6 102 nw 144 du6 549 nw8 392 | 0.38s/it
round  298 | pool  8192 u max  101.95 | best_c52 0 | c52d6 1 nld6 102 nw 144 du6 550 nw8 393 | 0.38s/it
round  299 | pool  8192 u max  101.95 | best_c52 0 | c52d6 1 nld6 102 nw 144 du6 551 nw8 393 | 0.38s/it
round  300 | pool  8192 u max  101.95 | best_c52 0 | c52d6 1 nld6 102 nw 144 du6 552 nw8 394 | 0.38s/it
round  301 | pool  8192 u max  101.95 | best_c52 0 | c52d6 1 nld6 102 nw 144 du6 552 nw8 394 | 0.38s/it
round  302 | pool  8192 u max  101.95 | best_c52 0 | c52d6 1 nld6 102 nw 144 du6 554 nw8 394 | 0.38s/it
round  303 | pool  8192 u max  101.95 | best_c52 0 | c52d6 1 nld6 102 nw 144 du6 557 nw8 396 | 0.38s/it
round  304 | pool  8192 u max  101.95 | best_c52 0 | c52d6 1 nld6 102 nw 144 du6 557 nw8 396 | 0.38s/it
round  305 | pool  8192 u max  101.95 | best_c52 0 | c52d6 1 nld6 102 nw 144 du6 559 nw8 398 | 0.38s/it
round  306 | pool  8192 u max  101.95 | best_c52 0 | c52d6 1 nld6 102 nw 144 du6 561 nw8 398 | 0.38s/it
round  307 | pool  8192 u max  101.95 | best_c52 0 | c52d6 1 nld6 102 nw 144 du6 562 nw8 398 | 0.38s/it
round  308 | pool  8192 u max  101.95 | best_c52 0 | c52d6 1 nld6 102 nw 144 du6 564 nw8 400 | 0.38s/it
round  309 | pool  8192 u max  101.95 | best_c52 0 | c52d6 1 nld6 102 nw 144 du6 564 nw8 400 | 0.38s/it
round  310 | pool  8192 u max  101.95 | best_c52 0 | c52d6 1 nld6 102 nw 144 du6 565 nw8 400 | 0.38s/it
round  311 | pool  8192 u max  101.95 | best_c52 0 | c52d6 1 nld6 102 nw 144 du6 565 nw8 400 | 0.38s/it
round  312 | pool  8192 u max  101.95 | best_c52 0 | c52d6 1 nld6 102 nw 144 du6 568 nw8 402 | 0.38s/it
round  313 | pool  8192 u max  101.95 | best_c52 0 | c52d6 1 nld6 102 nw 144 du6 571 nw8 404 | 0.38s/it
round  314 | pool  8192 u max  101.95 | best_c52 0 | c52d6 1 nld6 102 nw 144 du6 571 nw8 404 | 0.38s/it
round  315 | pool  8192 u max  101.95 | best_c52 0 | c52d6 1 nld6 102 nw 145 du6 572 nw8 405 | 0.38s/it
round  316 | pool  8192 u max  101.95 | best_c52 0 | c52d6 1 nld6 102 nw 145 du6 573 nw8 406 | 0.38s/it
round  317 | pool  8192 u max  101.95 | best_c52 0 | c52d6 1 nld6 102 nw 145 du6 573 nw8 406 | 0.38s/it
round  318 | pool  8192 u max  101.95 | best_c52 0 | c52d6 1 nld6 102 nw 145 du6 577 nw8 409 | 0.38s/it
round  319 | pool  8192 u max  101.95 | best_c52 0 | c52d6 1 nld6 102 nw 146 du6 578 nw8 410 | 0.38s/it
round  320 | pool  8192 u max  101.95 | best_c52 0 | c52d6 1 nld6 102 nw 147 du6 579 nw8 411 | 0.38s/it
round  321 | pool  8192 u max  101.95 | best_c52 0 | c52d6 1 nld6 102 nw 148 du6 582 nw8 413 | 0.38s/it
round  322 | pool  8192 u max  101.95 | best_c52 0 | c52d6 1 nld6 102 nw 148 du6 585 nw8 415 | 0.38s/it
round  323 | pool  8192 u max  101.95 | best_c52 0 | c52d6 1 nld6 102 nw 148 du6 586 nw8 416 | 0.38s/it
round  324 | pool  8192 u max  101.95 | best_c52 0 | c52d6 1 nld6 102 nw 150 du6 590 nw8 419 | 0.38s/it
round  325 | pool  8192 u max  101.95 | best_c52 0 | c52d6 1 nld6 102 nw 150 du6 592 nw8 420 | 0.38s/it
round  326 | pool  8192 u max  101.95 | best_c52 0 | c52d6 1 nld6 102 nw 150 du6 593 nw8 421 | 0.38s/it
round  327 | pool  8192 u max  101.95 | best_c52 0 | c52d6 1 nld6 102 nw 150 du6 595 nw8 422 | 0.38s/it
round  328 | pool  8192 u max  101.95 | best_c52 0 | c52d6 1 nld6 102 nw 150 du6 599 nw8 425 | 0.38s/it
round  329 | pool  8192 u max  101.95 | best_c52 0 | c52d6 1 nld6 102 nw 150 du6 602 nw8 426 | 0.38s/it
round  330 | pool  8192 u max  101.95 | best_c52 0 | c52d6 1 nld6 102 nw 151 du6 605 nw8 429 | 0.38s/it
round  331 | pool  8192 u max  101.95 | best_c52 0 | c52d6 1 nld6 102 nw 152 du6 609 nw8 431 | 0.38s/it
round  332 | pool  8192 u max  101.95 | best_c52 0 | c52d6 1 nld6 102 nw 152 du6 613 nw8 432 | 0.38s/it
round  333 | pool  8192 u max  101.95 | best_c52 0 | c52d6 1 nld6 102 nw 152 du6 618 nw8 433 | 0.38s/it
round  334 | pool  8192 u max  101.95 | best_c52 0 | c52d6 1 nld6 102 nw 152 du6 622 nw8 435 | 0.38s/it
round  335 | pool  8192 u max  101.95 | best_c52 0 | c52d6 1 nld6 102 nw 152 du6 622 nw8 435 | 0.38s/it
round  336 | pool  8192 u max  101.95 | best_c52 0 | c52d6 1 nld6 102 nw 152 du6 624 nw8 437 | 0.38s/it
round  337 | pool  8192 u max  101.95 | best_c52 0 | c52d6 1 nld6 102 nw 152 du6 625 nw8 437 | 0.38s/it
round  338 | pool  8192 u max  101.95 | best_c52 0 | c52d6 1 nld6 102 nw 152 du6 629 nw8 438 | 0.38s/it
round  339 | pool  8192 u max  101.95 | best_c52 0 | c52d6 1 nld6 102 nw 154 du6 633 nw8 441 | 0.38s/it
round  340 | pool  8192 u max  101.95 | best_c52 0 | c52d6 1 nld6 102 nw 154 du6 634 nw8 442 | 0.38s/it
round  341 | pool  8192 u max  101.95 | best_c52 0 | c52d6 1 nld6 102 nw 154 du6 634 nw8 442 | 0.38s/it
round  342 | pool  8192 u max  101.95 | best_c52 0 | c52d6 1 nld6 102 nw 154 du6 634 nw8 442 | 0.38s/it
round  343 | pool  8192 u max  101.95 | best_c52 0 | c52d6 1 nld6 102 nw 155 du6 635 nw8 443 | 0.38s/it
round  344 | pool  8192 u max  101.95 | best_c52 0 | c52d6 1 nld6 102 nw 155 du6 635 nw8 443 | 0.38s/it
round  345 | pool  8192 u max  101.95 | best_c52 0 | c52d6 1 nld6 102 nw 155 du6 636 nw8 444 | 0.38s/it
round  346 | pool  8192 u max  101.95 | best_c52 0 | c52d6 1 nld6 102 nw 155 du6 638 nw8 445 | 0.38s/it
round  347 | pool  8192 u max  101.95 | best_c52 0 | c52d6 1 nld6 102 nw 155 du6 639 nw8 446 | 0.38s/it
round  348 | pool  8192 u max  101.95 | best_c52 0 | c52d6 1 nld6 102 nw 155 du6 641 nw8 448 | 0.38s/it
round  349 | pool  8192 u max  101.95 | best_c52 0 | c52d6 1 nld6 102 nw 155 du6 644 nw8 449 | 0.38s/it
round  350 | pool  8192 u max  101.95 | best_c52 0 | c52d6 1 nld6 102 nw 155 du6 645 nw8 449 | 0.38s/it
round  351 | pool  8192 u max  101.95 | best_c52 0 | c52d6 1 nld6 102 nw 155 du6 647 nw8 450 | 0.38s/it
round  352 | pool  8192 u max  101.95 | best_c52 0 | c52d6 1 nld6 102 nw 155 du6 649 nw8 451 | 0.38s/it
round  353 | pool  8192 u max  101.95 | best_c52 0 | c52d6 1 nld6 102 nw 155 du6 652 nw8 452 | 0.38s/it
round  354 | pool  8192 u max  101.95 | best_c52 0 | c52d6 1 nld6 102 nw 155 du6 653 nw8 453 | 0.38s/it
round  355 | pool  8192 u max  101.95 | best_c52 0 | c52d6 1 nld6 102 nw 155 du6 653 nw8 453 | 0.38s/it
round  356 | pool  8192 u max  101.95 | best_c52 0 | c52d6 1 nld6 102 nw 155 du6 654 nw8 453 | 0.38s/it
round  357 | pool  8192 u max  101.95 | best_c52 0 | c52d6 1 nld6 102 nw 155 du6 655 nw8 453 | 0.38s/it
round  358 | pool  8192 u max  101.95 | best_c52 0 | c52d6 1 nld6 102 nw 155 du6 657 nw8 454 | 0.38s/it
round  359 | pool  8192 u max  101.95 | best_c52 0 | c52d6 1 nld6 102 nw 155 du6 663 nw8 457 | 0.38s/it
round  360 | pool  8192 u max  101.95 | best_c52 0 | c52d6 1 nld6 102 nw 155 du6 664 nw8 458 | 0.38s/it
round  361 | pool  8192 u max  101.95 | best_c52 0 | c52d6 1 nld6 102 nw 156 du6 669 nw8 462 | 0.38s/it
round  362 | pool  8192 u max  101.95 | best_c52 0 | c52d6 1 nld6 102 nw 156 du6 671 nw8 464 | 0.38s/it
round  363 | pool  8192 u max  101.95 | best_c52 0 | c52d6 1 nld6 102 nw 156 du6 672 nw8 465 | 0.38s/it
round  364 | pool  8192 u max  101.95 | best_c52 0 | c52d6 1 nld6 102 nw 156 du6 672 nw8 465 | 0.38s/it
round  365 | pool  8192 u max  101.95 | best_c52 0 | c52d6 1 nld6 102 nw 156 du6 676 nw8 467 | 0.38s/it
round  366 | pool  8192 u max  101.95 | best_c52 0 | c52d6 1 nld6 102 nw 157 du6 678 nw8 469 | 0.38s/it
round  367 | pool  8192 u max  101.95 | best_c52 0 | c52d6 1 nld6 102 nw 157 du6 680 nw8 470 | 0.38s/it
round  368 | pool  8192 u max  101.95 | best_c52 0 | c52d6 1 nld6 102 nw 157 du6 682 nw8 471 | 0.38s/it
round  369 | pool  8192 u max  101.95 | best_c52 0 | c52d6 1 nld6 102 nw 157 du6 683 nw8 472 | 0.38s/it
round  370 | pool  8192 u max  101.95 | best_c52 0 | c52d6 1 nld6 102 nw 158 du6 686 nw8 474 | 0.38s/it
round  371 | pool  8192 u max  101.95 | best_c52 0 | c52d6 1 nld6 102 nw 158 du6 690 nw8 475 | 0.38s/it
round  372 | pool  8192 u max  101.95 | best_c52 0 | c52d6 1 nld6 102 nw 158 du6 690 nw8 475 | 0.38s/it
round  373 | pool  8192 u max  101.95 | best_c52 0 | c52d6 1 nld6 102 nw 159 du6 691 nw8 476 | 0.38s/it
round  374 | pool  8192 u max  101.95 | best_c52 0 | c52d6 1 nld6 102 nw 161 du6 695 nw8 479 | 0.38s/it
round  375 | pool  8192 u max  101.95 | best_c52 0 | c52d6 1 nld6 102 nw 161 du6 695 nw8 479 | 0.38s/it
round  376 | pool  8192 u max  101.95 | best_c52 0 | c52d6 1 nld6 102 nw 161 du6 695 nw8 479 | 0.38s/it
round  377 | pool  8192 u max  101.95 | best_c52 0 | c52d6 1 nld6 102 nw 161 du6 698 nw8 481 | 0.38s/it
round  378 | pool  8192 u max  101.95 | best_c52 0 | c52d6 1 nld6 102 nw 162 du6 700 nw8 483 | 0.38s/it
round  379 | pool  8192 u max  101.95 | best_c52 0 | c52d6 1 nld6 102 nw 162 du6 701 nw8 483 | 0.38s/it
round  380 | pool  8192 u max  101.95 | best_c52 0 | c52d6 1 nld6 102 nw 162 du6 702 nw8 483 | 0.38s/it
round  381 | pool  8192 u max  101.95 | best_c52 0 | c52d6 1 nld6 102 nw 162 du6 702 nw8 483 | 0.38s/it
round  382 | pool  8192 u max  101.95 | best_c52 0 | c52d6 1 nld6 102 nw 162 du6 702 nw8 483 | 0.38s/it
round  383 | pool  8192 u max  101.95 | best_c52 0 | c52d6 1 nld6 102 nw 162 du6 703 nw8 484 | 0.38s/it
round  384 | pool  8192 u max  101.95 | best_c52 0 | c52d6 1 nld6 102 nw 162 du6 703 nw8 484 | 0.38s/it
round  385 | pool  8192 u max  101.95 | best_c52 0 | c52d6 1 nld6 102 nw 162 du6 704 nw8 485 | 0.38s/it
round  386 | pool  8192 u max  101.95 | best_c52 0 | c52d6 1 nld6 102 nw 163 du6 706 nw8 487 | 0.38s/it
round  387 | pool  8192 u max  101.95 | best_c52 0 | c52d6 1 nld6 102 nw 164 du6 711 nw8 489 | 0.38s/it
round  388 | pool  8192 u max  101.95 | best_c52 0 | c52d6 1 nld6 102 nw 164 du6 716 nw8 492 | 0.38s/it
round  389 | pool  8192 u max  101.95 | best_c52 0 | c52d6 1 nld6 102 nw 164 du6 718 nw8 492 | 0.38s/it
round  390 | pool  8192 u max  101.95 | best_c52 0 | c52d6 1 nld6 102 nw 164 du6 719 nw8 493 | 0.38s/it
round  391 | pool  8192 u max  101.95 | best_c52 0 | c52d6 1 nld6 102 nw 165 du6 722 nw8 495 | 0.38s/it
round  392 | pool  8192 u max  101.95 | best_c52 0 | c52d6 1 nld6 102 nw 166 du6 724 nw8 497 | 0.38s/it
round  393 | pool  8192 u max  101.95 | best_c52 0 | c52d6 1 nld6 102 nw 166 du6 725 nw8 498 | 0.38s/it
round  394 | pool  8192 u max  101.95 | best_c52 0 | c52d6 1 nld6 102 nw 166 du6 731 nw8 499 | 0.38s/it
round  395 | pool  8192 u max  101.95 | best_c52 0 | c52d6 1 nld6 102 nw 166 du6 731 nw8 499 | 0.38s/it
round  396 | pool  8192 u max  101.95 | best_c52 0 | c52d6 1 nld6 102 nw 166 du6 733 nw8 500 | 0.38s/it
round  397 | pool  8192 u max  101.95 | best_c52 0 | c52d6 1 nld6 102 nw 166 du6 735 nw8 500 | 0.38s/it
round  398 | pool  8192 u max  101.95 | best_c52 0 | c52d6 1 nld6 102 nw 166 du6 736 nw8 500 | 0.38s/it
round  399 | pool  8192 u max  101.95 | best_c52 0 | c52d6 1 nld6 102 nw 166 du6 739 nw8 503 | 0.38s/it
round  400 | pool  8192 u max  101.95 | best_c52 0 | c52d6 1 nld6 102 nw 166 du6 741 nw8 503 | 0.38s/it
round  401 | pool  8192 u max  101.95 | best_c52 0 | c52d6 1 nld6 102 nw 166 du6 743 nw8 504 | 0.38s/it
round  402 | pool  8192 u max  101.95 | best_c52 0 | c52d6 1 nld6 102 nw 166 du6 746 nw8 505 | 0.38s/it
round  403 | pool  8192 u max  101.95 | best_c52 0 | c52d6 1 nld6 102 nw 166 du6 747 nw8 505 | 0.38s/it
round  404 | pool  8192 u max  101.95 | best_c52 0 | c52d6 1 nld6 102 nw 166 du6 748 nw8 506 | 0.38s/it
round  405 | pool  8192 u max  101.95 | best_c52 0 | c52d6 1 nld6 102 nw 166 du6 749 nw8 507 | 0.38s/it
round  406 | pool  8192 u max  101.95 | best_c52 0 | c52d6 1 nld6 102 nw 166 du6 749 nw8 507 | 0.38s/it
round  407 | pool  8192 u max  101.95 | best_c52 0 | c52d6 1 nld6 102 nw 166 du6 750 nw8 507 | 0.38s/it
round  408 | pool  8192 u max  101.95 | best_c52 0 | c52d6 1 nld6 102 nw 166 du6 754 nw8 508 | 0.38s/it
round  409 | pool  8192 u max  101.95 | best_c52 0 | c52d6 1 nld6 102 nw 166 du6 758 nw8 509 | 0.38s/it
round  410 | pool  8192 u max  101.95 | best_c52 0 | c52d6 1 nld6 102 nw 166 du6 761 nw8 512 | 0.38s/it
round  411 | pool  8192 u max  101.95 | best_c52 0 | c52d6 1 nld6 102 nw 167 du6 762 nw8 513 | 0.38s/it
round  412 | pool  8192 u max  101.95 | best_c52 0 | c52d6 1 nld6 102 nw 167 du6 763 nw8 513 | 0.38s/it
round  413 | pool  8192 u max  101.95 | best_c52 0 | c52d6 1 nld6 102 nw 167 du6 763 nw8 513 | 0.38s/it
round  414 | pool  8192 u max  101.95 | best_c52 0 | c52d6 1 nld6 102 nw 167 du6 763 nw8 513 | 0.38s/it
round  415 | pool  8192 u max  101.95 | best_c52 0 | c52d6 1 nld6 102 nw 167 du6 765 nw8 515 | 0.38s/it
round  416 | pool  8192 u max  101.95 | best_c52 0 | c52d6 1 nld6 102 nw 167 du6 767 nw8 516 | 0.38s/it
round  417 | pool  8192 u max  101.95 | best_c52 0 | c52d6 1 nld6 102 nw 167 du6 768 nw8 517 | 0.38s/it
round  418 | pool  8192 u max  101.95 | best_c52 0 | c52d6 1 nld6 102 nw 168 du6 771 nw8 520 | 0.38s/it
round  419 | pool  8192 u max  101.95 | best_c52 0 | c52d6 1 nld6 102 nw 168 du6 772 nw8 520 | 0.38s/it
round  420 | pool  8192 u max  101.95 | best_c52 0 | c52d6 1 nld6 102 nw 168 du6 773 nw8 520 | 0.38s/it
round  421 | pool  8192 u max  101.95 | best_c52 0 | c52d6 1 nld6 102 nw 168 du6 776 nw8 521 | 0.38s/it
round  422 | pool  8192 u max  101.95 | best_c52 0 | c52d6 1 nld6 102 nw 168 du6 779 nw8 522 | 0.38s/it
round  423 | pool  8192 u max  101.95 | best_c52 0 | c52d6 1 nld6 102 nw 169 du6 782 nw8 523 | 0.38s/it
round  424 | pool  8192 u max  101.95 | best_c52 0 | c52d6 1 nld6 102 nw 169 du6 783 nw8 524 | 0.38s/it
round  425 | pool  8192 u max  101.95 | best_c52 0 | c52d6 1 nld6 102 nw 169 du6 786 nw8 524 | 0.38s/it
round  426 | pool  8192 u max  101.95 | best_c52 0 | c52d6 1 nld6 102 nw 169 du6 787 nw8 524 | 0.38s/it
round  427 | pool  8192 u max  101.95 | best_c52 0 | c52d6 1 nld6 102 nw 169 du6 789 nw8 524 | 0.38s/it
round  428 | pool  8192 u max  101.95 | best_c52 0 | c52d6 1 nld6 102 nw 169 du6 790 nw8 525 | 0.38s/it
round  429 | pool  8192 u max  101.95 | best_c52 0 | c52d6 1 nld6 102 nw 169 du6 791 nw8 526 | 0.38s/it
round  430 | pool  8192 u max  101.95 | best_c52 0 | c52d6 1 nld6 102 nw 169 du6 791 nw8 526 | 0.38s/it
round  431 | pool  8192 u max  101.95 | best_c52 0 | c52d6 1 nld6 102 nw 169 du6 793 nw8 527 | 0.38s/it
round  432 | pool  8192 u max  101.95 | best_c52 0 | c52d6 1 nld6 102 nw 169 du6 794 nw8 527 | 0.38s/it
round  433 | pool  8192 u max  101.95 | best_c52 0 | c52d6 1 nld6 102 nw 169 du6 795 nw8 527 | 0.38s/it
round  434 | pool  8192 u max  101.95 | best_c52 0 | c52d6 1 nld6 102 nw 169 du6 797 nw8 528 | 0.38s/it
round  435 | pool  8192 u max  101.95 | best_c52 0 | c52d6 1 nld6 102 nw 169 du6 798 nw8 528 | 0.38s/it
round  436 | pool  8192 u max  101.95 | best_c52 0 | c52d6 1 nld6 102 nw 169 du6 799 nw8 529 | 0.38s/it
round  437 | pool  8192 u max  101.95 | best_c52 0 | c52d6 1 nld6 102 nw 169 du6 799 nw8 529 | 0.38s/it
round  438 | pool  8192 u max  101.95 | best_c52 0 | c52d6 1 nld6 102 nw 169 du6 801 nw8 530 | 0.38s/it
round  439 | pool  8192 u max  101.95 | best_c52 0 | c52d6 1 nld6 102 nw 170 du6 802 nw8 531 | 0.38s/it
round  440 | pool  8192 u max  101.95 | best_c52 0 | c52d6 1 nld6 102 nw 170 du6 805 nw8 532 | 0.38s/it
round  441 | pool  8192 u max  101.95 | best_c52 0 | c52d6 1 nld6 102 nw 170 du6 808 nw8 533 | 0.38s/it
round  442 | pool  8192 u max  101.95 | best_c52 0 | c52d6 1 nld6 102 nw 170 du6 809 nw8 534 | 0.38s/it
round  443 | pool  8192 u max  101.95 | best_c52 0 | c52d6 1 nld6 102 nw 170 du6 809 nw8 534 | 0.38s/it
round  444 | pool  8192 u max  101.95 | best_c52 0 | c52d6 1 nld6 102 nw 170 du6 810 nw8 534 | 0.38s/it
round  445 | pool  8192 u max  101.95 | best_c52 0 | c52d6 1 nld6 102 nw 170 du6 810 nw8 534 | 0.38s/it
round  446 | pool  8192 u max  101.95 | best_c52 0 | c52d6 1 nld6 102 nw 171 du6 812 nw8 536 | 0.38s/it
round  447 | pool  8192 u max  101.95 | best_c52 0 | c52d6 1 nld6 102 nw 171 du6 812 nw8 536 | 0.38s/it
round  448 | pool  8192 u max  101.95 | best_c52 0 | c52d6 1 nld6 102 nw 171 du6 815 nw8 538 | 0.38s/it
round  449 | pool  8192 u max  101.95 | best_c52 0 | c52d6 1 nld6 102 nw 171 du6 816 nw8 538 | 0.38s/it
round  450 | pool  8192 u max  101.95 | best_c52 0 | c52d6 1 nld6 102 nw 171 du6 819 nw8 539 | 0.38s/it
round  451 | pool  8192 u max  101.95 | best_c52 0 | c52d6 1 nld6 102 nw 171 du6 820 nw8 540 | 0.38s/it
round  452 | pool  8192 u max  101.95 | best_c52 0 | c52d6 1 nld6 102 nw 171 du6 820 nw8 540 | 0.38s/it
round  453 | pool  8192 u max  101.95 | best_c52 0 | c52d6 1 nld6 102 nw 171 du6 821 nw8 541 | 0.38s/it
round  454 | pool  8192 u max  101.95 | best_c52 0 | c52d6 1 nld6 102 nw 171 du6 823 nw8 542 | 0.38s/it
round  455 | pool  8192 u max  101.95 | best_c52 0 | c52d6 1 nld6 102 nw 171 du6 825 nw8 544 | 0.38s/it
round  456 | pool  8192 u max  101.95 | best_c52 0 | c52d6 1 nld6 102 nw 171 du6 827 nw8 546 | 0.38s/it
round  457 | pool  8192 u max  101.95 | best_c52 0 | c52d6 1 nld6 102 nw 171 du6 829 nw8 548 | 0.38s/it
round  458 | pool  8192 u max  101.95 | best_c52 0 | c52d6 1 nld6 102 nw 171 du6 830 nw8 549 | 0.38s/it
round  459 | pool  8192 u max  101.95 | best_c52 0 | c52d6 1 nld6 102 nw 171 du6 831 nw8 549 | 0.38s/it
round  460 | pool  8192 u max  101.95 | best_c52 0 | c52d6 1 nld6 102 nw 171 du6 832 nw8 550 | 0.38s/it
round  461 | pool  8192 u max  101.95 | best_c52 0 | c52d6 1 nld6 102 nw 172 du6 834 nw8 552 | 0.38s/it
round  462 | pool  8192 u max  101.95 | best_c52 0 | c52d6 1 nld6 102 nw 172 du6 835 nw8 552 | 0.38s/it
round  463 | pool  8192 u max  101.95 | best_c52 0 | c52d6 1 nld6 102 nw 172 du6 835 nw8 552 | 0.38s/it
round  464 | pool  8192 u max  101.95 | best_c52 0 | c52d6 1 nld6 102 nw 172 du6 840 nw8 555 | 0.38s/it
round  465 | pool  8192 u max  101.95 | best_c52 0 | c52d6 1 nld6 102 nw 172 du6 841 nw8 555 | 0.38s/it
round  466 | pool  8192 u max  101.95 | best_c52 0 | c52d6 1 nld6 102 nw 173 du6 843 nw8 557 | 0.38s/it
round  467 | pool  8192 u max  101.95 | best_c52 0 | c52d6 1 nld6 102 nw 173 du6 843 nw8 557 | 0.38s/it
round  468 | pool  8192 u max  101.95 | best_c52 0 | c52d6 1 nld6 102 nw 173 du6 843 nw8 557 | 0.38s/it
round  469 | pool  8192 u max  101.95 | best_c52 0 | c52d6 1 nld6 102 nw 173 du6 845 nw8 558 | 0.38s/it
round  470 | pool  8192 u max  101.95 | best_c52 0 | c52d6 1 nld6 102 nw 173 du6 846 nw8 559 | 0.38s/it
round  471 | pool  8192 u max  101.95 | best_c52 0 | c52d6 1 nld6 102 nw 173 du6 846 nw8 559 | 0.38s/it
round  472 | pool  8192 u max  101.95 | best_c52 0 | c52d6 1 nld6 102 nw 173 du6 846 nw8 559 | 0.38s/it
round  473 | pool  8192 u max  101.95 | best_c52 0 | c52d6 1 nld6 102 nw 173 du6 846 nw8 559 | 0.38s/it
round  474 | pool  8192 u max  101.95 | best_c52 0 | c52d6 1 nld6 102 nw 173 du6 848 nw8 560 | 0.38s/it
round  475 | pool  8192 u max  101.95 | best_c52 0 | c52d6 1 nld6 102 nw 173 du6 849 nw8 561 | 0.38s/it
round  476 | pool  8192 u max  101.95 | best_c52 0 | c52d6 1 nld6 102 nw 173 du6 850 nw8 562 | 0.38s/it
round  477 | pool  8192 u max  101.95 | best_c52 0 | c52d6 1 nld6 102 nw 173 du6 853 nw8 564 | 0.38s/it
round  478 | pool  8192 u max  101.95 | best_c52 0 | c52d6 1 nld6 102 nw 173 du6 854 nw8 564 | 0.38s/it
round  479 | pool  8192 u max  101.95 | best_c52 0 | c52d6 1 nld6 102 nw 173 du6 854 nw8 564 | 0.38s/it
round  480 | pool  8192 u max  101.95 | best_c52 0 | c52d6 1 nld6 102 nw 173 du6 856 nw8 564 | 0.38s/it
round  481 | pool  8192 u max  101.95 | best_c52 0 | c52d6 1 nld6 102 nw 173 du6 857 nw8 565 | 0.38s/it
round  482 | pool  8192 u max  101.95 | best_c52 0 | c52d6 1 nld6 102 nw 173 du6 859 nw8 566 | 0.38s/it
round  483 | pool  8192 u max  101.95 | best_c52 0 | c52d6 1 nld6 102 nw 173 du6 859 nw8 566 | 0.38s/it
round  484 | pool  8192 u max  101.95 | best_c52 0 | c52d6 1 nld6 102 nw 173 du6 860 nw8 566 | 0.38s/it
round  485 | pool  8192 u max  101.95 | best_c52 0 | c52d6 1 nld6 102 nw 174 du6 861 nw8 567 | 0.38s/it
round  486 | pool  8192 u max  101.95 | best_c52 0 | c52d6 1 nld6 102 nw 174 du6 863 nw8 567 | 0.38s/it
round  487 | pool  8192 u max  101.95 | best_c52 0 | c52d6 1 nld6 102 nw 174 du6 863 nw8 567 | 0.38s/it
round  488 | pool  8192 u max  101.95 | best_c52 0 | c52d6 1 nld6 102 nw 174 du6 866 nw8 569 | 0.38s/it
round  489 | pool  8192 u max  101.95 | best_c52 0 | c52d6 1 nld6 102 nw 174 du6 867 nw8 570 | 0.38s/it
round  490 | pool  8192 u max  101.95 | best_c52 0 | c52d6 1 nld6 102 nw 174 du6 867 nw8 570 | 0.38s/it
round  491 | pool  8192 u max  101.95 | best_c52 0 | c52d6 1 nld6 102 nw 174 du6 867 nw8 570 | 0.38s/it
round  492 | pool  8192 u max  101.95 | best_c52 0 | c52d6 1 nld6 102 nw 174 du6 869 nw8 570 | 0.38s/it
round  493 | pool  8192 u max  101.95 | best_c52 0 | c52d6 1 nld6 102 nw 174 du6 872 nw8 572 | 0.38s/it
round  494 | pool  8192 u max  101.95 | best_c52 0 | c52d6 1 nld6 102 nw 174 du6 875 nw8 572 | 0.38s/it
round  495 | pool  8192 u max  101.95 | best_c52 0 | c52d6 1 nld6 102 nw 174 du6 879 nw8 573 | 0.38s/it
round  496 | pool  8192 u max  101.95 | best_c52 0 | c52d6 1 nld6 102 nw 175 du6 882 nw8 574 | 0.38s/it
round  497 | pool  8192 u max  101.95 | best_c52 0 | c52d6 1 nld6 102 nw 175 du6 885 nw8 575 | 0.38s/it
round  498 | pool  8192 u max  101.95 | best_c52 0 | c52d6 1 nld6 102 nw 175 du6 885 nw8 575 | 0.38s/it
round  499 | pool  8192 u max  101.95 | best_c52 0 | c52d6 1 nld6 102 nw 175 du6 889 nw8 578 | 0.38s/it
round  500 | pool  8192 u max  101.95 | best_c52 0 | c52d6 1 nld6 102 nw 175 du6 889 nw8 578 | 0.38s/it
round  501 | pool  8192 u max  101.95 | best_c52 0 | c52d6 1 nld6 102 nw 175 du6 889 nw8 578 | 0.38s/it
round  502 | pool  8192 u max  101.95 | best_c52 0 | c52d6 1 nld6 102 nw 175 du6 890 nw8 579 | 0.38s/it
round  503 | pool  8192 u max  101.95 | best_c52 0 | c52d6 1 nld6 102 nw 175 du6 890 nw8 579 | 0.38s/it
round  504 | pool  8192 u max  101.95 | best_c52 0 | c52d6 1 nld6 102 nw 175 du6 890 nw8 579 | 0.38s/it
round  505 | pool  8192 u max  101.95 | best_c52 0 | c52d6 1 nld6 102 nw 175 du6 892 nw8 581 | 0.38s/it
round  506 | pool  8192 u max  101.95 | best_c52 0 | c52d6 1 nld6 102 nw 175 du6 892 nw8 581 | 0.38s/it
round  507 | pool  8192 u max  101.95 | best_c52 0 | c52d6 1 nld6 102 nw 175 du6 892 nw8 581 | 0.38s/it
round  508 | pool  8192 u max  101.95 | best_c52 0 | c52d6 1 nld6 102 nw 175 du6 892 nw8 581 | 0.38s/it
round  509 | pool  8192 u max  101.95 | best_c52 0 | c52d6 1 nld6 102 nw 175 du6 892 nw8 581 | 0.38s/it
round  510 | pool  8192 u max  101.95 | best_c52 0 | c52d6 1 nld6 102 nw 175 du6 893 nw8 581 | 0.38s/it
round  511 | pool  8192 u max  101.95 | best_c52 0 | c52d6 1 nld6 102 nw 175 du6 894 nw8 581 | 0.38s/it
round  512 | pool  8192 u max  101.95 | best_c52 0 | c52d6 1 nld6 102 nw 175 du6 895 nw8 582 | 0.38s/it
round  513 | pool  8192 u max  101.95 | best_c52 0 | c52d6 1 nld6 102 nw 176 du6 897 nw8 583 | 0.38s/it
round  514 | pool  8192 u max  101.95 | best_c52 0 | c52d6 1 nld6 102 nw 176 du6 897 nw8 583 | 0.38s/it
round  515 | pool  8192 u max  101.95 | best_c52 0 | c52d6 1 nld6 102 nw 177 du6 899 nw8 585 | 0.38s/it
round  516 | pool  8192 u max  101.95 | best_c52 0 | c52d6 1 nld6 102 nw 177 du6 900 nw8 586 | 0.38s/it
round  517 | pool  8192 u max  101.95 | best_c52 0 | c52d6 1 nld6 102 nw 177 du6 903 nw8 588 | 0.38s/it
round  518 | pool  8192 u max  101.95 | best_c52 0 | c52d6 1 nld6 102 nw 177 du6 903 nw8 588 | 0.38s/it
round  519 | pool  8192 u max  101.95 | best_c52 0 | c52d6 1 nld6 102 nw 177 du6 903 nw8 588 | 0.38s/it
round  520 | pool  8192 u max  101.95 | best_c52 0 | c52d6 1 nld6 102 nw 177 du6 905 nw8 588 | 0.38s/it
round  521 | pool  8192 u max  101.95 | best_c52 0 | c52d6 1 nld6 102 nw 177 du6 906 nw8 588 | 0.38s/it
round  522 | pool  8192 u max  101.95 | best_c52 0 | c52d6 1 nld6 102 nw 177 du6 908 nw8 589 | 0.38s/it
round  523 | pool  8192 u max  101.95 | best_c52 0 | c52d6 1 nld6 102 nw 177 du6 910 nw8 590 | 0.38s/it
round  524 | pool  8192 u max  101.95 | best_c52 0 | c52d6 1 nld6 102 nw 177 du6 910 nw8 590 | 0.38s/it
round  525 | pool  8192 u max  101.95 | best_c52 0 | c52d6 1 nld6 102 nw 177 du6 911 nw8 590 | 0.38s/it
round  526 | pool  8192 u max  101.95 | best_c52 0 | c52d6 1 nld6 102 nw 177 du6 913 nw8 591 | 0.38s/it
round  527 | pool  8192 u max  101.95 | best_c52 0 | c52d6 1 nld6 102 nw 177 du6 913 nw8 591 | 0.38s/it
round  528 | pool  8192 u max  101.95 | best_c52 0 | c52d6 1 nld6 102 nw 177 du6 914 nw8 591 | 0.38s/it
round  529 | pool  8192 u max  101.95 | best_c52 0 | c52d6 1 nld6 102 nw 178 du6 916 nw8 593 | 0.38s/it
round  530 | pool  8192 u max  101.95 | best_c52 0 | c52d6 1 nld6 102 nw 178 du6 916 nw8 593 | 0.38s/it
round  531 | pool  8192 u max  101.95 | best_c52 0 | c52d6 1 nld6 102 nw 178 du6 916 nw8 593 | 0.38s/it
round  532 | pool  8192 u max  101.95 | best_c52 0 | c52d6 1 nld6 102 nw 179 du6 919 nw8 595 | 0.38s/it
round  533 | pool  8192 u max  101.95 | best_c52 0 | c52d6 1 nld6 102 nw 179 du6 922 nw8 597 | 0.38s/it
round  534 | pool  8192 u max  101.95 | best_c52 0 | c52d6 1 nld6 102 nw 179 du6 923 nw8 597 | 0.38s/it
round  535 | pool  8192 u max  101.95 | best_c52 0 | c52d6 1 nld6 102 nw 179 du6 924 nw8 597 | 0.38s/it
round  536 | pool  8192 u max  101.95 | best_c52 0 | c52d6 1 nld6 102 nw 179 du6 927 nw8 599 | 0.38s/it
round  537 | pool  8192 u max  101.95 | best_c52 0 | c52d6 1 nld6 102 nw 179 du6 930 nw8 602 | 0.38s/it
round  538 | pool  8192 u max  101.95 | best_c52 0 | c52d6 1 nld6 102 nw 179 du6 931 nw8 603 | 0.38s/it
round  539 | pool  8192 u max  101.95 | best_c52 0 | c52d6 1 nld6 102 nw 179 du6 932 nw8 603 | 0.38s/it
round  540 | pool  8192 u max  101.95 | best_c52 0 | c52d6 1 nld6 102 nw 179 du6 932 nw8 603 | 0.38s/it
round  541 | pool  8192 u max  101.95 | best_c52 0 | c52d6 1 nld6 102 nw 179 du6 935 nw8 605 | 0.38s/it
round  542 | pool  8192 u max  101.95 | best_c52 0 | c52d6 1 nld6 102 nw 179 du6 936 nw8 605 | 0.38s/it
round  543 | pool  8192 u max  101.95 | best_c52 0 | c52d6 1 nld6 102 nw 179 du6 937 nw8 605 | 0.38s/it
round  544 | pool  8192 u max  101.95 | best_c52 0 | c52d6 1 nld6 102 nw 179 du6 939 nw8 605 | 0.38s/it
round  545 | pool  8192 u max  101.95 | best_c52 0 | c52d6 1 nld6 102 nw 179 du6 940 nw8 606 | 0.38s/it
round  546 | pool  8192 u max  101.95 | best_c52 0 | c52d6 1 nld6 102 nw 179 du6 940 nw8 606 | 0.38s/it
round  547 | pool  8192 u max  101.95 | best_c52 0 | c52d6 1 nld6 102 nw 179 du6 942 nw8 607 | 0.38s/it
round  548 | pool  8192 u max  101.95 | best_c52 0 | c52d6 1 nld6 102 nw 180 du6 946 nw8 609 | 0.38s/it
round  549 | pool  8192 u max  101.95 | best_c52 0 | c52d6 1 nld6 102 nw 180 du6 948 nw8 610 | 0.38s/it
round  550 | pool  8192 u max  101.95 | best_c52 0 | c52d6 1 nld6 102 nw 180 du6 952 nw8 612 | 0.38s/it
round  551 | pool  8192 u max  101.95 | best_c52 0 | c52d6 1 nld6 102 nw 180 du6 956 nw8 614 | 0.38s/it
round  552 | pool  8192 u max  101.95 | best_c52 0 | c52d6 1 nld6 102 nw 180 du6 958 nw8 614 | 0.38s/it
round  553 | pool  8192 u max  101.95 | best_c52 0 | c52d6 1 nld6 102 nw 181 du6 961 nw8 616 | 0.38s/it
round  554 | pool  8192 u max  101.95 | best_c52 0 | c52d6 1 nld6 102 nw 181 du6 962 nw8 616 | 0.38s/it
round  555 | pool  8192 u max  101.95 | best_c52 0 | c52d6 1 nld6 102 nw 181 du6 963 nw8 616 | 0.38s/it
round  556 | pool  8192 u max  101.95 | best_c52 0 | c52d6 1 nld6 102 nw 181 du6 964 nw8 617 | 0.38s/it
round  557 | pool  8192 u max  101.95 | best_c52 0 | c52d6 1 nld6 102 nw 181 du6 964 nw8 617 | 0.38s/it
round  558 | pool  8192 u max  101.95 | best_c52 0 | c52d6 1 nld6 102 nw 181 du6 966 nw8 618 | 0.38s/it
round  559 | pool  8192 u max  101.95 | best_c52 0 | c52d6 1 nld6 102 nw 181 du6 968 nw8 619 | 0.38s/it
round  560 | pool  8192 u max  101.95 | best_c52 0 | c52d6 1 nld6 102 nw 181 du6 968 nw8 619 | 0.38s/it
round  561 | pool  8192 u max  101.95 | best_c52 0 | c52d6 1 nld6 102 nw 181 du6 971 nw8 622 | 0.38s/it
round  562 | pool  8192 u max  101.95 | best_c52 0 | c52d6 1 nld6 102 nw 181 du6 975 nw8 624 | 0.38s/it
round  563 | pool  8192 u max  101.95 | best_c52 0 | c52d6 1 nld6 102 nw 181 du6 976 nw8 625 | 0.38s/it
round  564 | pool  8192 u max  101.95 | best_c52 0 | c52d6 1 nld6 102 nw 181 du6 979 nw8 627 | 0.38s/it
round  565 | pool  8192 u max  101.95 | best_c52 0 | c52d6 1 nld6 102 nw 182 du6 981 nw8 628 | 0.38s/it
round  566 | pool  8192 u max  101.95 | best_c52 0 | c52d6 1 nld6 102 nw 182 du6 983 nw8 630 | 0.38s/it
round  567 | pool  8192 u max  101.95 | best_c52 0 | c52d6 1 nld6 102 nw 182 du6 986 nw8 632 | 0.38s/it
round  568 | pool  8192 u max  101.95 | best_c52 0 | c52d6 1 nld6 102 nw 182 du6 986 nw8 632 | 0.38s/it
round  569 | pool  8192 u max  101.95 | best_c52 0 | c52d6 1 nld6 102 nw 182 du6 989 nw8 633 | 0.38s/it
round  570 | pool  8192 u max  101.95 | best_c52 0 | c52d6 1 nld6 102 nw 182 du6 990 nw8 633 | 0.38s/it
round  571 | pool  8192 u max  101.95 | best_c52 0 | c52d6 1 nld6 102 nw 182 du6 991 nw8 634 | 0.38s/it
round  572 | pool  8192 u max  101.95 | best_c52 0 | c52d6 1 nld6 102 nw 182 du6 992 nw8 634 | 0.38s/it
round  573 | pool  8192 u max  101.95 | best_c52 0 | c52d6 1 nld6 102 nw 183 du6 993 nw8 635 | 0.38s/it
round  574 | pool  8192 u max  101.95 | best_c52 0 | c52d6 1 nld6 102 nw 184 du6 995 nw8 636 | 0.38s/it
round  575 | pool  8192 u max  101.95 | best_c52 0 | c52d6 1 nld6 102 nw 184 du6 996 nw8 637 | 0.38s/it
round  576 | pool  8192 u max  101.95 | best_c52 0 | c52d6 1 nld6 102 nw 184 du6 999 nw8 639 | 0.38s/it
round  577 | pool  8192 u max  101.95 | best_c52 0 | c52d6 1 nld6 102 nw 184 du6 1001 nw8 639 | 0.38s/it
round  578 | pool  8192 u max  101.95 | best_c52 0 | c52d6 1 nld6 102 nw 184 du6 1002 nw8 639 | 0.38s/it
round  579 | pool  8192 u max  101.95 | best_c52 0 | c52d6 1 nld6 102 nw 184 du6 1003 nw8 639 | 0.38s/it
round  580 | pool  8192 u max  101.95 | best_c52 0 | c52d6 1 nld6 102 nw 184 du6 1004 nw8 640 | 0.38s/it
round  581 | pool  8192 u max  101.95 | best_c52 0 | c52d6 1 nld6 102 nw 185 du6 1008 nw8 642 | 0.38s/it
round  582 | pool  8192 u max  101.95 | best_c52 0 | c52d6 1 nld6 102 nw 185 du6 1009 nw8 642 | 0.38s/it
round  583 | pool  8192 u max  101.95 | best_c52 0 | c52d6 1 nld6 102 nw 185 du6 1012 nw8 644 | 0.38s/it
round  584 | pool  8192 u max  101.95 | best_c52 0 | c52d6 1 nld6 102 nw 185 du6 1013 nw8 644 | 0.38s/it
round  585 | pool  8192 u max  101.95 | best_c52 0 | c52d6 1 nld6 102 nw 185 du6 1013 nw8 644 | 0.38s/it
round  586 | pool  8192 u max  101.95 | best_c52 0 | c52d6 1 nld6 102 nw 185 du6 1014 nw8 644 | 0.38s/it
round  587 | pool  8192 u max  101.95 | best_c52 0 | c52d6 1 nld6 102 nw 185 du6 1015 nw8 644 | 0.38s/it
round  588 | pool  8192 u max  101.95 | best_c52 0 | c52d6 1 nld6 102 nw 186 du6 1017 nw8 645 | 0.38s/it
round  589 | pool  8192 u max  101.95 | best_c52 0 | c52d6 1 nld6 102 nw 186 du6 1018 nw8 646 | 0.38s/it
round  590 | pool  8192 u max  101.95 | best_c52 0 | c52d6 1 nld6 102 nw 186 du6 1018 nw8 646 | 0.38s/it
round  591 | pool  8192 u max  101.95 | best_c52 0 | c52d6 1 nld6 102 nw 186 du6 1021 nw8 647 | 0.38s/it
round  592 | pool  8192 u max  101.95 | best_c52 0 | c52d6 1 nld6 102 nw 186 du6 1022 nw8 647 | 0.38s/it
round  593 | pool  8192 u max  101.95 | best_c52 0 | c52d6 1 nld6 102 nw 186 du6 1025 nw8 649 | 0.38s/it
round  594 | pool  8192 u max  101.95 | best_c52 0 | c52d6 1 nld6 102 nw 186 du6 1026 nw8 650 | 0.38s/it
round  595 | pool  8192 u max  101.95 | best_c52 0 | c52d6 1 nld6 102 nw 187 du6 1028 nw8 651 | 0.38s/it
round  596 | pool  8192 u max  101.95 | best_c52 0 | c52d6 1 nld6 102 nw 187 du6 1029 nw8 652 | 0.38s/it
round  597 | pool  8192 u max  101.95 | best_c52 0 | c52d6 1 nld6 102 nw 187 du6 1033 nw8 653 | 0.38s/it
round  598 | pool  8192 u max  101.95 | best_c52 0 | c52d6 1 nld6 102 nw 187 du6 1034 nw8 654 | 0.38s/it
round  599 | pool  8192 u max  101.95 | best_c52 0 | c52d6 1 nld6 102 nw 187 du6 1036 nw8 654 | 0.38s/it
round  600 | pool  8192 u max  101.95 | best_c52 0 | c52d6 1 nld6 102 nw 187 du6 1038 nw8 655 | 0.38s/it
DONE champ_round=-1 wall=230.1s
